Copyright 1986-2022 Xilinx, Inc. All Rights Reserved. Copyright 2022-2023 Advanced Micro Devices, Inc. All Rights Reserved.
--------------------------------------------------------------------------------------------------------------------------------------------------
| Tool Version     : Vivado v.2023.2 (lin64) Build 4029153 Fri Oct 13 20:13:54 MDT 2023
| Date             : Mon May 18 16:07:54 2026
| Host             : AlbertsUbuntu running 64-bit Ubuntu 22.04.5 LTS
| Command          : report_power -file /home/work1/Works/AI-Trigger-System/build/vivado_post_impl_saif/reports/post_route_power_saif.rpt
| Design           : AI_TRIGGER_TOP_TB_WRAP
| Device           : xcku5p-ffvb676-2-e
| Design State     : routed
| Grade            : extended
| Process          : typical
| Characterization : Production
--------------------------------------------------------------------------------------------------------------------------------------------------

Power Report

Table of Contents
-----------------
1. Summary
1.1 On-Chip Components
1.2 Power Supply Summary
1.3 Confidence Level
2. Settings
2.1 Environment
2.2 Clock Constraints
3. Detailed Reports
3.1 By Hierarchy

1. Summary
----------

+--------------------------+----------------------------------------------------------------------------------------------------+
| Total On-Chip Power (W)  | 1.414                                                                                              |
| Design Power Budget (W)  | Unspecified*                                                                                       |
| Power Budget Margin (W)  | NA                                                                                                 |
| Dynamic (W)              | 0.955                                                                                              |
| Device Static (W)        | 0.458                                                                                              |
| Effective TJA (C/W)      | 1.7                                                                                                |
| Max Ambient (C)          | 97.6                                                                                               |
| Junction Temperature (C) | 27.4                                                                                               |
| Confidence Level         | High                                                                                               |
| Setting File             | ---                                                                                                |
| Simulation Activity File | /home/work1/Works/AI-Trigger-System/build/vivado_post_impl_saif/activity/ai_trigger_post_impl.saif |
| Design Nets Matched      | 98%   (66069/67602)                                                                                |
+--------------------------+----------------------------------------------------------------------------------------------------+
* Specify Design Power Budget using, set_operating_conditions -design_power_budget <value in Watts>


1.1 On-Chip Components
----------------------

+-------------------------+-----------+----------+-----------+-----------------+
| On-Chip                 | Power (W) | Used     | Available | Utilization (%) |
+-------------------------+-----------+----------+-----------+-----------------+
| Clocks                  |     0.107 |        4 |       --- |             --- |
| CLB Logic               |     0.320 |    57657 |       --- |             --- |
|   LUT as Logic          |     0.287 |    26620 |    216960 |           12.27 |
|   CARRY8                |     0.017 |     1533 |     27120 |            5.65 |
|   LUT as Shift Register |     0.009 |     2485 |     99840 |            2.49 |
|   Register              |     0.007 |    15924 |    433920 |            3.67 |
|   Others                |     0.000 |      825 |       --- |             --- |
|   F7/F8 Muxes           |     0.000 |      973 |    216960 |            0.45 |
| Signals                 |     0.343 |    48472 |       --- |             --- |
| Block RAM               |     0.147 |    101.5 |       480 |           21.15 |
| DSPs                    |     0.039 |       77 |      1824 |            4.22 |
| Static Power            |     0.458 |          |           |                 |
| Total                   |     1.414 |          |           |                 |
+-------------------------+-----------+----------+-----------+-----------------+


1.2 Power Supply Summary
------------------------

+------------+-------------+-----------+-------------+------------+-------------+-------------+------------+
| Source     | Voltage (V) | Total (A) | Dynamic (A) | Static (A) | Powerup (A) | Budget (A)  | Margin (A) |
+------------+-------------+-----------+-------------+------------+-------------+-------------+------------+
| Vccint     |       0.850 |     1.262 |       1.114 |      0.148 |       NA    | Unspecified | NA         |
| Vccint_io  |       0.850 |     0.036 |       0.000 |      0.036 |       NA    | Unspecified | NA         |
| Vccbram    |       0.850 |     0.012 |       0.010 |      0.002 |       NA    | Unspecified | NA         |
| Vccaux     |       1.800 |     0.128 |       0.000 |      0.128 |       NA    | Unspecified | NA         |
| Vccaux_io  |       1.800 |     0.031 |       0.000 |      0.031 |       NA    | Unspecified | NA         |
| Vcco33     |       3.300 |     0.000 |       0.000 |      0.000 |       NA    | Unspecified | NA         |
| Vcco25     |       2.500 |     0.000 |       0.000 |      0.000 |       NA    | Unspecified | NA         |
| Vcco18     |       1.800 |     0.000 |       0.000 |      0.000 |       NA    | Unspecified | NA         |
| Vcco15     |       1.500 |     0.000 |       0.000 |      0.000 |       NA    | Unspecified | NA         |
| Vcco135    |       1.350 |     0.000 |       0.000 |      0.000 |       NA    | Unspecified | NA         |
| Vcco12     |       1.200 |     0.000 |       0.000 |      0.000 |       NA    | Unspecified | NA         |
| Vcco10     |       1.000 |     0.000 |       0.000 |      0.000 |       NA    | Unspecified | NA         |
| Vccadc     |       1.800 |     0.008 |       0.000 |      0.008 |       NA    | Unspecified | NA         |
| MGTYAVcc   |       0.900 |     0.000 |       0.000 |      0.000 |       NA    | Unspecified | NA         |
| MGTYAVtt   |       1.200 |     0.000 |       0.000 |      0.000 |       NA    | Unspecified | NA         |
| MGTYVccaux |       1.800 |     0.000 |       0.000 |      0.000 |       NA    | Unspecified | NA         |
+------------+-------------+-----------+-------------+------------+-------------+-------------+------------+


1.3 Confidence Level
--------------------

+-----------------------------+------------+------------------------------------------------+--------+
| User Input Data             | Confidence | Details                                        | Action |
+-----------------------------+------------+------------------------------------------------+--------+
| Design implementation state | High       | Design is routed                               |        |
| Clock nodes activity        | High       | User specified more than 95% of clocks         |        |
| I/O nodes activity          | High       | User specified more than 95% of inputs         |        |
| Internal nodes activity     | High       | User specified more than 25% of internal nodes |        |
| Device models               | High       | Device models are Production                   |        |
|                             |            |                                                |        |
| Overall confidence level    | High       |                                                |        |
+-----------------------------+------------+------------------------------------------------+--------+


2. Settings
-----------

2.1 Environment
---------------

+-----------------------+--------------------------+
| Ambient Temp (C)      | 25.0                     |
| ThetaJA (C/W)         | 1.7                      |
| Airflow (LFM)         | 250                      |
| Heat Sink             | medium (Medium Profile)  |
| ThetaSA (C/W)         | 2.8                      |
| Board Selection       | medium (10"x10")         |
| # of Board Layers     | 12to15 (12 to 15 Layers) |
| Board Temperature (C) | 25.0                     |
+-----------------------+--------------------------+


2.2 Clock Constraints
---------------------

+---------+---------+-----------------+
| Clock   | Domain  | Constraint (ns) |
+---------+---------+-----------------+
| CLK_ADC | CLK_ADC |            16.0 |
| CLK_CNN | CLK_CNN |             5.9 |
+---------+---------+-----------------+


3. Detailed Reports
-------------------

3.1 By Hierarchy
----------------

+-------------------------+-----------+
| Name                    | Power (W) |
+-------------------------+-----------+
| AI_TRIGGER_TOP_TB_WRAP  |     0.955 |
|   u_DUT                 |     0.955 |
|     gen_lanes[0].u_LANE |     0.149 |
|       u_FIFO            |     0.024 |
|       u_WRAPPER         |     0.122 |
|     gen_lanes[1].u_LANE |     0.157 |
|       u_FIFO            |     0.026 |
|       u_WRAPPER         |     0.129 |
|     gen_lanes[2].u_LANE |     0.124 |
|       u_FIFO            |     0.025 |
|       u_WRAPPER         |     0.098 |
|     gen_lanes[3].u_LANE |     0.119 |
|       u_FIFO            |     0.019 |
|       u_WRAPPER         |     0.098 |
|     gen_lanes[4].u_LANE |     0.129 |
|       u_FIFO            |     0.021 |
|       u_WRAPPER         |     0.106 |
|     gen_lanes[5].u_LANE |     0.138 |
|       u_FIFO            |     0.023 |
|       u_WRAPPER         |     0.113 |
|     gen_lanes[6].u_LANE |     0.139 |
|       u_FIFO            |     0.023 |
|       u_WRAPPER         |     0.113 |
+-------------------------+-----------+


