Copyright 1986-2022 Xilinx, Inc. All Rights Reserved. Copyright 2022-2023 Advanced Micro Devices, Inc. All Rights Reserved.
-----------------------------------------------------------------------------------------------------------------------------------------------------------------
| Tool Version      : Vivado v.2023.2 (lin64) Build 4029153 Fri Oct 13 20:13:54 MDT 2023
| Date              : Mon May 18 16:07:55 2026
| Host              : AlbertsUbuntu running 64-bit Ubuntu 22.04.5 LTS
| Command           : report_timing_summary -file /home/work1/Works/AI-Trigger-System/build/vivado_post_impl_saif/reports/post_route_timing_summary_for_saif.rpt
| Design            : AI_TRIGGER_TOP_TB_WRAP
| Device            : xcku5p-ffvb676
| Speed File        : -2  PRODUCTION 1.29 05-01-2022
| Design State      : Routed
| Temperature Grade : E
-----------------------------------------------------------------------------------------------------------------------------------------------------------------

Timing Summary Report

------------------------------------------------------------------------------------------------
| Timer Settings
| --------------
------------------------------------------------------------------------------------------------

  Enable Multi Corner Analysis               :  Yes
  Enable Pessimism Removal                   :  Yes
  Pessimism Removal Resolution               :  Nearest Common Node
  Enable Input Delay Default Clock           :  No
  Enable Preset / Clear Arcs                 :  No
  Disable Flight Delays                      :  No
  Ignore I/O Paths                           :  No
  Timing Early Launch at Borrowing Latches   :  No
  Borrow Time for Max Delay Exceptions       :  Yes
  Merge Timing Exceptions                    :  Yes
  Inter-SLR Compensation                     :  Conservative

  Corner  Analyze    Analyze    
  Name    Max Paths  Min Paths  
  ------  ---------  ---------  
  Slow    Yes        Yes        
  Fast    Yes        Yes        


------------------------------------------------------------------------------------------------
| Report Methodology
| ------------------
------------------------------------------------------------------------------------------------

Rule       Severity  Description                         Violations  
---------  --------  ----------------------------------  ----------  
TIMING-10  Warning   Missing property on synchronizer    1           
TIMING-18  Warning   Missing input or output delay       805         
TIMING-24  Warning   Overridden Max delay datapath only  14          

Note: This report is based on the most recent report_methodology run and may not be up-to-date. Run report_methodology on the current design for the latest report.



check_timing report

Table of Contents
-----------------
1. checking no_clock (0)
2. checking constant_clock (0)
3. checking pulse_width_clock (0)
4. checking unconstrained_internal_endpoints (0)
5. checking no_input_delay (779)
6. checking no_output_delay (12)
7. checking multiple_clock (0)
8. checking generated_clocks (0)
9. checking loops (0)
10. checking partial_input_delay (0)
11. checking partial_output_delay (0)
12. checking latch_loops (0)

1. checking no_clock (0)
------------------------
 There are 0 register/latch pins with no clock.


2. checking constant_clock (0)
------------------------------
 There are 0 register/latch pins with constant_clock.


3. checking pulse_width_clock (0)
---------------------------------
 There are 0 register/latch pins which need pulse_width check


4. checking unconstrained_internal_endpoints (0)
------------------------------------------------
 There are 0 pins that are not constrained for maximum delay.

 There are 0 pins that are not constrained for maximum delay due to constant clock.


5. checking no_input_delay (779)
--------------------------------
 There are 779 input ports with no input delay specified. (HIGH)

 There are 0 input ports with no input delay but user has a false path constraint.


6. checking no_output_delay (12)
--------------------------------
 There are 12 ports with no output delay specified. (HIGH)

 There are 0 ports with no output delay but user has a false path constraint

 There are 0 ports with no output delay but with a timing clock defined on it or propagating through it


7. checking multiple_clock (0)
------------------------------
 There are 0 register/latch pins with multiple clocks.


8. checking generated_clocks (0)
--------------------------------
 There are 0 generated clocks that are not connected to a clock source.


9. checking loops (0)
---------------------
 There are 0 combinational loops in the design.


10. checking partial_input_delay (0)
------------------------------------
 There are 0 input ports with partial input delay specified.


11. checking partial_output_delay (0)
-------------------------------------
 There are 0 ports with partial output delay specified.


12. checking latch_loops (0)
----------------------------
 There are 0 combinational latch loops in the design through latch input



------------------------------------------------------------------------------------------------
| Design Timing Summary
| ---------------------
------------------------------------------------------------------------------------------------

    WNS(ns)      TNS(ns)  TNS Failing Endpoints  TNS Total Endpoints      WHS(ns)      THS(ns)  THS Failing Endpoints  THS Total Endpoints     WPWS(ns)     TPWS(ns)  TPWS Failing Endpoints  TPWS Total Endpoints  
    -------      -------  ---------------------  -------------------      -------      -------  ---------------------  -------------------     --------     --------  ----------------------  --------------------  
      1.504        0.000                      0                44592        0.029        0.000                      0                44592        2.399        0.000                       0                 21055  


All user specified timing constraints are met.


------------------------------------------------------------------------------------------------
| Clock Summary
| -------------
------------------------------------------------------------------------------------------------

Clock    Waveform(ns)         Period(ns)      Frequency(MHz)
-----    ------------         ----------      --------------
CLK_ADC  {0.000 8.000}        16.000          62.500          
CLK_CNN  {0.000 2.941}        5.882           170.010         


------------------------------------------------------------------------------------------------
| Intra Clock Table
| -----------------
------------------------------------------------------------------------------------------------

Clock             WNS(ns)      TNS(ns)  TNS Failing Endpoints  TNS Total Endpoints      WHS(ns)      THS(ns)  THS Failing Endpoints  THS Total Endpoints     WPWS(ns)     TPWS(ns)  TPWS Failing Endpoints  TPWS Total Endpoints  
-----             -------      -------  ---------------------  -------------------      -------      -------  ---------------------  -------------------     --------     --------  ----------------------  --------------------  
CLK_ADC            12.903        0.000                      0                 2203        0.030        0.000                      0                 2203        7.458        0.000                       0                   653  
CLK_CNN             1.504        0.000                      0                42389        0.029        0.000                      0                42389        2.399        0.000                       0                 20402  


------------------------------------------------------------------------------------------------
| Inter Clock Table
| -----------------
------------------------------------------------------------------------------------------------

From Clock    To Clock          WNS(ns)      TNS(ns)  TNS Failing Endpoints  TNS Total Endpoints      WHS(ns)      THS(ns)  THS Failing Endpoints  THS Total Endpoints  
----------    --------          -------      -------  ---------------------  -------------------      -------      -------  ---------------------  -------------------  


------------------------------------------------------------------------------------------------
| Other Path Groups Table
| -----------------------
------------------------------------------------------------------------------------------------

Path Group    From Clock    To Clock          WNS(ns)      TNS(ns)  TNS Failing Endpoints  TNS Total Endpoints      WHS(ns)      THS(ns)  THS Failing Endpoints  THS Total Endpoints  
----------    ----------    --------          -------      -------  ---------------------  -------------------      -------      -------  ---------------------  -------------------  


------------------------------------------------------------------------------------------------
| Timing Details
| --------------
------------------------------------------------------------------------------------------------


---------------------------------------------------------------------------------------------------
From Clock:  CLK_ADC
  To Clock:  CLK_ADC

Setup :            0  Failing Endpoints,  Worst Slack       12.903ns,  Total Violation        0.000ns
Hold  :            0  Failing Endpoints,  Worst Slack        0.030ns,  Total Violation        0.000ns
PW    :            0  Failing Endpoints,  Worst Slack        7.458ns,  Total Violation        0.000ns
---------------------------------------------------------------------------------------------------


Max Delay Paths
--------------------------------------------------------------------------------------
Slack (MET) :             12.903ns  (required time - arrival time)
  Source:                 u_DUT/u_DIST/we_r_reg[4]/C
                            (rising edge-triggered cell FDRE clocked by CLK_ADC  {rise@0.000ns fall@8.000ns period=16.000ns})
  Destination:            u_DUT/gen_lanes[4].u_LANE/u_FIFO/U0/inst_fifo_gen/gconvfifo.rf/grf.rf/gntv_or_sync_fifo.mem/gbm.gbmg.gbmgb.ngecc.bmg/inst_blk_mem_gen/gnbram.gnativebmg.native_blk_mem_gen/valid.cstr/ramloop[8].ram.r/prim_noinit.ram/DEVICE_8SERIES.NO_BMM_INFO.SDP.WIDE_PRIM36_NO_ECC.ram/ENBWREN
                            (rising edge-triggered cell RAMB36E2 clocked by CLK_ADC  {rise@0.000ns fall@8.000ns period=16.000ns})
  Path Group:             CLK_ADC
  Path Type:              Setup (Max at Slow Process Corner)
  Requirement:            16.000ns  (CLK_ADC rise@16.000ns - CLK_ADC rise@0.000ns)
  Data Path Delay:        2.730ns  (logic 0.340ns (12.456%)  route 2.390ns (87.544%))
  Logic Levels:           2  (LUT2=2)
  Clock Path Skew:        0.010ns (DCD - SCD + CPR)
    Destination Clock Delay (DCD):    0.040ns = ( 16.040 - 16.000 ) 
    Source Clock Delay      (SCD):    0.030ns
    Clock Pessimism Removal (CPR):    0.000ns
  Clock Uncertainty:      0.035ns  ((TSJ^2 + TIJ^2)^1/2 + DJ) / 2 + PE
    Total System Jitter     (TSJ):    0.071ns
    Total Input Jitter      (TIJ):    0.000ns
    Discrete Jitter          (DJ):    0.000ns
    Phase Error              (PE):    0.000ns

    Location             Delay type                Incr(ns)  Path(ns)    Netlist Resource(s)
  -------------------------------------------------------------------    -------------------
                         (clock CLK_ADC rise edge)    0.000     0.000 r  
                                                      0.000     0.000 r  CLK_ADC (IN)
                         net (fo=652, unset)          0.030     0.030    u_DUT/u_DIST/CLK_ADC
    SLICE_X56Y114        FDRE                                         r  u_DUT/u_DIST/we_r_reg[4]/C
  -------------------------------------------------------------------    -------------------
    SLICE_X56Y114        FDRE (Prop_DFF2_SLICEM_C_Q)
                                                      0.080     0.110 r  u_DUT/u_DIST/we_r_reg[4]/Q
                         net (fo=20, routed)          1.129     1.239    u_DUT/gen_lanes[4].u_LANE/u_FIFO/U0/inst_fifo_gen/gconvfifo.rf/grf.rf/gntv_or_sync_fifo.gl0.wr/gwas.wsts/wr_en
    SLICE_X30Y61         LUT2 (Prop_D5LUT_SLICEL_I0_O)
                                                      0.110     1.349 r  u_DUT/gen_lanes[4].u_LANE/u_FIFO/U0/inst_fifo_gen/gconvfifo.rf/grf.rf/gntv_or_sync_fifo.gl0.wr/gwas.wsts/DEVICE_8SERIES.NO_BMM_INFO.SDP.WIDE_PRIM36_NO_ECC.ram_i_6/O
                         net (fo=4, routed)           0.377     1.726    u_DUT/gen_lanes[4].u_LANE/u_FIFO/U0/inst_fifo_gen/gconvfifo.rf/grf.rf/gntv_or_sync_fifo.mem/gbm.gbmg.gbmgb.ngecc.bmg/inst_blk_mem_gen/gnbram.gnativebmg.native_blk_mem_gen/valid.cstr/ramloop[14].ram.r/prim_noinit.ram/DEVICE_8SERIES.NO_BMM_INFO.SDP.WIDE_PRIM36_NO_ECC.ram_2
    SLICE_X32Y57         LUT2 (Prop_G6LUT_SLICEM_I1_O)
                                                      0.150     1.876 r  u_DUT/gen_lanes[4].u_LANE/u_FIFO/U0/inst_fifo_gen/gconvfifo.rf/grf.rf/gntv_or_sync_fifo.mem/gbm.gbmg.gbmgb.ngecc.bmg/inst_blk_mem_gen/gnbram.gnativebmg.native_blk_mem_gen/valid.cstr/ramloop[14].ram.r/prim_noinit.ram/DEVICE_8SERIES.NO_BMM_INFO.SDP.WIDE_PRIM36_NO_ECC.ram_i_2/O
                         net (fo=8, routed)           0.883     2.760    u_DUT/gen_lanes[4].u_LANE/u_FIFO/U0/inst_fifo_gen/gconvfifo.rf/grf.rf/gntv_or_sync_fifo.mem/gbm.gbmg.gbmgb.ngecc.bmg/inst_blk_mem_gen/gnbram.gnativebmg.native_blk_mem_gen/valid.cstr/ramloop[8].ram.r/prim_noinit.ram/ENA_I
    RAMB36_X3Y13         RAMB36E2                                     r  u_DUT/gen_lanes[4].u_LANE/u_FIFO/U0/inst_fifo_gen/gconvfifo.rf/grf.rf/gntv_or_sync_fifo.mem/gbm.gbmg.gbmgb.ngecc.bmg/inst_blk_mem_gen/gnbram.gnativebmg.native_blk_mem_gen/valid.cstr/ramloop[8].ram.r/prim_noinit.ram/DEVICE_8SERIES.NO_BMM_INFO.SDP.WIDE_PRIM36_NO_ECC.ram/ENBWREN
  -------------------------------------------------------------------    -------------------

                         (clock CLK_ADC rise edge)   16.000    16.000 r  
                                                      0.000    16.000 r  CLK_ADC (IN)
                         net (fo=652, unset)          0.040    16.040    u_DUT/gen_lanes[4].u_LANE/u_FIFO/U0/inst_fifo_gen/gconvfifo.rf/grf.rf/gntv_or_sync_fifo.mem/gbm.gbmg.gbmgb.ngecc.bmg/inst_blk_mem_gen/gnbram.gnativebmg.native_blk_mem_gen/valid.cstr/ramloop[8].ram.r/prim_noinit.ram/wr_clk
    RAMB36_X3Y13         RAMB36E2                                     r  u_DUT/gen_lanes[4].u_LANE/u_FIFO/U0/inst_fifo_gen/gconvfifo.rf/grf.rf/gntv_or_sync_fifo.mem/gbm.gbmg.gbmgb.ngecc.bmg/inst_blk_mem_gen/gnbram.gnativebmg.native_blk_mem_gen/valid.cstr/ramloop[8].ram.r/prim_noinit.ram/DEVICE_8SERIES.NO_BMM_INFO.SDP.WIDE_PRIM36_NO_ECC.ram/CLKBWRCLK
                         clock pessimism              0.000    16.040    
                         clock uncertainty           -0.035    16.005    
    RAMB36_X3Y13         RAMB36E2 (Setup_RAMB36E2_RAMB36_CLKBWRCLK_ENBWREN)
                                                     -0.342    15.663    u_DUT/gen_lanes[4].u_LANE/u_FIFO/U0/inst_fifo_gen/gconvfifo.rf/grf.rf/gntv_or_sync_fifo.mem/gbm.gbmg.gbmgb.ngecc.bmg/inst_blk_mem_gen/gnbram.gnativebmg.native_blk_mem_gen/valid.cstr/ramloop[8].ram.r/prim_noinit.ram/DEVICE_8SERIES.NO_BMM_INFO.SDP.WIDE_PRIM36_NO_ECC.ram
  -------------------------------------------------------------------
                         required time                         15.663    
                         arrival time                          -2.760    
  -------------------------------------------------------------------
                         slack                                 12.903    





Min Delay Paths
--------------------------------------------------------------------------------------
Slack (MET) :             0.030ns  (arrival time - required time)
  Source:                 u_DUT/gen_lanes[1].u_LANE/u_FIFO/U0/inst_fifo_gen/gconvfifo.rf/grf.rf/gntv_or_sync_fifo.gl0.wr/wpntr/gic0.gc0.count_d1_reg[1]/C
                            (rising edge-triggered cell FDRE clocked by CLK_ADC  {rise@0.000ns fall@8.000ns period=16.000ns})
  Destination:            u_DUT/gen_lanes[1].u_LANE/u_FIFO/U0/inst_fifo_gen/gconvfifo.rf/grf.rf/gntv_or_sync_fifo.gl0.wr/wpntr/gic0.gc0.count_d2_reg[1]/D
                            (rising edge-triggered cell FDRE clocked by CLK_ADC  {rise@0.000ns fall@8.000ns period=16.000ns})
  Path Group:             CLK_ADC
  Path Type:              Hold (Min at Fast Process Corner)
  Requirement:            0.000ns  (CLK_ADC rise@0.000ns - CLK_ADC rise@0.000ns)
  Data Path Delay:        0.082ns  (logic 0.039ns (47.507%)  route 0.043ns (52.493%))
  Logic Levels:           0  
  Clock Path Skew:        0.006ns (DCD - SCD - CPR)
    Destination Clock Delay (DCD):    0.018ns
    Source Clock Delay      (SCD):    0.012ns
    Clock Pessimism Removal (CPR):    -0.000ns

    Location             Delay type                Incr(ns)  Path(ns)    Netlist Resource(s)
  -------------------------------------------------------------------    -------------------
                         (clock CLK_ADC rise edge)    0.000     0.000 r  
                                                      0.000     0.000 r  CLK_ADC (IN)
                         net (fo=652, unset)          0.012     0.012    u_DUT/gen_lanes[1].u_LANE/u_FIFO/U0/inst_fifo_gen/gconvfifo.rf/grf.rf/gntv_or_sync_fifo.gl0.wr/wpntr/wr_clk
    SLICE_X60Y48         FDRE                                         r  u_DUT/gen_lanes[1].u_LANE/u_FIFO/U0/inst_fifo_gen/gconvfifo.rf/grf.rf/gntv_or_sync_fifo.gl0.wr/wpntr/gic0.gc0.count_d1_reg[1]/C
  -------------------------------------------------------------------    -------------------
    SLICE_X60Y48         FDRE (Prop_DFF_SLICEL_C_Q)
                                                      0.039     0.051 r  u_DUT/gen_lanes[1].u_LANE/u_FIFO/U0/inst_fifo_gen/gconvfifo.rf/grf.rf/gntv_or_sync_fifo.gl0.wr/wpntr/gic0.gc0.count_d1_reg[1]/Q
                         net (fo=2, routed)           0.043     0.094    u_DUT/gen_lanes[1].u_LANE/u_FIFO/U0/inst_fifo_gen/gconvfifo.rf/grf.rf/gntv_or_sync_fifo.gl0.wr/wpntr/gic0.gc0.count_d1_reg[1]_0[1]
    SLICE_X60Y48         FDRE                                         r  u_DUT/gen_lanes[1].u_LANE/u_FIFO/U0/inst_fifo_gen/gconvfifo.rf/grf.rf/gntv_or_sync_fifo.gl0.wr/wpntr/gic0.gc0.count_d2_reg[1]/D
  -------------------------------------------------------------------    -------------------

                         (clock CLK_ADC rise edge)    0.000     0.000 r  
                                                      0.000     0.000 r  CLK_ADC (IN)
                         net (fo=652, unset)          0.018     0.018    u_DUT/gen_lanes[1].u_LANE/u_FIFO/U0/inst_fifo_gen/gconvfifo.rf/grf.rf/gntv_or_sync_fifo.gl0.wr/wpntr/wr_clk
    SLICE_X60Y48         FDRE                                         r  u_DUT/gen_lanes[1].u_LANE/u_FIFO/U0/inst_fifo_gen/gconvfifo.rf/grf.rf/gntv_or_sync_fifo.gl0.wr/wpntr/gic0.gc0.count_d2_reg[1]/C
                         clock pessimism              0.000     0.018    
    SLICE_X60Y48         FDRE (Hold_CFF_SLICEL_C_D)
                                                      0.046     0.064    u_DUT/gen_lanes[1].u_LANE/u_FIFO/U0/inst_fifo_gen/gconvfifo.rf/grf.rf/gntv_or_sync_fifo.gl0.wr/wpntr/gic0.gc0.count_d2_reg[1]
  -------------------------------------------------------------------
                         required time                         -0.064    
                         arrival time                           0.094    
  -------------------------------------------------------------------
                         slack                                  0.030    





Pulse Width Checks
--------------------------------------------------------------------------------------
Clock Name:         CLK_ADC
Waveform(ns):       { 0.000 8.000 }
Period(ns):         16.000
Sources:            { CLK_ADC }

Check Type        Corner  Lib Pin             Reference Pin  Required(ns)  Actual(ns)  Slack(ns)  Location      Pin
Min Period        n/a     RAMB18E2/CLKBWRCLK  n/a            1.355         16.000      14.645     RAMB18_X7Y46  u_DUT/gen_lanes[0].u_LANE/u_FIFO/U0/inst_fifo_gen/gconvfifo.rf/grf.rf/gntv_or_sync_fifo.mem/gbm.gbmg.gbmgb.ngecc.bmg/inst_blk_mem_gen/gnbram.gnativebmg.native_blk_mem_gen/valid.cstr/ramloop[0].ram.r/prim_noinit.ram/DEVICE_8SERIES.NO_BMM_INFO.SDP.WIDE_PRIM18.ram/CLKBWRCLK
Low Pulse Width   Slow    RAMB18E2/CLKBWRCLK  n/a            0.542         8.000       7.458      RAMB18_X7Y46  u_DUT/gen_lanes[0].u_LANE/u_FIFO/U0/inst_fifo_gen/gconvfifo.rf/grf.rf/gntv_or_sync_fifo.mem/gbm.gbmg.gbmgb.ngecc.bmg/inst_blk_mem_gen/gnbram.gnativebmg.native_blk_mem_gen/valid.cstr/ramloop[0].ram.r/prim_noinit.ram/DEVICE_8SERIES.NO_BMM_INFO.SDP.WIDE_PRIM18.ram/CLKBWRCLK
High Pulse Width  Slow    RAMB18E2/CLKBWRCLK  n/a            0.542         8.000       7.458      RAMB18_X7Y46  u_DUT/gen_lanes[0].u_LANE/u_FIFO/U0/inst_fifo_gen/gconvfifo.rf/grf.rf/gntv_or_sync_fifo.mem/gbm.gbmg.gbmgb.ngecc.bmg/inst_blk_mem_gen/gnbram.gnativebmg.native_blk_mem_gen/valid.cstr/ramloop[0].ram.r/prim_noinit.ram/DEVICE_8SERIES.NO_BMM_INFO.SDP.WIDE_PRIM18.ram/CLKBWRCLK



---------------------------------------------------------------------------------------------------
From Clock:  CLK_CNN
  To Clock:  CLK_CNN

Setup :            0  Failing Endpoints,  Worst Slack        1.504ns,  Total Violation        0.000ns
Hold  :            0  Failing Endpoints,  Worst Slack        0.029ns,  Total Violation        0.000ns
PW    :            0  Failing Endpoints,  Worst Slack        2.399ns,  Total Violation        0.000ns
---------------------------------------------------------------------------------------------------


Max Delay Paths
--------------------------------------------------------------------------------------
Slack (MET) :             1.504ns  (required time - arrival time)
  Source:                 u_DUT/gen_lanes[4].u_LANE/u_WRAPPER/cnn_core_inst/first_conv_4lane_temporal_wide_cl_array_array_ap_fixed_28u_config3_U0/icmp_ln154_2_reg_4279_reg[0]/C
                            (rising edge-triggered cell FDRE clocked by CLK_CNN  {rise@0.000ns fall@2.941ns period=5.882ns})
  Destination:            u_DUT/gen_lanes[4].u_LANE/u_WRAPPER/cnn_core_inst/first_conv_4lane_temporal_wide_cl_array_array_ap_fixed_28u_config3_U0/mul_ln42_reg_850_reg[11]/D
                            (rising edge-triggered cell FDRE clocked by CLK_CNN  {rise@0.000ns fall@2.941ns period=5.882ns})
  Path Group:             CLK_CNN
  Path Type:              Setup (Max at Slow Process Corner)
  Requirement:            5.882ns  (CLK_CNN rise@5.882ns - CLK_CNN rise@0.000ns)
  Data Path Delay:        4.359ns  (logic 1.892ns (43.406%)  route 2.467ns (56.594%))
  Logic Levels:           9  (DSP_A_B_DATA=1 DSP_ALU=1 DSP_M_DATA=1 DSP_MULTIPLIER=1 DSP_OUTPUT=1 DSP_PREADD_DATA=1 LUT3=1 LUT5=1 LUT6=1)
  Clock Path Skew:        -0.009ns (DCD - SCD + CPR)
    Destination Clock Delay (DCD):    0.021ns = ( 5.903 - 5.882 ) 
    Source Clock Delay      (SCD):    0.030ns
    Clock Pessimism Removal (CPR):    0.000ns
  Clock Uncertainty:      0.035ns  ((TSJ^2 + TIJ^2)^1/2 + DJ) / 2 + PE
    Total System Jitter     (TSJ):    0.071ns
    Total Input Jitter      (TIJ):    0.000ns
    Discrete Jitter          (DJ):    0.000ns
    Phase Error              (PE):    0.000ns

    Location             Delay type                Incr(ns)  Path(ns)    Netlist Resource(s)
  -------------------------------------------------------------------    -------------------
                         (clock CLK_CNN rise edge)    0.000     0.000 r  
                                                      0.000     0.000 r  CLK_CNN (IN)
                         net (fo=20401, unset)        0.030     0.030    u_DUT/gen_lanes[4].u_LANE/u_WRAPPER/cnn_core_inst/first_conv_4lane_temporal_wide_cl_array_array_ap_fixed_28u_config3_U0/ap_clk
    SLICE_X31Y72         FDRE                                         r  u_DUT/gen_lanes[4].u_LANE/u_WRAPPER/cnn_core_inst/first_conv_4lane_temporal_wide_cl_array_array_ap_fixed_28u_config3_U0/icmp_ln154_2_reg_4279_reg[0]/C
  -------------------------------------------------------------------    -------------------
    SLICE_X31Y72         FDRE (Prop_DFF2_SLICEM_C_Q)
                                                      0.080     0.110 r  u_DUT/gen_lanes[4].u_LANE/u_WRAPPER/cnn_core_inst/first_conv_4lane_temporal_wide_cl_array_array_ap_fixed_28u_config3_U0/icmp_ln154_2_reg_4279_reg[0]/Q
                         net (fo=3, routed)           0.147     0.257    u_DUT/gen_lanes[4].u_LANE/u_WRAPPER/cnn_core_inst/first_conv_4lane_temporal_wide_cl_array_array_ap_fixed_28u_config3_U0/icmp_ln154_2_reg_4279
    SLICE_X31Y71         LUT3 (Prop_G6LUT_SLICEM_I1_O)
                                                      0.123     0.380 r  u_DUT/gen_lanes[4].u_LANE/u_WRAPPER/cnn_core_inst/first_conv_4lane_temporal_wide_cl_array_array_ap_fixed_28u_config3_U0/sparsemux_11_3_12_1_1_U7_i_2/O
                         net (fo=96, routed)          0.440     0.821    u_DUT/gen_lanes[4].u_LANE/u_WRAPPER/cnn_core_inst/first_conv_4lane_temporal_wide_cl_array_array_ap_fixed_28u_config3_U0/sparsemux_11_3_12_1_1_U7/sel[1]
    SLICE_X34Y61         LUT6 (Prop_F6LUT_SLICEM_I2_O)
                                                      0.098     0.919 f  u_DUT/gen_lanes[4].u_LANE/u_WRAPPER/cnn_core_inst/first_conv_4lane_temporal_wide_cl_array_array_ap_fixed_28u_config3_U0/sparsemux_11_3_12_1_1_U7/dout[11]_INST_0_i_1/O
                         net (fo=1, routed)           0.085     1.004    u_DUT/gen_lanes[4].u_LANE/u_WRAPPER/cnn_core_inst/first_conv_4lane_temporal_wide_cl_array_array_ap_fixed_28u_config3_U0/sparsemux_11_3_12_1_1_U7/dout[11]_INST_0_i_1_n_5
    SLICE_X34Y62         LUT5 (Prop_H6LUT_SLICEM_I0_O)
                                                      0.090     1.094 f  u_DUT/gen_lanes[4].u_LANE/u_WRAPPER/cnn_core_inst/first_conv_4lane_temporal_wide_cl_array_array_ap_fixed_28u_config3_U0/sparsemux_11_3_12_1_1_U7/dout[11]_INST_0/O
                         net (fo=37, routed)          1.069     2.163    u_DUT/gen_lanes[4].u_LANE/u_WRAPPER/cnn_core_inst/first_conv_4lane_temporal_wide_cl_array_array_ap_fixed_28u_config3_U0/mul_12s_5ns_15_1_1_U3/tmp_product/A[11]
    DSP48E2_X7Y28        DSP_A_B_DATA (Prop_DSP_A_B_DATA_DSP48E2_A[11]_A2_DATA[11])
                                                      0.192     2.355 r  u_DUT/gen_lanes[4].u_LANE/u_WRAPPER/cnn_core_inst/first_conv_4lane_temporal_wide_cl_array_array_ap_fixed_28u_config3_U0/mul_12s_5ns_15_1_1_U3/tmp_product/DSP_A_B_DATA_INST/A2_DATA[11]
                         net (fo=1, routed)           0.000     2.355    u_DUT/gen_lanes[4].u_LANE/u_WRAPPER/cnn_core_inst/first_conv_4lane_temporal_wide_cl_array_array_ap_fixed_28u_config3_U0/mul_12s_5ns_15_1_1_U3/tmp_product/DSP_A_B_DATA.A2_DATA<11>
    DSP48E2_X7Y28        DSP_PREADD_DATA (Prop_DSP_PREADD_DATA_DSP48E2_A2_DATA[11]_A2A1[11])
                                                      0.076     2.431 r  u_DUT/gen_lanes[4].u_LANE/u_WRAPPER/cnn_core_inst/first_conv_4lane_temporal_wide_cl_array_array_ap_fixed_28u_config3_U0/mul_12s_5ns_15_1_1_U3/tmp_product/DSP_PREADD_DATA_INST/A2A1[11]
                         net (fo=1, routed)           0.000     2.431    u_DUT/gen_lanes[4].u_LANE/u_WRAPPER/cnn_core_inst/first_conv_4lane_temporal_wide_cl_array_array_ap_fixed_28u_config3_U0/mul_12s_5ns_15_1_1_U3/tmp_product/DSP_PREADD_DATA.A2A1<11>
    DSP48E2_X7Y28        DSP_MULTIPLIER (Prop_DSP_MULTIPLIER_DSP48E2_A2A1[11]_V[11])
                                                      0.507     2.938 f  u_DUT/gen_lanes[4].u_LANE/u_WRAPPER/cnn_core_inst/first_conv_4lane_temporal_wide_cl_array_array_ap_fixed_28u_config3_U0/mul_12s_5ns_15_1_1_U3/tmp_product/DSP_MULTIPLIER_INST/V[11]
                         net (fo=1, routed)           0.000     2.938    u_DUT/gen_lanes[4].u_LANE/u_WRAPPER/cnn_core_inst/first_conv_4lane_temporal_wide_cl_array_array_ap_fixed_28u_config3_U0/mul_12s_5ns_15_1_1_U3/tmp_product/DSP_MULTIPLIER.V<11>
    DSP48E2_X7Y28        DSP_M_DATA (Prop_DSP_M_DATA_DSP48E2_V[11]_V_DATA[11])
                                                      0.046     2.984 r  u_DUT/gen_lanes[4].u_LANE/u_WRAPPER/cnn_core_inst/first_conv_4lane_temporal_wide_cl_array_array_ap_fixed_28u_config3_U0/mul_12s_5ns_15_1_1_U3/tmp_product/DSP_M_DATA_INST/V_DATA[11]
                         net (fo=1, routed)           0.000     2.984    u_DUT/gen_lanes[4].u_LANE/u_WRAPPER/cnn_core_inst/first_conv_4lane_temporal_wide_cl_array_array_ap_fixed_28u_config3_U0/mul_12s_5ns_15_1_1_U3/tmp_product/DSP_M_DATA.V_DATA<11>
    DSP48E2_X7Y28        DSP_ALU (Prop_DSP_ALU_DSP48E2_V_DATA[11]_ALU_OUT[11])
                                                      0.571     3.555 f  u_DUT/gen_lanes[4].u_LANE/u_WRAPPER/cnn_core_inst/first_conv_4lane_temporal_wide_cl_array_array_ap_fixed_28u_config3_U0/mul_12s_5ns_15_1_1_U3/tmp_product/DSP_ALU_INST/ALU_OUT[11]
                         net (fo=1, routed)           0.000     3.555    u_DUT/gen_lanes[4].u_LANE/u_WRAPPER/cnn_core_inst/first_conv_4lane_temporal_wide_cl_array_array_ap_fixed_28u_config3_U0/mul_12s_5ns_15_1_1_U3/tmp_product/DSP_ALU.ALU_OUT<11>
    DSP48E2_X7Y28        DSP_OUTPUT (Prop_DSP_OUTPUT_DSP48E2_ALU_OUT[11]_P[11])
                                                      0.109     3.664 r  u_DUT/gen_lanes[4].u_LANE/u_WRAPPER/cnn_core_inst/first_conv_4lane_temporal_wide_cl_array_array_ap_fixed_28u_config3_U0/mul_12s_5ns_15_1_1_U3/tmp_product/DSP_OUTPUT_INST/P[11]
                         net (fo=1, routed)           0.725     4.389    u_DUT/gen_lanes[4].u_LANE/u_WRAPPER/cnn_core_inst/first_conv_4lane_temporal_wide_cl_array_array_ap_fixed_28u_config3_U0/mul_ln42_fu_265_p2[11]
    SLICE_X42Y70         FDRE                                         r  u_DUT/gen_lanes[4].u_LANE/u_WRAPPER/cnn_core_inst/first_conv_4lane_temporal_wide_cl_array_array_ap_fixed_28u_config3_U0/mul_ln42_reg_850_reg[11]/D
  -------------------------------------------------------------------    -------------------

                         (clock CLK_CNN rise edge)    5.882     5.882 r  
                                                      0.000     5.882 r  CLK_CNN (IN)
                         net (fo=20401, unset)        0.021     5.903    u_DUT/gen_lanes[4].u_LANE/u_WRAPPER/cnn_core_inst/first_conv_4lane_temporal_wide_cl_array_array_ap_fixed_28u_config3_U0/ap_clk
    SLICE_X42Y70         FDRE                                         r  u_DUT/gen_lanes[4].u_LANE/u_WRAPPER/cnn_core_inst/first_conv_4lane_temporal_wide_cl_array_array_ap_fixed_28u_config3_U0/mul_ln42_reg_850_reg[11]/C
                         clock pessimism              0.000     5.903    
                         clock uncertainty           -0.035     5.868    
    SLICE_X42Y70         FDRE (Setup_EFF2_SLICEM_C_D)
                                                      0.025     5.893    u_DUT/gen_lanes[4].u_LANE/u_WRAPPER/cnn_core_inst/first_conv_4lane_temporal_wide_cl_array_array_ap_fixed_28u_config3_U0/mul_ln42_reg_850_reg[11]
  -------------------------------------------------------------------
                         required time                          5.893    
                         arrival time                          -4.389    
  -------------------------------------------------------------------
                         slack                                  1.504    





Min Delay Paths
--------------------------------------------------------------------------------------
Slack (MET) :             0.029ns  (arrival time - required time)
  Source:                 u_DUT/gen_lanes[0].u_LANE/u_WRAPPER/cnn_core_inst/first_conv_4lane_temporal_wide_cl_array_array_ap_fixed_28u_config3_U0/trunc_ln170_16_reg_4439_reg[8]/C
                            (rising edge-triggered cell FDRE clocked by CLK_CNN  {rise@0.000ns fall@2.941ns period=5.882ns})
  Destination:            u_DUT/gen_lanes[0].u_LANE/u_WRAPPER/cnn_core_inst/layer3x4_out_U/U_cnn_core_fifo_w252_d4_S_ShiftReg/SRL_SIG_reg[3][206]_srl4/D
                            (rising edge-triggered cell SRL16E clocked by CLK_CNN  {rise@0.000ns fall@2.941ns period=5.882ns})
  Path Group:             CLK_CNN
  Path Type:              Hold (Min at Fast Process Corner)
  Requirement:            0.000ns  (CLK_CNN rise@0.000ns - CLK_CNN rise@0.000ns)
  Data Path Delay:        0.094ns  (logic 0.039ns (41.489%)  route 0.055ns (58.511%))
  Logic Levels:           0  
  Clock Path Skew:        0.026ns (DCD - SCD - CPR)
    Destination Clock Delay (DCD):    0.039ns
    Source Clock Delay      (SCD):    0.013ns
    Clock Pessimism Removal (CPR):    -0.000ns

    Location             Delay type                Incr(ns)  Path(ns)    Netlist Resource(s)
  -------------------------------------------------------------------    -------------------
                         (clock CLK_CNN rise edge)    0.000     0.000 r  
                                                      0.000     0.000 r  CLK_CNN (IN)
                         net (fo=20401, unset)        0.013     0.013    u_DUT/gen_lanes[0].u_LANE/u_WRAPPER/cnn_core_inst/first_conv_4lane_temporal_wide_cl_array_array_ap_fixed_28u_config3_U0/ap_clk
    SLICE_X73Y149        FDRE                                         r  u_DUT/gen_lanes[0].u_LANE/u_WRAPPER/cnn_core_inst/first_conv_4lane_temporal_wide_cl_array_array_ap_fixed_28u_config3_U0/trunc_ln170_16_reg_4439_reg[8]/C
  -------------------------------------------------------------------    -------------------
    SLICE_X73Y149        FDRE (Prop_FFF_SLICEL_C_Q)
                                                      0.039     0.052 r  u_DUT/gen_lanes[0].u_LANE/u_WRAPPER/cnn_core_inst/first_conv_4lane_temporal_wide_cl_array_array_ap_fixed_28u_config3_U0/trunc_ln170_16_reg_4439_reg[8]/Q
                         net (fo=1, routed)           0.055     0.107    u_DUT/gen_lanes[0].u_LANE/u_WRAPPER/cnn_core_inst/layer3x4_out_U/U_cnn_core_fifo_w252_d4_S_ShiftReg/din[206]
    SLICE_X74Y149        SRL16E                                       r  u_DUT/gen_lanes[0].u_LANE/u_WRAPPER/cnn_core_inst/layer3x4_out_U/U_cnn_core_fifo_w252_d4_S_ShiftReg/SRL_SIG_reg[3][206]_srl4/D
  -------------------------------------------------------------------    -------------------

                         (clock CLK_CNN rise edge)    0.000     0.000 r  
                                                      0.000     0.000 r  CLK_CNN (IN)
                         net (fo=20401, unset)        0.039     0.039    u_DUT/gen_lanes[0].u_LANE/u_WRAPPER/cnn_core_inst/layer3x4_out_U/U_cnn_core_fifo_w252_d4_S_ShiftReg/clk
    SLICE_X74Y149        SRL16E                                       r  u_DUT/gen_lanes[0].u_LANE/u_WRAPPER/cnn_core_inst/layer3x4_out_U/U_cnn_core_fifo_w252_d4_S_ShiftReg/SRL_SIG_reg[3][206]_srl4/CLK
                         clock pessimism              0.000     0.039    
    SLICE_X74Y149        SRL16E (Hold_G5LUT_SLICEM_CLK_D)
                                                      0.039     0.078    u_DUT/gen_lanes[0].u_LANE/u_WRAPPER/cnn_core_inst/layer3x4_out_U/U_cnn_core_fifo_w252_d4_S_ShiftReg/SRL_SIG_reg[3][206]_srl4
  -------------------------------------------------------------------
                         required time                         -0.078    
                         arrival time                           0.107    
  -------------------------------------------------------------------
                         slack                                  0.029    





Pulse Width Checks
--------------------------------------------------------------------------------------
Clock Name:         CLK_CNN
Waveform(ns):       { 0.000 2.941 }
Period(ns):         5.882
Sources:            { CLK_CNN }

Check Type        Corner  Lib Pin             Reference Pin  Required(ns)  Actual(ns)  Slack(ns)  Location      Pin
Min Period        n/a     RAMB18E2/CLKARDCLK  n/a            1.355         5.882       4.527      RAMB18_X7Y46  u_DUT/gen_lanes[0].u_LANE/u_FIFO/U0/inst_fifo_gen/gconvfifo.rf/grf.rf/gntv_or_sync_fifo.mem/gbm.gbmg.gbmgb.ngecc.bmg/inst_blk_mem_gen/gnbram.gnativebmg.native_blk_mem_gen/valid.cstr/ramloop[0].ram.r/prim_noinit.ram/DEVICE_8SERIES.NO_BMM_INFO.SDP.WIDE_PRIM18.ram/CLKARDCLK
Low Pulse Width   Slow    RAMB18E2/CLKARDCLK  n/a            0.542         2.941       2.399      RAMB18_X7Y46  u_DUT/gen_lanes[0].u_LANE/u_FIFO/U0/inst_fifo_gen/gconvfifo.rf/grf.rf/gntv_or_sync_fifo.mem/gbm.gbmg.gbmgb.ngecc.bmg/inst_blk_mem_gen/gnbram.gnativebmg.native_blk_mem_gen/valid.cstr/ramloop[0].ram.r/prim_noinit.ram/DEVICE_8SERIES.NO_BMM_INFO.SDP.WIDE_PRIM18.ram/CLKARDCLK
High Pulse Width  Slow    RAMB18E2/CLKARDCLK  n/a            0.542         2.941       2.399      RAMB18_X7Y46  u_DUT/gen_lanes[0].u_LANE/u_FIFO/U0/inst_fifo_gen/gconvfifo.rf/grf.rf/gntv_or_sync_fifo.mem/gbm.gbmg.gbmgb.ngecc.bmg/inst_blk_mem_gen/gnbram.gnativebmg.native_blk_mem_gen/valid.cstr/ramloop[0].ram.r/prim_noinit.ram/DEVICE_8SERIES.NO_BMM_INFO.SDP.WIDE_PRIM18.ram/CLKARDCLK



