Copyright 1986-2022 Xilinx, Inc. All Rights Reserved. Copyright 2022-2023 Advanced Micro Devices, Inc. All Rights Reserved.
-------------------------------------------------------------------------------------------------------------------------------------------------------------
| Tool Version      : Vivado v.2023.2 (lin64) Build 4029153 Fri Oct 13 20:13:54 MDT 2023
| Date              : Wed Jul  1 12:24:06 2026
| Host              : AlbertsUbuntu running 64-bit Ubuntu 22.04.5 LTS
| Command           : report_timing_summary -file /home/work1/Works/AI-Trigger-System/build/vivado_ooc_ai_trigger_wrap/reports/post_route_timing_summary.rpt
| Design            : AI_TRIGGER_TOP_TB_WRAP
| Device            : xcku5p-ffvb676
| Speed File        : -2  PRODUCTION 1.29 05-01-2022
| Design State      : Routed
| Temperature Grade : E
-------------------------------------------------------------------------------------------------------------------------------------------------------------

Timing Summary Report

------------------------------------------------------------------------------------------------
| Timer Settings
| --------------
------------------------------------------------------------------------------------------------

  Enable Multi Corner Analysis               :  Yes
  Enable Pessimism Removal                   :  Yes
  Pessimism Removal Resolution               :  Nearest Common Node
  Enable Input Delay Default Clock           :  No
  Enable Preset / Clear Arcs                 :  No
  Disable Flight Delays                      :  No
  Ignore I/O Paths                           :  No
  Timing Early Launch at Borrowing Latches   :  No
  Borrow Time for Max Delay Exceptions       :  Yes
  Merge Timing Exceptions                    :  Yes
  Inter-SLR Compensation                     :  Conservative

  Corner  Analyze    Analyze    
  Name    Max Paths  Min Paths  
  ------  ---------  ---------  
  Slow    Yes        Yes        
  Fast    Yes        Yes        


------------------------------------------------------------------------------------------------
| Report Methodology
| ------------------
------------------------------------------------------------------------------------------------

Rule       Severity  Description                               Violations  
---------  --------  ----------------------------------------  ----------  
TIMING-18  Warning   Missing input or output delay             769         
TIMING-24  Warning   Overridden Max delay datapath only        18          
XDCH-2     Warning   Same min and max delay values on IO port  1023        

Note: This report is based on the most recent report_methodology run and may not be up-to-date. Run report_methodology on the current design for the latest report.



check_timing report

Table of Contents
-----------------
1. checking no_clock (0)
2. checking constant_clock (0)
3. checking pulse_width_clock (0)
4. checking unconstrained_internal_endpoints (0)
5. checking no_input_delay (770)
6. checking no_output_delay (0)
7. checking multiple_clock (0)
8. checking generated_clocks (0)
9. checking loops (0)
10. checking partial_input_delay (0)
11. checking partial_output_delay (0)
12. checking latch_loops (0)

1. checking no_clock (0)
------------------------
 There are 0 register/latch pins with no clock.


2. checking constant_clock (0)
------------------------------
 There are 0 register/latch pins with constant_clock.


3. checking pulse_width_clock (0)
---------------------------------
 There are 0 register/latch pins which need pulse_width check


4. checking unconstrained_internal_endpoints (0)
------------------------------------------------
 There are 0 pins that are not constrained for maximum delay.

 There are 0 pins that are not constrained for maximum delay due to constant clock.


5. checking no_input_delay (770)
--------------------------------
 There are 769 input ports with no input delay specified. (HIGH)

 There is 1 input port with no input delay but user has a false path constraint. (MEDIUM)


6. checking no_output_delay (0)
-------------------------------
 There are 0 ports with no output delay specified.

 There are 0 ports with no output delay but user has a false path constraint

 There are 0 ports with no output delay but with a timing clock defined on it or propagating through it


7. checking multiple_clock (0)
------------------------------
 There are 0 register/latch pins with multiple clocks.


8. checking generated_clocks (0)
--------------------------------
 There are 0 generated clocks that are not connected to a clock source.


9. checking loops (0)
---------------------
 There are 0 combinational loops in the design.


10. checking partial_input_delay (0)
------------------------------------
 There are 0 input ports with partial input delay specified.


11. checking partial_output_delay (0)
-------------------------------------
 There are 0 ports with partial output delay specified.


12. checking latch_loops (0)
----------------------------
 There are 0 combinational latch loops in the design through latch input



------------------------------------------------------------------------------------------------
| Design Timing Summary
| ---------------------
------------------------------------------------------------------------------------------------

    WNS(ns)      TNS(ns)  TNS Failing Endpoints  TNS Total Endpoints      WHS(ns)      THS(ns)  THS Failing Endpoints  THS Total Endpoints     WPWS(ns)     TPWS(ns)  TPWS Failing Endpoints  TPWS Total Endpoints  
    -------      -------  ---------------------  -------------------      -------      -------  ---------------------  -------------------     --------     --------  ----------------------  --------------------  
      1.176        0.000                      0                67948        0.024        0.000                      0                67948        1.958        0.000                       0                 25880  


All user specified timing constraints are met.


------------------------------------------------------------------------------------------------
| Clock Summary
| -------------
------------------------------------------------------------------------------------------------

Clock        Waveform(ns)         Period(ns)      Frequency(MHz)
-----        ------------         ----------      --------------
ADC_SRC_CLK  {0.000 8.000}        16.000          62.500          
CLK_ADC      {0.000 7.143}        14.286          69.999          
CLK_CNN      {0.000 2.500}        5.000           200.000         


------------------------------------------------------------------------------------------------
| Intra Clock Table
| -----------------
------------------------------------------------------------------------------------------------

Clock             WNS(ns)      TNS(ns)  TNS Failing Endpoints  TNS Total Endpoints      WHS(ns)      THS(ns)  THS Failing Endpoints  THS Total Endpoints     WPWS(ns)     TPWS(ns)  TPWS Failing Endpoints  TPWS Total Endpoints  
-----             -------      -------  ---------------------  -------------------      -------      -------  ---------------------  -------------------     --------     --------  ----------------------  --------------------  
ADC_SRC_CLK        12.972        0.000                      0                  403        0.041        0.000                      0                  403        7.458        0.000                       0                   108  
CLK_ADC             8.605        0.000                      0                17155        0.024        0.000                      0                17155        6.601        0.000                       0                  3116  
CLK_CNN             1.176        0.000                      0                50390        0.027        0.000                      0                50390        1.958        0.000                       0                 22656  


------------------------------------------------------------------------------------------------
| Inter Clock Table
| -----------------
------------------------------------------------------------------------------------------------

From Clock    To Clock          WNS(ns)      TNS(ns)  TNS Failing Endpoints  TNS Total Endpoints      WHS(ns)      THS(ns)  THS Failing Endpoints  THS Total Endpoints  
----------    --------          -------      -------  ---------------------  -------------------      -------      -------  ---------------------  -------------------  


------------------------------------------------------------------------------------------------
| Other Path Groups Table
| -----------------------
------------------------------------------------------------------------------------------------

Path Group    From Clock    To Clock          WNS(ns)      TNS(ns)  TNS Failing Endpoints  TNS Total Endpoints      WHS(ns)      THS(ns)  THS Failing Endpoints  THS Total Endpoints  
----------    ----------    --------          -------      -------  ---------------------  -------------------      -------      -------  ---------------------  -------------------  


------------------------------------------------------------------------------------------------
| Timing Details
| --------------
------------------------------------------------------------------------------------------------


---------------------------------------------------------------------------------------------------
From Clock:  ADC_SRC_CLK
  To Clock:  ADC_SRC_CLK

Setup :            0  Failing Endpoints,  Worst Slack       12.972ns,  Total Violation        0.000ns
Hold  :            0  Failing Endpoints,  Worst Slack        0.041ns,  Total Violation        0.000ns
PW    :            0  Failing Endpoints,  Worst Slack        7.458ns,  Total Violation        0.000ns
---------------------------------------------------------------------------------------------------


Max Delay Paths
--------------------------------------------------------------------------------------
Slack (MET) :             12.972ns  (required time - arrival time)
  Source:                 u_DUT/u_ADC_INPUT/u_FIFO/gnuram_async_fifo.xpm_fifo_base_inst/wrp_inst/count_value_i_reg[3]/C
                            (rising edge-triggered cell FDRE clocked by ADC_SRC_CLK  {rise@0.000ns fall@8.000ns period=16.000ns})
  Destination:            u_DUT/u_ADC_INPUT/u_FIFO/gnuram_async_fifo.xpm_fifo_base_inst/gen_sdpram.xpm_memory_base_inst/gen_wr_a.gen_word_narrow.mem_reg_10/ADDRBWRADDR[9]
                            (rising edge-triggered cell RAMB36E2 clocked by ADC_SRC_CLK  {rise@0.000ns fall@8.000ns period=16.000ns})
  Path Group:             ADC_SRC_CLK
  Path Type:              Setup (Max at Slow Process Corner)
  Requirement:            16.000ns  (ADC_SRC_CLK rise@16.000ns - ADC_SRC_CLK rise@0.000ns)
  Data Path Delay:        2.699ns  (logic 0.079ns (2.927%)  route 2.620ns (97.073%))
  Logic Levels:           0  
  Clock Path Skew:        0.011ns (DCD - SCD + CPR)
    Destination Clock Delay (DCD):    0.040ns = ( 16.040 - 16.000 ) 
    Source Clock Delay      (SCD):    0.029ns
    Clock Pessimism Removal (CPR):    0.000ns
  Clock Uncertainty:      0.035ns  ((TSJ^2 + TIJ^2)^1/2 + DJ) / 2 + PE
    Total System Jitter     (TSJ):    0.071ns
    Total Input Jitter      (TIJ):    0.000ns
    Discrete Jitter          (DJ):    0.000ns
    Phase Error              (PE):    0.000ns

    Location             Delay type                Incr(ns)  Path(ns)    Netlist Resource(s)
  -------------------------------------------------------------------    -------------------
                         (clock ADC_SRC_CLK rise edge)
                                                      0.000     0.000 r  
                                                      0.000     0.000 r  ADC_SRC_CLK (IN)
                         net (fo=107, unset)          0.029     0.029    u_DUT/u_ADC_INPUT/u_FIFO/gnuram_async_fifo.xpm_fifo_base_inst/wrp_inst/clk
    SLICE_X22Y87         FDRE                                         r  u_DUT/u_ADC_INPUT/u_FIFO/gnuram_async_fifo.xpm_fifo_base_inst/wrp_inst/count_value_i_reg[3]/C
  -------------------------------------------------------------------    -------------------
    SLICE_X22Y87         FDRE (Prop_HFF_SLICEL_C_Q)
                                                      0.079     0.108 r  u_DUT/u_ADC_INPUT/u_FIFO/gnuram_async_fifo.xpm_fifo_base_inst/wrp_inst/count_value_i_reg[3]/Q
                         net (fo=16, routed)          2.620     2.728    u_DUT/u_ADC_INPUT/u_FIFO/gnuram_async_fifo.xpm_fifo_base_inst/gen_sdpram.xpm_memory_base_inst/addra[3]
    RAMB36_X4Y15         RAMB36E2                                     r  u_DUT/u_ADC_INPUT/u_FIFO/gnuram_async_fifo.xpm_fifo_base_inst/gen_sdpram.xpm_memory_base_inst/gen_wr_a.gen_word_narrow.mem_reg_10/ADDRBWRADDR[9]
  -------------------------------------------------------------------    -------------------

                         (clock ADC_SRC_CLK rise edge)
                                                     16.000    16.000 r  
                                                      0.000    16.000 r  ADC_SRC_CLK (IN)
                         net (fo=107, unset)          0.040    16.040    u_DUT/u_ADC_INPUT/u_FIFO/gnuram_async_fifo.xpm_fifo_base_inst/gen_sdpram.xpm_memory_base_inst/clka
    RAMB36_X4Y15         RAMB36E2                                     r  u_DUT/u_ADC_INPUT/u_FIFO/gnuram_async_fifo.xpm_fifo_base_inst/gen_sdpram.xpm_memory_base_inst/gen_wr_a.gen_word_narrow.mem_reg_10/CLKBWRCLK
                         clock pessimism              0.000    16.040    
                         clock uncertainty           -0.035    16.005    
    RAMB36_X4Y15         RAMB36E2 (Setup_RAMB36E2_RAMB36_CLKBWRCLK_ADDRBWRADDR[9])
                                                     -0.305    15.700    u_DUT/u_ADC_INPUT/u_FIFO/gnuram_async_fifo.xpm_fifo_base_inst/gen_sdpram.xpm_memory_base_inst/gen_wr_a.gen_word_narrow.mem_reg_10
  -------------------------------------------------------------------
                         required time                         15.700    
                         arrival time                          -2.728    
  -------------------------------------------------------------------
                         slack                                 12.972    





Min Delay Paths
--------------------------------------------------------------------------------------
Slack (MET) :             0.041ns  (arrival time - required time)
  Source:                 u_DUT/u_ADC_INPUT/u_FIFO/gnuram_async_fifo.xpm_fifo_base_inst/xpm_fifo_rst_inst/FSM_onehot_gen_rst_ic.curr_wrst_state_reg[2]/C
                            (rising edge-triggered cell FDRE clocked by ADC_SRC_CLK  {rise@0.000ns fall@8.000ns period=16.000ns})
  Destination:            u_DUT/u_ADC_INPUT/u_FIFO/gnuram_async_fifo.xpm_fifo_base_inst/xpm_fifo_rst_inst/FSM_onehot_gen_rst_ic.curr_wrst_state_reg[3]/D
                            (rising edge-triggered cell FDRE clocked by ADC_SRC_CLK  {rise@0.000ns fall@8.000ns period=16.000ns})
  Path Group:             ADC_SRC_CLK
  Path Type:              Hold (Min at Fast Process Corner)
  Requirement:            0.000ns  (ADC_SRC_CLK rise@0.000ns - ADC_SRC_CLK rise@0.000ns)
  Data Path Delay:        0.094ns  (logic 0.059ns (63.081%)  route 0.035ns (36.919%))
  Logic Levels:           1  (LUT4=1)
  Clock Path Skew:        0.006ns (DCD - SCD - CPR)
    Destination Clock Delay (DCD):    0.019ns
    Source Clock Delay      (SCD):    0.013ns
    Clock Pessimism Removal (CPR):    -0.000ns

    Location             Delay type                Incr(ns)  Path(ns)    Netlist Resource(s)
  -------------------------------------------------------------------    -------------------
                         (clock ADC_SRC_CLK rise edge)
                                                      0.000     0.000 r  
                                                      0.000     0.000 r  ADC_SRC_CLK (IN)
                         net (fo=107, unset)          0.013     0.013    u_DUT/u_ADC_INPUT/u_FIFO/gnuram_async_fifo.xpm_fifo_base_inst/xpm_fifo_rst_inst/wr_clk
    SLICE_X22Y88         FDRE                                         r  u_DUT/u_ADC_INPUT/u_FIFO/gnuram_async_fifo.xpm_fifo_base_inst/xpm_fifo_rst_inst/FSM_onehot_gen_rst_ic.curr_wrst_state_reg[2]/C
  -------------------------------------------------------------------    -------------------
    SLICE_X22Y88         FDRE (Prop_HFF_SLICEL_C_Q)
                                                      0.039     0.052 r  u_DUT/u_ADC_INPUT/u_FIFO/gnuram_async_fifo.xpm_fifo_base_inst/xpm_fifo_rst_inst/FSM_onehot_gen_rst_ic.curr_wrst_state_reg[2]/Q
                         net (fo=7, routed)           0.029     0.081    u_DUT/u_ADC_INPUT/u_FIFO/gnuram_async_fifo.xpm_fifo_base_inst/xpm_fifo_rst_inst/FSM_onehot_gen_rst_ic.curr_wrst_state_reg_n_5_[2]
    SLICE_X22Y88         LUT4 (Prop_H5LUT_SLICEL_I1_O)
                                                      0.020     0.101 r  u_DUT/u_ADC_INPUT/u_FIFO/gnuram_async_fifo.xpm_fifo_base_inst/xpm_fifo_rst_inst/FSM_onehot_gen_rst_ic.curr_wrst_state[3]_i_1/O
                         net (fo=1, routed)           0.006     0.107    u_DUT/u_ADC_INPUT/u_FIFO/gnuram_async_fifo.xpm_fifo_base_inst/xpm_fifo_rst_inst/FSM_onehot_gen_rst_ic.curr_wrst_state[3]_i_1_n_5
    SLICE_X22Y88         FDRE                                         r  u_DUT/u_ADC_INPUT/u_FIFO/gnuram_async_fifo.xpm_fifo_base_inst/xpm_fifo_rst_inst/FSM_onehot_gen_rst_ic.curr_wrst_state_reg[3]/D
  -------------------------------------------------------------------    -------------------

                         (clock ADC_SRC_CLK rise edge)
                                                      0.000     0.000 r  
                                                      0.000     0.000 r  ADC_SRC_CLK (IN)
                         net (fo=107, unset)          0.019     0.019    u_DUT/u_ADC_INPUT/u_FIFO/gnuram_async_fifo.xpm_fifo_base_inst/xpm_fifo_rst_inst/wr_clk
    SLICE_X22Y88         FDRE                                         r  u_DUT/u_ADC_INPUT/u_FIFO/gnuram_async_fifo.xpm_fifo_base_inst/xpm_fifo_rst_inst/FSM_onehot_gen_rst_ic.curr_wrst_state_reg[3]/C
                         clock pessimism              0.000     0.019    
    SLICE_X22Y88         FDRE (Hold_HFF2_SLICEL_C_D)
                                                      0.047     0.066    u_DUT/u_ADC_INPUT/u_FIFO/gnuram_async_fifo.xpm_fifo_base_inst/xpm_fifo_rst_inst/FSM_onehot_gen_rst_ic.curr_wrst_state_reg[3]
  -------------------------------------------------------------------
                         required time                         -0.066    
                         arrival time                           0.107    
  -------------------------------------------------------------------
                         slack                                  0.041    





Pulse Width Checks
--------------------------------------------------------------------------------------
Clock Name:         ADC_SRC_CLK
Waveform(ns):       { 0.000 8.000 }
Period(ns):         16.000
Sources:            { ADC_SRC_CLK }

Check Type        Corner  Lib Pin             Reference Pin  Required(ns)  Actual(ns)  Slack(ns)  Location     Pin
Min Period        n/a     RAMB36E2/CLKBWRCLK  n/a            1.355         16.000      14.645     RAMB36_X2Y7  u_DUT/u_ADC_INPUT/u_FIFO/gnuram_async_fifo.xpm_fifo_base_inst/gen_sdpram.xpm_memory_base_inst/gen_wr_a.gen_word_narrow.mem_reg_0/CLKBWRCLK
Low Pulse Width   Slow    RAMB36E2/CLKBWRCLK  n/a            0.542         8.000       7.458      RAMB36_X2Y7  u_DUT/u_ADC_INPUT/u_FIFO/gnuram_async_fifo.xpm_fifo_base_inst/gen_sdpram.xpm_memory_base_inst/gen_wr_a.gen_word_narrow.mem_reg_0/CLKBWRCLK
High Pulse Width  Slow    RAMB36E2/CLKBWRCLK  n/a            0.542         8.000       7.458      RAMB36_X2Y7  u_DUT/u_ADC_INPUT/u_FIFO/gnuram_async_fifo.xpm_fifo_base_inst/gen_sdpram.xpm_memory_base_inst/gen_wr_a.gen_word_narrow.mem_reg_0/CLKBWRCLK



---------------------------------------------------------------------------------------------------
From Clock:  CLK_ADC
  To Clock:  CLK_ADC

Setup :            0  Failing Endpoints,  Worst Slack        8.605ns,  Total Violation        0.000ns
Hold  :            0  Failing Endpoints,  Worst Slack        0.024ns,  Total Violation        0.000ns
PW    :            0  Failing Endpoints,  Worst Slack        6.601ns,  Total Violation        0.000ns
---------------------------------------------------------------------------------------------------


Max Delay Paths
--------------------------------------------------------------------------------------
Slack (MET) :             8.605ns  (required time - arrival time)
  Source:                 u_DUT/u_EVENT_PATH/u_capture/state_reg[1]/C
                            (rising edge-triggered cell FDRE clocked by CLK_ADC  {rise@0.000ns fall@7.143ns period=14.286ns})
  Destination:            u_DUT/u_EVENT_PATH/u_capture/event_data_r_reg[371]/CE
                            (rising edge-triggered cell FDRE clocked by CLK_ADC  {rise@0.000ns fall@7.143ns period=14.286ns})
  Path Group:             CLK_ADC
  Path Type:              Setup (Max at Slow Process Corner)
  Requirement:            14.286ns  (CLK_ADC rise@14.286ns - CLK_ADC rise@0.000ns)
  Data Path Delay:        5.578ns  (logic 0.224ns (4.015%)  route 5.354ns (95.984%))
  Logic Levels:           1  (LUT5=1)
  Clock Path Skew:        -0.008ns (DCD - SCD + CPR)
    Destination Clock Delay (DCD):    0.020ns = ( 14.306 - 14.286 ) 
    Source Clock Delay      (SCD):    0.028ns
    Clock Pessimism Removal (CPR):    0.000ns
  Clock Uncertainty:      0.035ns  ((TSJ^2 + TIJ^2)^1/2 + DJ) / 2 + PE
    Total System Jitter     (TSJ):    0.071ns
    Total Input Jitter      (TIJ):    0.000ns
    Discrete Jitter          (DJ):    0.000ns
    Phase Error              (PE):    0.000ns

    Location             Delay type                Incr(ns)  Path(ns)    Netlist Resource(s)
  -------------------------------------------------------------------    -------------------
                         (clock CLK_ADC rise edge)    0.000     0.000 r  
                                                      0.000     0.000 r  CLK_ADC (IN)
                         net (fo=3115, unset)         0.028     0.028    u_DUT/u_EVENT_PATH/u_capture/CLK
    SLICE_X30Y89         FDRE                                         r  u_DUT/u_EVENT_PATH/u_capture/state_reg[1]/C
  -------------------------------------------------------------------    -------------------
    SLICE_X30Y89         FDRE (Prop_CFF_SLICEL_C_Q)
                                                      0.079     0.107 r  u_DUT/u_EVENT_PATH/u_capture/state_reg[1]/Q
                         net (fo=13, routed)          0.314     0.421    u_DUT/u_EVENT_PATH/u_capture/state_reg_n_5_[1]
    SLICE_X31Y89         LUT5 (Prop_C6LUT_SLICEM_I2_O)
                                                      0.145     0.566 r  u_DUT/u_EVENT_PATH/u_capture/event_data_r[767]_i_1/O
                         net (fo=841, routed)         5.041     5.606    u_DUT/u_EVENT_PATH/u_capture/event_data_r
    SLICE_X27Y80         FDRE                                         r  u_DUT/u_EVENT_PATH/u_capture/event_data_r_reg[371]/CE
  -------------------------------------------------------------------    -------------------

                         (clock CLK_ADC rise edge)   14.286    14.286 r  
                                                      0.000    14.286 r  CLK_ADC (IN)
                         net (fo=3115, unset)         0.020    14.306    u_DUT/u_EVENT_PATH/u_capture/CLK
    SLICE_X27Y80         FDRE                                         r  u_DUT/u_EVENT_PATH/u_capture/event_data_r_reg[371]/C
                         clock pessimism              0.000    14.306    
                         clock uncertainty           -0.035    14.271    
    SLICE_X27Y80         FDRE (Setup_DFF2_SLICEL_C_CE)
                                                     -0.059    14.212    u_DUT/u_EVENT_PATH/u_capture/event_data_r_reg[371]
  -------------------------------------------------------------------
                         required time                         14.212    
                         arrival time                          -5.606    
  -------------------------------------------------------------------
                         slack                                  8.605    





Min Delay Paths
--------------------------------------------------------------------------------------
Slack (MET) :             0.024ns  (arrival time - required time)
  Source:                 u_DUT/u_EVENT_PATH/u_ring/chunk_id_reg[14]/C
                            (rising edge-triggered cell FDRE clocked by CLK_ADC  {rise@0.000ns fall@7.143ns period=14.286ns})
  Destination:            u_DUT/u_EVENT_PATH/u_ring/tag_mem_reg_0_63_14_15/RAMA/I
                            (rising edge-triggered cell RAMD64E clocked by CLK_ADC  {rise@0.000ns fall@7.143ns period=14.286ns})
  Path Group:             CLK_ADC
  Path Type:              Hold (Min at Slow Process Corner)
  Requirement:            0.000ns  (CLK_ADC rise@0.000ns - CLK_ADC rise@0.000ns)
  Data Path Delay:        0.137ns  (logic 0.057ns (41.627%)  route 0.080ns (58.373%))
  Logic Levels:           0  
  Clock Path Skew:        0.036ns (DCD - SCD - CPR)
    Destination Clock Delay (DCD):    0.057ns
    Source Clock Delay      (SCD):    0.021ns
    Clock Pessimism Removal (CPR):    -0.000ns

    Location             Delay type                Incr(ns)  Path(ns)    Netlist Resource(s)
  -------------------------------------------------------------------    -------------------
                         (clock CLK_ADC rise edge)    0.000     0.000 r  
                                                      0.000     0.000 r  CLK_ADC (IN)
                         net (fo=3115, unset)         0.021     0.021    u_DUT/u_EVENT_PATH/u_ring/CLK
    SLICE_X28Y90         FDRE                                         r  u_DUT/u_EVENT_PATH/u_ring/chunk_id_reg[14]/C
  -------------------------------------------------------------------    -------------------
    SLICE_X28Y90         FDRE (Prop_FFF_SLICEM_C_Q)
                                                      0.057     0.078 r  u_DUT/u_EVENT_PATH/u_ring/chunk_id_reg[14]/Q
                         net (fo=3, routed)           0.080     0.158    u_DUT/u_EVENT_PATH/u_ring/tag_mem_reg_0_63_14_15/DIA
    SLICE_X29Y90         RAMD64E                                      r  u_DUT/u_EVENT_PATH/u_ring/tag_mem_reg_0_63_14_15/RAMA/I
  -------------------------------------------------------------------    -------------------

                         (clock CLK_ADC rise edge)    0.000     0.000 r  
                                                      0.000     0.000 r  CLK_ADC (IN)
                         net (fo=3115, unset)         0.057     0.057    u_DUT/u_EVENT_PATH/u_ring/tag_mem_reg_0_63_14_15/WCLK
    SLICE_X29Y90         RAMD64E                                      r  u_DUT/u_EVENT_PATH/u_ring/tag_mem_reg_0_63_14_15/RAMA/CLK
                         clock pessimism              0.000     0.057    
    SLICE_X29Y90         RAMD64E (Hold_E6LUT_SLICEM_CLK_I)
                                                      0.077     0.134    u_DUT/u_EVENT_PATH/u_ring/tag_mem_reg_0_63_14_15/RAMA
  -------------------------------------------------------------------
                         required time                         -0.134    
                         arrival time                           0.158    
  -------------------------------------------------------------------
                         slack                                  0.024    





Pulse Width Checks
--------------------------------------------------------------------------------------
Clock Name:         CLK_ADC
Waveform(ns):       { 0.000 7.143 }
Period(ns):         14.286
Sources:            { CLK_ADC }

Check Type        Corner  Lib Pin             Reference Pin  Required(ns)  Actual(ns)  Slack(ns)  Location      Pin
Min Period        n/a     RAMB36E2/CLKARDCLK  n/a            1.569         14.286      12.717     RAMB36_X2Y10  u_DUT/u_EVENT_PATH/u_output_fifo/u_FIFO/xpm_fifo_base_inst/gen_sdpram.xpm_memory_base_inst/gen_wr_a.gen_word_narrow.mem_reg_0/CLKARDCLK
Low Pulse Width   Slow    RAMB18E2/CLKBWRCLK  n/a            0.542         7.143       6.601      RAMB18_X3Y16  u_DUT/gen_lanes[0].u_LANE/u_FIFO/U0/inst_fifo_gen/gconvfifo.rf/grf.rf/gntv_or_sync_fifo.mem/gbm.gbmg.gbmgb.ngecc.bmg/inst_blk_mem_gen/gnbram.gnativebmg.native_blk_mem_gen/valid.cstr/ramloop[0].ram.r/prim_noinit.ram/DEVICE_8SERIES.NO_BMM_INFO.SDP.WIDE_PRIM18.ram/CLKBWRCLK
High Pulse Width  Slow    RAMB18E2/CLKBWRCLK  n/a            0.542         7.143       6.601      RAMB18_X3Y16  u_DUT/gen_lanes[0].u_LANE/u_FIFO/U0/inst_fifo_gen/gconvfifo.rf/grf.rf/gntv_or_sync_fifo.mem/gbm.gbmg.gbmgb.ngecc.bmg/inst_blk_mem_gen/gnbram.gnativebmg.native_blk_mem_gen/valid.cstr/ramloop[0].ram.r/prim_noinit.ram/DEVICE_8SERIES.NO_BMM_INFO.SDP.WIDE_PRIM18.ram/CLKBWRCLK



---------------------------------------------------------------------------------------------------
From Clock:  CLK_CNN
  To Clock:  CLK_CNN

Setup :            0  Failing Endpoints,  Worst Slack        1.176ns,  Total Violation        0.000ns
Hold  :            0  Failing Endpoints,  Worst Slack        0.027ns,  Total Violation        0.000ns
PW    :            0  Failing Endpoints,  Worst Slack        1.958ns,  Total Violation        0.000ns
---------------------------------------------------------------------------------------------------


Max Delay Paths
--------------------------------------------------------------------------------------
Slack (MET) :             1.176ns  (required time - arrival time)
  Source:                 u_DUT/gen_lanes[3].u_LANE/u_WRAPPER/cnn_core_inst/layer6x4_out_U/full_n_reg/C
                            (rising edge-triggered cell FDSE clocked by CLK_CNN  {rise@0.000ns fall@2.500ns period=5.000ns})
  Destination:            u_DUT/gen_lanes[3].u_LANE/u_WRAPPER/cnn_core_inst/maxpool2d_wide_nonoverlap_cl_array_array_ap_fixed_28u_config6_U0/empty_fu_182_reg[11]/CE
                            (rising edge-triggered cell FDRE clocked by CLK_CNN  {rise@0.000ns fall@2.500ns period=5.000ns})
  Path Group:             CLK_CNN
  Path Type:              Setup (Max at Slow Process Corner)
  Requirement:            5.000ns  (CLK_CNN rise@5.000ns - CLK_CNN rise@0.000ns)
  Data Path Delay:        3.720ns  (logic 0.228ns (6.129%)  route 3.492ns (93.871%))
  Logic Levels:           1  (LUT6=1)
  Clock Path Skew:        -0.008ns (DCD - SCD + CPR)
    Destination Clock Delay (DCD):    0.021ns = ( 5.021 - 5.000 ) 
    Source Clock Delay      (SCD):    0.029ns
    Clock Pessimism Removal (CPR):    0.000ns
  Clock Uncertainty:      0.035ns  ((TSJ^2 + TIJ^2)^1/2 + DJ) / 2 + PE
    Total System Jitter     (TSJ):    0.071ns
    Total Input Jitter      (TIJ):    0.000ns
    Discrete Jitter          (DJ):    0.000ns
    Phase Error              (PE):    0.000ns

    Location             Delay type                Incr(ns)  Path(ns)    Netlist Resource(s)
  -------------------------------------------------------------------    -------------------
                         (clock CLK_CNN rise edge)    0.000     0.000 r  
                                                      0.000     0.000 r  CLK_CNN (IN)
                         net (fo=22655, unset)        0.029     0.029    u_DUT/gen_lanes[3].u_LANE/u_WRAPPER/cnn_core_inst/layer6x4_out_U/clk
    SLICE_X54Y140        FDSE                                         r  u_DUT/gen_lanes[3].u_LANE/u_WRAPPER/cnn_core_inst/layer6x4_out_U/full_n_reg/C
  -------------------------------------------------------------------    -------------------
    SLICE_X54Y140        FDSE (Prop_HFF_SLICEL_C_Q)
                                                      0.079     0.108 r  u_DUT/gen_lanes[3].u_LANE/u_WRAPPER/cnn_core_inst/layer6x4_out_U/full_n_reg/Q
                         net (fo=12, routed)          0.284     0.392    u_DUT/gen_lanes[3].u_LANE/u_WRAPPER/cnn_core_inst/maxpool2d_wide_nonoverlap_cl_array_array_ap_fixed_28u_config6_U0/layer6x4_out_full_n
    SLICE_X54Y135        LUT6 (Prop_G6LUT_SLICEL_I3_O)
                                                      0.149     0.541 r  u_DUT/gen_lanes[3].u_LANE/u_WRAPPER/cnn_core_inst/maxpool2d_wide_nonoverlap_cl_array_array_ap_fixed_28u_config6_U0/empty_32_fu_206[14]_i_1/O
                         net (fo=420, routed)         3.208     3.749    u_DUT/gen_lanes[3].u_LANE/u_WRAPPER/cnn_core_inst/maxpool2d_wide_nonoverlap_cl_array_array_ap_fixed_28u_config6_U0/empty_27_fu_1860
    SLICE_X42Y166        FDRE                                         r  u_DUT/gen_lanes[3].u_LANE/u_WRAPPER/cnn_core_inst/maxpool2d_wide_nonoverlap_cl_array_array_ap_fixed_28u_config6_U0/empty_fu_182_reg[11]/CE
  -------------------------------------------------------------------    -------------------

                         (clock CLK_CNN rise edge)    5.000     5.000 r  
                                                      0.000     5.000 r  CLK_CNN (IN)
                         net (fo=22655, unset)        0.021     5.021    u_DUT/gen_lanes[3].u_LANE/u_WRAPPER/cnn_core_inst/maxpool2d_wide_nonoverlap_cl_array_array_ap_fixed_28u_config6_U0/ap_clk
    SLICE_X42Y166        FDRE                                         r  u_DUT/gen_lanes[3].u_LANE/u_WRAPPER/cnn_core_inst/maxpool2d_wide_nonoverlap_cl_array_array_ap_fixed_28u_config6_U0/empty_fu_182_reg[11]/C
                         clock pessimism              0.000     5.021    
                         clock uncertainty           -0.035     4.986    
    SLICE_X42Y166        FDRE (Setup_DFF2_SLICEM_C_CE)
                                                     -0.060     4.926    u_DUT/gen_lanes[3].u_LANE/u_WRAPPER/cnn_core_inst/maxpool2d_wide_nonoverlap_cl_array_array_ap_fixed_28u_config6_U0/empty_fu_182_reg[11]
  -------------------------------------------------------------------
                         required time                          4.926    
                         arrival time                          -3.749    
  -------------------------------------------------------------------
                         slack                                  1.176    





Min Delay Paths
--------------------------------------------------------------------------------------
Slack (MET) :             0.027ns  (arrival time - required time)
  Source:                 u_DUT/gen_lanes[3].u_LANE/u_WRAPPER/cnn_core_inst/relu_array_ap_fixed_28u_array_ap_ufixed_15_5_5_3_0_28u_relu_config5_U0/select_ln51_17_reg_1347_reg[3]/C
                            (rising edge-triggered cell FDRE clocked by CLK_CNN  {rise@0.000ns fall@2.500ns period=5.000ns})
  Destination:            u_DUT/gen_lanes[3].u_LANE/u_WRAPPER/cnn_core_inst/layer5x4_out_U/U_cnn_core_fifo_w420_d4_S_ShiftReg/SRL_SIG_reg[3][318]_srl4/D
                            (rising edge-triggered cell SRL16E clocked by CLK_CNN  {rise@0.000ns fall@2.500ns period=5.000ns})
  Path Group:             CLK_CNN
  Path Type:              Hold (Min at Fast Process Corner)
  Requirement:            0.000ns  (CLK_CNN rise@0.000ns - CLK_CNN rise@0.000ns)
  Data Path Delay:        0.092ns  (logic 0.037ns (40.217%)  route 0.055ns (59.783%))
  Logic Levels:           0  
  Clock Path Skew:        0.026ns (DCD - SCD - CPR)
    Destination Clock Delay (DCD):    0.039ns
    Source Clock Delay      (SCD):    0.013ns
    Clock Pessimism Removal (CPR):    -0.000ns

    Location             Delay type                Incr(ns)  Path(ns)    Netlist Resource(s)
  -------------------------------------------------------------------    -------------------
                         (clock CLK_CNN rise edge)    0.000     0.000 r  
                                                      0.000     0.000 r  CLK_CNN (IN)
                         net (fo=22655, unset)        0.013     0.013    u_DUT/gen_lanes[3].u_LANE/u_WRAPPER/cnn_core_inst/relu_array_ap_fixed_28u_array_ap_ufixed_15_5_5_3_0_28u_relu_config5_U0/ap_clk
    SLICE_X62Y142        FDRE                                         r  u_DUT/gen_lanes[3].u_LANE/u_WRAPPER/cnn_core_inst/relu_array_ap_fixed_28u_array_ap_ufixed_15_5_5_3_0_28u_relu_config5_U0/select_ln51_17_reg_1347_reg[3]/C
  -------------------------------------------------------------------    -------------------
    SLICE_X62Y142        FDRE (Prop_FFF_SLICEM_C_Q)
                                                      0.037     0.050 r  u_DUT/gen_lanes[3].u_LANE/u_WRAPPER/cnn_core_inst/relu_array_ap_fixed_28u_array_ap_ufixed_15_5_5_3_0_28u_relu_config5_U0/select_ln51_17_reg_1347_reg[3]/Q
                         net (fo=1, routed)           0.055     0.105    u_DUT/gen_lanes[3].u_LANE/u_WRAPPER/cnn_core_inst/layer5x4_out_U/U_cnn_core_fifo_w420_d4_S_ShiftReg/din[318]
    SLICE_X62Y143        SRL16E                                       r  u_DUT/gen_lanes[3].u_LANE/u_WRAPPER/cnn_core_inst/layer5x4_out_U/U_cnn_core_fifo_w420_d4_S_ShiftReg/SRL_SIG_reg[3][318]_srl4/D
  -------------------------------------------------------------------    -------------------

                         (clock CLK_CNN rise edge)    0.000     0.000 r  
                                                      0.000     0.000 r  CLK_CNN (IN)
                         net (fo=22655, unset)        0.039     0.039    u_DUT/gen_lanes[3].u_LANE/u_WRAPPER/cnn_core_inst/layer5x4_out_U/U_cnn_core_fifo_w420_d4_S_ShiftReg/clk
    SLICE_X62Y143        SRL16E                                       r  u_DUT/gen_lanes[3].u_LANE/u_WRAPPER/cnn_core_inst/layer5x4_out_U/U_cnn_core_fifo_w420_d4_S_ShiftReg/SRL_SIG_reg[3][318]_srl4/CLK
                         clock pessimism              0.000     0.039    
    SLICE_X62Y143        SRL16E (Hold_G5LUT_SLICEM_CLK_D)
                                                      0.039     0.078    u_DUT/gen_lanes[3].u_LANE/u_WRAPPER/cnn_core_inst/layer5x4_out_U/U_cnn_core_fifo_w420_d4_S_ShiftReg/SRL_SIG_reg[3][318]_srl4
  -------------------------------------------------------------------
                         required time                         -0.078    
                         arrival time                           0.105    
  -------------------------------------------------------------------
                         slack                                  0.027    





Pulse Width Checks
--------------------------------------------------------------------------------------
Clock Name:         CLK_CNN
Waveform(ns):       { 0.000 2.500 }
Period(ns):         5.000
Sources:            { CLK_CNN }

Check Type        Corner  Lib Pin             Reference Pin  Required(ns)  Actual(ns)  Slack(ns)  Location      Pin
Min Period        n/a     RAMB18E2/CLKARDCLK  n/a            1.355         5.000       3.645      RAMB18_X3Y16  u_DUT/gen_lanes[0].u_LANE/u_FIFO/U0/inst_fifo_gen/gconvfifo.rf/grf.rf/gntv_or_sync_fifo.mem/gbm.gbmg.gbmgb.ngecc.bmg/inst_blk_mem_gen/gnbram.gnativebmg.native_blk_mem_gen/valid.cstr/ramloop[0].ram.r/prim_noinit.ram/DEVICE_8SERIES.NO_BMM_INFO.SDP.WIDE_PRIM18.ram/CLKARDCLK
Low Pulse Width   Slow    RAMB18E2/CLKARDCLK  n/a            0.542         2.500       1.958      RAMB18_X3Y16  u_DUT/gen_lanes[0].u_LANE/u_FIFO/U0/inst_fifo_gen/gconvfifo.rf/grf.rf/gntv_or_sync_fifo.mem/gbm.gbmg.gbmgb.ngecc.bmg/inst_blk_mem_gen/gnbram.gnativebmg.native_blk_mem_gen/valid.cstr/ramloop[0].ram.r/prim_noinit.ram/DEVICE_8SERIES.NO_BMM_INFO.SDP.WIDE_PRIM18.ram/CLKARDCLK
High Pulse Width  Slow    RAMB18E2/CLKARDCLK  n/a            0.542         2.500       1.958      RAMB18_X3Y16  u_DUT/gen_lanes[0].u_LANE/u_FIFO/U0/inst_fifo_gen/gconvfifo.rf/grf.rf/gntv_or_sync_fifo.mem/gbm.gbmg.gbmgb.ngecc.bmg/inst_blk_mem_gen/gnbram.gnativebmg.native_blk_mem_gen/valid.cstr/ramloop[0].ram.r/prim_noinit.ram/DEVICE_8SERIES.NO_BMM_INFO.SDP.WIDE_PRIM18.ram/CLKARDCLK



