Copyright 1986-2022 Xilinx, Inc. All Rights Reserved. Copyright 2022-2023 Advanced Micro Devices, Inc. All Rights Reserved.
-------------------------------------------------------------------------------------------------------------------------------------------------------------
| Tool Version      : Vivado v.2023.2 (lin64) Build 4029153 Fri Oct 13 20:13:54 MDT 2023
| Date              : Mon May 18 12:20:08 2026
| Host              : AlbertsUbuntu running 64-bit Ubuntu 22.04.5 LTS
| Command           : report_timing_summary -file /home/work1/Works/AI-Trigger-System/build/vivado_ooc_ai_trigger_wrap/reports/post_place_timing_summary.rpt
| Design            : AI_TRIGGER_TOP_TB_WRAP
| Device            : xcku5p-ffvb676
| Speed File        : -2  PRODUCTION 1.29 05-01-2022
| Design State      : Fully Placed
| Temperature Grade : E
-------------------------------------------------------------------------------------------------------------------------------------------------------------

Timing Summary Report

------------------------------------------------------------------------------------------------
| Timer Settings
| --------------
------------------------------------------------------------------------------------------------

  Enable Multi Corner Analysis               :  Yes
  Enable Pessimism Removal                   :  Yes
  Pessimism Removal Resolution               :  Nearest Common Node
  Enable Input Delay Default Clock           :  No
  Enable Preset / Clear Arcs                 :  No
  Disable Flight Delays                      :  No
  Ignore I/O Paths                           :  No
  Timing Early Launch at Borrowing Latches   :  No
  Borrow Time for Max Delay Exceptions       :  Yes
  Merge Timing Exceptions                    :  Yes
  Inter-SLR Compensation                     :  Conservative

  Corner  Analyze    Analyze    
  Name    Max Paths  Min Paths  
  ------  ---------  ---------  
  Slow    Yes        Yes        
  Fast    Yes        Yes        


------------------------------------------------------------------------------------------------
| Report Methodology
| ------------------
------------------------------------------------------------------------------------------------

Rule       Severity  Description                         Violations  
---------  --------  ----------------------------------  ----------  
TIMING-10  Warning   Missing property on synchronizer    1           
TIMING-18  Warning   Missing input or output delay       805         
TIMING-24  Warning   Overridden Max delay datapath only  14          

Note: This report is based on the most recent report_methodology run and may not be up-to-date. Run report_methodology on the current design for the latest report.



check_timing report

Table of Contents
-----------------
1. checking no_clock (0)
2. checking constant_clock (0)
3. checking pulse_width_clock (0)
4. checking unconstrained_internal_endpoints (0)
5. checking no_input_delay (779)
6. checking no_output_delay (12)
7. checking multiple_clock (0)
8. checking generated_clocks (0)
9. checking loops (0)
10. checking partial_input_delay (0)
11. checking partial_output_delay (0)
12. checking latch_loops (0)

1. checking no_clock (0)
------------------------
 There are 0 register/latch pins with no clock.


2. checking constant_clock (0)
------------------------------
 There are 0 register/latch pins with constant_clock.


3. checking pulse_width_clock (0)
---------------------------------
 There are 0 register/latch pins which need pulse_width check


4. checking unconstrained_internal_endpoints (0)
------------------------------------------------
 There are 0 pins that are not constrained for maximum delay.

 There are 0 pins that are not constrained for maximum delay due to constant clock.


5. checking no_input_delay (779)
--------------------------------
 There are 779 input ports with no input delay specified. (HIGH)

 There are 0 input ports with no input delay but user has a false path constraint.


6. checking no_output_delay (12)
--------------------------------
 There are 12 ports with no output delay specified. (HIGH)

 There are 0 ports with no output delay but user has a false path constraint

 There are 0 ports with no output delay but with a timing clock defined on it or propagating through it


7. checking multiple_clock (0)
------------------------------
 There are 0 register/latch pins with multiple clocks.


8. checking generated_clocks (0)
--------------------------------
 There are 0 generated clocks that are not connected to a clock source.


9. checking loops (0)
---------------------
 There are 0 combinational loops in the design.


10. checking partial_input_delay (0)
------------------------------------
 There are 0 input ports with partial input delay specified.


11. checking partial_output_delay (0)
-------------------------------------
 There are 0 ports with partial output delay specified.


12. checking latch_loops (0)
----------------------------
 There are 0 combinational latch loops in the design through latch input



------------------------------------------------------------------------------------------------
| Design Timing Summary
| ---------------------
------------------------------------------------------------------------------------------------

    WNS(ns)      TNS(ns)  TNS Failing Endpoints  TNS Total Endpoints      WHS(ns)      THS(ns)  THS Failing Endpoints  THS Total Endpoints     WPWS(ns)     TPWS(ns)  TPWS Failing Endpoints  TPWS Total Endpoints  
    -------      -------  ---------------------  -------------------      -------      -------  ---------------------  -------------------     --------     --------  ----------------------  --------------------  
      1.867        0.000                      0                44592        0.006        0.000                      0                44592        2.399        0.000                       0                 21055  


All user specified timing constraints are met.


------------------------------------------------------------------------------------------------
| Clock Summary
| -------------
------------------------------------------------------------------------------------------------

Clock    Waveform(ns)         Period(ns)      Frequency(MHz)
-----    ------------         ----------      --------------
CLK_ADC  {0.000 8.000}        16.000          62.500          
CLK_CNN  {0.000 2.941}        5.882           170.010         


------------------------------------------------------------------------------------------------
| Intra Clock Table
| -----------------
------------------------------------------------------------------------------------------------

Clock             WNS(ns)      TNS(ns)  TNS Failing Endpoints  TNS Total Endpoints      WHS(ns)      THS(ns)  THS Failing Endpoints  THS Total Endpoints     WPWS(ns)     TPWS(ns)  TPWS Failing Endpoints  TPWS Total Endpoints  
-----             -------      -------  ---------------------  -------------------      -------      -------  ---------------------  -------------------     --------     --------  ----------------------  --------------------  
CLK_ADC            13.489        0.000                      0                 2203        0.027        0.000                      0                 2203        7.458        0.000                       0                   653  
CLK_CNN             1.867        0.000                      0                42389        0.006        0.000                      0                42389        2.399        0.000                       0                 20402  


------------------------------------------------------------------------------------------------
| Inter Clock Table
| -----------------
------------------------------------------------------------------------------------------------

From Clock    To Clock          WNS(ns)      TNS(ns)  TNS Failing Endpoints  TNS Total Endpoints      WHS(ns)      THS(ns)  THS Failing Endpoints  THS Total Endpoints  
----------    --------          -------      -------  ---------------------  -------------------      -------      -------  ---------------------  -------------------  


------------------------------------------------------------------------------------------------
| Other Path Groups Table
| -----------------------
------------------------------------------------------------------------------------------------

Path Group    From Clock    To Clock          WNS(ns)      TNS(ns)  TNS Failing Endpoints  TNS Total Endpoints      WHS(ns)      THS(ns)  THS Failing Endpoints  THS Total Endpoints  
----------    ----------    --------          -------      -------  ---------------------  -------------------      -------      -------  ---------------------  -------------------  


------------------------------------------------------------------------------------------------
| Timing Details
| --------------
------------------------------------------------------------------------------------------------


---------------------------------------------------------------------------------------------------
From Clock:  CLK_ADC
  To Clock:  CLK_ADC

Setup :            0  Failing Endpoints,  Worst Slack       13.489ns,  Total Violation        0.000ns
Hold  :            0  Failing Endpoints,  Worst Slack        0.027ns,  Total Violation        0.000ns
PW    :            0  Failing Endpoints,  Worst Slack        7.458ns,  Total Violation        0.000ns
---------------------------------------------------------------------------------------------------


Max Delay Paths
--------------------------------------------------------------------------------------
Slack (MET) :             13.489ns  (required time - arrival time)
  Source:                 u_DUT/u_DIST/we_r_reg[4]/C
                            (rising edge-triggered cell FDRE clocked by CLK_ADC  {rise@0.000ns fall@8.000ns period=16.000ns})
  Destination:            u_DUT/gen_lanes[4].u_LANE/u_FIFO/U0/inst_fifo_gen/gconvfifo.rf/grf.rf/gntv_or_sync_fifo.mem/gbm.gbmg.gbmgb.ngecc.bmg/inst_blk_mem_gen/gnbram.gnativebmg.native_blk_mem_gen/valid.cstr/ramloop[8].ram.r/prim_noinit.ram/DEVICE_8SERIES.NO_BMM_INFO.SDP.WIDE_PRIM36_NO_ECC.ram/ENBWREN
                            (rising edge-triggered cell RAMB36E2 clocked by CLK_ADC  {rise@0.000ns fall@8.000ns period=16.000ns})
  Path Group:             CLK_ADC
  Path Type:              Setup (Max at Slow Process Corner)
  Requirement:            16.000ns  (CLK_ADC rise@16.000ns - CLK_ADC rise@0.000ns)
  Data Path Delay:        2.144ns  (logic 0.213ns (9.935%)  route 1.931ns (90.065%))
  Logic Levels:           2  (LUT2=2)
  Clock Path Skew:        0.010ns (DCD - SCD + CPR)
    Destination Clock Delay (DCD):    0.040ns = ( 16.040 - 16.000 ) 
    Source Clock Delay      (SCD):    0.030ns
    Clock Pessimism Removal (CPR):    0.000ns
  Clock Uncertainty:      0.035ns  ((TSJ^2 + TIJ^2)^1/2 + DJ) / 2 + PE
    Total System Jitter     (TSJ):    0.071ns
    Total Input Jitter      (TIJ):    0.000ns
    Discrete Jitter          (DJ):    0.000ns
    Phase Error              (PE):    0.000ns

    Location             Delay type                Incr(ns)  Path(ns)    Netlist Resource(s)
  -------------------------------------------------------------------    -------------------
                         (clock CLK_ADC rise edge)    0.000     0.000 r  
                                                      0.000     0.000 r  CLK_ADC (IN)
                         net (fo=652, unset)          0.030     0.030    u_DUT/u_DIST/CLK_ADC
    SLICE_X56Y114        FDRE                                         r  u_DUT/u_DIST/we_r_reg[4]/C
  -------------------------------------------------------------------    -------------------
    SLICE_X56Y114        FDRE (Prop_DFF2_SLICEM_C_Q)
                                                      0.080     0.110 r  u_DUT/u_DIST/we_r_reg[4]/Q
                         net (fo=20, estimated)       1.033     1.143    u_DUT/gen_lanes[4].u_LANE/u_FIFO/U0/inst_fifo_gen/gconvfifo.rf/grf.rf/gntv_or_sync_fifo.gl0.wr/gwas.wsts/wr_en
    SLICE_X30Y61         LUT2 (Prop_D5LUT_SLICEL_I0_O)
                                                      0.096     1.239 r  u_DUT/gen_lanes[4].u_LANE/u_FIFO/U0/inst_fifo_gen/gconvfifo.rf/grf.rf/gntv_or_sync_fifo.gl0.wr/gwas.wsts/DEVICE_8SERIES.NO_BMM_INFO.SDP.WIDE_PRIM36_NO_ECC.ram_i_6/O
                         net (fo=4, estimated)        0.301     1.540    u_DUT/gen_lanes[4].u_LANE/u_FIFO/U0/inst_fifo_gen/gconvfifo.rf/grf.rf/gntv_or_sync_fifo.mem/gbm.gbmg.gbmgb.ngecc.bmg/inst_blk_mem_gen/gnbram.gnativebmg.native_blk_mem_gen/valid.cstr/ramloop[14].ram.r/prim_noinit.ram/DEVICE_8SERIES.NO_BMM_INFO.SDP.WIDE_PRIM36_NO_ECC.ram_2
    SLICE_X32Y57         LUT2 (Prop_G6LUT_SLICEM_I1_O)
                                                      0.037     1.577 r  u_DUT/gen_lanes[4].u_LANE/u_FIFO/U0/inst_fifo_gen/gconvfifo.rf/grf.rf/gntv_or_sync_fifo.mem/gbm.gbmg.gbmgb.ngecc.bmg/inst_blk_mem_gen/gnbram.gnativebmg.native_blk_mem_gen/valid.cstr/ramloop[14].ram.r/prim_noinit.ram/DEVICE_8SERIES.NO_BMM_INFO.SDP.WIDE_PRIM36_NO_ECC.ram_i_2/O
                         net (fo=8, estimated)        0.597     2.174    u_DUT/gen_lanes[4].u_LANE/u_FIFO/U0/inst_fifo_gen/gconvfifo.rf/grf.rf/gntv_or_sync_fifo.mem/gbm.gbmg.gbmgb.ngecc.bmg/inst_blk_mem_gen/gnbram.gnativebmg.native_blk_mem_gen/valid.cstr/ramloop[8].ram.r/prim_noinit.ram/ENA_I
    RAMB36_X3Y13         RAMB36E2                                     r  u_DUT/gen_lanes[4].u_LANE/u_FIFO/U0/inst_fifo_gen/gconvfifo.rf/grf.rf/gntv_or_sync_fifo.mem/gbm.gbmg.gbmgb.ngecc.bmg/inst_blk_mem_gen/gnbram.gnativebmg.native_blk_mem_gen/valid.cstr/ramloop[8].ram.r/prim_noinit.ram/DEVICE_8SERIES.NO_BMM_INFO.SDP.WIDE_PRIM36_NO_ECC.ram/ENBWREN
  -------------------------------------------------------------------    -------------------

                         (clock CLK_ADC rise edge)   16.000    16.000 r  
                                                      0.000    16.000 r  CLK_ADC (IN)
                         net (fo=652, unset)          0.040    16.040    u_DUT/gen_lanes[4].u_LANE/u_FIFO/U0/inst_fifo_gen/gconvfifo.rf/grf.rf/gntv_or_sync_fifo.mem/gbm.gbmg.gbmgb.ngecc.bmg/inst_blk_mem_gen/gnbram.gnativebmg.native_blk_mem_gen/valid.cstr/ramloop[8].ram.r/prim_noinit.ram/wr_clk
    RAMB36_X3Y13         RAMB36E2                                     r  u_DUT/gen_lanes[4].u_LANE/u_FIFO/U0/inst_fifo_gen/gconvfifo.rf/grf.rf/gntv_or_sync_fifo.mem/gbm.gbmg.gbmgb.ngecc.bmg/inst_blk_mem_gen/gnbram.gnativebmg.native_blk_mem_gen/valid.cstr/ramloop[8].ram.r/prim_noinit.ram/DEVICE_8SERIES.NO_BMM_INFO.SDP.WIDE_PRIM36_NO_ECC.ram/CLKBWRCLK
                         clock pessimism              0.000    16.040    
                         clock uncertainty           -0.035    16.005    
    RAMB36_X3Y13         RAMB36E2 (Setup_RAMB36E2_RAMB36_CLKBWRCLK_ENBWREN)
                                                     -0.342    15.663    u_DUT/gen_lanes[4].u_LANE/u_FIFO/U0/inst_fifo_gen/gconvfifo.rf/grf.rf/gntv_or_sync_fifo.mem/gbm.gbmg.gbmgb.ngecc.bmg/inst_blk_mem_gen/gnbram.gnativebmg.native_blk_mem_gen/valid.cstr/ramloop[8].ram.r/prim_noinit.ram/DEVICE_8SERIES.NO_BMM_INFO.SDP.WIDE_PRIM36_NO_ECC.ram
  -------------------------------------------------------------------
                         required time                         15.663    
                         arrival time                          -2.174    
  -------------------------------------------------------------------
                         slack                                 13.489    





Min Delay Paths
--------------------------------------------------------------------------------------
Slack (MET) :             0.027ns  (arrival time - required time)
  Source:                 u_DUT/gen_lanes[1].u_LANE/u_FIFO/U0/inst_fifo_gen/gconvfifo.rf/grf.rf/gntv_or_sync_fifo.gl0.wr/wpntr/gic0.gc0.count_reg[3]/C
                            (rising edge-triggered cell FDRE clocked by CLK_ADC  {rise@0.000ns fall@8.000ns period=16.000ns})
  Destination:            u_DUT/gen_lanes[1].u_LANE/u_FIFO/U0/inst_fifo_gen/gconvfifo.rf/grf.rf/gntv_or_sync_fifo.gl0.wr/wpntr/gic0.gc0.count_d1_reg[3]/D
                            (rising edge-triggered cell FDRE clocked by CLK_ADC  {rise@0.000ns fall@8.000ns period=16.000ns})
  Path Group:             CLK_ADC
  Path Type:              Hold (Min at Fast Process Corner)
  Requirement:            0.000ns  (CLK_ADC rise@0.000ns - CLK_ADC rise@0.000ns)
  Data Path Delay:        0.080ns  (logic 0.039ns (48.750%)  route 0.041ns (51.250%))
  Logic Levels:           0  
  Clock Path Skew:        0.006ns (DCD - SCD - CPR)
    Destination Clock Delay (DCD):    0.019ns
    Source Clock Delay      (SCD):    0.013ns
    Clock Pessimism Removal (CPR):    -0.000ns

    Location             Delay type                Incr(ns)  Path(ns)    Netlist Resource(s)
  -------------------------------------------------------------------    -------------------
                         (clock CLK_ADC rise edge)    0.000     0.000 r  
                                                      0.000     0.000 r  CLK_ADC (IN)
                         net (fo=652, unset)          0.013     0.013    u_DUT/gen_lanes[1].u_LANE/u_FIFO/U0/inst_fifo_gen/gconvfifo.rf/grf.rf/gntv_or_sync_fifo.gl0.wr/wpntr/wr_clk
    SLICE_X60Y49         FDRE                                         r  u_DUT/gen_lanes[1].u_LANE/u_FIFO/U0/inst_fifo_gen/gconvfifo.rf/grf.rf/gntv_or_sync_fifo.gl0.wr/wpntr/gic0.gc0.count_reg[3]/C
  -------------------------------------------------------------------    -------------------
    SLICE_X60Y49         FDRE (Prop_HFF_SLICEL_C_Q)
                                                      0.039     0.052 r  u_DUT/gen_lanes[1].u_LANE/u_FIFO/U0/inst_fifo_gen/gconvfifo.rf/grf.rf/gntv_or_sync_fifo.gl0.wr/wpntr/gic0.gc0.count_reg[3]/Q
                         net (fo=4, estimated)        0.041     0.093    u_DUT/gen_lanes[1].u_LANE/u_FIFO/U0/inst_fifo_gen/gconvfifo.rf/grf.rf/gntv_or_sync_fifo.gl0.wr/wpntr/wr_pntr_plus2[3]
    SLICE_X60Y49         FDRE                                         r  u_DUT/gen_lanes[1].u_LANE/u_FIFO/U0/inst_fifo_gen/gconvfifo.rf/grf.rf/gntv_or_sync_fifo.gl0.wr/wpntr/gic0.gc0.count_d1_reg[3]/D
  -------------------------------------------------------------------    -------------------

                         (clock CLK_ADC rise edge)    0.000     0.000 r  
                                                      0.000     0.000 r  CLK_ADC (IN)
                         net (fo=652, unset)          0.019     0.019    u_DUT/gen_lanes[1].u_LANE/u_FIFO/U0/inst_fifo_gen/gconvfifo.rf/grf.rf/gntv_or_sync_fifo.gl0.wr/wpntr/wr_clk
    SLICE_X60Y49         FDRE                                         r  u_DUT/gen_lanes[1].u_LANE/u_FIFO/U0/inst_fifo_gen/gconvfifo.rf/grf.rf/gntv_or_sync_fifo.gl0.wr/wpntr/gic0.gc0.count_d1_reg[3]/C
                         clock pessimism              0.000     0.019    
    SLICE_X60Y49         FDRE (Hold_EFF2_SLICEL_C_D)
                                                      0.047     0.066    u_DUT/gen_lanes[1].u_LANE/u_FIFO/U0/inst_fifo_gen/gconvfifo.rf/grf.rf/gntv_or_sync_fifo.gl0.wr/wpntr/gic0.gc0.count_d1_reg[3]
  -------------------------------------------------------------------
                         required time                         -0.066    
                         arrival time                           0.093    
  -------------------------------------------------------------------
                         slack                                  0.027    





Pulse Width Checks
--------------------------------------------------------------------------------------
Clock Name:         CLK_ADC
Waveform(ns):       { 0.000 8.000 }
Period(ns):         16.000
Sources:            { CLK_ADC }

Check Type        Corner  Lib Pin             Reference Pin  Required(ns)  Actual(ns)  Slack(ns)  Location      Pin
Min Period        n/a     RAMB18E2/CLKBWRCLK  n/a            1.355         16.000      14.645     RAMB18_X7Y46  u_DUT/gen_lanes[0].u_LANE/u_FIFO/U0/inst_fifo_gen/gconvfifo.rf/grf.rf/gntv_or_sync_fifo.mem/gbm.gbmg.gbmgb.ngecc.bmg/inst_blk_mem_gen/gnbram.gnativebmg.native_blk_mem_gen/valid.cstr/ramloop[0].ram.r/prim_noinit.ram/DEVICE_8SERIES.NO_BMM_INFO.SDP.WIDE_PRIM18.ram/CLKBWRCLK
Low Pulse Width   Slow    RAMB18E2/CLKBWRCLK  n/a            0.542         8.000       7.458      RAMB18_X7Y46  u_DUT/gen_lanes[0].u_LANE/u_FIFO/U0/inst_fifo_gen/gconvfifo.rf/grf.rf/gntv_or_sync_fifo.mem/gbm.gbmg.gbmgb.ngecc.bmg/inst_blk_mem_gen/gnbram.gnativebmg.native_blk_mem_gen/valid.cstr/ramloop[0].ram.r/prim_noinit.ram/DEVICE_8SERIES.NO_BMM_INFO.SDP.WIDE_PRIM18.ram/CLKBWRCLK
High Pulse Width  Slow    RAMB18E2/CLKBWRCLK  n/a            0.542         8.000       7.458      RAMB18_X7Y46  u_DUT/gen_lanes[0].u_LANE/u_FIFO/U0/inst_fifo_gen/gconvfifo.rf/grf.rf/gntv_or_sync_fifo.mem/gbm.gbmg.gbmgb.ngecc.bmg/inst_blk_mem_gen/gnbram.gnativebmg.native_blk_mem_gen/valid.cstr/ramloop[0].ram.r/prim_noinit.ram/DEVICE_8SERIES.NO_BMM_INFO.SDP.WIDE_PRIM18.ram/CLKBWRCLK



---------------------------------------------------------------------------------------------------
From Clock:  CLK_CNN
  To Clock:  CLK_CNN

Setup :            0  Failing Endpoints,  Worst Slack        1.867ns,  Total Violation        0.000ns
Hold  :            0  Failing Endpoints,  Worst Slack        0.006ns,  Total Violation        0.000ns
PW    :            0  Failing Endpoints,  Worst Slack        2.399ns,  Total Violation        0.000ns
---------------------------------------------------------------------------------------------------


Max Delay Paths
--------------------------------------------------------------------------------------
Slack (MET) :             1.867ns  (required time - arrival time)
  Source:                 u_DUT/gen_lanes[0].u_LANE/u_WRAPPER/cnn_core_inst/first_conv_4lane_temporal_wide_cl_array_array_ap_fixed_28u_config3_U0/icmp_ln154_4_reg_4299_reg[0]/C
                            (rising edge-triggered cell FDRE clocked by CLK_CNN  {rise@0.000ns fall@2.941ns period=5.882ns})
  Destination:            u_DUT/gen_lanes[0].u_LANE/u_WRAPPER/cnn_core_inst/first_conv_4lane_temporal_wide_cl_array_array_ap_fixed_28u_config3_U0/trunc_ln170_1_reg_4374_reg[7]/D
                            (rising edge-triggered cell FDRE clocked by CLK_CNN  {rise@0.000ns fall@2.941ns period=5.882ns})
  Path Group:             CLK_CNN
  Path Type:              Setup (Max at Slow Process Corner)
  Requirement:            5.882ns  (CLK_CNN rise@5.882ns - CLK_CNN rise@0.000ns)
  Data Path Delay:        3.997ns  (logic 1.238ns (30.973%)  route 2.759ns (69.027%))
  Logic Levels:           11  (CARRY8=4 LUT2=1 LUT3=3 LUT5=1 LUT6=2)
  Clock Path Skew:        -0.008ns (DCD - SCD + CPR)
    Destination Clock Delay (DCD):    0.020ns = ( 5.902 - 5.882 ) 
    Source Clock Delay      (SCD):    0.028ns
    Clock Pessimism Removal (CPR):    0.000ns
  Clock Uncertainty:      0.035ns  ((TSJ^2 + TIJ^2)^1/2 + DJ) / 2 + PE
    Total System Jitter     (TSJ):    0.071ns
    Total Input Jitter      (TIJ):    0.000ns
    Discrete Jitter          (DJ):    0.000ns
    Phase Error              (PE):    0.000ns

    Location             Delay type                Incr(ns)  Path(ns)    Netlist Resource(s)
  -------------------------------------------------------------------    -------------------
                         (clock CLK_CNN rise edge)    0.000     0.000 r  
                                                      0.000     0.000 r  CLK_CNN (IN)
                         net (fo=20401, unset)        0.028     0.028    u_DUT/gen_lanes[0].u_LANE/u_WRAPPER/cnn_core_inst/first_conv_4lane_temporal_wide_cl_array_array_ap_fixed_28u_config3_U0/ap_clk
    SLICE_X84Y149        FDRE                                         r  u_DUT/gen_lanes[0].u_LANE/u_WRAPPER/cnn_core_inst/first_conv_4lane_temporal_wide_cl_array_array_ap_fixed_28u_config3_U0/icmp_ln154_4_reg_4299_reg[0]/C
  -------------------------------------------------------------------    -------------------
    SLICE_X84Y149        FDRE (Prop_CFF_SLICEL_C_Q)
                                                      0.079     0.107 r  u_DUT/gen_lanes[0].u_LANE/u_WRAPPER/cnn_core_inst/first_conv_4lane_temporal_wide_cl_array_array_ap_fixed_28u_config3_U0/icmp_ln154_4_reg_4299_reg[0]/Q
                         net (fo=3, estimated)        0.212     0.319    u_DUT/gen_lanes[0].u_LANE/u_WRAPPER/cnn_core_inst/first_conv_4lane_temporal_wide_cl_array_array_ap_fixed_28u_config3_U0/icmp_ln154_4_reg_4299
    SLICE_X83Y147        LUT3 (Prop_A5LUT_SLICEL_I1_O)
                                                      0.161     0.480 r  u_DUT/gen_lanes[0].u_LANE/u_WRAPPER/cnn_core_inst/first_conv_4lane_temporal_wide_cl_array_array_ap_fixed_28u_config3_U0/sparsemux_11_3_12_1_1_U9_i_2/O
                         net (fo=96, estimated)       0.677     1.157    u_DUT/gen_lanes[0].u_LANE/u_WRAPPER/cnn_core_inst/first_conv_4lane_temporal_wide_cl_array_array_ap_fixed_28u_config3_U0/sparsemux_11_3_12_1_1_U9/sel[1]
    SLICE_X88Y114        LUT6 (Prop_G6LUT_SLICEL_I2_O)
                                                      0.050     1.207 r  u_DUT/gen_lanes[0].u_LANE/u_WRAPPER/cnn_core_inst/first_conv_4lane_temporal_wide_cl_array_array_ap_fixed_28u_config3_U0/sparsemux_11_3_12_1_1_U9/dout[3]_INST_0_i_1/O
                         net (fo=1, estimated)        0.095     1.302    u_DUT/gen_lanes[0].u_LANE/u_WRAPPER/cnn_core_inst/first_conv_4lane_temporal_wide_cl_array_array_ap_fixed_28u_config3_U0/sparsemux_11_3_12_1_1_U9/dout[3]_INST_0_i_1_n_5
    SLICE_X88Y114        LUT5 (Prop_E6LUT_SLICEL_I0_O)
                                                      0.035     1.337 r  u_DUT/gen_lanes[0].u_LANE/u_WRAPPER/cnn_core_inst/first_conv_4lane_temporal_wide_cl_array_array_ap_fixed_28u_config3_U0/sparsemux_11_3_12_1_1_U9/dout[3]_INST_0/O
                         net (fo=20, estimated)       0.392     1.729    u_DUT/gen_lanes[0].u_LANE/u_WRAPPER/cnn_core_inst/first_conv_4lane_temporal_wide_cl_array_array_ap_fixed_28u_config3_U0/kernel_data_23_fu_1376_p13[3]
    SLICE_X80Y113        LUT2 (Prop_D6LUT_SLICEL_I0_O)
                                                      0.050     1.779 r  u_DUT/gen_lanes[0].u_LANE/u_WRAPPER/cnn_core_inst/first_conv_4lane_temporal_wide_cl_array_array_ap_fixed_28u_config3_U0/trunc_ln170_1_reg_4374[1]_i_52/O
                         net (fo=1, routed)           0.009     1.788    u_DUT/gen_lanes[0].u_LANE/u_WRAPPER/cnn_core_inst/first_conv_4lane_temporal_wide_cl_array_array_ap_fixed_28u_config3_U0/trunc_ln170_1_reg_4374[1]_i_52_n_5
    SLICE_X80Y113        CARRY8 (Prop_CARRY8_SLICEL_S[3]_O[5])
                                                      0.180     1.968 r  u_DUT/gen_lanes[0].u_LANE/u_WRAPPER/cnn_core_inst/first_conv_4lane_temporal_wide_cl_array_array_ap_fixed_28u_config3_U0/trunc_ln170_1_reg_4374_reg[1]_i_17/O[5]
                         net (fo=6, estimated)        0.263     2.231    u_DUT/gen_lanes[0].u_LANE/u_WRAPPER/cnn_core_inst/first_conv_4lane_temporal_wide_cl_array_array_ap_fixed_28u_config3_U0/trunc_ln170_1_reg_4374_reg[1]_i_17_n_15
    SLICE_X80Y112        LUT3 (Prop_C5LUT_SLICEL_I1_O)
                                                      0.136     2.367 r  u_DUT/gen_lanes[0].u_LANE/u_WRAPPER/cnn_core_inst/first_conv_4lane_temporal_wide_cl_array_array_ap_fixed_28u_config3_U0/trunc_ln170_1_reg_4374[1]_i_20/O
                         net (fo=1, estimated)        0.354     2.721    u_DUT/gen_lanes[0].u_LANE/u_WRAPPER/cnn_core_inst/first_conv_4lane_temporal_wide_cl_array_array_ap_fixed_28u_config3_U0/trunc_ln170_1_reg_4374[1]_i_20_n_5
    SLICE_X78Y112        CARRY8 (Prop_CARRY8_SLICEL_DI[5]_CO[7])
                                                      0.083     2.804 r  u_DUT/gen_lanes[0].u_LANE/u_WRAPPER/cnn_core_inst/first_conv_4lane_temporal_wide_cl_array_array_ap_fixed_28u_config3_U0/trunc_ln170_1_reg_4374_reg[1]_i_7/CO[7]
                         net (fo=1, estimated)        0.026     2.830    u_DUT/gen_lanes[0].u_LANE/u_WRAPPER/cnn_core_inst/first_conv_4lane_temporal_wide_cl_array_array_ap_fixed_28u_config3_U0/trunc_ln170_1_reg_4374_reg[1]_i_7_n_5
    SLICE_X78Y113        CARRY8 (Prop_CARRY8_SLICEL_CI_O[1])
                                                      0.076     2.906 r  u_DUT/gen_lanes[0].u_LANE/u_WRAPPER/cnn_core_inst/first_conv_4lane_temporal_wide_cl_array_array_ap_fixed_28u_config3_U0/trunc_ln170_1_reg_4374_reg[8]_i_15/O[1]
                         net (fo=4, estimated)        0.347     3.253    u_DUT/gen_lanes[0].u_LANE/u_WRAPPER/cnn_core_inst/first_conv_4lane_temporal_wide_cl_array_array_ap_fixed_28u_config3_U0/trunc_ln170_1_reg_4374_reg[8]_i_15_n_19
    SLICE_X80Y112        LUT3 (Prop_D5LUT_SLICEL_I1_O)
                                                      0.157     3.410 r  u_DUT/gen_lanes[0].u_LANE/u_WRAPPER/cnn_core_inst/first_conv_4lane_temporal_wide_cl_array_array_ap_fixed_28u_config3_U0/trunc_ln170_1_reg_4374[8]_i_22/O
                         net (fo=1, estimated)        0.349     3.759    u_DUT/gen_lanes[0].u_LANE/u_WRAPPER/cnn_core_inst/first_conv_4lane_temporal_wide_cl_array_array_ap_fixed_28u_config3_U0/trunc_ln170_1_reg_4374[8]_i_22_n_5
    SLICE_X77Y114        LUT6 (Prop_C6LUT_SLICEL_I5_O)
                                                      0.035     3.794 r  u_DUT/gen_lanes[0].u_LANE/u_WRAPPER/cnn_core_inst/first_conv_4lane_temporal_wide_cl_array_array_ap_fixed_28u_config3_U0/trunc_ln170_1_reg_4374[8]_i_12/O
                         net (fo=1, routed)           0.010     3.804    u_DUT/gen_lanes[0].u_LANE/u_WRAPPER/cnn_core_inst/first_conv_4lane_temporal_wide_cl_array_array_ap_fixed_28u_config3_U0/trunc_ln170_1_reg_4374[8]_i_12_n_5
    SLICE_X77Y114        CARRY8 (Prop_CARRY8_SLICEL_S[2]_O[5])
                                                      0.196     4.000 r  u_DUT/gen_lanes[0].u_LANE/u_WRAPPER/cnn_core_inst/first_conv_4lane_temporal_wide_cl_array_array_ap_fixed_28u_config3_U0/trunc_ln170_1_reg_4374_reg[8]_i_1/O[5]
                         net (fo=1, routed)           0.025     4.025    u_DUT/gen_lanes[0].u_LANE/u_WRAPPER/cnn_core_inst/first_conv_4lane_temporal_wide_cl_array_array_ap_fixed_28u_config3_U0/x_5_fu_2318_p2[13]
    SLICE_X77Y114        FDRE                                         r  u_DUT/gen_lanes[0].u_LANE/u_WRAPPER/cnn_core_inst/first_conv_4lane_temporal_wide_cl_array_array_ap_fixed_28u_config3_U0/trunc_ln170_1_reg_4374_reg[7]/D
  -------------------------------------------------------------------    -------------------

                         (clock CLK_CNN rise edge)    5.882     5.882 r  
                                                      0.000     5.882 r  CLK_CNN (IN)
                         net (fo=20401, unset)        0.020     5.902    u_DUT/gen_lanes[0].u_LANE/u_WRAPPER/cnn_core_inst/first_conv_4lane_temporal_wide_cl_array_array_ap_fixed_28u_config3_U0/ap_clk
    SLICE_X77Y114        FDRE                                         r  u_DUT/gen_lanes[0].u_LANE/u_WRAPPER/cnn_core_inst/first_conv_4lane_temporal_wide_cl_array_array_ap_fixed_28u_config3_U0/trunc_ln170_1_reg_4374_reg[7]/C
                         clock pessimism              0.000     5.902    
                         clock uncertainty           -0.035     5.867    
    SLICE_X77Y114        FDRE (Setup_FFF_SLICEL_C_D)
                                                      0.025     5.892    u_DUT/gen_lanes[0].u_LANE/u_WRAPPER/cnn_core_inst/first_conv_4lane_temporal_wide_cl_array_array_ap_fixed_28u_config3_U0/trunc_ln170_1_reg_4374_reg[7]
  -------------------------------------------------------------------
                         required time                          5.892    
                         arrival time                          -4.025    
  -------------------------------------------------------------------
                         slack                                  1.867    





Min Delay Paths
--------------------------------------------------------------------------------------
Slack (MET) :             0.006ns  (arrival time - required time)
  Source:                 u_DUT/gen_lanes[5].u_LANE/u_WRAPPER/cnn_core_inst/first_conv_4lane_temporal_wide_cl_array_array_ap_fixed_28u_config3_U0/trunc_ln170_7_reg_4399_reg[3]/C
                            (rising edge-triggered cell FDRE clocked by CLK_CNN  {rise@0.000ns fall@2.941ns period=5.882ns})
  Destination:            u_DUT/gen_lanes[5].u_LANE/u_WRAPPER/cnn_core_inst/layer3x4_out_U/U_cnn_core_fifo_w252_d4_S_ShiftReg/SRL_SIG_reg[3][111]_srl4/D
                            (rising edge-triggered cell SRL16E clocked by CLK_CNN  {rise@0.000ns fall@2.941ns period=5.882ns})
  Path Group:             CLK_CNN
  Path Type:              Hold (Min at Fast Process Corner)
  Requirement:            0.000ns  (CLK_CNN rise@0.000ns - CLK_CNN rise@0.000ns)
  Data Path Delay:        0.094ns  (logic 0.038ns (40.426%)  route 0.056ns (59.574%))
  Logic Levels:           0  
  Clock Path Skew:        0.026ns (DCD - SCD - CPR)
    Destination Clock Delay (DCD):    0.039ns
    Source Clock Delay      (SCD):    0.013ns
    Clock Pessimism Removal (CPR):    -0.000ns

    Location             Delay type                Incr(ns)  Path(ns)    Netlist Resource(s)
  -------------------------------------------------------------------    -------------------
                         (clock CLK_CNN rise edge)    0.000     0.000 r  
                                                      0.000     0.000 r  CLK_CNN (IN)
                         net (fo=20401, unset)        0.013     0.013    u_DUT/gen_lanes[5].u_LANE/u_WRAPPER/cnn_core_inst/first_conv_4lane_temporal_wide_cl_array_array_ap_fixed_28u_config3_U0/ap_clk
    SLICE_X67Y218        FDRE                                         r  u_DUT/gen_lanes[5].u_LANE/u_WRAPPER/cnn_core_inst/first_conv_4lane_temporal_wide_cl_array_array_ap_fixed_28u_config3_U0/trunc_ln170_7_reg_4399_reg[3]/C
  -------------------------------------------------------------------    -------------------
    SLICE_X67Y218        FDRE (Prop_BFF_SLICEM_C_Q)
                                                      0.038     0.051 r  u_DUT/gen_lanes[5].u_LANE/u_WRAPPER/cnn_core_inst/first_conv_4lane_temporal_wide_cl_array_array_ap_fixed_28u_config3_U0/trunc_ln170_7_reg_4399_reg[3]/Q
                         net (fo=1, estimated)        0.056     0.107    u_DUT/gen_lanes[5].u_LANE/u_WRAPPER/cnn_core_inst/layer3x4_out_U/U_cnn_core_fifo_w252_d4_S_ShiftReg/din[111]
    SLICE_X67Y216        SRL16E                                       r  u_DUT/gen_lanes[5].u_LANE/u_WRAPPER/cnn_core_inst/layer3x4_out_U/U_cnn_core_fifo_w252_d4_S_ShiftReg/SRL_SIG_reg[3][111]_srl4/D
  -------------------------------------------------------------------    -------------------

                         (clock CLK_CNN rise edge)    0.000     0.000 r  
                                                      0.000     0.000 r  CLK_CNN (IN)
                         net (fo=20401, unset)        0.039     0.039    u_DUT/gen_lanes[5].u_LANE/u_WRAPPER/cnn_core_inst/layer3x4_out_U/U_cnn_core_fifo_w252_d4_S_ShiftReg/clk
    SLICE_X67Y216        SRL16E                                       r  u_DUT/gen_lanes[5].u_LANE/u_WRAPPER/cnn_core_inst/layer3x4_out_U/U_cnn_core_fifo_w252_d4_S_ShiftReg/SRL_SIG_reg[3][111]_srl4/CLK
                         clock pessimism              0.000     0.039    
    SLICE_X67Y216        SRL16E (Hold_H5LUT_SLICEM_CLK_D)
                                                      0.062     0.101    u_DUT/gen_lanes[5].u_LANE/u_WRAPPER/cnn_core_inst/layer3x4_out_U/U_cnn_core_fifo_w252_d4_S_ShiftReg/SRL_SIG_reg[3][111]_srl4
  -------------------------------------------------------------------
                         required time                         -0.101    
                         arrival time                           0.107    
  -------------------------------------------------------------------
                         slack                                  0.006    





Pulse Width Checks
--------------------------------------------------------------------------------------
Clock Name:         CLK_CNN
Waveform(ns):       { 0.000 2.941 }
Period(ns):         5.882
Sources:            { CLK_CNN }

Check Type        Corner  Lib Pin             Reference Pin  Required(ns)  Actual(ns)  Slack(ns)  Location      Pin
Min Period        n/a     RAMB18E2/CLKARDCLK  n/a            1.355         5.882       4.527      RAMB18_X7Y46  u_DUT/gen_lanes[0].u_LANE/u_FIFO/U0/inst_fifo_gen/gconvfifo.rf/grf.rf/gntv_or_sync_fifo.mem/gbm.gbmg.gbmgb.ngecc.bmg/inst_blk_mem_gen/gnbram.gnativebmg.native_blk_mem_gen/valid.cstr/ramloop[0].ram.r/prim_noinit.ram/DEVICE_8SERIES.NO_BMM_INFO.SDP.WIDE_PRIM18.ram/CLKARDCLK
Low Pulse Width   Slow    RAMB18E2/CLKARDCLK  n/a            0.542         2.941       2.399      RAMB18_X7Y46  u_DUT/gen_lanes[0].u_LANE/u_FIFO/U0/inst_fifo_gen/gconvfifo.rf/grf.rf/gntv_or_sync_fifo.mem/gbm.gbmg.gbmgb.ngecc.bmg/inst_blk_mem_gen/gnbram.gnativebmg.native_blk_mem_gen/valid.cstr/ramloop[0].ram.r/prim_noinit.ram/DEVICE_8SERIES.NO_BMM_INFO.SDP.WIDE_PRIM18.ram/CLKARDCLK
High Pulse Width  Slow    RAMB18E2/CLKARDCLK  n/a            0.542         2.941       2.399      RAMB18_X7Y46  u_DUT/gen_lanes[0].u_LANE/u_FIFO/U0/inst_fifo_gen/gconvfifo.rf/grf.rf/gntv_or_sync_fifo.mem/gbm.gbmg.gbmgb.ngecc.bmg/inst_blk_mem_gen/gnbram.gnativebmg.native_blk_mem_gen/valid.cstr/ramloop[0].ram.r/prim_noinit.ram/DEVICE_8SERIES.NO_BMM_INFO.SDP.WIDE_PRIM18.ram/CLKARDCLK



