Copyright 1986-2022 Xilinx, Inc. All Rights Reserved. Copyright 2022-2023 Advanced Micro Devices, Inc. All Rights Reserved.
--------------------------------------------------------------------------------------------------------------------------------------------------------------------------
| Tool Version     : Vivado v.2023.2 (lin64) Build 4029153 Fri Oct 13 20:13:54 MDT 2023
| Date             : Sat Sep 26 13:10:24 2026
| Host             : AlbertsUbuntu running 64-bit Ubuntu 22.04.5 LTS
| Command          : report_power -file /home/work1/Works/_codex_ai_trigger_saif_20260926c/build/vivado_post_impl_saif_30chunks/reports/post_route_power_saif.rpt
| Design           : AI_TRIGGER_TOP
| Device           : xcku5p-ffvb676-2-e
| Design State     : routed
| Grade            : extended
| Process          : typical
| Characterization : Production
--------------------------------------------------------------------------------------------------------------------------------------------------------------------------

Power Report

Table of Contents
-----------------
1. Summary
1.1 On-Chip Components
1.2 Power Supply Summary
1.3 Confidence Level
2. Settings
2.1 Environment
2.2 Clock Constraints
3. Detailed Reports
3.1 By Hierarchy

1. Summary
----------

+--------------------------+----------------------------------------------------------------------------------------------------------------------------+
| Total On-Chip Power (W)  | 1.972                                                                                                                      |
| Design Power Budget (W)  | Unspecified*                                                                                                               |
| Power Budget Margin (W)  | NA                                                                                                                         |
| Dynamic (W)              | 1.510                                                                                                                      |
| Device Static (W)        | 0.463                                                                                                                      |
| Effective TJA (C/W)      | 1.7                                                                                                                        |
| Max Ambient (C)          | 96.6                                                                                                                       |
| Junction Temperature (C) | 28.4                                                                                                                       |
| Confidence Level         | High                                                                                                                       |
| Setting File             | ---                                                                                                                        |
| Simulation Activity File | /home/work1/Works/_codex_ai_trigger_saif_20260926c/build/vivado_post_impl_saif_30chunks/activity/ai_trigger_post_impl.saif |
| Design Nets Matched      | 99%   (173782/174661)                                                                                                      |
+--------------------------+----------------------------------------------------------------------------------------------------------------------------+
* Specify Design Power Budget using, set_operating_conditions -design_power_budget <value in Watts>


1.1 On-Chip Components
----------------------

+--------------------------+-----------+----------+-----------+-----------------+
| On-Chip                  | Power (W) | Used     | Available | Utilization (%) |
+--------------------------+-----------+----------+-----------+-----------------+
| Clocks                   |     0.261 |        4 |       --- |             --- |
| CLB Logic                |     0.520 |   139149 |       --- |             --- |
|   LUT as Logic           |     0.411 |    57798 |    216960 |           26.64 |
|   CARRY8                 |     0.049 |     6154 |     27120 |           22.69 |
|   LUT as Distributed RAM |     0.042 |     3220 |     99840 |            3.23 |
|   Register               |     0.018 |    45588 |    433920 |           10.51 |
|   LUT as Shift Register  |    <0.001 |        8 |     99840 |           <0.01 |
|   BUFG                   |    <0.001 |        9 |        32 |           28.13 |
|   Others                 |     0.000 |      473 |       --- |             --- |
|   F7/F8 Muxes            |     0.000 |      640 |    216960 |            0.29 |
| Signals                  |     0.545 |   108148 |       --- |             --- |
| Block RAM                |     0.082 |       21 |       480 |            4.38 |
| URAM                     |     0.054 |        6 |        64 |            9.38 |
| DSPs                     |     0.047 |      128 |      1824 |            7.02 |
| Static Power             |     0.463 |          |           |                 |
| Total                    |     1.972 |          |           |                 |
+--------------------------+-----------+----------+-----------+-----------------+


1.2 Power Supply Summary
------------------------

+------------+-------------+-----------+-------------+------------+-------------+-------------+------------+
| Source     | Voltage (V) | Total (A) | Dynamic (A) | Static (A) | Powerup (A) | Budget (A)  | Margin (A) |
+------------+-------------+-----------+-------------+------------+-------------+-------------+------------+
| Vccint     |       0.850 |     1.917 |       1.763 |      0.154 |       NA    | Unspecified | NA         |
| Vccint_io  |       0.850 |     0.036 |       0.000 |      0.036 |       NA    | Unspecified | NA         |
| Vccbram    |       0.850 |     0.015 |       0.013 |      0.002 |       NA    | Unspecified | NA         |
| Vccaux     |       1.800 |     0.127 |       0.000 |      0.127 |       NA    | Unspecified | NA         |
| Vccaux_io  |       1.800 |     0.031 |       0.000 |      0.031 |       NA    | Unspecified | NA         |
| Vcco33     |       3.300 |     0.000 |       0.000 |      0.000 |       NA    | Unspecified | NA         |
| Vcco25     |       2.500 |     0.000 |       0.000 |      0.000 |       NA    | Unspecified | NA         |
| Vcco18     |       1.800 |     0.000 |       0.000 |      0.000 |       NA    | Unspecified | NA         |
| Vcco15     |       1.500 |     0.000 |       0.000 |      0.000 |       NA    | Unspecified | NA         |
| Vcco135    |       1.350 |     0.000 |       0.000 |      0.000 |       NA    | Unspecified | NA         |
| Vcco12     |       1.200 |     0.000 |       0.000 |      0.000 |       NA    | Unspecified | NA         |
| Vcco10     |       1.000 |     0.000 |       0.000 |      0.000 |       NA    | Unspecified | NA         |
| Vccadc     |       1.800 |     0.008 |       0.000 |      0.008 |       NA    | Unspecified | NA         |
| MGTYAVcc   |       0.900 |     0.000 |       0.000 |      0.000 |       NA    | Unspecified | NA         |
| MGTYAVtt   |       1.200 |     0.000 |       0.000 |      0.000 |       NA    | Unspecified | NA         |
| MGTYVccaux |       1.800 |     0.000 |       0.000 |      0.000 |       NA    | Unspecified | NA         |
+------------+-------------+-----------+-------------+------------+-------------+-------------+------------+


1.3 Confidence Level
--------------------

+-----------------------------+------------+------------------------------------------------+--------+
| User Input Data             | Confidence | Details                                        | Action |
+-----------------------------+------------+------------------------------------------------+--------+
| Design implementation state | High       | Design is routed                               |        |
| Clock nodes activity        | High       | User specified more than 95% of clocks         |        |
| I/O nodes activity          | High       | User specified more than 95% of inputs         |        |
| Internal nodes activity     | High       | User specified more than 25% of internal nodes |        |
| Device models               | High       | Device models are Production                   |        |
|                             |            |                                                |        |
| Overall confidence level    | High       |                                                |        |
+-----------------------------+------------+------------------------------------------------+--------+


2. Settings
-----------

2.1 Environment
---------------

+-----------------------+--------------------------+
| Ambient Temp (C)      | 25.0                     |
| ThetaJA (C/W)         | 1.7                      |
| Airflow (LFM)         | 250                      |
| Heat Sink             | medium (Medium Profile)  |
| ThetaSA (C/W)         | 2.8                      |
| Board Selection       | medium (10"x10")         |
| # of Board Layers     | 12to15 (12 to 15 Layers) |
| Board Temperature (C) | 25.0                     |
+-----------------------+--------------------------+


2.2 Clock Constraints
---------------------

+---------+---------+-----------------+
| Clock   | Domain  | Constraint (ns) |
+---------+---------+-----------------+
| CLK_ADC | CLK_ADC |             4.0 |
| CLK_CNN | CLK_CNN |             5.0 |
+---------+---------+-----------------+


3. Detailed Reports
-------------------

3.1 By Hierarchy
----------------

+-------------------------+-----------+
| Name                    | Power (W) |
+-------------------------+-----------+
| AI_TRIGGER_TOP          |     1.510 |
|   u_CORE                |     1.510 |
|     gen_lanes[0].u_LANE |     0.691 |
|       u_FIFO            |     0.031 |
|       u_WRAPPER         |     0.657 |
|     gen_lanes[1].u_LANE |     0.694 |
|       u_FIFO            |     0.031 |
|       u_WRAPPER         |     0.660 |
|     u_LIVE_DISTRIBUTOR  |     0.009 |
|     u_MULTIMODE_PATH    |     0.105 |
|       u_CNN_REQUEST_CDC |     0.001 |
|       u_EVENT_FIFO      |     0.031 |
|       u_GATED_READER    |     0.002 |
|       u_HILO            |     0.003 |
|       u_HILO_ADAPTER    |     0.004 |
|       u_RECORDER        |     0.001 |
|       u_RING            |     0.061 |
+-------------------------+-----------+


