Copyright 1986-2022 Xilinx, Inc. All Rights Reserved. Copyright 2022-2023 Advanced Micro Devices, Inc. All Rights Reserved.
--------------------------------------------------------------------------------------------------------------------------------------------------------
| Tool Version      : Vivado v.2023.2 (lin64) Build 4029153 Fri Oct 13 20:13:54 MDT 2023
| Date              : Thu Aug 27 20:34:52 2026
| Host              : AlbertsUbuntu running 64-bit Ubuntu 22.04.5 LTS
| Command           : report_timing_summary -file /home/work1/Works/AI-Trigger-System/build/vivado_ooc_ai_trigger/reports/post_place_timing_summary.rpt
| Design            : AI_TRIGGER_TOP
| Device            : xcku5p-ffvb676
| Speed File        : -2  PRODUCTION 1.29 05-01-2022
| Design State      : Fully Placed
| Temperature Grade : E
--------------------------------------------------------------------------------------------------------------------------------------------------------

Timing Summary Report

------------------------------------------------------------------------------------------------
| Timer Settings
| --------------
------------------------------------------------------------------------------------------------

  Enable Multi Corner Analysis               :  Yes
  Enable Pessimism Removal                   :  Yes
  Pessimism Removal Resolution               :  Nearest Common Node
  Enable Input Delay Default Clock           :  No
  Enable Preset / Clear Arcs                 :  No
  Disable Flight Delays                      :  No
  Ignore I/O Paths                           :  No
  Timing Early Launch at Borrowing Latches   :  No
  Borrow Time for Max Delay Exceptions       :  Yes
  Merge Timing Exceptions                    :  Yes
  Inter-SLR Compensation                     :  Conservative

  Corner  Analyze    Analyze    
  Name    Max Paths  Min Paths  
  ------  ---------  ---------  
  Slow    Yes        Yes        
  Fast    Yes        Yes        


------------------------------------------------------------------------------------------------
| Report Methodology
| ------------------
------------------------------------------------------------------------------------------------

Rule    Severity  Description                               Violations  
------  --------  ----------------------------------------  ----------  
XDCH-2  Warning   Same min and max delay values on IO port  875         

Note: This report is based on the most recent report_methodology run and may not be up-to-date. Run report_methodology on the current design for the latest report.



check_timing report

Table of Contents
-----------------
1. checking no_clock (0)
2. checking constant_clock (0)
3. checking pulse_width_clock (0)
4. checking unconstrained_internal_endpoints (0)
5. checking no_input_delay (1)
6. checking no_output_delay (0)
7. checking multiple_clock (0)
8. checking generated_clocks (0)
9. checking loops (0)
10. checking partial_input_delay (0)
11. checking partial_output_delay (0)
12. checking latch_loops (0)

1. checking no_clock (0)
------------------------
 There are 0 register/latch pins with no clock.


2. checking constant_clock (0)
------------------------------
 There are 0 register/latch pins with constant_clock.


3. checking pulse_width_clock (0)
---------------------------------
 There are 0 register/latch pins which need pulse_width check


4. checking unconstrained_internal_endpoints (0)
------------------------------------------------
 There are 0 pins that are not constrained for maximum delay.

 There are 0 pins that are not constrained for maximum delay due to constant clock.


5. checking no_input_delay (1)
------------------------------
 There are 0 input ports with no input delay specified.

 There is 1 input port with no input delay but user has a false path constraint. (MEDIUM)


6. checking no_output_delay (0)
-------------------------------
 There are 0 ports with no output delay specified.

 There are 0 ports with no output delay but user has a false path constraint

 There are 0 ports with no output delay but with a timing clock defined on it or propagating through it


7. checking multiple_clock (0)
------------------------------
 There are 0 register/latch pins with multiple clocks.


8. checking generated_clocks (0)
--------------------------------
 There are 0 generated clocks that are not connected to a clock source.


9. checking loops (0)
---------------------
 There are 0 combinational loops in the design.


10. checking partial_input_delay (0)
------------------------------------
 There are 0 input ports with partial input delay specified.


11. checking partial_output_delay (0)
-------------------------------------
 There are 0 ports with partial output delay specified.


12. checking latch_loops (0)
----------------------------
 There are 0 combinational latch loops in the design through latch input



------------------------------------------------------------------------------------------------
| Design Timing Summary
| ---------------------
------------------------------------------------------------------------------------------------

    WNS(ns)      TNS(ns)  TNS Failing Endpoints  TNS Total Endpoints      WHS(ns)      THS(ns)  THS Failing Endpoints  THS Total Endpoints     WPWS(ns)     TPWS(ns)  TPWS Failing Endpoints  TPWS Total Endpoints  
    -------      -------  ---------------------  -------------------      -------      -------  ---------------------  -------------------     --------     --------  ----------------------  --------------------  
      0.366        0.000                      0                83146        0.006        0.000                      0                81916        1.300        0.000                       0                 35509  


All user specified timing constraints are met.


------------------------------------------------------------------------------------------------
| Clock Summary
| -------------
------------------------------------------------------------------------------------------------

Clock    Waveform(ns)         Period(ns)      Frequency(MHz)
-----    ------------         ----------      --------------
CLK_ADC  {0.000 2.000}        4.000           250.000         
CLK_CNN  {0.000 2.500}        5.000           200.000         


------------------------------------------------------------------------------------------------
| Intra Clock Table
| -----------------
------------------------------------------------------------------------------------------------

Clock             WNS(ns)      TNS(ns)  TNS Failing Endpoints  TNS Total Endpoints      WHS(ns)      THS(ns)  THS Failing Endpoints  THS Total Endpoints     WPWS(ns)     TPWS(ns)  TPWS Failing Endpoints  TPWS Total Endpoints  
-----             -------      -------  ---------------------  -------------------      -------      -------  ---------------------  -------------------     --------     --------  ----------------------  --------------------  
CLK_ADC             0.372        0.000                      0                12929        0.021        0.000                      0                11699        1.300        0.000                       0                  3710  
CLK_CNN             0.366        0.000                      0                70028        0.006        0.000                      0                70028        1.958        0.000                       0                 31799  


------------------------------------------------------------------------------------------------
| Inter Clock Table
| -----------------
------------------------------------------------------------------------------------------------

From Clock    To Clock          WNS(ns)      TNS(ns)  TNS Failing Endpoints  TNS Total Endpoints      WHS(ns)      THS(ns)  THS Failing Endpoints  THS Total Endpoints  
----------    --------          -------      -------  ---------------------  -------------------      -------      -------  ---------------------  -------------------  


------------------------------------------------------------------------------------------------
| Other Path Groups Table
| -----------------------
------------------------------------------------------------------------------------------------

Path Group         From Clock         To Clock               WNS(ns)      TNS(ns)  TNS Failing Endpoints  TNS Total Endpoints      WHS(ns)      THS(ns)  THS Failing Endpoints  THS Total Endpoints  
----------         ----------         --------               -------      -------  ---------------------  -------------------      -------      -------  ---------------------  -------------------  
**async_default**  CLK_ADC            CLK_ADC                  2.973        0.000                      0                  189        0.288        0.000                      0                  189  


------------------------------------------------------------------------------------------------
| Timing Details
| --------------
------------------------------------------------------------------------------------------------


---------------------------------------------------------------------------------------------------
From Clock:  CLK_ADC
  To Clock:  CLK_ADC

Setup :            0  Failing Endpoints,  Worst Slack        0.372ns,  Total Violation        0.000ns
Hold  :            0  Failing Endpoints,  Worst Slack        0.021ns,  Total Violation        0.000ns
PW    :            0  Failing Endpoints,  Worst Slack        1.300ns,  Total Violation        0.000ns
---------------------------------------------------------------------------------------------------


Max Delay Paths
--------------------------------------------------------------------------------------
Slack (MET) :             0.372ns  (required time - arrival time)
  Source:                 u_CORE/u_MULTIMODE_PATH/u_RING/batch_mem_reg_uram_2/CLK
                            (rising edge-triggered cell URAM288 clocked by CLK_ADC  {rise@0.000ns fall@2.000ns period=4.000ns})
  Destination:            u_CORE/gen_lanes[1].u_LANE/u_FIFO/gnuram_async_fifo.xpm_fifo_base_inst/gen_sdpram.xpm_memory_base_inst/gen_wr_a.gen_word_wide.mem_reg_bram_3/DINBDIN[30]
                            (rising edge-triggered cell RAMB36E2 clocked by CLK_ADC  {rise@0.000ns fall@2.000ns period=4.000ns})
  Path Group:             CLK_ADC
  Path Type:              Setup (Max at Slow Process Corner)
  Requirement:            4.000ns  (CLK_ADC rise@4.000ns - CLK_ADC rise@0.000ns)
  Data Path Delay:        3.251ns  (logic 1.604ns (49.339%)  route 1.647ns (50.661%))
  Logic Levels:           4  (CARRY8=1 LUT2=1 LUT3=2)
  Clock Path Skew:        -0.043ns (DCD - SCD + CPR)
    Destination Clock Delay (DCD):    0.040ns = ( 4.040 - 4.000 ) 
    Source Clock Delay      (SCD):    0.083ns
    Clock Pessimism Removal (CPR):    0.000ns
  Clock Uncertainty:      0.035ns  ((TSJ^2 + TIJ^2)^1/2 + DJ) / 2 + PE
    Total System Jitter     (TSJ):    0.071ns
    Total Input Jitter      (TIJ):    0.000ns
    Discrete Jitter          (DJ):    0.000ns
    Phase Error              (PE):    0.000ns

    Location             Delay type                Incr(ns)  Path(ns)    Netlist Resource(s)
  -------------------------------------------------------------------    -------------------
                         (clock CLK_ADC rise edge)    0.000     0.000 r  
                                                      0.000     0.000 r  CLK_ADC (IN)
                         net (fo=3709, unset)         0.083     0.083    u_CORE/u_MULTIMODE_PATH/u_RING/CLK
    URAM288_X0Y25        URAM288                                      r  u_CORE/u_MULTIMODE_PATH/u_RING/batch_mem_reg_uram_2/CLK
  -------------------------------------------------------------------    -------------------
    URAM288_X0Y25        URAM288 (Prop_URAM_288K_INST_URAM288_CLK_DOUT_A[45])
                                                      1.207     1.290 f  u_CORE/u_MULTIMODE_PATH/u_RING/batch_mem_reg_uram_2/DOUT_A[45]
                         net (fo=5, estimated)        0.439     1.729    u_CORE/u_MULTIMODE_PATH/u_GATED_READER/RB_RD_DATA[189]
    SLICE_X74Y86         LUT2 (Prop_A6LUT_SLICEM_I0_O)
                                                      0.090     1.819 r  u_CORE/u_MULTIMODE_PATH/u_GATED_READER/BATCH_DATA[255]_INST_0_i_7/O
                         net (fo=1, routed)           0.013     1.832    u_CORE/u_MULTIMODE_PATH/u_GATED_READER/BATCH_DATA[255]_INST_0_i_7_n_0
    SLICE_X74Y86         CARRY8 (Prop_CARRY8_SLICEM_S[0]_CO[1])
                                                      0.109     1.941 f  u_CORE/u_MULTIMODE_PATH/u_GATED_READER/BATCH_DATA[255]_INST_0_i_2/CO[1]
                         net (fo=9, estimated)        0.270     2.211    u_CORE/u_MULTIMODE_PATH/u_GATED_READER/fixed_value10_in
    SLICE_X75Y84         LUT3 (Prop_E6LUT_SLICEM_I2_O)
                                                      0.037     2.248 r  u_CORE/u_MULTIMODE_PATH/u_GATED_READER/BATCH_DATA[255]_INST_0/O
                         net (fo=1, estimated)        0.220     2.468    u_CORE/gated_batch_data[255]
    SLICE_X76Y80         LUT3 (Prop_A5LUT_SLICEL_I0_O)
                                                      0.161     2.629 r  u_CORE/gen_lanes[0].u_LANE_i_2/O
                         net (fo=40, estimated)       0.705     3.334    u_CORE/gen_lanes[1].u_LANE/u_FIFO/gnuram_async_fifo.xpm_fifo_base_inst/gen_sdpram.xpm_memory_base_inst/dina[254]
    RAMB36_X7Y20         RAMB36E2                                     r  u_CORE/gen_lanes[1].u_LANE/u_FIFO/gnuram_async_fifo.xpm_fifo_base_inst/gen_sdpram.xpm_memory_base_inst/gen_wr_a.gen_word_wide.mem_reg_bram_3/DINBDIN[30]
  -------------------------------------------------------------------    -------------------

                         (clock CLK_ADC rise edge)    4.000     4.000 r  
                                                      0.000     4.000 r  CLK_ADC (IN)
                         net (fo=3709, unset)         0.040     4.040    u_CORE/gen_lanes[1].u_LANE/u_FIFO/gnuram_async_fifo.xpm_fifo_base_inst/gen_sdpram.xpm_memory_base_inst/clka
    RAMB36_X7Y20         RAMB36E2                                     r  u_CORE/gen_lanes[1].u_LANE/u_FIFO/gnuram_async_fifo.xpm_fifo_base_inst/gen_sdpram.xpm_memory_base_inst/gen_wr_a.gen_word_wide.mem_reg_bram_3/CLKBWRCLK
                         clock pessimism              0.000     4.040    
                         clock uncertainty           -0.035     4.005    
    RAMB36_X7Y20         RAMB36E2 (Setup_RAMB36E2_RAMB36_CLKBWRCLK_DINBDIN[30])
                                                     -0.299     3.706    u_CORE/gen_lanes[1].u_LANE/u_FIFO/gnuram_async_fifo.xpm_fifo_base_inst/gen_sdpram.xpm_memory_base_inst/gen_wr_a.gen_word_wide.mem_reg_bram_3
  -------------------------------------------------------------------
                         required time                          3.706    
                         arrival time                          -3.334    
  -------------------------------------------------------------------
                         slack                                  0.372    





Min Delay Paths
--------------------------------------------------------------------------------------
Slack (MET) :             0.021ns  (arrival time - required time)
  Source:                 u_CORE/u_MULTIMODE_PATH/u_HILO_ADAPTER/anchor_chunk_r_reg[0]/C
                            (rising edge-triggered cell FDRE clocked by CLK_ADC  {rise@0.000ns fall@2.000ns period=4.000ns})
  Destination:            u_CORE/u_MULTIMODE_PATH/u_HILO/anchor_chunk_pipe_r_reg[0][0]/D
                            (rising edge-triggered cell FDRE clocked by CLK_ADC  {rise@0.000ns fall@2.000ns period=4.000ns})
  Path Group:             CLK_ADC
  Path Type:              Hold (Min at Fast Process Corner)
  Requirement:            0.000ns  (CLK_ADC rise@0.000ns - CLK_ADC rise@0.000ns)
  Data Path Delay:        0.074ns  (logic 0.039ns (52.703%)  route 0.035ns (47.297%))
  Logic Levels:           0  
  Clock Path Skew:        0.006ns (DCD - SCD - CPR)
    Destination Clock Delay (DCD):    0.019ns
    Source Clock Delay      (SCD):    0.013ns
    Clock Pessimism Removal (CPR):    -0.000ns

    Location             Delay type                Incr(ns)  Path(ns)    Netlist Resource(s)
  -------------------------------------------------------------------    -------------------
                         (clock CLK_ADC rise edge)    0.000     0.000 r  
                                                      0.000     0.000 r  CLK_ADC (IN)
                         net (fo=3709, unset)         0.013     0.013    u_CORE/u_MULTIMODE_PATH/u_HILO_ADAPTER/CLK
    SLICE_X76Y73         FDRE                                         r  u_CORE/u_MULTIMODE_PATH/u_HILO_ADAPTER/anchor_chunk_r_reg[0]/C
  -------------------------------------------------------------------    -------------------
    SLICE_X76Y73         FDRE (Prop_HFF_SLICEL_C_Q)
                                                      0.039     0.052 r  u_CORE/u_MULTIMODE_PATH/u_HILO_ADAPTER/anchor_chunk_r_reg[0]/Q
                         net (fo=1, estimated)        0.035     0.087    u_CORE/u_MULTIMODE_PATH/u_HILO/HL_ANCHOR_CHUNK[0]
    SLICE_X76Y73         FDRE                                         r  u_CORE/u_MULTIMODE_PATH/u_HILO/anchor_chunk_pipe_r_reg[0][0]/D
  -------------------------------------------------------------------    -------------------

                         (clock CLK_ADC rise edge)    0.000     0.000 r  
                                                      0.000     0.000 r  CLK_ADC (IN)
                         net (fo=3709, unset)         0.019     0.019    u_CORE/u_MULTIMODE_PATH/u_HILO/CLK
    SLICE_X76Y73         FDRE                                         r  u_CORE/u_MULTIMODE_PATH/u_HILO/anchor_chunk_pipe_r_reg[0][0]/C
                         clock pessimism              0.000     0.019    
    SLICE_X76Y73         FDRE (Hold_HFF2_SLICEL_C_D)
                                                      0.047     0.066    u_CORE/u_MULTIMODE_PATH/u_HILO/anchor_chunk_pipe_r_reg[0][0]
  -------------------------------------------------------------------
                         required time                         -0.066    
                         arrival time                           0.087    
  -------------------------------------------------------------------
                         slack                                  0.021    





Pulse Width Checks
--------------------------------------------------------------------------------------
Clock Name:         CLK_ADC
Waveform(ns):       { 0.000 2.000 }
Period(ns):         4.000
Sources:            { CLK_ADC }

Check Type        Corner  Lib Pin      Reference Pin  Required(ns)  Actual(ns)  Slack(ns)  Location       Pin
Min Period        n/a     URAM288/CLK  n/a            2.000         4.000       2.000      URAM288_X0Y23  u_CORE/u_MULTIMODE_PATH/u_RING/batch_mem_reg_uram_0/CLK
Low Pulse Width   Slow    URAM288/CLK  n/a            0.700         2.000       1.300      URAM288_X0Y23  u_CORE/u_MULTIMODE_PATH/u_RING/batch_mem_reg_uram_0/CLK
High Pulse Width  Slow    URAM288/CLK  n/a            0.700         2.000       1.300      URAM288_X0Y23  u_CORE/u_MULTIMODE_PATH/u_RING/batch_mem_reg_uram_0/CLK



---------------------------------------------------------------------------------------------------
From Clock:  CLK_CNN
  To Clock:  CLK_CNN

Setup :            0  Failing Endpoints,  Worst Slack        0.366ns,  Total Violation        0.000ns
Hold  :            0  Failing Endpoints,  Worst Slack        0.006ns,  Total Violation        0.000ns
PW    :            0  Failing Endpoints,  Worst Slack        1.958ns,  Total Violation        0.000ns
---------------------------------------------------------------------------------------------------


Max Delay Paths
--------------------------------------------------------------------------------------
Slack (MET) :             0.366ns  (required time - arrival time)
  Source:                 u_CORE/gen_lanes[1].u_LANE/u_WRAPPER/cnn_core_inst/phara_pool_aligned_hybrid_p8_cl_array_array_array_array_config4_config6_U0/pool_fu_332_reg[3]/C
                            (rising edge-triggered cell FDRE clocked by CLK_CNN  {rise@0.000ns fall@2.500ns period=5.000ns})
  Destination:            u_CORE/gen_lanes[1].u_LANE/u_WRAPPER/cnn_core_inst/phara_pool_aligned_hybrid_p8_cl_array_array_array_array_config4_config6_U0/phara_y0_5f_f6_5f_sum3_reg_12005_reg[4]/CE
                            (rising edge-triggered cell FDRE clocked by CLK_CNN  {rise@0.000ns fall@2.500ns period=5.000ns})
  Path Group:             CLK_CNN
  Path Type:              Setup (Max at Slow Process Corner)
  Requirement:            5.000ns  (CLK_CNN rise@5.000ns - CLK_CNN rise@0.000ns)
  Data Path Delay:        4.530ns  (logic 0.564ns (12.450%)  route 3.966ns (87.550%))
  Logic Levels:           9  (BUFGCE=1 CARRY8=5 LUT5=1 LUT6=2)
  Clock Path Skew:        -0.008ns (DCD - SCD + CPR)
    Destination Clock Delay (DCD):    0.021ns = ( 5.021 - 5.000 ) 
    Source Clock Delay      (SCD):    0.029ns
    Clock Pessimism Removal (CPR):    0.000ns
  Clock Uncertainty:      0.035ns  ((TSJ^2 + TIJ^2)^1/2 + DJ) / 2 + PE
    Total System Jitter     (TSJ):    0.071ns
    Total Input Jitter      (TIJ):    0.000ns
    Discrete Jitter          (DJ):    0.000ns
    Phase Error              (PE):    0.000ns

    Location             Delay type                Incr(ns)  Path(ns)    Netlist Resource(s)
  -------------------------------------------------------------------    -------------------
                         (clock CLK_CNN rise edge)    0.000     0.000 r  
                                                      0.000     0.000 r  CLK_CNN (IN)
                         net (fo=31798, unset)        0.029     0.029    u_CORE/gen_lanes[1].u_LANE/u_WRAPPER/cnn_core_inst/phara_pool_aligned_hybrid_p8_cl_array_array_array_array_config4_config6_U0/ap_clk
    SLICE_X88Y137        FDRE                                         r  u_CORE/gen_lanes[1].u_LANE/u_WRAPPER/cnn_core_inst/phara_pool_aligned_hybrid_p8_cl_array_array_array_array_config4_config6_U0/pool_fu_332_reg[3]/C
  -------------------------------------------------------------------    -------------------
    SLICE_X88Y137        FDRE (Prop_HFF2_SLICEL_C_Q)
                                                      0.080     0.109 f  u_CORE/gen_lanes[1].u_LANE/u_WRAPPER/cnn_core_inst/phara_pool_aligned_hybrid_p8_cl_array_array_array_array_config4_config6_U0/pool_fu_332_reg[3]/Q
                         net (fo=11, estimated)       0.174     0.283    u_CORE/gen_lanes[1].u_LANE/u_WRAPPER/cnn_core_inst/phara_pool_aligned_hybrid_p8_cl_array_array_array_array_config4_config6_U0/pool_fu_332_reg__0[3]
    SLICE_X88Y137        LUT5 (Prop_E6LUT_SLICEL_I0_O)
                                                      0.123     0.406 r  u_CORE/gen_lanes[1].u_LANE/u_WRAPPER/cnn_core_inst/phara_pool_aligned_hybrid_p8_cl_array_array_array_array_config4_config6_U0/icmp_ln764_reg_11243[0]_i_41/O
                         net (fo=1, estimated)        0.131     0.537    u_CORE/gen_lanes[1].u_LANE/u_WRAPPER/cnn_core_inst/phara_pool_aligned_hybrid_p8_cl_array_array_array_array_config4_config6_U0/icmp_ln764_reg_11243[0]_i_41_n_0
    SLICE_X87Y137        LUT6 (Prop_D6LUT_SLICEL_I3_O)
                                                      0.036     0.573 r  u_CORE/gen_lanes[1].u_LANE/u_WRAPPER/cnn_core_inst/phara_pool_aligned_hybrid_p8_cl_array_array_array_array_config4_config6_U0/icmp_ln764_reg_11243[0]_i_36/O
                         net (fo=1, routed)           0.009     0.582    u_CORE/gen_lanes[1].u_LANE/u_WRAPPER/cnn_core_inst/phara_pool_aligned_hybrid_p8_cl_array_array_array_array_config4_config6_U0/icmp_ln764_reg_11243[0]_i_36_n_0
    SLICE_X87Y137        CARRY8 (Prop_CARRY8_SLICEL_S[3]_CO[7])
                                                      0.154     0.736 r  u_CORE/gen_lanes[1].u_LANE/u_WRAPPER/cnn_core_inst/phara_pool_aligned_hybrid_p8_cl_array_array_array_array_config4_config6_U0/icmp_ln764_reg_11243_reg[0]_i_23/CO[7]
                         net (fo=1, estimated)        0.026     0.762    u_CORE/gen_lanes[1].u_LANE/u_WRAPPER/cnn_core_inst/phara_pool_aligned_hybrid_p8_cl_array_array_array_array_config4_config6_U0/icmp_ln764_reg_11243_reg[0]_i_23_n_0
    SLICE_X87Y138        CARRY8 (Prop_CARRY8_SLICEL_CI_CO[7])
                                                      0.015     0.777 r  u_CORE/gen_lanes[1].u_LANE/u_WRAPPER/cnn_core_inst/phara_pool_aligned_hybrid_p8_cl_array_array_array_array_config4_config6_U0/icmp_ln764_reg_11243_reg[0]_i_14/CO[7]
                         net (fo=1, estimated)        0.026     0.803    u_CORE/gen_lanes[1].u_LANE/u_WRAPPER/cnn_core_inst/phara_pool_aligned_hybrid_p8_cl_array_array_array_array_config4_config6_U0/icmp_ln764_reg_11243_reg[0]_i_14_n_0
    SLICE_X87Y139        CARRY8 (Prop_CARRY8_SLICEL_CI_CO[7])
                                                      0.015     0.818 r  u_CORE/gen_lanes[1].u_LANE/u_WRAPPER/cnn_core_inst/phara_pool_aligned_hybrid_p8_cl_array_array_array_array_config4_config6_U0/icmp_ln764_reg_11243_reg[0]_i_4/CO[7]
                         net (fo=1, estimated)        0.026     0.844    u_CORE/gen_lanes[1].u_LANE/u_WRAPPER/cnn_core_inst/phara_pool_aligned_hybrid_p8_cl_array_array_array_array_config4_config6_U0/icmp_ln764_reg_11243_reg[0]_i_4_n_0
    SLICE_X87Y140        CARRY8 (Prop_CARRY8_SLICEL_CI_CO[7])
                                                      0.015     0.859 r  u_CORE/gen_lanes[1].u_LANE/u_WRAPPER/cnn_core_inst/phara_pool_aligned_hybrid_p8_cl_array_array_array_array_config4_config6_U0/icmp_ln764_reg_11243_reg[0]_i_2/CO[7]
                         net (fo=1, estimated)        0.026     0.885    u_CORE/gen_lanes[1].u_LANE/u_WRAPPER/cnn_core_inst/phara_pool_aligned_hybrid_p8_cl_array_array_array_array_config4_config6_U0/icmp_ln764_reg_11243_reg[0]_i_2_n_0
    SLICE_X87Y141        CARRY8 (Prop_CARRY8_SLICEL_CI_O[0])
                                                      0.063     0.948 f  u_CORE/gen_lanes[1].u_LANE/u_WRAPPER/cnn_core_inst/phara_pool_aligned_hybrid_p8_cl_array_array_array_array_config4_config6_U0/icmp_ln764_reg_11243_reg[0]_i_1/O[0]
                         net (fo=3, estimated)        0.289     1.237    u_CORE/gen_lanes[1].u_LANE/u_WRAPPER/cnn_core_inst/phara_pool_aligned_hybrid_p8_cl_array_array_array_array_config4_config6_U0/icmp_ln764_fu_709_p2
    SLICE_X85Y138        LUT6 (Prop_A6LUT_SLICEL_I1_O)
                                                      0.035     1.272 r  u_CORE/gen_lanes[1].u_LANE/u_WRAPPER/cnn_core_inst/phara_pool_aligned_hybrid_p8_cl_array_array_array_array_config4_config6_U0/layer6_out_x4_write_INST_0_i_1/O
                         net (fo=45, estimated)       1.754     3.026    u_CORE/gen_lanes[1].u_LANE/u_WRAPPER/cnn_core_inst/phara_pool_aligned_hybrid_p8_cl_array_array_array_array_config4_config6_U0/p_0_in_bufg_place
    BUFGCE_X0Y50         BUFGCE (Prop_BUFCE_BUFGCE_I_O)
                                                      0.028     3.054 r  u_CORE/gen_lanes[1].u_LANE/u_WRAPPER/cnn_core_inst/phara_pool_aligned_hybrid_p8_cl_array_array_array_array_config4_config6_U0/layer6_out_x4_write_INST_0_i_1_bufg_place/O
                         net (fo=2600, estimated)     1.505     4.559    u_CORE/gen_lanes[1].u_LANE/u_WRAPPER/cnn_core_inst/phara_pool_aligned_hybrid_p8_cl_array_array_array_array_config4_config6_U0/p_0_in
    SLICE_X106Y141       FDRE                                         r  u_CORE/gen_lanes[1].u_LANE/u_WRAPPER/cnn_core_inst/phara_pool_aligned_hybrid_p8_cl_array_array_array_array_config4_config6_U0/phara_y0_5f_f6_5f_sum3_reg_12005_reg[4]/CE
  -------------------------------------------------------------------    -------------------

                         (clock CLK_CNN rise edge)    5.000     5.000 r  
                                                      0.000     5.000 r  CLK_CNN (IN)
                         net (fo=31798, unset)        0.021     5.021    u_CORE/gen_lanes[1].u_LANE/u_WRAPPER/cnn_core_inst/phara_pool_aligned_hybrid_p8_cl_array_array_array_array_config4_config6_U0/ap_clk
    SLICE_X106Y141       FDRE                                         r  u_CORE/gen_lanes[1].u_LANE/u_WRAPPER/cnn_core_inst/phara_pool_aligned_hybrid_p8_cl_array_array_array_array_config4_config6_U0/phara_y0_5f_f6_5f_sum3_reg_12005_reg[4]/C
                         clock pessimism              0.000     5.021    
                         clock uncertainty           -0.035     4.986    
    SLICE_X106Y141       FDRE (Setup_EFF_SLICEM_C_CE)
                                                     -0.061     4.925    u_CORE/gen_lanes[1].u_LANE/u_WRAPPER/cnn_core_inst/phara_pool_aligned_hybrid_p8_cl_array_array_array_array_config4_config6_U0/phara_y0_5f_f6_5f_sum3_reg_12005_reg[4]
  -------------------------------------------------------------------
                         required time                          4.925    
                         arrival time                          -4.559    
  -------------------------------------------------------------------
                         slack                                  0.366    





Min Delay Paths
--------------------------------------------------------------------------------------
Slack (MET) :             0.006ns  (arrival time - required time)
  Source:                 u_CORE/gen_lanes[2].u_LANE/u_WRAPPER/cnn_core_inst/phara_pool_aligned_hybrid_p8_cl_array_array_array_array_config4_config6_U0/select_ln619_23_reg_12748_reg[5]/C
                            (rising edge-triggered cell FDSE clocked by CLK_CNN  {rise@0.000ns fall@2.500ns period=5.000ns})
  Destination:            u_CORE/gen_lanes[2].u_LANE/u_WRAPPER/cnn_core_inst/layer6_out_x4_U/U_cnn_core_fifo_w280_d4_S_ShiftReg/SRL_SIG_reg[3][165]_srl4/D
                            (rising edge-triggered cell SRL16E clocked by CLK_CNN  {rise@0.000ns fall@2.500ns period=5.000ns})
  Path Group:             CLK_CNN
  Path Type:              Hold (Min at Fast Process Corner)
  Requirement:            0.000ns  (CLK_CNN rise@0.000ns - CLK_CNN rise@0.000ns)
  Data Path Delay:        0.094ns  (logic 0.038ns (40.426%)  route 0.056ns (59.574%))
  Logic Levels:           0  
  Clock Path Skew:        0.026ns (DCD - SCD - CPR)
    Destination Clock Delay (DCD):    0.039ns
    Source Clock Delay      (SCD):    0.013ns
    Clock Pessimism Removal (CPR):    -0.000ns

    Location             Delay type                Incr(ns)  Path(ns)    Netlist Resource(s)
  -------------------------------------------------------------------    -------------------
                         (clock CLK_CNN rise edge)    0.000     0.000 r  
                                                      0.000     0.000 r  CLK_CNN (IN)
                         net (fo=31798, unset)        0.013     0.013    u_CORE/gen_lanes[2].u_LANE/u_WRAPPER/cnn_core_inst/phara_pool_aligned_hybrid_p8_cl_array_array_array_array_config4_config6_U0/ap_clk
    SLICE_X107Y93        FDSE                                         r  u_CORE/gen_lanes[2].u_LANE/u_WRAPPER/cnn_core_inst/phara_pool_aligned_hybrid_p8_cl_array_array_array_array_config4_config6_U0/select_ln619_23_reg_12748_reg[5]/C
  -------------------------------------------------------------------    -------------------
    SLICE_X107Y93        FDSE (Prop_BFF_SLICEM_C_Q)
                                                      0.038     0.051 r  u_CORE/gen_lanes[2].u_LANE/u_WRAPPER/cnn_core_inst/phara_pool_aligned_hybrid_p8_cl_array_array_array_array_config4_config6_U0/select_ln619_23_reg_12748_reg[5]/Q
                         net (fo=1, estimated)        0.056     0.107    u_CORE/gen_lanes[2].u_LANE/u_WRAPPER/cnn_core_inst/layer6_out_x4_U/U_cnn_core_fifo_w280_d4_S_ShiftReg/din[165]
    SLICE_X107Y91        SRL16E                                       r  u_CORE/gen_lanes[2].u_LANE/u_WRAPPER/cnn_core_inst/layer6_out_x4_U/U_cnn_core_fifo_w280_d4_S_ShiftReg/SRL_SIG_reg[3][165]_srl4/D
  -------------------------------------------------------------------    -------------------

                         (clock CLK_CNN rise edge)    0.000     0.000 r  
                                                      0.000     0.000 r  CLK_CNN (IN)
                         net (fo=31798, unset)        0.039     0.039    u_CORE/gen_lanes[2].u_LANE/u_WRAPPER/cnn_core_inst/layer6_out_x4_U/U_cnn_core_fifo_w280_d4_S_ShiftReg/clk
    SLICE_X107Y91        SRL16E                                       r  u_CORE/gen_lanes[2].u_LANE/u_WRAPPER/cnn_core_inst/layer6_out_x4_U/U_cnn_core_fifo_w280_d4_S_ShiftReg/SRL_SIG_reg[3][165]_srl4/CLK
                         clock pessimism              0.000     0.039    
    SLICE_X107Y91        SRL16E (Hold_H5LUT_SLICEM_CLK_D)
                                                      0.062     0.101    u_CORE/gen_lanes[2].u_LANE/u_WRAPPER/cnn_core_inst/layer6_out_x4_U/U_cnn_core_fifo_w280_d4_S_ShiftReg/SRL_SIG_reg[3][165]_srl4
  -------------------------------------------------------------------
                         required time                         -0.101    
                         arrival time                           0.107    
  -------------------------------------------------------------------
                         slack                                  0.006    





Pulse Width Checks
--------------------------------------------------------------------------------------
Clock Name:         CLK_CNN
Waveform(ns):       { 0.000 2.500 }
Period(ns):         5.000
Sources:            { CLK_CNN }

Check Type        Corner  Lib Pin             Reference Pin  Required(ns)  Actual(ns)  Slack(ns)  Location     Pin
Min Period        n/a     RAMB36E2/CLKARDCLK  n/a            1.355         5.000       3.645      RAMB36_X7Y9  u_CORE/gen_lanes[0].u_LANE/u_FIFO/gnuram_async_fifo.xpm_fifo_base_inst/gen_sdpram.xpm_memory_base_inst/gen_wr_a.gen_word_wide.mem_reg_bram_0/CLKARDCLK
Low Pulse Width   Slow    RAMB36E2/CLKARDCLK  n/a            0.542         2.500       1.958      RAMB36_X7Y9  u_CORE/gen_lanes[0].u_LANE/u_FIFO/gnuram_async_fifo.xpm_fifo_base_inst/gen_sdpram.xpm_memory_base_inst/gen_wr_a.gen_word_wide.mem_reg_bram_0/CLKARDCLK
High Pulse Width  Slow    RAMB36E2/CLKARDCLK  n/a            0.542         2.500       1.958      RAMB36_X7Y9  u_CORE/gen_lanes[0].u_LANE/u_FIFO/gnuram_async_fifo.xpm_fifo_base_inst/gen_sdpram.xpm_memory_base_inst/gen_wr_a.gen_word_wide.mem_reg_bram_0/CLKARDCLK



---------------------------------------------------------------------------------------------------
Path Group:  **async_default**
From Clock:  CLK_ADC
  To Clock:  CLK_ADC

Setup :            0  Failing Endpoints,  Worst Slack        2.973ns,  Total Violation        0.000ns
Hold  :            0  Failing Endpoints,  Worst Slack        0.288ns,  Total Violation        0.000ns
---------------------------------------------------------------------------------------------------


Max Delay Paths
--------------------------------------------------------------------------------------
Slack (MET) :             2.973ns  (required time - arrival time)
  Source:                 u_CORE/u_MULTIMODE_PATH/u_HILO/pre_trigger_reset_r_reg/C
                            (rising edge-triggered cell FDRE clocked by CLK_ADC  {rise@0.000ns fall@2.000ns period=4.000ns})
  Destination:            u_CORE/u_MULTIMODE_PATH/u_HILO/u_PRE_TRIGGER/chan_gen[0].U_CH/GATE_reg[13]/CLR
                            (recovery check against rising-edge clock CLK_ADC  {rise@0.000ns fall@2.000ns period=4.000ns})
  Path Group:             **async_default**
  Path Type:              Recovery (Max at Slow Process Corner)
  Requirement:            4.000ns  (CLK_ADC rise@4.000ns - CLK_ADC rise@0.000ns)
  Data Path Delay:        0.917ns  (logic 0.081ns (8.833%)  route 0.836ns (91.167%))
  Logic Levels:           0  
  Clock Path Skew:        -0.009ns (DCD - SCD + CPR)
    Destination Clock Delay (DCD):    0.020ns = ( 4.020 - 4.000 ) 
    Source Clock Delay      (SCD):    0.029ns
    Clock Pessimism Removal (CPR):    0.000ns
  Clock Uncertainty:      0.035ns  ((TSJ^2 + TIJ^2)^1/2 + DJ) / 2 + PE
    Total System Jitter     (TSJ):    0.071ns
    Total Input Jitter      (TIJ):    0.000ns
    Discrete Jitter          (DJ):    0.000ns
    Phase Error              (PE):    0.000ns

    Location             Delay type                Incr(ns)  Path(ns)    Netlist Resource(s)
  -------------------------------------------------------------------    -------------------
                         (clock CLK_ADC rise edge)    0.000     0.000 r  
                                                      0.000     0.000 r  CLK_ADC (IN)
                         net (fo=3709, unset)         0.029     0.029    u_CORE/u_MULTIMODE_PATH/u_HILO/CLK
    SLICE_X72Y82         FDRE                                         r  u_CORE/u_MULTIMODE_PATH/u_HILO/pre_trigger_reset_r_reg/C
  -------------------------------------------------------------------    -------------------
    SLICE_X72Y82         FDRE (Prop_FFF2_SLICEL_C_Q)
                                                      0.081     0.110 f  u_CORE/u_MULTIMODE_PATH/u_HILO/pre_trigger_reset_r_reg/Q
                         net (fo=190, estimated)      0.836     0.946    u_CORE/u_MULTIMODE_PATH/u_HILO/u_PRE_TRIGGER/chan_gen[0].U_CH/RESET
    SLICE_X63Y119        FDCE                                         f  u_CORE/u_MULTIMODE_PATH/u_HILO/u_PRE_TRIGGER/chan_gen[0].U_CH/GATE_reg[13]/CLR
  -------------------------------------------------------------------    -------------------

                         (clock CLK_ADC rise edge)    4.000     4.000 r  
                                                      0.000     4.000 r  CLK_ADC (IN)
                         net (fo=3709, unset)         0.020     4.020    u_CORE/u_MULTIMODE_PATH/u_HILO/u_PRE_TRIGGER/chan_gen[0].U_CH/CLK
    SLICE_X63Y119        FDCE                                         r  u_CORE/u_MULTIMODE_PATH/u_HILO/u_PRE_TRIGGER/chan_gen[0].U_CH/GATE_reg[13]/C
                         clock pessimism              0.000     4.020    
                         clock uncertainty           -0.035     3.985    
    SLICE_X63Y119        FDCE (Recov_DFF_SLICEL_C_CLR)
                                                     -0.066     3.919    u_CORE/u_MULTIMODE_PATH/u_HILO/u_PRE_TRIGGER/chan_gen[0].U_CH/GATE_reg[13]
  -------------------------------------------------------------------
                         required time                          3.919    
                         arrival time                          -0.946    
  -------------------------------------------------------------------
                         slack                                  2.973    





Min Delay Paths
--------------------------------------------------------------------------------------
Slack (MET) :             0.288ns  (arrival time - required time)
  Source:                 u_CORE/u_MULTIMODE_PATH/u_HILO/pre_trigger_reset_r_reg/C
                            (rising edge-triggered cell FDRE clocked by CLK_ADC  {rise@0.000ns fall@2.000ns period=4.000ns})
  Destination:            u_CORE/u_MULTIMODE_PATH/u_HILO/u_PRE_TRIGGER/chan_gen[1].U_CH/GATE_reg[0]/CLR
                            (removal check against rising-edge clock CLK_ADC  {rise@0.000ns fall@2.000ns period=4.000ns})
  Path Group:             **async_default**
  Path Type:              Removal (Min at Fast Process Corner)
  Requirement:            0.000ns  (CLK_ADC rise@0.000ns - CLK_ADC rise@0.000ns)
  Data Path Delay:        0.273ns  (logic 0.040ns (14.652%)  route 0.233ns (85.348%))
  Logic Levels:           0  
  Clock Path Skew:        0.005ns (DCD - SCD - CPR)
    Destination Clock Delay (DCD):    0.018ns
    Source Clock Delay      (SCD):    0.013ns
    Clock Pessimism Removal (CPR):    -0.000ns

    Location             Delay type                Incr(ns)  Path(ns)    Netlist Resource(s)
  -------------------------------------------------------------------    -------------------
                         (clock CLK_ADC rise edge)    0.000     0.000 r  
                                                      0.000     0.000 r  CLK_ADC (IN)
                         net (fo=3709, unset)         0.013     0.013    u_CORE/u_MULTIMODE_PATH/u_HILO/CLK
    SLICE_X72Y82         FDRE                                         r  u_CORE/u_MULTIMODE_PATH/u_HILO/pre_trigger_reset_r_reg/C
  -------------------------------------------------------------------    -------------------
    SLICE_X72Y82         FDRE (Prop_FFF2_SLICEL_C_Q)
                                                      0.040     0.053 f  u_CORE/u_MULTIMODE_PATH/u_HILO/pre_trigger_reset_r_reg/Q
                         net (fo=190, estimated)      0.233     0.286    u_CORE/u_MULTIMODE_PATH/u_HILO/u_PRE_TRIGGER/chan_gen[1].U_CH/RESET
    SLICE_X72Y99         FDCE                                         f  u_CORE/u_MULTIMODE_PATH/u_HILO/u_PRE_TRIGGER/chan_gen[1].U_CH/GATE_reg[0]/CLR
  -------------------------------------------------------------------    -------------------

                         (clock CLK_ADC rise edge)    0.000     0.000 r  
                                                      0.000     0.000 r  CLK_ADC (IN)
                         net (fo=3709, unset)         0.018     0.018    u_CORE/u_MULTIMODE_PATH/u_HILO/u_PRE_TRIGGER/chan_gen[1].U_CH/CLK
    SLICE_X72Y99         FDCE                                         r  u_CORE/u_MULTIMODE_PATH/u_HILO/u_PRE_TRIGGER/chan_gen[1].U_CH/GATE_reg[0]/C
                         clock pessimism              0.000     0.018    
    SLICE_X72Y99         FDCE (Remov_DFF_SLICEL_C_CLR)
                                                     -0.020    -0.002    u_CORE/u_MULTIMODE_PATH/u_HILO/u_PRE_TRIGGER/chan_gen[1].U_CH/GATE_reg[0]
  -------------------------------------------------------------------
                         required time                          0.002    
                         arrival time                           0.286    
  -------------------------------------------------------------------
                         slack                                  0.288    





