Copyright 1986-2022 Xilinx, Inc. All Rights Reserved. Copyright 2022-2023 Advanced Micro Devices, Inc. All Rights Reserved.
-------------------------------------------------------------------------------------------------------------------------------------------------
| Tool Version     : Vivado v.2023.2 (lin64) Build 4029153 Fri Oct 13 20:13:54 MDT 2023
| Date             : Thu Aug 27 20:36:19 2026
| Host             : AlbertsUbuntu running 64-bit Ubuntu 22.04.5 LTS
| Command          : report_power -file /home/work1/Works/AI-Trigger-System/build/vivado_ooc_ai_trigger/reports/post_route_power.rpt
| Design           : AI_TRIGGER_TOP
| Device           : xcku5p-ffvb676-2-e
| Design State     : routed
| Grade            : extended
| Process          : typical
| Characterization : Production
-------------------------------------------------------------------------------------------------------------------------------------------------

Power Report

Table of Contents
-----------------
1. Summary
1.1 On-Chip Components
1.2 Power Supply Summary
1.3 Confidence Level
2. Settings
2.1 Environment
2.2 Clock Constraints
3. Detailed Reports
3.1 By Hierarchy

1. Summary
----------

+--------------------------+--------------+
| Total On-Chip Power (W)  | 2.315        |
| Design Power Budget (W)  | Unspecified* |
| Power Budget Margin (W)  | NA           |
| Dynamic (W)              | 1.849        |
| Device Static (W)        | 0.466        |
| Effective TJA (C/W)      | 1.7          |
| Max Ambient (C)          | 96.0         |
| Junction Temperature (C) | 29.0         |
| Confidence Level         | Medium       |
| Setting File             | ---          |
| Simulation Activity File | ---          |
| Design Nets Matched      | NA           |
+--------------------------+--------------+
* Specify Design Power Budget using, set_operating_conditions -design_power_budget <value in Watts>


1.1 On-Chip Components
----------------------

+--------------------------+-----------+----------+-----------+-----------------+
| On-Chip                  | Power (W) | Used     | Available | Utilization (%) |
+--------------------------+-----------+----------+-----------+-----------------+
| Clocks                   |     0.187 |        4 |       --- |             --- |
| CLB Logic                |     0.670 |    89442 |       --- |             --- |
|   LUT as Logic           |     0.577 |    36082 |    216960 |           16.63 |
|   CARRY8                 |     0.045 |     3444 |     27120 |           12.70 |
|   Register               |     0.031 |    33406 |    433920 |            7.70 |
|   LUT as Shift Register  |     0.016 |      785 |     99840 |            0.79 |
|   LUT as Distributed RAM |     0.001 |      340 |     99840 |            0.34 |
|   BUFG                   |    <0.001 |        2 |        32 |            6.25 |
|   Others                 |     0.000 |      907 |       --- |             --- |
|   F7/F8 Muxes            |     0.000 |     1625 |    216960 |            0.75 |
| Signals                  |     0.626 |    66986 |       --- |             --- |
| Block RAM                |     0.060 |     33.5 |       480 |            6.98 |
| URAM                     |     0.041 |        6 |        64 |            9.38 |
| DSPs                     |     0.265 |      200 |      1824 |           10.96 |
| Static Power             |     0.466 |          |           |                 |
| Total                    |     2.315 |          |           |                 |
+--------------------------+-----------+----------+-----------+-----------------+


1.2 Power Supply Summary
------------------------

+------------+-------------+-----------+-------------+------------+-------------+-------------+------------+
| Source     | Voltage (V) | Total (A) | Dynamic (A) | Static (A) | Powerup (A) | Budget (A)  | Margin (A) |
+------------+-------------+-----------+-------------+------------+-------------+-------------+------------+
| Vccint     |       0.850 |     2.330 |       2.172 |      0.157 |       NA    | Unspecified | NA         |
| Vccint_io  |       0.850 |     0.036 |       0.000 |      0.036 |       NA    | Unspecified | NA         |
| Vccbram    |       0.850 |     0.006 |       0.003 |      0.002 |       NA    | Unspecified | NA         |
| Vccaux     |       1.800 |     0.127 |       0.000 |      0.127 |       NA    | Unspecified | NA         |
| Vccaux_io  |       1.800 |     0.031 |       0.000 |      0.031 |       NA    | Unspecified | NA         |
| Vcco33     |       3.300 |     0.000 |       0.000 |      0.000 |       NA    | Unspecified | NA         |
| Vcco25     |       2.500 |     0.000 |       0.000 |      0.000 |       NA    | Unspecified | NA         |
| Vcco18     |       1.800 |     0.000 |       0.000 |      0.000 |       NA    | Unspecified | NA         |
| Vcco15     |       1.500 |     0.000 |       0.000 |      0.000 |       NA    | Unspecified | NA         |
| Vcco135    |       1.350 |     0.000 |       0.000 |      0.000 |       NA    | Unspecified | NA         |
| Vcco12     |       1.200 |     0.000 |       0.000 |      0.000 |       NA    | Unspecified | NA         |
| Vcco10     |       1.000 |     0.000 |       0.000 |      0.000 |       NA    | Unspecified | NA         |
| Vccadc     |       1.800 |     0.008 |       0.000 |      0.008 |       NA    | Unspecified | NA         |
| MGTYAVcc   |       0.900 |     0.000 |       0.000 |      0.000 |       NA    | Unspecified | NA         |
| MGTYAVtt   |       1.200 |     0.000 |       0.000 |      0.000 |       NA    | Unspecified | NA         |
| MGTYVccaux |       1.800 |     0.000 |       0.000 |      0.000 |       NA    | Unspecified | NA         |
+------------+-------------+-----------+-------------+------------+-------------+-------------+------------+


1.3 Confidence Level
--------------------

+-----------------------------+------------+------------------------------------------------+------------------------------------------------------------------------------------------------------------+
| User Input Data             | Confidence | Details                                        | Action                                                                                                     |
+-----------------------------+------------+------------------------------------------------+------------------------------------------------------------------------------------------------------------+
| Design implementation state | High       | Design is routed                               |                                                                                                            |
| Clock nodes activity        | High       | User specified more than 95% of clocks         |                                                                                                            |
| I/O nodes activity          | High       | User specified more than 95% of inputs         |                                                                                                            |
| Internal nodes activity     | Medium     | User specified less than 25% of internal nodes | Provide missing internal nodes activity with simulation results or by editing the "By Resource Type" views |
| Device models               | High       | Device models are Production                   |                                                                                                            |
|                             |            |                                                |                                                                                                            |
| Overall confidence level    | Medium     |                                                |                                                                                                            |
+-----------------------------+------------+------------------------------------------------+------------------------------------------------------------------------------------------------------------+


2. Settings
-----------

2.1 Environment
---------------

+-----------------------+--------------------------+
| Ambient Temp (C)      | 25.0                     |
| ThetaJA (C/W)         | 1.7                      |
| Airflow (LFM)         | 250                      |
| Heat Sink             | medium (Medium Profile)  |
| ThetaSA (C/W)         | 2.8                      |
| Board Selection       | medium (10"x10")         |
| # of Board Layers     | 12to15 (12 to 15 Layers) |
| Board Temperature (C) | 25.0                     |
+-----------------------+--------------------------+


2.2 Clock Constraints
---------------------

+---------+---------+-----------------+
| Clock   | Domain  | Constraint (ns) |
+---------+---------+-----------------+
| CLK_ADC | CLK_ADC |             4.0 |
| CLK_CNN | CLK_CNN |             5.0 |
+---------+---------+-----------------+


3. Detailed Reports
-------------------

3.1 By Hierarchy
----------------

+-------------------------+-----------+
| Name                    | Power (W) |
+-------------------------+-----------+
| AI_TRIGGER_TOP          |     1.849 |
|   u_CORE                |     1.849 |
|     gen_lanes[0].u_LANE |     0.351 |
|       u_CHUNK_ID_CDC    |     0.001 |
|       u_FIFO            |     0.010 |
|       u_WRAPPER         |     0.338 |
|     gen_lanes[1].u_LANE |     0.351 |
|       u_CHUNK_ID_CDC    |     0.001 |
|       u_FIFO            |     0.010 |
|       u_WRAPPER         |     0.338 |
|     gen_lanes[2].u_LANE |     0.357 |
|       u_CHUNK_ID_CDC    |     0.001 |
|       u_FIFO            |     0.009 |
|       u_WRAPPER         |     0.344 |
|     gen_lanes[3].u_LANE |     0.361 |
|       u_CHUNK_ID_CDC    |     0.001 |
|       u_FIFO            |     0.009 |
|       u_WRAPPER         |     0.348 |
|     gen_lanes[4].u_LANE |     0.339 |
|       u_CHUNK_ID_CDC    |     0.001 |
|       u_FIFO            |     0.009 |
|       u_WRAPPER         |     0.326 |
|     u_MULTIMODE_PATH    |     0.076 |
|       u_CNN_REQUEST_CDC |     0.003 |
|       u_EVENT_FIFO      |     0.016 |
|       u_HILO            |     0.002 |
|       u_HILO_ADAPTER    |     0.005 |
|       u_RECORDER        |     0.002 |
|       u_RING            |     0.046 |
|     u_RESULT_ARBITER    |     0.007 |
+-------------------------+-----------+


