Copyright 1986-2022 Xilinx, Inc. All Rights Reserved. Copyright 2022-2023 Advanced Micro Devices, Inc. All Rights Reserved.
---------------------------------------------------------------------------------------------------------------------------------------------
| Tool Version : Vivado v.2023.2 (lin64) Build 4029153 Fri Oct 13 20:13:54 MDT 2023
| Date         : Thu Aug 27 20:35:58 2026
| Host         : AlbertsUbuntu running 64-bit Ubuntu 22.04.5 LTS
| Command      : report_utilization -file /home/work1/Works/AI-Trigger-System/build/vivado_ooc_ai_trigger/reports/post_route_utilization.rpt
| Design       : AI_TRIGGER_TOP
| Device       : xcku5p-ffvb676-2-e
| Speed File   : -2
| Design State : Routed
---------------------------------------------------------------------------------------------------------------------------------------------

Utilization Design Information

Table of Contents
-----------------
1. CLB Logic
1.1 Summary of Registers by Type
2. CLB Logic Distribution
3. BLOCKRAM
4. ARITHMETIC
5. I/O
6. CLOCK
7. ADVANCED
8. CONFIGURATION
9. Primitives
10. Black Boxes
11. Instantiated Netlists

1. CLB Logic
------------

+----------------------------+-------+-------+------------+-----------+-------+
|          Site Type         |  Used | Fixed | Prohibited | Available | Util% |
+----------------------------+-------+-------+------------+-----------+-------+
| CLB LUTs                   | 37207 |     0 |          0 |    216960 | 17.15 |
|   LUT as Logic             | 36082 |     0 |          0 |    216960 | 16.63 |
|   LUT as Memory            |  1125 |     0 |          0 |     99840 |  1.13 |
|     LUT as Distributed RAM |   340 |     0 |            |           |       |
|     LUT as Shift Register  |   785 |     0 |            |           |       |
| CLB Registers              | 33406 |     0 |          0 |    433920 |  7.70 |
|   Register as Flip Flop    | 33406 |     0 |          0 |    433920 |  7.70 |
|   Register as Latch        |     0 |     0 |          0 |    433920 |  0.00 |
| CARRY8                     |  3444 |     0 |          0 |     27120 | 12.70 |
| F7 Muxes                   |  1625 |     0 |          0 |    108480 |  1.50 |
| F8 Muxes                   |     0 |     0 |          0 |     54240 |  0.00 |
| F9 Muxes                   |     0 |     0 |          0 |     27120 |  0.00 |
+----------------------------+-------+-------+------------+-----------+-------+
* Warning! LUT value is adjusted to account for LUT combining.


1.1 Summary of Registers by Type
--------------------------------

+-------+--------------+-------------+--------------+
| Total | Clock Enable | Synchronous | Asynchronous |
+-------+--------------+-------------+--------------+
| 0     |            _ |           - |            - |
| 0     |            _ |           - |          Set |
| 0     |            _ |           - |        Reset |
| 0     |            _ |         Set |            - |
| 0     |            _ |       Reset |            - |
| 0     |          Yes |           - |            - |
| 4     |          Yes |           - |          Set |
| 189   |          Yes |           - |        Reset |
| 509   |          Yes |         Set |            - |
| 32704 |          Yes |       Reset |            - |
+-------+--------------+-------------+--------------+


2. CLB Logic Distribution
-------------------------

+--------------------------------------------+-------+-------+------------+-----------+-------+
|                  Site Type                 |  Used | Fixed | Prohibited | Available | Util% |
+--------------------------------------------+-------+-------+------------+-----------+-------+
| CLB                                        |  7692 |     0 |          0 |     27120 | 28.36 |
|   CLBL                                     |  4100 |     0 |            |           |       |
|   CLBM                                     |  3592 |     0 |            |           |       |
| LUT as Logic                               | 36082 |     0 |          0 |    216960 | 16.63 |
|   using O5 output only                     |   232 |       |            |           |       |
|   using O6 output only                     | 23899 |       |            |           |       |
|   using O5 and O6                          | 11951 |       |            |           |       |
| LUT as Memory                              |  1125 |     0 |          0 |     99840 |  1.13 |
|   LUT as Distributed RAM                   |   340 |     0 |            |           |       |
|     using O5 output only                   |     0 |       |            |           |       |
|     using O6 output only                   |    60 |       |            |           |       |
|     using O5 and O6                        |   280 |       |            |           |       |
|   LUT as Shift Register                    |   785 |     0 |            |           |       |
|     using O5 output only                   |     0 |       |            |           |       |
|     using O6 output only                   |   165 |       |            |           |       |
|     using O5 and O6                        |   620 |       |            |           |       |
| CLB Registers                              | 33406 |     0 |          0 |    433920 |  7.70 |
|   Register driven from within the CLB      | 15475 |       |            |           |       |
|   Register driven from outside the CLB     | 17931 |       |            |           |       |
|     LUT in front of the register is unused | 13332 |       |            |           |       |
|     LUT in front of the register is used   |  4599 |       |            |           |       |
| Unique Control Sets                        |   406 |       |          0 |     54240 |  0.75 |
+--------------------------------------------+-------+-------+------------+-----------+-------+
* * Note: Available Control Sets calculated as Slices * 2, Review the Control Sets Report for more information regarding control sets.


3. BLOCKRAM
-----------

+-------------------+------+-------+------------+-----------+-------+
|     Site Type     | Used | Fixed | Prohibited | Available | Util% |
+-------------------+------+-------+------------+-----------+-------+
| Block RAM Tile    | 33.5 |     0 |          0 |       480 |  6.98 |
|   RAMB36/FIFO*    |   31 |     0 |          0 |       480 |  6.46 |
|     RAMB36E2 only |   31 |       |            |           |       |
|   RAMB18          |    5 |     0 |          0 |       960 |  0.52 |
|     RAMB18E2 only |    5 |       |            |           |       |
| URAM              |    6 |     0 |          0 |        64 |  9.38 |
+-------------------+------+-------+------------+-----------+-------+
* Note: Each Block RAM Tile only has one FIFO logic available and therefore can accommodate only one FIFO36E2 or one FIFO18E2. However, if a FIFO18E2 occupies a Block RAM Tile, that tile can still accommodate a RAMB18E2


4. ARITHMETIC
-------------

+----------------+------+-------+------------+-----------+-------+
|    Site Type   | Used | Fixed | Prohibited | Available | Util% |
+----------------+------+-------+------------+-----------+-------+
| DSPs           |  200 |     0 |          0 |      1824 | 10.96 |
|   DSP48E2 only |  200 |       |            |           |       |
+----------------+------+-------+------------+-----------+-------+


5. I/O
------

+------------------+------+-------+------------+-----------+-------+
|     Site Type    | Used | Fixed | Prohibited | Available | Util% |
+------------------+------+-------+------------+-----------+-------+
| Bonded IOB       |    0 |     0 |          0 |       280 |  0.00 |
| HPIOB_M          |    0 |     0 |          0 |        96 |  0.00 |
| HPIOB_S          |    0 |     0 |          0 |        96 |  0.00 |
| HDIOB_M          |    0 |     0 |          0 |        36 |  0.00 |
| HDIOB_S          |    0 |     0 |          0 |        36 |  0.00 |
| HPIOB_SNGL       |    0 |     0 |          0 |        16 |  0.00 |
| HPIOBDIFFINBUF   |    0 |     0 |          0 |        96 |  0.00 |
| HPIOBDIFFOUTBUF  |    0 |     0 |          0 |        96 |  0.00 |
| HDIOBDIFFINBUF   |    0 |     0 |          0 |        48 |  0.00 |
| BITSLICE_CONTROL |    0 |     0 |          0 |        32 |  0.00 |
| BITSLICE_RX_TX   |    0 |     0 |          0 |      1248 |  0.00 |
| BITSLICE_TX      |    0 |     0 |          0 |        32 |  0.00 |
| RIU_OR           |    0 |     0 |          0 |        16 |  0.00 |
+------------------+------+-------+------------+-----------+-------+


6. CLOCK
--------

+----------------------+------+-------+------------+-----------+-------+
|       Site Type      | Used | Fixed | Prohibited | Available | Util% |
+----------------------+------+-------+------------+-----------+-------+
| GLOBAL CLOCK BUFFERs |    2 |     0 |          0 |       256 |  0.78 |
|   BUFGCE             |    2 |     0 |          0 |       112 |  1.79 |
|   BUFGCE_DIV         |    0 |     0 |          0 |        16 |  0.00 |
|   BUFG_GT            |    0 |     0 |          0 |        96 |  0.00 |
|   BUFGCTRL*          |    0 |     0 |          0 |        32 |  0.00 |
| PLL                  |    0 |     0 |          0 |         8 |  0.00 |
| MMCM                 |    0 |     0 |          0 |         4 |  0.00 |
+----------------------+------+-------+------------+-----------+-------+
* Note: Each used BUFGCTRL counts as two GLOBAL CLOCK BUFFERs. This table does not include global clocking resources, only buffer cell usage. See the Clock Utilization Report (report_clock_utilization) for detailed accounting of global clocking resource availability.


7. ADVANCED
-----------

+-----------------+------+-------+------------+-----------+-------+
|    Site Type    | Used | Fixed | Prohibited | Available | Util% |
+-----------------+------+-------+------------+-----------+-------+
| CMACE4          |    0 |     0 |          0 |         1 |  0.00 |
| GTYE4_CHANNEL   |    0 |     0 |          0 |        16 |  0.00 |
| GTYE4_COMMON    |    0 |     0 |          0 |         4 |  0.00 |
| OBUFDS_GTE4     |    0 |     0 |          0 |         8 |  0.00 |
| OBUFDS_GTE4_ADV |    0 |     0 |          0 |         8 |  0.00 |
| PCIE40E4        |    0 |     0 |          0 |         1 |  0.00 |
| SYSMONE4        |    0 |     0 |          0 |         1 |  0.00 |
+-----------------+------+-------+------------+-----------+-------+


8. CONFIGURATION
----------------

+-------------+------+-------+------------+-----------+-------+
|  Site Type  | Used | Fixed | Prohibited | Available | Util% |
+-------------+------+-------+------------+-----------+-------+
| BSCANE2     |    0 |     0 |          0 |         4 |  0.00 |
| DNA_PORTE2  |    0 |     0 |          0 |         1 |  0.00 |
| EFUSE_USR   |    0 |     0 |          0 |         1 |  0.00 |
| FRAME_ECCE4 |    0 |     0 |          0 |         1 |  0.00 |
| ICAPE3      |    0 |     0 |          0 |         2 |  0.00 |
| MASTER_JTAG |    0 |     0 |          0 |         1 |  0.00 |
| STARTUPE3   |    0 |     0 |          0 |         1 |  0.00 |
+-------------+------+-------+------------+-----------+-------+


9. Primitives
-------------

+----------+-------+---------------------+
| Ref Name |  Used | Functional Category |
+----------+-------+---------------------+
| FDRE     | 32704 |            Register |
| LUT2     | 15783 |                 CLB |
| LUT6     | 10880 |                 CLB |
| LUT3     |  7804 |                 CLB |
| LUT4     |  7664 |                 CLB |
| LUT5     |  4859 |                 CLB |
| CARRY8   |  3444 |                 CLB |
| MUXF7    |  1625 |                 CLB |
| SRL16E   |  1405 |                 CLB |
| LUT1     |  1043 |                 CLB |
| FDSE     |   509 |            Register |
| RAMD32   |   490 |                 CLB |
| DSP48E2  |   200 |          Arithmetic |
| FDCE     |   189 |            Register |
| RAMS32   |    70 |                 CLB |
| RAMD64E  |    60 |                 CLB |
| RAMB36E2 |    31 |            BLOCKRAM |
| URAM288  |     6 |            BLOCKRAM |
| RAMB18E2 |     5 |            BLOCKRAM |
| FDPE     |     4 |            Register |
| BUFGCE   |     2 |               Clock |
+----------+-------+---------------------+


10. Black Boxes
---------------

+----------+------+
| Ref Name | Used |
+----------+------+


11. Instantiated Netlists
-------------------------

+----------+------+
| Ref Name | Used |
+----------+------+


