Copyright 1986-2022 Xilinx, Inc. All Rights Reserved. Copyright 2022-2023 Advanced Micro Devices, Inc. All Rights Reserved.
--------------------------------------------------------------------------------------------------------------------------------------------------
| Tool Version      : Vivado v.2023.2 (lin64) Build 4029153 Fri Oct 13 20:13:54 MDT 2023
| Date              : Thu Aug 27 20:36:09 2026
| Host              : AlbertsUbuntu running 64-bit Ubuntu 22.04.5 LTS
| Command           : report_timing_summary -return_string
| Design            : AI_TRIGGER_TOP
| Device            : xcku5p-ffvb676
| Speed File        : -2  PRODUCTION 1.29 05-01-2022
| Design State      : Routed
| Temperature Grade : E
--------------------------------------------------------------------------------------------------------------------------------------------------

Timing Summary Report

------------------------------------------------------------------------------------------------
| Timer Settings
| --------------
------------------------------------------------------------------------------------------------

  Enable Multi Corner Analysis               :  Yes
  Enable Pessimism Removal                   :  Yes
  Pessimism Removal Resolution               :  Nearest Common Node
  Enable Input Delay Default Clock           :  No
  Enable Preset / Clear Arcs                 :  No
  Disable Flight Delays                      :  No
  Ignore I/O Paths                           :  No
  Timing Early Launch at Borrowing Latches   :  No
  Borrow Time for Max Delay Exceptions       :  Yes
  Merge Timing Exceptions                    :  Yes
  Inter-SLR Compensation                     :  Conservative

  Corner  Analyze    Analyze    
  Name    Max Paths  Min Paths  
  ------  ---------  ---------  
  Slow    Yes        Yes        
  Fast    Yes        Yes        


------------------------------------------------------------------------------------------------
| Report Methodology
| ------------------
------------------------------------------------------------------------------------------------

Rule    Severity  Description                               Violations  
------  --------  ----------------------------------------  ----------  
XDCH-2  Warning   Same min and max delay values on IO port  875         

Note: This report is based on the most recent report_methodology run and may not be up-to-date. Run report_methodology on the current design for the latest report.



check_timing report

Table of Contents
-----------------
1. checking no_clock (0)
2. checking constant_clock (0)
3. checking pulse_width_clock (0)
4. checking unconstrained_internal_endpoints (0)
5. checking no_input_delay (1)
6. checking no_output_delay (0)
7. checking multiple_clock (0)
8. checking generated_clocks (0)
9. checking loops (0)
10. checking partial_input_delay (0)
11. checking partial_output_delay (0)
12. checking latch_loops (0)

1. checking no_clock (0)
------------------------
 There are 0 register/latch pins with no clock.


2. checking constant_clock (0)
------------------------------
 There are 0 register/latch pins with constant_clock.


3. checking pulse_width_clock (0)
---------------------------------
 There are 0 register/latch pins which need pulse_width check


4. checking unconstrained_internal_endpoints (0)
------------------------------------------------
 There are 0 pins that are not constrained for maximum delay.

 There are 0 pins that are not constrained for maximum delay due to constant clock.


5. checking no_input_delay (1)
------------------------------
 There are 0 input ports with no input delay specified.

 There is 1 input port with no input delay but user has a false path constraint. (MEDIUM)


6. checking no_output_delay (0)
-------------------------------
 There are 0 ports with no output delay specified.

 There are 0 ports with no output delay but user has a false path constraint

 There are 0 ports with no output delay but with a timing clock defined on it or propagating through it


7. checking multiple_clock (0)
------------------------------
 There are 0 register/latch pins with multiple clocks.


8. checking generated_clocks (0)
--------------------------------
 There are 0 generated clocks that are not connected to a clock source.


9. checking loops (0)
---------------------
 There are 0 combinational loops in the design.


10. checking partial_input_delay (0)
------------------------------------
 There are 0 input ports with partial input delay specified.


11. checking partial_output_delay (0)
-------------------------------------
 There are 0 ports with partial output delay specified.


12. checking latch_loops (0)
----------------------------
 There are 0 combinational latch loops in the design through latch input



------------------------------------------------------------------------------------------------
| Design Timing Summary
| ---------------------
------------------------------------------------------------------------------------------------

    WNS(ns)      TNS(ns)  TNS Failing Endpoints  TNS Total Endpoints      WHS(ns)      THS(ns)  THS Failing Endpoints  THS Total Endpoints     WPWS(ns)     TPWS(ns)  TPWS Failing Endpoints  TPWS Total Endpoints  
    -------      -------  ---------------------  -------------------      -------      -------  ---------------------  -------------------     --------     --------  ----------------------  --------------------  
      0.039        0.000                      0                83146        0.029        0.000                      0                81916        1.300        0.000                       0                 35509  


All user specified timing constraints are met.


------------------------------------------------------------------------------------------------
| Clock Summary
| -------------
------------------------------------------------------------------------------------------------

Clock    Waveform(ns)         Period(ns)      Frequency(MHz)
-----    ------------         ----------      --------------
CLK_ADC  {0.000 2.000}        4.000           250.000         
CLK_CNN  {0.000 2.500}        5.000           200.000         


------------------------------------------------------------------------------------------------
| Intra Clock Table
| -----------------
------------------------------------------------------------------------------------------------

Clock             WNS(ns)      TNS(ns)  TNS Failing Endpoints  TNS Total Endpoints      WHS(ns)      THS(ns)  THS Failing Endpoints  THS Total Endpoints     WPWS(ns)     TPWS(ns)  TPWS Failing Endpoints  TPWS Total Endpoints  
-----             -------      -------  ---------------------  -------------------      -------      -------  ---------------------  -------------------     --------     --------  ----------------------  --------------------  
CLK_ADC             0.277        0.000                      0                12929        0.037        0.000                      0                11699        1.300        0.000                       0                  3710  
CLK_CNN             0.039        0.000                      0                70028        0.029        0.000                      0                70028        1.958        0.000                       0                 31799  


------------------------------------------------------------------------------------------------
| Inter Clock Table
| -----------------
------------------------------------------------------------------------------------------------

From Clock    To Clock          WNS(ns)      TNS(ns)  TNS Failing Endpoints  TNS Total Endpoints      WHS(ns)      THS(ns)  THS Failing Endpoints  THS Total Endpoints  
----------    --------          -------      -------  ---------------------  -------------------      -------      -------  ---------------------  -------------------  


------------------------------------------------------------------------------------------------
| Other Path Groups Table
| -----------------------
------------------------------------------------------------------------------------------------

Path Group         From Clock         To Clock               WNS(ns)      TNS(ns)  TNS Failing Endpoints  TNS Total Endpoints      WHS(ns)      THS(ns)  THS Failing Endpoints  THS Total Endpoints  
----------         ----------         --------               -------      -------  ---------------------  -------------------      -------      -------  ---------------------  -------------------  
**async_default**  CLK_ADC            CLK_ADC                  2.120        0.000                      0                  189        0.247        0.000                      0                  189  


------------------------------------------------------------------------------------------------
| Timing Details
| --------------
------------------------------------------------------------------------------------------------


---------------------------------------------------------------------------------------------------
From Clock:  CLK_ADC
  To Clock:  CLK_ADC

Setup :            0  Failing Endpoints,  Worst Slack        0.277ns,  Total Violation        0.000ns
Hold  :            0  Failing Endpoints,  Worst Slack        0.037ns,  Total Violation        0.000ns
PW    :            0  Failing Endpoints,  Worst Slack        1.300ns,  Total Violation        0.000ns
---------------------------------------------------------------------------------------------------


Max Delay Paths
--------------------------------------------------------------------------------------
Slack (MET) :             0.277ns  (required time - arrival time)
  Source:                 u_CORE/u_MULTIMODE_PATH/u_RING/batch_mem_reg_uram_0/CLK
                            (rising edge-triggered cell URAM288 clocked by CLK_ADC  {rise@0.000ns fall@2.000ns period=4.000ns})
  Destination:            u_CORE/gen_lanes[1].u_LANE/u_FIFO/gnuram_async_fifo.xpm_fifo_base_inst/gen_sdpram.xpm_memory_base_inst/gen_wr_a.gen_word_wide.mem_reg_bram_0/DINBDIN[7]
                            (rising edge-triggered cell RAMB36E2 clocked by CLK_ADC  {rise@0.000ns fall@2.000ns period=4.000ns})
  Path Group:             CLK_ADC
  Path Type:              Setup (Max at Slow Process Corner)
  Requirement:            4.000ns  (CLK_ADC rise@4.000ns - CLK_ADC rise@0.000ns)
  Data Path Delay:        3.363ns  (logic 1.606ns (47.756%)  route 1.757ns (52.244%))
  Logic Levels:           4  (CARRY8=1 LUT2=1 LUT3=2)
  Clock Path Skew:        -0.043ns (DCD - SCD + CPR)
    Destination Clock Delay (DCD):    0.040ns = ( 4.040 - 4.000 ) 
    Source Clock Delay      (SCD):    0.083ns
    Clock Pessimism Removal (CPR):    0.000ns
  Clock Uncertainty:      0.035ns  ((TSJ^2 + TIJ^2)^1/2 + DJ) / 2 + PE
    Total System Jitter     (TSJ):    0.071ns
    Total Input Jitter      (TIJ):    0.000ns
    Discrete Jitter          (DJ):    0.000ns
    Phase Error              (PE):    0.000ns

    Location             Delay type                Incr(ns)  Path(ns)    Netlist Resource(s)
  -------------------------------------------------------------------    -------------------
                         (clock CLK_ADC rise edge)    0.000     0.000 r  
                                                      0.000     0.000 r  CLK_ADC (IN)
                         net (fo=3709, unset)         0.083     0.083    u_CORE/u_MULTIMODE_PATH/u_RING/CLK
    URAM288_X0Y23        URAM288                                      r  u_CORE/u_MULTIMODE_PATH/u_RING/batch_mem_reg_uram_0/CLK
  -------------------------------------------------------------------    -------------------
    URAM288_X0Y23        URAM288 (Prop_URAM_288K_INST_URAM288_CLK_DOUT_A[33])
                                                      1.211     1.294 f  u_CORE/u_MULTIMODE_PATH/u_RING/batch_mem_reg_uram_0/DOUT_A[33]
                         net (fo=5, routed)           0.477     1.771    u_CORE/u_MULTIMODE_PATH/u_GATED_READER/RB_RD_DATA[33]
    SLICE_X78Y67         LUT2 (Prop_A6LUT_SLICEL_I0_O)
                                                      0.050     1.821 r  u_CORE/u_MULTIMODE_PATH/u_GATED_READER/BATCH_DATA[143]_INST_0_i_7/O
                         net (fo=1, routed)           0.009     1.830    u_CORE/u_MULTIMODE_PATH/u_GATED_READER/BATCH_DATA[143]_INST_0_i_7_n_0
    SLICE_X78Y67         CARRY8 (Prop_CARRY8_SLICEL_S[0]_CO[1])
                                                      0.107     1.937 r  u_CORE/u_MULTIMODE_PATH/u_GATED_READER/BATCH_DATA[143]_INST_0_i_2/CO[1]
                         net (fo=9, routed)           0.399     2.336    u_CORE/u_MULTIMODE_PATH/u_GATED_READER/BATCH_DATA[143]_INST_0_i_2_n_6
    SLICE_X81Y66         LUT3 (Prop_H6LUT_SLICEM_I0_O)
                                                      0.090     2.426 r  u_CORE/u_MULTIMODE_PATH/u_GATED_READER/BATCH_DATA[135]_INST_0/O
                         net (fo=1, routed)           0.244     2.670    u_CORE/gated_batch_data[135]
    SLICE_X85Y66         LUT3 (Prop_B6LUT_SLICEL_I0_O)
                                                      0.148     2.818 r  u_CORE/gen_lanes[0].u_LANE_i_66/O
                         net (fo=5, routed)           0.628     3.446    u_CORE/gen_lanes[1].u_LANE/u_FIFO/gnuram_async_fifo.xpm_fifo_base_inst/gen_sdpram.xpm_memory_base_inst/dina[135]
    RAMB36_X7Y19         RAMB36E2                                     r  u_CORE/gen_lanes[1].u_LANE/u_FIFO/gnuram_async_fifo.xpm_fifo_base_inst/gen_sdpram.xpm_memory_base_inst/gen_wr_a.gen_word_wide.mem_reg_bram_0/DINBDIN[7]
  -------------------------------------------------------------------    -------------------

                         (clock CLK_ADC rise edge)    4.000     4.000 r  
                                                      0.000     4.000 r  CLK_ADC (IN)
                         net (fo=3709, unset)         0.040     4.040    u_CORE/gen_lanes[1].u_LANE/u_FIFO/gnuram_async_fifo.xpm_fifo_base_inst/gen_sdpram.xpm_memory_base_inst/clka
    RAMB36_X7Y19         RAMB36E2                                     r  u_CORE/gen_lanes[1].u_LANE/u_FIFO/gnuram_async_fifo.xpm_fifo_base_inst/gen_sdpram.xpm_memory_base_inst/gen_wr_a.gen_word_wide.mem_reg_bram_0/CLKBWRCLK
                         clock pessimism              0.000     4.040    
                         clock uncertainty           -0.035     4.005    
    RAMB36_X7Y19         RAMB36E2 (Setup_RAMB36E2_RAMB36_CLKBWRCLK_DINBDIN[7])
                                                     -0.282     3.723    u_CORE/gen_lanes[1].u_LANE/u_FIFO/gnuram_async_fifo.xpm_fifo_base_inst/gen_sdpram.xpm_memory_base_inst/gen_wr_a.gen_word_wide.mem_reg_bram_0
  -------------------------------------------------------------------
                         required time                          3.723    
                         arrival time                          -3.446    
  -------------------------------------------------------------------
                         slack                                  0.277    





Min Delay Paths
--------------------------------------------------------------------------------------
Slack (MET) :             0.037ns  (arrival time - required time)
  Source:                 u_CORE/gen_lanes[2].u_LANE/u_FIFO/gnuram_async_fifo.xpm_fifo_base_inst/wrpp2_inst/count_value_i_reg[5]/C
                            (rising edge-triggered cell FDRE clocked by CLK_ADC  {rise@0.000ns fall@2.000ns period=4.000ns})
  Destination:            u_CORE/gen_lanes[2].u_LANE/u_FIFO/gnuram_async_fifo.xpm_fifo_base_inst/wrpp2_inst/count_value_i_reg[6]/D
                            (rising edge-triggered cell FDRE clocked by CLK_ADC  {rise@0.000ns fall@2.000ns period=4.000ns})
  Path Group:             CLK_ADC
  Path Type:              Hold (Min at Fast Process Corner)
  Requirement:            0.000ns  (CLK_ADC rise@0.000ns - CLK_ADC rise@0.000ns)
  Data Path Delay:        0.090ns  (logic 0.059ns (65.488%)  route 0.031ns (34.512%))
  Logic Levels:           1  (LUT4=1)
  Clock Path Skew:        0.006ns (DCD - SCD - CPR)
    Destination Clock Delay (DCD):    0.019ns
    Source Clock Delay      (SCD):    0.013ns
    Clock Pessimism Removal (CPR):    -0.000ns

    Location             Delay type                Incr(ns)  Path(ns)    Netlist Resource(s)
  -------------------------------------------------------------------    -------------------
                         (clock CLK_ADC rise edge)    0.000     0.000 r  
                                                      0.000     0.000 r  CLK_ADC (IN)
                         net (fo=3709, unset)         0.013     0.013    u_CORE/gen_lanes[2].u_LANE/u_FIFO/gnuram_async_fifo.xpm_fifo_base_inst/wrpp2_inst/clk
    SLICE_X83Y72         FDRE                                         r  u_CORE/gen_lanes[2].u_LANE/u_FIFO/gnuram_async_fifo.xpm_fifo_base_inst/wrpp2_inst/count_value_i_reg[5]/C
  -------------------------------------------------------------------    -------------------
    SLICE_X83Y72         FDRE (Prop_HFF_SLICEL_C_Q)
                                                      0.039     0.052 r  u_CORE/gen_lanes[2].u_LANE/u_FIFO/gnuram_async_fifo.xpm_fifo_base_inst/wrpp2_inst/count_value_i_reg[5]/Q
                         net (fo=3, routed)           0.025     0.077    u_CORE/gen_lanes[2].u_LANE/u_FIFO/gnuram_async_fifo.xpm_fifo_base_inst/wrpp2_inst/count_value[5]
    SLICE_X83Y72         LUT4 (Prop_H5LUT_SLICEL_I3_O)
                                                      0.020     0.097 r  u_CORE/gen_lanes[2].u_LANE/u_FIFO/gnuram_async_fifo.xpm_fifo_base_inst/wrpp2_inst/count_value_i[6]_i_1/O
                         net (fo=1, routed)           0.006     0.103    u_CORE/gen_lanes[2].u_LANE/u_FIFO/gnuram_async_fifo.xpm_fifo_base_inst/wrpp2_inst/count_value_i[6]_i_1_n_0
    SLICE_X83Y72         FDRE                                         r  u_CORE/gen_lanes[2].u_LANE/u_FIFO/gnuram_async_fifo.xpm_fifo_base_inst/wrpp2_inst/count_value_i_reg[6]/D
  -------------------------------------------------------------------    -------------------

                         (clock CLK_ADC rise edge)    0.000     0.000 r  
                                                      0.000     0.000 r  CLK_ADC (IN)
                         net (fo=3709, unset)         0.019     0.019    u_CORE/gen_lanes[2].u_LANE/u_FIFO/gnuram_async_fifo.xpm_fifo_base_inst/wrpp2_inst/clk
    SLICE_X83Y72         FDRE                                         r  u_CORE/gen_lanes[2].u_LANE/u_FIFO/gnuram_async_fifo.xpm_fifo_base_inst/wrpp2_inst/count_value_i_reg[6]/C
                         clock pessimism              0.000     0.019    
    SLICE_X83Y72         FDRE (Hold_HFF2_SLICEL_C_D)
                                                      0.047     0.066    u_CORE/gen_lanes[2].u_LANE/u_FIFO/gnuram_async_fifo.xpm_fifo_base_inst/wrpp2_inst/count_value_i_reg[6]
  -------------------------------------------------------------------
                         required time                         -0.066    
                         arrival time                           0.103    
  -------------------------------------------------------------------
                         slack                                  0.037    





Pulse Width Checks
--------------------------------------------------------------------------------------
Clock Name:         CLK_ADC
Waveform(ns):       { 0.000 2.000 }
Period(ns):         4.000
Sources:            { CLK_ADC }

Check Type        Corner  Lib Pin      Reference Pin  Required(ns)  Actual(ns)  Slack(ns)  Location       Pin
Min Period        n/a     URAM288/CLK  n/a            2.000         4.000       2.000      URAM288_X0Y23  u_CORE/u_MULTIMODE_PATH/u_RING/batch_mem_reg_uram_0/CLK
Low Pulse Width   Slow    URAM288/CLK  n/a            0.700         2.000       1.300      URAM288_X0Y23  u_CORE/u_MULTIMODE_PATH/u_RING/batch_mem_reg_uram_0/CLK
High Pulse Width  Slow    URAM288/CLK  n/a            0.700         2.000       1.300      URAM288_X0Y23  u_CORE/u_MULTIMODE_PATH/u_RING/batch_mem_reg_uram_0/CLK



---------------------------------------------------------------------------------------------------
From Clock:  CLK_CNN
  To Clock:  CLK_CNN

Setup :            0  Failing Endpoints,  Worst Slack        0.039ns,  Total Violation        0.000ns
Hold  :            0  Failing Endpoints,  Worst Slack        0.029ns,  Total Violation        0.000ns
PW    :            0  Failing Endpoints,  Worst Slack        1.958ns,  Total Violation        0.000ns
---------------------------------------------------------------------------------------------------


Max Delay Paths
--------------------------------------------------------------------------------------
Slack (MET) :             0.039ns  (required time - arrival time)
  Source:                 u_CORE/gen_lanes[3].u_LANE/u_WRAPPER/cnn_core_inst/phara_pool_aligned_hybrid_p8_cl_array_array_array_array_config4_config6_U0/phara_x4_input_code_1_reg_11609_reg[2]/C
                            (rising edge-triggered cell FDRE clocked by CLK_CNN  {rise@0.000ns fall@2.500ns period=5.000ns})
  Destination:            u_CORE/gen_lanes[3].u_LANE/u_WRAPPER/cnn_core_inst/phara_pool_aligned_hybrid_p8_cl_array_array_array_array_config4_config6_U0/first_activation_15_reg_12153_reg[10]/R
                            (rising edge-triggered cell FDRE clocked by CLK_CNN  {rise@0.000ns fall@2.500ns period=5.000ns})
  Path Group:             CLK_CNN
  Path Type:              Setup (Max at Slow Process Corner)
  Requirement:            5.000ns  (CLK_CNN rise@5.000ns - CLK_CNN rise@0.000ns)
  Data Path Delay:        4.845ns  (logic 1.292ns (26.669%)  route 3.553ns (73.331%))
  Logic Levels:           11  (CARRY8=5 LUT2=3 LUT3=1 LUT4=1 LUT5=1)
  Clock Path Skew:        -0.007ns (DCD - SCD + CPR)
    Destination Clock Delay (DCD):    0.021ns = ( 5.021 - 5.000 ) 
    Source Clock Delay      (SCD):    0.028ns
    Clock Pessimism Removal (CPR):    0.000ns
  Clock Uncertainty:      0.035ns  ((TSJ^2 + TIJ^2)^1/2 + DJ) / 2 + PE
    Total System Jitter     (TSJ):    0.071ns
    Total Input Jitter      (TIJ):    0.000ns
    Discrete Jitter          (DJ):    0.000ns
    Phase Error              (PE):    0.000ns

    Location             Delay type                Incr(ns)  Path(ns)    Netlist Resource(s)
  -------------------------------------------------------------------    -------------------
                         (clock CLK_CNN rise edge)    0.000     0.000 r  
                                                      0.000     0.000 r  CLK_CNN (IN)
                         net (fo=31798, unset)        0.028     0.028    u_CORE/gen_lanes[3].u_LANE/u_WRAPPER/cnn_core_inst/phara_pool_aligned_hybrid_p8_cl_array_array_array_array_config4_config6_U0/ap_clk
    SLICE_X84Y103        FDRE                                         r  u_CORE/gen_lanes[3].u_LANE/u_WRAPPER/cnn_core_inst/phara_pool_aligned_hybrid_p8_cl_array_array_array_array_config4_config6_U0/phara_x4_input_code_1_reg_11609_reg[2]/C
  -------------------------------------------------------------------    -------------------
    SLICE_X84Y103        FDRE (Prop_DFF_SLICEL_C_Q)
                                                      0.079     0.107 f  u_CORE/gen_lanes[3].u_LANE/u_WRAPPER/cnn_core_inst/phara_pool_aligned_hybrid_p8_cl_array_array_array_array_config4_config6_U0/phara_x4_input_code_1_reg_11609_reg[2]/Q
                         net (fo=45, routed)          0.859     0.966    u_CORE/gen_lanes[3].u_LANE/u_WRAPPER/cnn_core_inst/phara_pool_aligned_hybrid_p8_cl_array_array_array_array_config4_config6_U0/sext_ln403_2_fu_5035_p1[5]
    SLICE_X80Y103        LUT2 (Prop_G6LUT_SLICEL_I1_O)
                                                      0.050     1.016 r  u_CORE/gen_lanes[3].u_LANE/u_WRAPPER/cnn_core_inst/phara_pool_aligned_hybrid_p8_cl_array_array_array_array_config4_config6_U0/first_activation_15_reg_12153[7]_i_34/O
                         net (fo=2, routed)           0.379     1.395    u_CORE/gen_lanes[3].u_LANE/u_WRAPPER/cnn_core_inst/phara_pool_aligned_hybrid_p8_cl_array_array_array_array_config4_config6_U0/first_activation_15_reg_12153[7]_i_34_n_0
    SLICE_X79Y101        LUT4 (Prop_D6LUT_SLICEM_I0_O)
                                                      0.099     1.494 r  u_CORE/gen_lanes[3].u_LANE/u_WRAPPER/cnn_core_inst/phara_pool_aligned_hybrid_p8_cl_array_array_array_array_config4_config6_U0/first_activation_15_reg_12153[7]_i_41/O
                         net (fo=1, routed)           0.025     1.519    u_CORE/gen_lanes[3].u_LANE/u_WRAPPER/cnn_core_inst/phara_pool_aligned_hybrid_p8_cl_array_array_array_array_config4_config6_U0/first_activation_15_reg_12153[7]_i_41_n_0
    SLICE_X79Y101        CARRY8 (Prop_CARRY8_SLICEM_S[3]_O[4])
                                                      0.149     1.668 r  u_CORE/gen_lanes[3].u_LANE/u_WRAPPER/cnn_core_inst/phara_pool_aligned_hybrid_p8_cl_array_array_array_array_config4_config6_U0/first_activation_15_reg_12153_reg[7]_i_22/O[4]
                         net (fo=5, routed)           0.364     2.031    u_CORE/gen_lanes[3].u_LANE/u_WRAPPER/cnn_core_inst/phara_pool_aligned_hybrid_p8_cl_array_array_array_array_config4_config6_U0/first_activation_15_reg_12153_reg[7]_i_22_n_11
    SLICE_X81Y101        LUT5 (Prop_H5LUT_SLICEM_I4_O)
                                                      0.109     2.140 r  u_CORE/gen_lanes[3].u_LANE/u_WRAPPER/cnn_core_inst/phara_pool_aligned_hybrid_p8_cl_array_array_array_array_config4_config6_U0/first_activation_15_reg_12153[7]_i_19/O
                         net (fo=1, routed)           0.383     2.523    u_CORE/gen_lanes[3].u_LANE/u_WRAPPER/cnn_core_inst/phara_pool_aligned_hybrid_p8_cl_array_array_array_array_config4_config6_U0/first_activation_15_reg_12153[7]_i_19_n_0
    SLICE_X81Y102        CARRY8 (Prop_CARRY8_SLICEM_DI[4]_CO[7])
                                                      0.093     2.616 r  u_CORE/gen_lanes[3].u_LANE/u_WRAPPER/cnn_core_inst/phara_pool_aligned_hybrid_p8_cl_array_array_array_array_config4_config6_U0/first_activation_15_reg_12153_reg[7]_i_7/CO[7]
                         net (fo=1, routed)           0.026     2.642    u_CORE/gen_lanes[3].u_LANE/u_WRAPPER/cnn_core_inst/phara_pool_aligned_hybrid_p8_cl_array_array_array_array_config4_config6_U0/first_activation_15_reg_12153_reg[7]_i_7_n_0
    SLICE_X81Y103        CARRY8 (Prop_CARRY8_SLICEM_CI_O[1])
                                                      0.076     2.718 r  u_CORE/gen_lanes[3].u_LANE/u_WRAPPER/cnn_core_inst/phara_pool_aligned_hybrid_p8_cl_array_array_array_array_config4_config6_U0/first_activation_15_reg_12153_reg[14]_i_4/O[1]
                         net (fo=3, routed)           0.281     2.999    u_CORE/gen_lanes[3].u_LANE/u_WRAPPER/cnn_core_inst/phara_pool_aligned_hybrid_p8_cl_array_array_array_array_config4_config6_U0/phara_x4_5f_c_2d_5_5f_negative1_1_fu_5286_p2[9]
    SLICE_X79Y103        LUT3 (Prop_G6LUT_SLICEM_I0_O)
                                                      0.100     3.099 r  u_CORE/gen_lanes[3].u_LANE/u_WRAPPER/cnn_core_inst/phara_pool_aligned_hybrid_p8_cl_array_array_array_array_config4_config6_U0/first_activation_15_reg_12153[14]_i_8/O
                         net (fo=1, routed)           0.490     3.589    u_CORE/gen_lanes[3].u_LANE/u_WRAPPER/cnn_core_inst/phara_pool_aligned_hybrid_p8_cl_array_array_array_array_config4_config6_U0/first_activation_15_reg_12153[14]_i_8_n_0
    SLICE_X82Y103        CARRY8 (Prop_CARRY8_SLICEM_DI[2]_O[5])
                                                      0.193     3.782 f  u_CORE/gen_lanes[3].u_LANE/u_WRAPPER/cnn_core_inst/phara_pool_aligned_hybrid_p8_cl_array_array_array_array_config4_config6_U0/first_activation_15_reg_12153_reg[14]_i_2/O[5]
                         net (fo=3, routed)           0.150     3.932    u_CORE/gen_lanes[3].u_LANE/u_WRAPPER/cnn_core_inst/phara_pool_aligned_hybrid_p8_cl_array_array_array_array_config4_config6_U0/first_activation_15_reg_12153_reg[14]_i_2_n_10
    SLICE_X82Y104        LUT2 (Prop_G6LUT_SLICEM_I1_O)
                                                      0.150     4.082 r  u_CORE/gen_lanes[3].u_LANE/u_WRAPPER/cnn_core_inst/phara_pool_aligned_hybrid_p8_cl_array_array_array_array_config4_config6_U0/first_activation_15_reg_12153[14]_i_27/O
                         net (fo=1, routed)           0.016     4.098    u_CORE/gen_lanes[3].u_LANE/u_WRAPPER/cnn_core_inst/phara_pool_aligned_hybrid_p8_cl_array_array_array_array_config4_config6_U0/first_activation_15_reg_12153[14]_i_27_n_0
    SLICE_X82Y104        CARRY8 (Prop_CARRY8_SLICEM_S[6]_CO[7])
                                                      0.124     4.222 f  u_CORE/gen_lanes[3].u_LANE/u_WRAPPER/cnn_core_inst/phara_pool_aligned_hybrid_p8_cl_array_array_array_array_config4_config6_U0/first_activation_15_reg_12153_reg[14]_i_3/CO[7]
                         net (fo=1, routed)           0.146     4.368    u_CORE/gen_lanes[3].u_LANE/u_WRAPPER/cnn_core_inst/phara_pool_aligned_hybrid_p8_cl_array_array_array_array_config4_config6_U0/first_activation_15_reg_12153_reg[14]_i_3_n_0
    SLICE_X82Y105        LUT2 (Prop_A5LUT_SLICEM_I1_O)
                                                      0.070     4.438 r  u_CORE/gen_lanes[3].u_LANE/u_WRAPPER/cnn_core_inst/phara_pool_aligned_hybrid_p8_cl_array_array_array_array_config4_config6_U0/first_activation_15_reg_12153[14]_i_1/O
                         net (fo=15, routed)          0.434     4.873    u_CORE/gen_lanes[3].u_LANE/u_WRAPPER/cnn_core_inst/phara_pool_aligned_hybrid_p8_cl_array_array_array_array_config4_config6_U0/first_activation_15_reg_12153
    SLICE_X82Y103        FDRE                                         r  u_CORE/gen_lanes[3].u_LANE/u_WRAPPER/cnn_core_inst/phara_pool_aligned_hybrid_p8_cl_array_array_array_array_config4_config6_U0/first_activation_15_reg_12153_reg[10]/R
  -------------------------------------------------------------------    -------------------

                         (clock CLK_CNN rise edge)    5.000     5.000 r  
                                                      0.000     5.000 r  CLK_CNN (IN)
                         net (fo=31798, unset)        0.021     5.021    u_CORE/gen_lanes[3].u_LANE/u_WRAPPER/cnn_core_inst/phara_pool_aligned_hybrid_p8_cl_array_array_array_array_config4_config6_U0/ap_clk
    SLICE_X82Y103        FDRE                                         r  u_CORE/gen_lanes[3].u_LANE/u_WRAPPER/cnn_core_inst/phara_pool_aligned_hybrid_p8_cl_array_array_array_array_config4_config6_U0/first_activation_15_reg_12153_reg[10]/C
                         clock pessimism              0.000     5.021    
                         clock uncertainty           -0.035     4.986    
    SLICE_X82Y103        FDRE (Setup_CFF_SLICEM_C_R)
                                                     -0.074     4.912    u_CORE/gen_lanes[3].u_LANE/u_WRAPPER/cnn_core_inst/phara_pool_aligned_hybrid_p8_cl_array_array_array_array_config4_config6_U0/first_activation_15_reg_12153_reg[10]
  -------------------------------------------------------------------
                         required time                          4.912    
                         arrival time                          -4.873    
  -------------------------------------------------------------------
                         slack                                  0.039    





Min Delay Paths
--------------------------------------------------------------------------------------
Slack (MET) :             0.029ns  (arrival time - required time)
  Source:                 u_CORE/gen_lanes[2].u_LANE/u_WRAPPER/cnn_core_inst/phara_pool_aligned_hybrid_p8_cl_array_array_array_array_config4_config6_U0/select_ln619_23_reg_12748_reg[5]/C
                            (rising edge-triggered cell FDSE clocked by CLK_CNN  {rise@0.000ns fall@2.500ns period=5.000ns})
  Destination:            u_CORE/gen_lanes[2].u_LANE/u_WRAPPER/cnn_core_inst/layer6_out_x4_U/U_cnn_core_fifo_w280_d4_S_ShiftReg/SRL_SIG_reg[3][165]_srl4/D
                            (rising edge-triggered cell SRL16E clocked by CLK_CNN  {rise@0.000ns fall@2.500ns period=5.000ns})
  Path Group:             CLK_CNN
  Path Type:              Hold (Min at Fast Process Corner)
  Requirement:            0.000ns  (CLK_CNN rise@0.000ns - CLK_CNN rise@0.000ns)
  Data Path Delay:        0.117ns  (logic 0.038ns (32.479%)  route 0.079ns (67.521%))
  Logic Levels:           0  
  Clock Path Skew:        0.026ns (DCD - SCD - CPR)
    Destination Clock Delay (DCD):    0.039ns
    Source Clock Delay      (SCD):    0.013ns
    Clock Pessimism Removal (CPR):    -0.000ns

    Location             Delay type                Incr(ns)  Path(ns)    Netlist Resource(s)
  -------------------------------------------------------------------    -------------------
                         (clock CLK_CNN rise edge)    0.000     0.000 r  
                                                      0.000     0.000 r  CLK_CNN (IN)
                         net (fo=31798, unset)        0.013     0.013    u_CORE/gen_lanes[2].u_LANE/u_WRAPPER/cnn_core_inst/phara_pool_aligned_hybrid_p8_cl_array_array_array_array_config4_config6_U0/ap_clk
    SLICE_X107Y93        FDSE                                         r  u_CORE/gen_lanes[2].u_LANE/u_WRAPPER/cnn_core_inst/phara_pool_aligned_hybrid_p8_cl_array_array_array_array_config4_config6_U0/select_ln619_23_reg_12748_reg[5]/C
  -------------------------------------------------------------------    -------------------
    SLICE_X107Y93        FDSE (Prop_BFF_SLICEM_C_Q)
                                                      0.038     0.051 r  u_CORE/gen_lanes[2].u_LANE/u_WRAPPER/cnn_core_inst/phara_pool_aligned_hybrid_p8_cl_array_array_array_array_config4_config6_U0/select_ln619_23_reg_12748_reg[5]/Q
                         net (fo=1, routed)           0.079     0.130    u_CORE/gen_lanes[2].u_LANE/u_WRAPPER/cnn_core_inst/layer6_out_x4_U/U_cnn_core_fifo_w280_d4_S_ShiftReg/din[165]
    SLICE_X107Y91        SRL16E                                       r  u_CORE/gen_lanes[2].u_LANE/u_WRAPPER/cnn_core_inst/layer6_out_x4_U/U_cnn_core_fifo_w280_d4_S_ShiftReg/SRL_SIG_reg[3][165]_srl4/D
  -------------------------------------------------------------------    -------------------

                         (clock CLK_CNN rise edge)    0.000     0.000 r  
                                                      0.000     0.000 r  CLK_CNN (IN)
                         net (fo=31798, unset)        0.039     0.039    u_CORE/gen_lanes[2].u_LANE/u_WRAPPER/cnn_core_inst/layer6_out_x4_U/U_cnn_core_fifo_w280_d4_S_ShiftReg/clk
    SLICE_X107Y91        SRL16E                                       r  u_CORE/gen_lanes[2].u_LANE/u_WRAPPER/cnn_core_inst/layer6_out_x4_U/U_cnn_core_fifo_w280_d4_S_ShiftReg/SRL_SIG_reg[3][165]_srl4/CLK
                         clock pessimism              0.000     0.039    
    SLICE_X107Y91        SRL16E (Hold_H5LUT_SLICEM_CLK_D)
                                                      0.062     0.101    u_CORE/gen_lanes[2].u_LANE/u_WRAPPER/cnn_core_inst/layer6_out_x4_U/U_cnn_core_fifo_w280_d4_S_ShiftReg/SRL_SIG_reg[3][165]_srl4
  -------------------------------------------------------------------
                         required time                         -0.101    
                         arrival time                           0.130    
  -------------------------------------------------------------------
                         slack                                  0.029    





Pulse Width Checks
--------------------------------------------------------------------------------------
Clock Name:         CLK_CNN
Waveform(ns):       { 0.000 2.500 }
Period(ns):         5.000
Sources:            { CLK_CNN }

Check Type        Corner  Lib Pin             Reference Pin  Required(ns)  Actual(ns)  Slack(ns)  Location     Pin
Min Period        n/a     RAMB36E2/CLKARDCLK  n/a            1.355         5.000       3.645      RAMB36_X7Y9  u_CORE/gen_lanes[0].u_LANE/u_FIFO/gnuram_async_fifo.xpm_fifo_base_inst/gen_sdpram.xpm_memory_base_inst/gen_wr_a.gen_word_wide.mem_reg_bram_0/CLKARDCLK
Low Pulse Width   Slow    RAMB36E2/CLKARDCLK  n/a            0.542         2.500       1.958      RAMB36_X7Y9  u_CORE/gen_lanes[0].u_LANE/u_FIFO/gnuram_async_fifo.xpm_fifo_base_inst/gen_sdpram.xpm_memory_base_inst/gen_wr_a.gen_word_wide.mem_reg_bram_0/CLKARDCLK
High Pulse Width  Slow    RAMB36E2/CLKARDCLK  n/a            0.542         2.500       1.958      RAMB36_X7Y9  u_CORE/gen_lanes[0].u_LANE/u_FIFO/gnuram_async_fifo.xpm_fifo_base_inst/gen_sdpram.xpm_memory_base_inst/gen_wr_a.gen_word_wide.mem_reg_bram_0/CLKARDCLK



---------------------------------------------------------------------------------------------------
Path Group:  **async_default**
From Clock:  CLK_ADC
  To Clock:  CLK_ADC

Setup :            0  Failing Endpoints,  Worst Slack        2.120ns,  Total Violation        0.000ns
Hold  :            0  Failing Endpoints,  Worst Slack        0.247ns,  Total Violation        0.000ns
---------------------------------------------------------------------------------------------------


Max Delay Paths
--------------------------------------------------------------------------------------
Slack (MET) :             2.120ns  (required time - arrival time)
  Source:                 u_CORE/u_MULTIMODE_PATH/u_HILO/pre_trigger_reset_r_reg/C
                            (rising edge-triggered cell FDRE clocked by CLK_ADC  {rise@0.000ns fall@2.000ns period=4.000ns})
  Destination:            u_CORE/u_MULTIMODE_PATH/u_HILO/u_PRE_TRIGGER/chan_gen[3].U_CH/GATE_reg[13]/CLR
                            (recovery check against rising-edge clock CLK_ADC  {rise@0.000ns fall@2.000ns period=4.000ns})
  Path Group:             **async_default**
  Path Type:              Recovery (Max at Slow Process Corner)
  Requirement:            4.000ns  (CLK_ADC rise@4.000ns - CLK_ADC rise@0.000ns)
  Data Path Delay:        1.770ns  (logic 0.081ns (4.577%)  route 1.689ns (95.423%))
  Logic Levels:           0  
  Clock Path Skew:        -0.009ns (DCD - SCD + CPR)
    Destination Clock Delay (DCD):    0.020ns = ( 4.020 - 4.000 ) 
    Source Clock Delay      (SCD):    0.029ns
    Clock Pessimism Removal (CPR):    0.000ns
  Clock Uncertainty:      0.035ns  ((TSJ^2 + TIJ^2)^1/2 + DJ) / 2 + PE
    Total System Jitter     (TSJ):    0.071ns
    Total Input Jitter      (TIJ):    0.000ns
    Discrete Jitter          (DJ):    0.000ns
    Phase Error              (PE):    0.000ns

    Location             Delay type                Incr(ns)  Path(ns)    Netlist Resource(s)
  -------------------------------------------------------------------    -------------------
                         (clock CLK_ADC rise edge)    0.000     0.000 r  
                                                      0.000     0.000 r  CLK_ADC (IN)
                         net (fo=3709, unset)         0.029     0.029    u_CORE/u_MULTIMODE_PATH/u_HILO/CLK
    SLICE_X72Y82         FDRE                                         r  u_CORE/u_MULTIMODE_PATH/u_HILO/pre_trigger_reset_r_reg/C
  -------------------------------------------------------------------    -------------------
    SLICE_X72Y82         FDRE (Prop_FFF2_SLICEL_C_Q)
                                                      0.081     0.110 f  u_CORE/u_MULTIMODE_PATH/u_HILO/pre_trigger_reset_r_reg/Q
                         net (fo=190, routed)         1.689     1.799    u_CORE/u_MULTIMODE_PATH/u_HILO/u_PRE_TRIGGER/chan_gen[3].U_CH/RESET
    SLICE_X68Y123        FDCE                                         f  u_CORE/u_MULTIMODE_PATH/u_HILO/u_PRE_TRIGGER/chan_gen[3].U_CH/GATE_reg[13]/CLR
  -------------------------------------------------------------------    -------------------

                         (clock CLK_ADC rise edge)    4.000     4.000 r  
                                                      0.000     4.000 r  CLK_ADC (IN)
                         net (fo=3709, unset)         0.020     4.020    u_CORE/u_MULTIMODE_PATH/u_HILO/u_PRE_TRIGGER/chan_gen[3].U_CH/CLK
    SLICE_X68Y123        FDCE                                         r  u_CORE/u_MULTIMODE_PATH/u_HILO/u_PRE_TRIGGER/chan_gen[3].U_CH/GATE_reg[13]/C
                         clock pessimism              0.000     4.020    
                         clock uncertainty           -0.035     3.985    
    SLICE_X68Y123        FDCE (Recov_CFF_SLICEL_C_CLR)
                                                     -0.066     3.919    u_CORE/u_MULTIMODE_PATH/u_HILO/u_PRE_TRIGGER/chan_gen[3].U_CH/GATE_reg[13]
  -------------------------------------------------------------------
                         required time                          3.919    
                         arrival time                          -1.799    
  -------------------------------------------------------------------
                         slack                                  2.120    





Min Delay Paths
--------------------------------------------------------------------------------------
Slack (MET) :             0.247ns  (arrival time - required time)
  Source:                 u_CORE/u_MULTIMODE_PATH/u_HILO/pre_trigger_reset_r_reg/C
                            (rising edge-triggered cell FDRE clocked by CLK_ADC  {rise@0.000ns fall@2.000ns period=4.000ns})
  Destination:            u_CORE/u_MULTIMODE_PATH/u_HILO/u_PRE_TRIGGER/chan_gen[1].U_CH/GATE_reg[0]/CLR
                            (removal check against rising-edge clock CLK_ADC  {rise@0.000ns fall@2.000ns period=4.000ns})
  Path Group:             **async_default**
  Path Type:              Removal (Min at Fast Process Corner)
  Requirement:            0.000ns  (CLK_ADC rise@0.000ns - CLK_ADC rise@0.000ns)
  Data Path Delay:        0.232ns  (logic 0.040ns (17.247%)  route 0.192ns (82.753%))
  Logic Levels:           0  
  Clock Path Skew:        0.005ns (DCD - SCD - CPR)
    Destination Clock Delay (DCD):    0.018ns
    Source Clock Delay      (SCD):    0.013ns
    Clock Pessimism Removal (CPR):    -0.000ns

    Location             Delay type                Incr(ns)  Path(ns)    Netlist Resource(s)
  -------------------------------------------------------------------    -------------------
                         (clock CLK_ADC rise edge)    0.000     0.000 r  
                                                      0.000     0.000 r  CLK_ADC (IN)
                         net (fo=3709, unset)         0.013     0.013    u_CORE/u_MULTIMODE_PATH/u_HILO/CLK
    SLICE_X72Y82         FDRE                                         r  u_CORE/u_MULTIMODE_PATH/u_HILO/pre_trigger_reset_r_reg/C
  -------------------------------------------------------------------    -------------------
    SLICE_X72Y82         FDRE (Prop_FFF2_SLICEL_C_Q)
                                                      0.040     0.053 f  u_CORE/u_MULTIMODE_PATH/u_HILO/pre_trigger_reset_r_reg/Q
                         net (fo=190, routed)         0.192     0.245    u_CORE/u_MULTIMODE_PATH/u_HILO/u_PRE_TRIGGER/chan_gen[1].U_CH/RESET
    SLICE_X72Y99         FDCE                                         f  u_CORE/u_MULTIMODE_PATH/u_HILO/u_PRE_TRIGGER/chan_gen[1].U_CH/GATE_reg[0]/CLR
  -------------------------------------------------------------------    -------------------

                         (clock CLK_ADC rise edge)    0.000     0.000 r  
                                                      0.000     0.000 r  CLK_ADC (IN)
                         net (fo=3709, unset)         0.018     0.018    u_CORE/u_MULTIMODE_PATH/u_HILO/u_PRE_TRIGGER/chan_gen[1].U_CH/CLK
    SLICE_X72Y99         FDCE                                         r  u_CORE/u_MULTIMODE_PATH/u_HILO/u_PRE_TRIGGER/chan_gen[1].U_CH/GATE_reg[0]/C
                         clock pessimism              0.000     0.018    
    SLICE_X72Y99         FDCE (Remov_DFF_SLICEL_C_CLR)
                                                     -0.020    -0.002    u_CORE/u_MULTIMODE_PATH/u_HILO/u_PRE_TRIGGER/chan_gen[1].U_CH/GATE_reg[0]
  -------------------------------------------------------------------
                         required time                          0.002    
                         arrival time                           0.245    
  -------------------------------------------------------------------
                         slack                                  0.247    





