Copyright 1986-2022 Xilinx, Inc. All Rights Reserved. Copyright 2022-2023 Advanced Micro Devices, Inc. All Rights Reserved.
--------------------------------------------------------------------------------------------------------------------------------------------------
| Tool Version      : Vivado v.2023.2 (lin64) Build 4029153 Fri Oct 13 20:13:54 MDT 2023
| Date              : Fri Sep 18 00:38:34 2026
| Host              : AlbertsUbuntu running 64-bit Ubuntu 22.04.5 LTS
| Command           : report_timing_summary -return_string
| Design            : AI_TRIGGER_TOP
| Device            : xcku5p-ffvb676
| Speed File        : -2  PRODUCTION 1.29 05-01-2022
| Design State      : Routed
| Temperature Grade : E
--------------------------------------------------------------------------------------------------------------------------------------------------

Timing Summary Report

------------------------------------------------------------------------------------------------
| Timer Settings
| --------------
------------------------------------------------------------------------------------------------

  Enable Multi Corner Analysis               :  Yes
  Enable Pessimism Removal                   :  Yes
  Pessimism Removal Resolution               :  Nearest Common Node
  Enable Input Delay Default Clock           :  No
  Enable Preset / Clear Arcs                 :  No
  Disable Flight Delays                      :  No
  Ignore I/O Paths                           :  No
  Timing Early Launch at Borrowing Latches   :  No
  Borrow Time for Max Delay Exceptions       :  Yes
  Merge Timing Exceptions                    :  Yes
  Inter-SLR Compensation                     :  Conservative

  Corner  Analyze    Analyze    
  Name    Max Paths  Min Paths  
  ------  ---------  ---------  
  Slow    Yes        Yes        
  Fast    Yes        Yes        


------------------------------------------------------------------------------------------------
| Report Methodology
| ------------------
------------------------------------------------------------------------------------------------

Rule    Severity  Description                               Violations  
------  --------  ----------------------------------------  ----------  
XDCH-2  Warning   Same min and max delay values on IO port  875         

Note: This report is based on the most recent report_methodology run and may not be up-to-date. Run report_methodology on the current design for the latest report.



check_timing report

Table of Contents
-----------------
1. checking no_clock (0)
2. checking constant_clock (0)
3. checking pulse_width_clock (0)
4. checking unconstrained_internal_endpoints (0)
5. checking no_input_delay (1)
6. checking no_output_delay (0)
7. checking multiple_clock (0)
8. checking generated_clocks (0)
9. checking loops (0)
10. checking partial_input_delay (0)
11. checking partial_output_delay (0)
12. checking latch_loops (0)

1. checking no_clock (0)
------------------------
 There are 0 register/latch pins with no clock.


2. checking constant_clock (0)
------------------------------
 There are 0 register/latch pins with constant_clock.


3. checking pulse_width_clock (0)
---------------------------------
 There are 0 register/latch pins which need pulse_width check


4. checking unconstrained_internal_endpoints (0)
------------------------------------------------
 There are 0 pins that are not constrained for maximum delay.

 There are 0 pins that are not constrained for maximum delay due to constant clock.


5. checking no_input_delay (1)
------------------------------
 There are 0 input ports with no input delay specified.

 There is 1 input port with no input delay but user has a false path constraint. (MEDIUM)


6. checking no_output_delay (0)
-------------------------------
 There are 0 ports with no output delay specified.

 There are 0 ports with no output delay but user has a false path constraint

 There are 0 ports with no output delay but with a timing clock defined on it or propagating through it


7. checking multiple_clock (0)
------------------------------
 There are 0 register/latch pins with multiple clocks.


8. checking generated_clocks (0)
--------------------------------
 There are 0 generated clocks that are not connected to a clock source.


9. checking loops (0)
---------------------
 There are 0 combinational loops in the design.


10. checking partial_input_delay (0)
------------------------------------
 There are 0 input ports with partial input delay specified.


11. checking partial_output_delay (0)
-------------------------------------
 There are 0 ports with partial output delay specified.


12. checking latch_loops (0)
----------------------------
 There are 0 combinational latch loops in the design through latch input



------------------------------------------------------------------------------------------------
| Design Timing Summary
| ---------------------
------------------------------------------------------------------------------------------------

    WNS(ns)      TNS(ns)  TNS Failing Endpoints  TNS Total Endpoints      WHS(ns)      THS(ns)  THS Failing Endpoints  THS Total Endpoints     WPWS(ns)     TPWS(ns)  TPWS Failing Endpoints  TPWS Total Endpoints  
    -------      -------  ---------------------  -------------------      -------      -------  ---------------------  -------------------     --------     --------  ----------------------  --------------------  
      0.119        0.000                      0               161214        0.007        0.000                      0               159978        1.300        0.000                       0                 51986  


All user specified timing constraints are met.


------------------------------------------------------------------------------------------------
| Clock Summary
| -------------
------------------------------------------------------------------------------------------------

Clock    Waveform(ns)         Period(ns)      Frequency(MHz)
-----    ------------         ----------      --------------
CLK_ADC  {0.000 2.000}        4.000           250.000         
CLK_CNN  {0.000 2.500}        5.000           200.000         


------------------------------------------------------------------------------------------------
| Intra Clock Table
| -----------------
------------------------------------------------------------------------------------------------

Clock             WNS(ns)      TNS(ns)  TNS Failing Endpoints  TNS Total Endpoints      WHS(ns)      THS(ns)  THS Failing Endpoints  THS Total Endpoints     WPWS(ns)     TPWS(ns)  TPWS Failing Endpoints  TPWS Total Endpoints  
-----             -------      -------  ---------------------  -------------------      -------      -------  ---------------------  -------------------     --------     --------  ----------------------  --------------------  
CLK_ADC             0.173        0.000                      0                10955        0.039        0.000                      0                 9719        1.300        0.000                       0                  3196  
CLK_CNN             0.119        0.000                      0               150070        0.007        0.000                      0               150070        1.958        0.000                       0                 48790  


------------------------------------------------------------------------------------------------
| Inter Clock Table
| -----------------
------------------------------------------------------------------------------------------------

From Clock    To Clock          WNS(ns)      TNS(ns)  TNS Failing Endpoints  TNS Total Endpoints      WHS(ns)      THS(ns)  THS Failing Endpoints  THS Total Endpoints  
----------    --------          -------      -------  ---------------------  -------------------      -------      -------  ---------------------  -------------------  


------------------------------------------------------------------------------------------------
| Other Path Groups Table
| -----------------------
------------------------------------------------------------------------------------------------

Path Group         From Clock         To Clock               WNS(ns)      TNS(ns)  TNS Failing Endpoints  TNS Total Endpoints      WHS(ns)      THS(ns)  THS Failing Endpoints  THS Total Endpoints  
----------         ----------         --------               -------      -------  ---------------------  -------------------      -------      -------  ---------------------  -------------------  
**async_default**  CLK_ADC            CLK_ADC                  1.217        0.000                      0                  189        0.198        0.000                      0                  189  


------------------------------------------------------------------------------------------------
| Timing Details
| --------------
------------------------------------------------------------------------------------------------


---------------------------------------------------------------------------------------------------
From Clock:  CLK_ADC
  To Clock:  CLK_ADC

Setup :            0  Failing Endpoints,  Worst Slack        0.173ns,  Total Violation        0.000ns
Hold  :            0  Failing Endpoints,  Worst Slack        0.039ns,  Total Violation        0.000ns
PW    :            0  Failing Endpoints,  Worst Slack        1.300ns,  Total Violation        0.000ns
---------------------------------------------------------------------------------------------------


Max Delay Paths
--------------------------------------------------------------------------------------
Slack (MET) :             0.173ns  (required time - arrival time)
  Source:                 u_CORE/u_MULTIMODE_PATH/u_RECORDER/active_valid_r_reg/C
                            (rising edge-triggered cell FDRE clocked by CLK_ADC  {rise@0.000ns fall@2.000ns period=4.000ns})
  Destination:            u_CORE/u_MULTIMODE_PATH/u_GATED_READER/FSM_sequential_state_r_reg[0]/CE
                            (rising edge-triggered cell FDRE clocked by CLK_ADC  {rise@0.000ns fall@2.000ns period=4.000ns})
  Path Group:             CLK_ADC
  Path Type:              Setup (Max at Slow Process Corner)
  Requirement:            4.000ns  (CLK_ADC rise@4.000ns - CLK_ADC rise@0.000ns)
  Data Path Delay:        3.721ns  (logic 1.693ns (45.496%)  route 2.028ns (54.504%))
  Logic Levels:           14  (CARRY8=1 LUT1=1 LUT2=1 LUT3=2 LUT4=2 LUT5=1 LUT6=5 RAMD64E=1)
  Clock Path Skew:        -0.010ns (DCD - SCD + CPR)
    Destination Clock Delay (DCD):    0.020ns = ( 4.020 - 4.000 ) 
    Source Clock Delay      (SCD):    0.030ns
    Clock Pessimism Removal (CPR):    0.000ns
  Clock Uncertainty:      0.035ns  ((TSJ^2 + TIJ^2)^1/2 + DJ) / 2 + PE
    Total System Jitter     (TSJ):    0.071ns
    Total Input Jitter      (TIJ):    0.000ns
    Discrete Jitter          (DJ):    0.000ns
    Phase Error              (PE):    0.000ns

    Location             Delay type                Incr(ns)  Path(ns)    Netlist Resource(s)
  -------------------------------------------------------------------    -------------------
                         (clock CLK_ADC rise edge)    0.000     0.000 r  
                                                      0.000     0.000 r  CLK_ADC (IN)
                         net (fo=3195, unset)         0.030     0.030    u_CORE/u_MULTIMODE_PATH/u_RECORDER/CLK
    SLICE_X71Y120        FDRE                                         r  u_CORE/u_MULTIMODE_PATH/u_RECORDER/active_valid_r_reg/C
  -------------------------------------------------------------------    -------------------
    SLICE_X71Y120        FDRE (Prop_DFF_SLICEM_C_Q)
                                                      0.078     0.108 f  u_CORE/u_MULTIMODE_PATH/u_RECORDER/active_valid_r_reg/Q
                         net (fo=62, routed)          0.304     0.412    u_CORE/u_MULTIMODE_PATH/u_RECORDER/CHECK_VALID
    SLICE_X70Y117        LUT2 (Prop_C5LUT_SLICEL_I0_O)
                                                      0.158     0.570 f  u_CORE/u_MULTIMODE_PATH/u_RECORDER/CHECK_START_OFFSET[1]_INST_0/O
                         net (fo=1, routed)           0.115     0.685    u_CORE/u_MULTIMODE_PATH/u_RING_ARBITER/EVENT_CHECK_OFFSET[1]
    SLICE_X70Y117        LUT3 (Prop_C6LUT_SLICEL_I0_O)
                                                      0.096     0.781 f  u_CORE/u_MULTIMODE_PATH/u_RING_ARBITER/SHARED_CHECK_OFFSET[1]_INST_0/O
                         net (fo=2, routed)           0.131     0.912    u_CORE/u_MULTIMODE_PATH/u_RING/CHECK_START_OFFSET[1]
    SLICE_X69Y116        LUT1 (Prop_A6LUT_SLICEL_I0_O)
                                                      0.090     1.002 r  u_CORE/u_MULTIMODE_PATH/u_RING/tag_mem_reg_r2_0_63_0_6_i_7/O
                         net (fo=1, routed)           0.009     1.011    u_CORE/u_MULTIMODE_PATH/u_RING/tag_mem_reg_r2_0_63_0_6_i_7_n_3
    SLICE_X69Y116        CARRY8 (Prop_CARRY8_SLICEL_S[0]_O[6])
                                                      0.224     1.235 r  u_CORE/u_MULTIMODE_PATH/u_RING/tag_mem_reg_r2_0_63_0_6_i_2/O[6]
                         net (fo=39, routed)          0.326     1.562    u_CORE/u_MULTIMODE_PATH/u_RING/tag_mem_reg_r2_0_63_0_6/ADDRE1
    SLICE_X67Y114        RAMD64E (Prop_E6LUT_SLICEM_RADR1_O)
                                                      0.124     1.686 r  u_CORE/u_MULTIMODE_PATH/u_RING/tag_mem_reg_r2_0_63_0_6/RAME/O
                         net (fo=1, routed)           0.104     1.790    u_CORE/u_MULTIMODE_PATH/u_RING/CHECK_PRESENT2[4]
    SLICE_X68Y114        LUT4 (Prop_E6LUT_SLICEL_I0_O)
                                                      0.147     1.937 f  u_CORE/u_MULTIMODE_PATH/u_RING/CHECK_PRESENT_INST_0_i_24/O
                         net (fo=2, routed)           0.104     2.041    u_CORE/u_MULTIMODE_PATH/u_RING/CHECK_PRESENT_INST_0_i_24_n_3
    SLICE_X68Y115        LUT5 (Prop_E6LUT_SLICEL_I4_O)
                                                      0.147     2.188 f  u_CORE/u_MULTIMODE_PATH/u_RING/CHECK_PRESENT_INST_0_i_8/O
                         net (fo=1, routed)           0.142     2.330    u_CORE/u_MULTIMODE_PATH/u_RING/CHECK_PRESENT_INST_0_i_8_n_3
    SLICE_X68Y116        LUT6 (Prop_G6LUT_SLICEL_I4_O)
                                                      0.050     2.380 f  u_CORE/u_MULTIMODE_PATH/u_RING/CHECK_PRESENT_INST_0_i_2/O
                         net (fo=2, routed)           0.317     2.696    u_CORE/u_MULTIMODE_PATH/u_RING/CHECK_PRESENT_INST_0_i_2_n_3
    SLICE_X65Y117        LUT6 (Prop_D6LUT_SLICEL_I3_O)
                                                      0.050     2.746 r  u_CORE/u_MULTIMODE_PATH/u_RING/CHECK_PROTECTED_INST_0/O
                         net (fo=2, routed)           0.045     2.791    u_CORE/u_MULTIMODE_PATH/u_RING_ARBITER/SHARED_CHECK_PROTECTED
    SLICE_X65Y117        LUT3 (Prop_F6LUT_SLICEL_I2_O)
                                                      0.123     2.914 r  u_CORE/u_MULTIMODE_PATH/u_RING_ARBITER/GATED_CHECK_PROTECTED_INST_0/O
                         net (fo=2, routed)           0.096     3.010    u_CORE/u_MULTIMODE_PATH/u_GATED_READER/CHECK_PROTECTED
    SLICE_X65Y118        LUT6 (Prop_H6LUT_SLICEL_I2_O)
                                                      0.124     3.134 r  u_CORE/u_MULTIMODE_PATH/u_GATED_READER/RING_REQUEST_INST_0/O
                         net (fo=2, routed)           0.085     3.219    u_CORE/u_MULTIMODE_PATH/u_RING_ARBITER/GATED_REQUEST
    SLICE_X64Y118        LUT4 (Prop_E6LUT_SLICEL_I1_O)
                                                      0.099     3.318 r  u_CORE/u_MULTIMODE_PATH/u_RING_ARBITER/GATED_GRANT_INST_0/O
                         net (fo=1, routed)           0.057     3.375    u_CORE/u_MULTIMODE_PATH/u_GATED_READER/RING_GRANT
    SLICE_X64Y118        LUT6 (Prop_F6LUT_SLICEL_I5_O)
                                                      0.148     3.523 f  u_CORE/u_MULTIMODE_PATH/u_GATED_READER/rb_rd_en_r_i_2/O
                         net (fo=4, routed)           0.049     3.571    u_CORE/u_MULTIMODE_PATH/u_GATED_READER/rb_rd_en_r_i_2_n_3
    SLICE_X64Y118        LUT6 (Prop_G6LUT_SLICEL_I4_O)
                                                      0.035     3.606 r  u_CORE/u_MULTIMODE_PATH/u_GATED_READER/FSM_sequential_state_r[1]_i_1/O
                         net (fo=2, routed)           0.145     3.751    u_CORE/u_MULTIMODE_PATH/u_GATED_READER/FSM_sequential_state_r[1]_i_1_n_3
    SLICE_X64Y118        FDRE                                         r  u_CORE/u_MULTIMODE_PATH/u_GATED_READER/FSM_sequential_state_r_reg[0]/CE
  -------------------------------------------------------------------    -------------------

                         (clock CLK_ADC rise edge)    4.000     4.000 r  
                                                      0.000     4.000 r  CLK_ADC (IN)
                         net (fo=3195, unset)         0.020     4.020    u_CORE/u_MULTIMODE_PATH/u_GATED_READER/CLK
    SLICE_X64Y118        FDRE                                         r  u_CORE/u_MULTIMODE_PATH/u_GATED_READER/FSM_sequential_state_r_reg[0]/C
                         clock pessimism              0.000     4.020    
                         clock uncertainty           -0.035     3.985    
    SLICE_X64Y118        FDRE (Setup_HFF2_SLICEL_C_CE)
                                                     -0.060     3.925    u_CORE/u_MULTIMODE_PATH/u_GATED_READER/FSM_sequential_state_r_reg[0]
  -------------------------------------------------------------------
                         required time                          3.925    
                         arrival time                          -3.751    
  -------------------------------------------------------------------
                         slack                                  0.173    





Min Delay Paths
--------------------------------------------------------------------------------------
Slack (MET) :             0.039ns  (arrival time - required time)
  Source:                 u_CORE/gen_lanes[0].u_LANE/wr_count_reg[3]/C
                            (rising edge-triggered cell FDRE clocked by CLK_ADC  {rise@0.000ns fall@2.000ns period=4.000ns})
  Destination:            u_CORE/gen_lanes[0].u_LANE/wr_count_reg[4]/D
                            (rising edge-triggered cell FDRE clocked by CLK_ADC  {rise@0.000ns fall@2.000ns period=4.000ns})
  Path Group:             CLK_ADC
  Path Type:              Hold (Min at Fast Process Corner)
  Requirement:            0.000ns  (CLK_ADC rise@0.000ns - CLK_ADC rise@0.000ns)
  Data Path Delay:        0.092ns  (logic 0.059ns (64.343%)  route 0.033ns (35.657%))
  Logic Levels:           1  (LUT5=1)
  Clock Path Skew:        0.006ns (DCD - SCD - CPR)
    Destination Clock Delay (DCD):    0.019ns
    Source Clock Delay      (SCD):    0.013ns
    Clock Pessimism Removal (CPR):    -0.000ns

    Location             Delay type                Incr(ns)  Path(ns)    Netlist Resource(s)
  -------------------------------------------------------------------    -------------------
                         (clock CLK_ADC rise edge)    0.000     0.000 r  
                                                      0.000     0.000 r  CLK_ADC (IN)
                         net (fo=3195, unset)         0.013     0.013    u_CORE/gen_lanes[0].u_LANE/CLK_ADC
    SLICE_X51Y125        FDRE                                         r  u_CORE/gen_lanes[0].u_LANE/wr_count_reg[3]/C
  -------------------------------------------------------------------    -------------------
    SLICE_X51Y125        FDRE (Prop_HFF_SLICEL_C_Q)
                                                      0.039     0.052 r  u_CORE/gen_lanes[0].u_LANE/wr_count_reg[3]/Q
                         net (fo=4, routed)           0.027     0.079    u_CORE/gen_lanes[0].u_LANE/wr_count_reg_n_3_[3]
    SLICE_X51Y125        LUT5 (Prop_H5LUT_SLICEL_I1_O)
                                                      0.020     0.099 r  u_CORE/gen_lanes[0].u_LANE/wr_count[4]_i_1/O
                         net (fo=1, routed)           0.006     0.105    u_CORE/gen_lanes[0].u_LANE/wr_count[4]
    SLICE_X51Y125        FDRE                                         r  u_CORE/gen_lanes[0].u_LANE/wr_count_reg[4]/D
  -------------------------------------------------------------------    -------------------

                         (clock CLK_ADC rise edge)    0.000     0.000 r  
                                                      0.000     0.000 r  CLK_ADC (IN)
                         net (fo=3195, unset)         0.019     0.019    u_CORE/gen_lanes[0].u_LANE/CLK_ADC
    SLICE_X51Y125        FDRE                                         r  u_CORE/gen_lanes[0].u_LANE/wr_count_reg[4]/C
                         clock pessimism              0.000     0.019    
    SLICE_X51Y125        FDRE (Hold_HFF2_SLICEL_C_D)
                                                      0.047     0.066    u_CORE/gen_lanes[0].u_LANE/wr_count_reg[4]
  -------------------------------------------------------------------
                         required time                         -0.066    
                         arrival time                           0.105    
  -------------------------------------------------------------------
                         slack                                  0.039    





Pulse Width Checks
--------------------------------------------------------------------------------------
Clock Name:         CLK_ADC
Waveform(ns):       { 0.000 2.000 }
Period(ns):         4.000
Sources:            { CLK_ADC }

Check Type        Corner  Lib Pin      Reference Pin  Required(ns)  Actual(ns)  Slack(ns)  Location       Pin
Min Period        n/a     URAM288/CLK  n/a            2.000         4.000       2.000      URAM288_X0Y33  u_CORE/u_MULTIMODE_PATH/u_RING/batch_mem_reg_uram_0/CLK
Low Pulse Width   Slow    URAM288/CLK  n/a            0.700         2.000       1.300      URAM288_X0Y33  u_CORE/u_MULTIMODE_PATH/u_RING/batch_mem_reg_uram_0/CLK
High Pulse Width  Slow    URAM288/CLK  n/a            0.700         2.000       1.300      URAM288_X0Y33  u_CORE/u_MULTIMODE_PATH/u_RING/batch_mem_reg_uram_0/CLK



---------------------------------------------------------------------------------------------------
From Clock:  CLK_CNN
  To Clock:  CLK_CNN

Setup :            0  Failing Endpoints,  Worst Slack        0.119ns,  Total Violation        0.000ns
Hold  :            0  Failing Endpoints,  Worst Slack        0.007ns,  Total Violation        0.000ns
PW    :            0  Failing Endpoints,  Worst Slack        1.958ns,  Total Violation        0.000ns
---------------------------------------------------------------------------------------------------


Max Delay Paths
--------------------------------------------------------------------------------------
Slack (MET) :             0.119ns  (required time - arrival time)
  Source:                 u_CORE/gen_lanes[1].u_LANE/u_WRAPPER/cnn_core_inst/shared_conv_array_array_ap_fixed_48u_config7_4u_ravel_matrix_conv2d_1_2u_U0/cse62_2_reg_26551_reg[2]/C
                            (rising edge-triggered cell FDRE clocked by CLK_CNN  {rise@0.000ns fall@2.500ns period=5.000ns})
  Destination:            u_CORE/gen_lanes[1].u_LANE/u_WRAPPER/cnn_core_inst/shared_conv_array_array_ap_fixed_48u_config7_4u_ravel_matrix_conv2d_1_2u_U0/y0_f0_tree0_34_2_reg_27038_reg[16]/D
                            (rising edge-triggered cell FDRE clocked by CLK_CNN  {rise@0.000ns fall@2.500ns period=5.000ns})
  Path Group:             CLK_CNN
  Path Type:              Setup (Max at Slow Process Corner)
  Requirement:            5.000ns  (CLK_CNN rise@5.000ns - CLK_CNN rise@0.000ns)
  Data Path Delay:        4.862ns  (logic 1.148ns (23.613%)  route 3.714ns (76.387%))
  Logic Levels:           10  (CARRY8=5 LUT3=3 LUT5=1 LUT6=1)
  Clock Path Skew:        -0.009ns (DCD - SCD + CPR)
    Destination Clock Delay (DCD):    0.021ns = ( 5.021 - 5.000 ) 
    Source Clock Delay      (SCD):    0.030ns
    Clock Pessimism Removal (CPR):    0.000ns
  Clock Uncertainty:      0.035ns  ((TSJ^2 + TIJ^2)^1/2 + DJ) / 2 + PE
    Total System Jitter     (TSJ):    0.071ns
    Total Input Jitter      (TIJ):    0.000ns
    Discrete Jitter          (DJ):    0.000ns
    Phase Error              (PE):    0.000ns

    Location             Delay type                Incr(ns)  Path(ns)    Netlist Resource(s)
  -------------------------------------------------------------------    -------------------
                         (clock CLK_CNN rise edge)    0.000     0.000 r  
                                                      0.000     0.000 r  CLK_CNN (IN)
                         net (fo=48789, unset)        0.030     0.030    u_CORE/gen_lanes[1].u_LANE/u_WRAPPER/cnn_core_inst/shared_conv_array_array_ap_fixed_48u_config7_4u_ravel_matrix_conv2d_1_2u_U0/ap_clk
    SLICE_X79Y155        FDRE                                         r  u_CORE/gen_lanes[1].u_LANE/u_WRAPPER/cnn_core_inst/shared_conv_array_array_ap_fixed_48u_config7_4u_ravel_matrix_conv2d_1_2u_U0/cse62_2_reg_26551_reg[2]/C
  -------------------------------------------------------------------    -------------------
    SLICE_X79Y155        FDRE (Prop_CFF_SLICEM_C_Q)
                                                      0.078     0.108 r  u_CORE/gen_lanes[1].u_LANE/u_WRAPPER/cnn_core_inst/shared_conv_array_array_ap_fixed_48u_config7_4u_ravel_matrix_conv2d_1_2u_U0/cse62_2_reg_26551_reg[2]/Q
                         net (fo=3, routed)           0.909     1.017    u_CORE/gen_lanes[1].u_LANE/u_WRAPPER/cnn_core_inst/shared_conv_array_array_ap_fixed_48u_config7_4u_ravel_matrix_conv2d_1_2u_U0/cse62_2_reg_26551[2]
    SLICE_X102Y153       LUT3 (Prop_C6LUT_SLICEL_I1_O)
                                                      0.123     1.140 r  u_CORE/gen_lanes[1].u_LANE/u_WRAPPER/cnn_core_inst/shared_conv_array_array_ap_fixed_48u_config7_4u_ravel_matrix_conv2d_1_2u_U0/y0_f0_tree0_34_2_reg_27038[16]_i_108/O
                         net (fo=1, routed)           0.518     1.658    u_CORE/gen_lanes[1].u_LANE/u_WRAPPER/cnn_core_inst/shared_conv_array_array_ap_fixed_48u_config7_4u_ravel_matrix_conv2d_1_2u_U0/y0_f0_tree0_34_2_reg_27038[16]_i_108_n_3
    SLICE_X101Y156       CARRY8 (Prop_CARRY8_SLICEM_DI[3]_O[7])
                                                      0.185     1.843 r  u_CORE/gen_lanes[1].u_LANE/u_WRAPPER/cnn_core_inst/shared_conv_array_array_ap_fixed_48u_config7_4u_ravel_matrix_conv2d_1_2u_U0/y0_f0_tree0_34_2_reg_27038_reg[16]_i_73/O[7]
                         net (fo=5, routed)           0.516     2.359    u_CORE/gen_lanes[1].u_LANE/u_WRAPPER/cnn_core_inst/shared_conv_array_array_ap_fixed_48u_config7_4u_ravel_matrix_conv2d_1_2u_U0/sext_ln652_fu_18128_p1[7]
    SLICE_X102Y153       LUT3 (Prop_B6LUT_SLICEL_I2_O)
                                                      0.051     2.410 r  u_CORE/gen_lanes[1].u_LANE/u_WRAPPER/cnn_core_inst/shared_conv_array_array_ap_fixed_48u_config7_4u_ravel_matrix_conv2d_1_2u_U0/y0_f0_tree0_34_2_reg_27038[16]_i_45/O
                         net (fo=1, routed)           0.512     2.922    u_CORE/gen_lanes[1].u_LANE/u_WRAPPER/cnn_core_inst/shared_conv_array_array_ap_fixed_48u_config7_4u_ravel_matrix_conv2d_1_2u_U0/y0_f0_tree0_34_2_reg_27038[16]_i_45_n_3
    SLICE_X101Y154       CARRY8 (Prop_CARRY8_SLICEM_DI[0]_O[1])
                                                      0.081     3.003 r  u_CORE/gen_lanes[1].u_LANE/u_WRAPPER/cnn_core_inst/shared_conv_array_array_ap_fixed_48u_config7_4u_ravel_matrix_conv2d_1_2u_U0/y0_f0_tree0_34_2_reg_27038_reg[16]_i_7/O[1]
                         net (fo=6, routed)           0.554     3.556    u_CORE/gen_lanes[1].u_LANE/u_WRAPPER/cnn_core_inst/shared_conv_array_array_ap_fixed_48u_config7_4u_ravel_matrix_conv2d_1_2u_U0/y0_f0_tree0_34_2_reg_27038_reg[16]_i_7_n_17
    SLICE_X105Y154       LUT3 (Prop_H5LUT_SLICEL_I1_O)
                                                      0.109     3.665 r  u_CORE/gen_lanes[1].u_LANE/u_WRAPPER/cnn_core_inst/shared_conv_array_array_ap_fixed_48u_config7_4u_ravel_matrix_conv2d_1_2u_U0/y0_f0_tree0_34_2_reg_27038[16]_i_11/O
                         net (fo=1, routed)           0.188     3.853    u_CORE/gen_lanes[1].u_LANE/u_WRAPPER/cnn_core_inst/shared_conv_array_array_ap_fixed_48u_config7_4u_ravel_matrix_conv2d_1_2u_U0/y0_f0_tree0_34_2_reg_27038[16]_i_11_n_3
    SLICE_X105Y153       CARRY8 (Prop_CARRY8_SLICEL_DI[1]_O[2])
                                                      0.096     3.949 r  u_CORE/gen_lanes[1].u_LANE/u_WRAPPER/cnn_core_inst/shared_conv_array_array_ap_fixed_48u_config7_4u_ravel_matrix_conv2d_1_2u_U0/y0_f0_tree0_34_2_reg_27038_reg[16]_i_3/O[2]
                         net (fo=4, routed)           0.312     4.262    u_CORE/gen_lanes[1].u_LANE/u_WRAPPER/cnn_core_inst/shared_conv_array_array_ap_fixed_48u_config7_4u_ravel_matrix_conv2d_1_2u_U0/y0_f0_tree0_34_2_reg_27038_reg[16]_i_3_n_16
    SLICE_X109Y154       LUT6 (Prop_D6LUT_SLICEM_I4_O)
                                                      0.122     4.384 r  u_CORE/gen_lanes[1].u_LANE/u_WRAPPER/cnn_core_inst/shared_conv_array_array_ap_fixed_48u_config7_4u_ravel_matrix_conv2d_1_2u_U0/y0_f0_tree0_34_2_reg_27038[15]_i_5/O
                         net (fo=2, routed)           0.140     4.524    u_CORE/gen_lanes[1].u_LANE/u_WRAPPER/cnn_core_inst/shared_conv_array_array_ap_fixed_48u_config7_4u_ravel_matrix_conv2d_1_2u_U0/y0_f0_tree0_34_2_reg_27038[15]_i_5_n_3
    SLICE_X109Y153       LUT5 (Prop_E6LUT_SLICEM_I0_O)
                                                      0.091     4.615 r  u_CORE/gen_lanes[1].u_LANE/u_WRAPPER/cnn_core_inst/shared_conv_array_array_ap_fixed_48u_config7_4u_ravel_matrix_conv2d_1_2u_U0/y0_f0_tree0_34_2_reg_27038[15]_i_13/O
                         net (fo=1, routed)           0.014     4.629    u_CORE/gen_lanes[1].u_LANE/u_WRAPPER/cnn_core_inst/shared_conv_array_array_ap_fixed_48u_config7_4u_ravel_matrix_conv2d_1_2u_U0/y0_f0_tree0_34_2_reg_27038[15]_i_13_n_3
    SLICE_X109Y153       CARRY8 (Prop_CARRY8_SLICEM_S[4]_CO[7])
                                                      0.156     4.785 r  u_CORE/gen_lanes[1].u_LANE/u_WRAPPER/cnn_core_inst/shared_conv_array_array_ap_fixed_48u_config7_4u_ravel_matrix_conv2d_1_2u_U0/y0_f0_tree0_34_2_reg_27038_reg[15]_i_1/CO[7]
                         net (fo=1, routed)           0.026     4.811    u_CORE/gen_lanes[1].u_LANE/u_WRAPPER/cnn_core_inst/shared_conv_array_array_ap_fixed_48u_config7_4u_ravel_matrix_conv2d_1_2u_U0/y0_f0_tree0_34_2_reg_27038_reg[15]_i_1_n_3
    SLICE_X109Y154       CARRY8 (Prop_CARRY8_SLICEM_CI_O[0])
                                                      0.056     4.867 r  u_CORE/gen_lanes[1].u_LANE/u_WRAPPER/cnn_core_inst/shared_conv_array_array_ap_fixed_48u_config7_4u_ravel_matrix_conv2d_1_2u_U0/y0_f0_tree0_34_2_reg_27038_reg[16]_i_1/O[0]
                         net (fo=1, routed)           0.025     4.892    u_CORE/gen_lanes[1].u_LANE/u_WRAPPER/cnn_core_inst/shared_conv_array_array_ap_fixed_48u_config7_4u_ravel_matrix_conv2d_1_2u_U0/y0_f0_tree0_34_2_fu_18422_p2[16]
    SLICE_X109Y154       FDRE                                         r  u_CORE/gen_lanes[1].u_LANE/u_WRAPPER/cnn_core_inst/shared_conv_array_array_ap_fixed_48u_config7_4u_ravel_matrix_conv2d_1_2u_U0/y0_f0_tree0_34_2_reg_27038_reg[16]/D
  -------------------------------------------------------------------    -------------------

                         (clock CLK_CNN rise edge)    5.000     5.000 r  
                                                      0.000     5.000 r  CLK_CNN (IN)
                         net (fo=48789, unset)        0.021     5.021    u_CORE/gen_lanes[1].u_LANE/u_WRAPPER/cnn_core_inst/shared_conv_array_array_ap_fixed_48u_config7_4u_ravel_matrix_conv2d_1_2u_U0/ap_clk
    SLICE_X109Y154       FDRE                                         r  u_CORE/gen_lanes[1].u_LANE/u_WRAPPER/cnn_core_inst/shared_conv_array_array_ap_fixed_48u_config7_4u_ravel_matrix_conv2d_1_2u_U0/y0_f0_tree0_34_2_reg_27038_reg[16]/C
                         clock pessimism              0.000     5.021    
                         clock uncertainty           -0.035     4.986    
    SLICE_X109Y154       FDRE (Setup_AFF_SLICEM_C_D)
                                                      0.025     5.011    u_CORE/gen_lanes[1].u_LANE/u_WRAPPER/cnn_core_inst/shared_conv_array_array_ap_fixed_48u_config7_4u_ravel_matrix_conv2d_1_2u_U0/y0_f0_tree0_34_2_reg_27038_reg[16]
  -------------------------------------------------------------------
                         required time                          5.011    
                         arrival time                          -4.892    
  -------------------------------------------------------------------
                         slack                                  0.119    





Min Delay Paths
--------------------------------------------------------------------------------------
Slack (MET) :             0.007ns  (arrival time - required time)
  Source:                 u_CORE/gen_lanes[0].u_LANE/u_WRAPPER/cnn_core_inst/relu_array_ap_fixed_48u_array_ap_ufixed_17_8_5_3_0_48u_relu_config8_U0/select_ln51_62_reg_4526_reg[3]/C
                            (rising edge-triggered cell FDRE clocked by CLK_CNN  {rise@0.000ns fall@2.500ns period=5.000ns})
  Destination:            u_CORE/gen_lanes[0].u_LANE/u_WRAPPER/cnn_core_inst/layer8_out_U/U_cnn_core_fifo_w816_d4_A_ram/mem_reg_0_3_560_573/RAMG/I
                            (rising edge-triggered cell RAMD32 clocked by CLK_CNN  {rise@0.000ns fall@2.500ns period=5.000ns})
  Path Group:             CLK_CNN
  Path Type:              Hold (Min at Slow Process Corner)
  Requirement:            0.000ns  (CLK_CNN rise@0.000ns - CLK_CNN rise@0.000ns)
  Data Path Delay:        0.122ns  (logic 0.060ns (49.180%)  route 0.062ns (50.820%))
  Logic Levels:           0  
  Clock Path Skew:        0.037ns (DCD - SCD - CPR)
    Destination Clock Delay (DCD):    0.057ns
    Source Clock Delay      (SCD):    0.020ns
    Clock Pessimism Removal (CPR):    -0.000ns

    Location             Delay type                Incr(ns)  Path(ns)    Netlist Resource(s)
  -------------------------------------------------------------------    -------------------
                         (clock CLK_CNN rise edge)    0.000     0.000 r  
                                                      0.000     0.000 r  CLK_CNN (IN)
                         net (fo=48789, unset)        0.020     0.020    u_CORE/gen_lanes[0].u_LANE/u_WRAPPER/cnn_core_inst/relu_array_ap_fixed_48u_array_ap_ufixed_17_8_5_3_0_48u_relu_config8_U0/ap_clk
    SLICE_X100Y39        FDRE                                         r  u_CORE/gen_lanes[0].u_LANE/u_WRAPPER/cnn_core_inst/relu_array_ap_fixed_48u_array_ap_ufixed_17_8_5_3_0_48u_relu_config8_U0/select_ln51_62_reg_4526_reg[3]/C
  -------------------------------------------------------------------    -------------------
    SLICE_X100Y39        FDRE (Prop_AFF2_SLICEL_C_Q)
                                                      0.060     0.080 r  u_CORE/gen_lanes[0].u_LANE/u_WRAPPER/cnn_core_inst/relu_array_ap_fixed_48u_array_ap_ufixed_17_8_5_3_0_48u_relu_config8_U0/select_ln51_62_reg_4526_reg[3]/Q
                         net (fo=1, routed)           0.062     0.142    u_CORE/gen_lanes[0].u_LANE/u_WRAPPER/cnn_core_inst/layer8_out_U/U_cnn_core_fifo_w816_d4_A_ram/mem_reg_0_3_560_573/DIG0
    SLICE_X101Y39        RAMD32                                       r  u_CORE/gen_lanes[0].u_LANE/u_WRAPPER/cnn_core_inst/layer8_out_U/U_cnn_core_fifo_w816_d4_A_ram/mem_reg_0_3_560_573/RAMG/I
  -------------------------------------------------------------------    -------------------

                         (clock CLK_CNN rise edge)    0.000     0.000 r  
                                                      0.000     0.000 r  CLK_CNN (IN)
                         net (fo=48789, unset)        0.057     0.057    u_CORE/gen_lanes[0].u_LANE/u_WRAPPER/cnn_core_inst/layer8_out_U/U_cnn_core_fifo_w816_d4_A_ram/mem_reg_0_3_560_573/WCLK
    SLICE_X101Y39        RAMD32                                       r  u_CORE/gen_lanes[0].u_LANE/u_WRAPPER/cnn_core_inst/layer8_out_U/U_cnn_core_fifo_w816_d4_A_ram/mem_reg_0_3_560_573/RAMG/CLK
                         clock pessimism              0.000     0.057    
    SLICE_X101Y39        RAMD32 (Hold_G5LUT_SLICEM_CLK_I)
                                                      0.078     0.135    u_CORE/gen_lanes[0].u_LANE/u_WRAPPER/cnn_core_inst/layer8_out_U/U_cnn_core_fifo_w816_d4_A_ram/mem_reg_0_3_560_573/RAMG
  -------------------------------------------------------------------
                         required time                         -0.135    
                         arrival time                           0.142    
  -------------------------------------------------------------------
                         slack                                  0.007    





Pulse Width Checks
--------------------------------------------------------------------------------------
Clock Name:         CLK_CNN
Waveform(ns):       { 0.000 2.500 }
Period(ns):         5.000
Sources:            { CLK_CNN }

Check Type        Corner  Lib Pin             Reference Pin  Required(ns)  Actual(ns)  Slack(ns)  Location      Pin
Min Period        n/a     RAMB36E2/CLKARDCLK  n/a            1.355         5.000       3.645      RAMB36_X4Y26  u_CORE/gen_lanes[0].u_LANE/u_FIFO/gnuram_async_fifo.xpm_fifo_base_inst/gen_sdpram.xpm_memory_base_inst/gen_wr_a.gen_word_narrow.mem_reg_bram_0/CLKARDCLK
Low Pulse Width   Slow    RAMB36E2/CLKARDCLK  n/a            0.542         2.500       1.958      RAMB36_X4Y26  u_CORE/gen_lanes[0].u_LANE/u_FIFO/gnuram_async_fifo.xpm_fifo_base_inst/gen_sdpram.xpm_memory_base_inst/gen_wr_a.gen_word_narrow.mem_reg_bram_0/CLKARDCLK
High Pulse Width  Slow    RAMB36E2/CLKARDCLK  n/a            0.542         2.500       1.958      RAMB36_X4Y26  u_CORE/gen_lanes[0].u_LANE/u_FIFO/gnuram_async_fifo.xpm_fifo_base_inst/gen_sdpram.xpm_memory_base_inst/gen_wr_a.gen_word_narrow.mem_reg_bram_0/CLKARDCLK



---------------------------------------------------------------------------------------------------
Path Group:  **async_default**
From Clock:  CLK_ADC
  To Clock:  CLK_ADC

Setup :            0  Failing Endpoints,  Worst Slack        1.217ns,  Total Violation        0.000ns
Hold  :            0  Failing Endpoints,  Worst Slack        0.198ns,  Total Violation        0.000ns
---------------------------------------------------------------------------------------------------


Max Delay Paths
--------------------------------------------------------------------------------------
Slack (MET) :             1.217ns  (required time - arrival time)
  Source:                 u_CORE/u_MULTIMODE_PATH/u_HILO/pre_trigger_reset_r_reg/C
                            (rising edge-triggered cell FDRE clocked by CLK_ADC  {rise@0.000ns fall@2.000ns period=4.000ns})
  Destination:            u_CORE/u_MULTIMODE_PATH/u_HILO/u_PRE_TRIGGER/chan_gen[3].U_CH/carry_count_lo_d_reg[0]/CLR
                            (recovery check against rising-edge clock CLK_ADC  {rise@0.000ns fall@2.000ns period=4.000ns})
  Path Group:             **async_default**
  Path Type:              Recovery (Max at Slow Process Corner)
  Requirement:            4.000ns  (CLK_ADC rise@4.000ns - CLK_ADC rise@0.000ns)
  Data Path Delay:        2.672ns  (logic 0.076ns (2.845%)  route 2.596ns (97.155%))
  Logic Levels:           0  
  Clock Path Skew:        -0.010ns (DCD - SCD + CPR)
    Destination Clock Delay (DCD):    0.020ns = ( 4.020 - 4.000 ) 
    Source Clock Delay      (SCD):    0.030ns
    Clock Pessimism Removal (CPR):    0.000ns
  Clock Uncertainty:      0.035ns  ((TSJ^2 + TIJ^2)^1/2 + DJ) / 2 + PE
    Total System Jitter     (TSJ):    0.071ns
    Total Input Jitter      (TIJ):    0.000ns
    Discrete Jitter          (DJ):    0.000ns
    Phase Error              (PE):    0.000ns

    Location             Delay type                Incr(ns)  Path(ns)    Netlist Resource(s)
  -------------------------------------------------------------------    -------------------
                         (clock CLK_ADC rise edge)    0.000     0.000 r  
                                                      0.000     0.000 r  CLK_ADC (IN)
                         net (fo=3195, unset)         0.030     0.030    u_CORE/u_MULTIMODE_PATH/u_HILO/CLK
    SLICE_X92Y108        FDRE                                         r  u_CORE/u_MULTIMODE_PATH/u_HILO/pre_trigger_reset_r_reg/C
  -------------------------------------------------------------------    -------------------
    SLICE_X92Y108        FDRE (Prop_EFF_SLICEM_C_Q)
                                                      0.076     0.106 f  u_CORE/u_MULTIMODE_PATH/u_HILO/pre_trigger_reset_r_reg/Q
                         net (fo=190, routed)         2.596     2.702    u_CORE/u_MULTIMODE_PATH/u_HILO/u_PRE_TRIGGER/chan_gen[3].U_CH/RESET
    SLICE_X108Y96        FDCE                                         f  u_CORE/u_MULTIMODE_PATH/u_HILO/u_PRE_TRIGGER/chan_gen[3].U_CH/carry_count_lo_d_reg[0]/CLR
  -------------------------------------------------------------------    -------------------

                         (clock CLK_ADC rise edge)    4.000     4.000 r  
                                                      0.000     4.000 r  CLK_ADC (IN)
                         net (fo=3195, unset)         0.020     4.020    u_CORE/u_MULTIMODE_PATH/u_HILO/u_PRE_TRIGGER/chan_gen[3].U_CH/CLK
    SLICE_X108Y96        FDCE                                         r  u_CORE/u_MULTIMODE_PATH/u_HILO/u_PRE_TRIGGER/chan_gen[3].U_CH/carry_count_lo_d_reg[0]/C
                         clock pessimism              0.000     4.020    
                         clock uncertainty           -0.035     3.985    
    SLICE_X108Y96        FDCE (Recov_DFF_SLICEL_C_CLR)
                                                     -0.066     3.919    u_CORE/u_MULTIMODE_PATH/u_HILO/u_PRE_TRIGGER/chan_gen[3].U_CH/carry_count_lo_d_reg[0]
  -------------------------------------------------------------------
                         required time                          3.919    
                         arrival time                          -2.702    
  -------------------------------------------------------------------
                         slack                                  1.217    





Min Delay Paths
--------------------------------------------------------------------------------------
Slack (MET) :             0.198ns  (arrival time - required time)
  Source:                 u_CORE/u_MULTIMODE_PATH/u_HILO/pre_trigger_reset_r_reg/C
                            (rising edge-triggered cell FDRE clocked by CLK_ADC  {rise@0.000ns fall@2.000ns period=4.000ns})
  Destination:            u_CORE/u_MULTIMODE_PATH/u_HILO/u_PRE_TRIGGER/coinc_d_reg[0][1]/CLR
                            (removal check against rising-edge clock CLK_ADC  {rise@0.000ns fall@2.000ns period=4.000ns})
  Path Group:             **async_default**
  Path Type:              Removal (Min at Fast Process Corner)
  Requirement:            0.000ns  (CLK_ADC rise@0.000ns - CLK_ADC rise@0.000ns)
  Data Path Delay:        0.184ns  (logic 0.038ns (20.640%)  route 0.146ns (79.360%))
  Logic Levels:           0  
  Clock Path Skew:        0.006ns (DCD - SCD - CPR)
    Destination Clock Delay (DCD):    0.019ns
    Source Clock Delay      (SCD):    0.013ns
    Clock Pessimism Removal (CPR):    -0.000ns

    Location             Delay type                Incr(ns)  Path(ns)    Netlist Resource(s)
  -------------------------------------------------------------------    -------------------
                         (clock CLK_ADC rise edge)    0.000     0.000 r  
                                                      0.000     0.000 r  CLK_ADC (IN)
                         net (fo=3195, unset)         0.013     0.013    u_CORE/u_MULTIMODE_PATH/u_HILO/CLK
    SLICE_X92Y108        FDRE                                         r  u_CORE/u_MULTIMODE_PATH/u_HILO/pre_trigger_reset_r_reg/C
  -------------------------------------------------------------------    -------------------
    SLICE_X92Y108        FDRE (Prop_EFF_SLICEM_C_Q)
                                                      0.038     0.051 f  u_CORE/u_MULTIMODE_PATH/u_HILO/pre_trigger_reset_r_reg/Q
                         net (fo=190, routed)         0.146     0.197    u_CORE/u_MULTIMODE_PATH/u_HILO/u_PRE_TRIGGER/RESET
    SLICE_X94Y108        FDCE                                         f  u_CORE/u_MULTIMODE_PATH/u_HILO/u_PRE_TRIGGER/coinc_d_reg[0][1]/CLR
  -------------------------------------------------------------------    -------------------

                         (clock CLK_ADC rise edge)    0.000     0.000 r  
                                                      0.000     0.000 r  CLK_ADC (IN)
                         net (fo=3195, unset)         0.019     0.019    u_CORE/u_MULTIMODE_PATH/u_HILO/u_PRE_TRIGGER/CLK
    SLICE_X94Y108        FDCE                                         r  u_CORE/u_MULTIMODE_PATH/u_HILO/u_PRE_TRIGGER/coinc_d_reg[0][1]/C
                         clock pessimism              0.000     0.019    
    SLICE_X94Y108        FDCE (Remov_GFF_SLICEL_C_CLR)
                                                     -0.020    -0.001    u_CORE/u_MULTIMODE_PATH/u_HILO/u_PRE_TRIGGER/coinc_d_reg[0][1]
  -------------------------------------------------------------------
                         required time                          0.001    
                         arrival time                           0.197    
  -------------------------------------------------------------------
                         slack                                  0.198    





