Copyright 1986-2022 Xilinx, Inc. All Rights Reserved. Copyright 2022-2023 Advanced Micro Devices, Inc. All Rights Reserved.
--------------------------------------------------------------------------------------------------------------------------------------------------
| Tool Version      : Vivado v.2023.2 (lin64) Build 4029153 Fri Oct 13 20:13:54 MDT 2023
| Date              : Fri Sep 18 00:27:40 2026
| Host              : AlbertsUbuntu running 64-bit Ubuntu 22.04.5 LTS
| Command           : report_timing_summary -return_string
| Design            : AI_TRIGGER_TOP
| Device            : xcku5p-ffvb676
| Speed File        : -2  PRODUCTION 1.29 05-01-2022
| Design State      : Physopt postRoute
| Temperature Grade : E
--------------------------------------------------------------------------------------------------------------------------------------------------

Timing Summary Report

------------------------------------------------------------------------------------------------
| Timer Settings
| --------------
------------------------------------------------------------------------------------------------

  Enable Multi Corner Analysis               :  Yes
  Enable Pessimism Removal                   :  Yes
  Pessimism Removal Resolution               :  Nearest Common Node
  Enable Input Delay Default Clock           :  No
  Enable Preset / Clear Arcs                 :  No
  Disable Flight Delays                      :  No
  Ignore I/O Paths                           :  No
  Timing Early Launch at Borrowing Latches   :  No
  Borrow Time for Max Delay Exceptions       :  Yes
  Merge Timing Exceptions                    :  Yes
  Inter-SLR Compensation                     :  Conservative

  Corner  Analyze    Analyze    
  Name    Max Paths  Min Paths  
  ------  ---------  ---------  
  Slow    Yes        Yes        
  Fast    Yes        Yes        


------------------------------------------------------------------------------------------------
| Report Methodology
| ------------------
------------------------------------------------------------------------------------------------

Rule    Severity  Description                               Violations  
------  --------  ----------------------------------------  ----------  
XDCH-2  Warning   Same min and max delay values on IO port  875         

Note: This report is based on the most recent report_methodology run and may not be up-to-date. Run report_methodology on the current design for the latest report.



check_timing report

Table of Contents
-----------------
1. checking no_clock (0)
2. checking constant_clock (0)
3. checking pulse_width_clock (0)
4. checking unconstrained_internal_endpoints (0)
5. checking no_input_delay (1)
6. checking no_output_delay (0)
7. checking multiple_clock (0)
8. checking generated_clocks (0)
9. checking loops (0)
10. checking partial_input_delay (0)
11. checking partial_output_delay (0)
12. checking latch_loops (0)

1. checking no_clock (0)
------------------------
 There are 0 register/latch pins with no clock.


2. checking constant_clock (0)
------------------------------
 There are 0 register/latch pins with constant_clock.


3. checking pulse_width_clock (0)
---------------------------------
 There are 0 register/latch pins which need pulse_width check


4. checking unconstrained_internal_endpoints (0)
------------------------------------------------
 There are 0 pins that are not constrained for maximum delay.

 There are 0 pins that are not constrained for maximum delay due to constant clock.


5. checking no_input_delay (1)
------------------------------
 There are 0 input ports with no input delay specified.

 There is 1 input port with no input delay but user has a false path constraint. (MEDIUM)


6. checking no_output_delay (0)
-------------------------------
 There are 0 ports with no output delay specified.

 There are 0 ports with no output delay but user has a false path constraint

 There are 0 ports with no output delay but with a timing clock defined on it or propagating through it


7. checking multiple_clock (0)
------------------------------
 There are 0 register/latch pins with multiple clocks.


8. checking generated_clocks (0)
--------------------------------
 There are 0 generated clocks that are not connected to a clock source.


9. checking loops (0)
---------------------
 There are 0 combinational loops in the design.


10. checking partial_input_delay (0)
------------------------------------
 There are 0 input ports with partial input delay specified.


11. checking partial_output_delay (0)
-------------------------------------
 There are 0 ports with partial output delay specified.


12. checking latch_loops (0)
----------------------------
 There are 0 combinational latch loops in the design through latch input



------------------------------------------------------------------------------------------------
| Design Timing Summary
| ---------------------
------------------------------------------------------------------------------------------------

    WNS(ns)      TNS(ns)  TNS Failing Endpoints  TNS Total Endpoints      WHS(ns)      THS(ns)  THS Failing Endpoints  THS Total Endpoints     WPWS(ns)     TPWS(ns)  TPWS Failing Endpoints  TPWS Total Endpoints  
    -------      -------  ---------------------  -------------------      -------      -------  ---------------------  -------------------     --------     --------  ----------------------  --------------------  
      0.191        0.000                      0               161211        0.007        0.000                      0               159975        1.300        0.000                       0                 51985  


All user specified timing constraints are met.


------------------------------------------------------------------------------------------------
| Clock Summary
| -------------
------------------------------------------------------------------------------------------------

Clock    Waveform(ns)         Period(ns)      Frequency(MHz)
-----    ------------         ----------      --------------
CLK_ADC  {0.000 2.000}        4.000           250.000         
CLK_CNN  {0.000 2.500}        5.000           200.000         


------------------------------------------------------------------------------------------------
| Intra Clock Table
| -----------------
------------------------------------------------------------------------------------------------

Clock             WNS(ns)      TNS(ns)  TNS Failing Endpoints  TNS Total Endpoints      WHS(ns)      THS(ns)  THS Failing Endpoints  THS Total Endpoints     WPWS(ns)     TPWS(ns)  TPWS Failing Endpoints  TPWS Total Endpoints  
-----             -------      -------  ---------------------  -------------------      -------      -------  ---------------------  -------------------     --------     --------  ----------------------  --------------------  
CLK_ADC             0.191        0.000                      0                10955        0.038        0.000                      0                 9719        1.300        0.000                       0                  3196  
CLK_CNN             0.310        0.000                      0               150067        0.007        0.000                      0               150067        1.958        0.000                       0                 48789  


------------------------------------------------------------------------------------------------
| Inter Clock Table
| -----------------
------------------------------------------------------------------------------------------------

From Clock    To Clock          WNS(ns)      TNS(ns)  TNS Failing Endpoints  TNS Total Endpoints      WHS(ns)      THS(ns)  THS Failing Endpoints  THS Total Endpoints  
----------    --------          -------      -------  ---------------------  -------------------      -------      -------  ---------------------  -------------------  


------------------------------------------------------------------------------------------------
| Other Path Groups Table
| -----------------------
------------------------------------------------------------------------------------------------

Path Group         From Clock         To Clock               WNS(ns)      TNS(ns)  TNS Failing Endpoints  TNS Total Endpoints      WHS(ns)      THS(ns)  THS Failing Endpoints  THS Total Endpoints  
----------         ----------         --------               -------      -------  ---------------------  -------------------      -------      -------  ---------------------  -------------------  
**async_default**  CLK_ADC            CLK_ADC                  1.645        0.000                      0                  189        0.334        0.000                      0                  189  


------------------------------------------------------------------------------------------------
| Timing Details
| --------------
------------------------------------------------------------------------------------------------


---------------------------------------------------------------------------------------------------
From Clock:  CLK_ADC
  To Clock:  CLK_ADC

Setup :            0  Failing Endpoints,  Worst Slack        0.191ns,  Total Violation        0.000ns
Hold  :            0  Failing Endpoints,  Worst Slack        0.038ns,  Total Violation        0.000ns
PW    :            0  Failing Endpoints,  Worst Slack        1.300ns,  Total Violation        0.000ns
---------------------------------------------------------------------------------------------------


Max Delay Paths
--------------------------------------------------------------------------------------
Slack (MET) :             0.191ns  (required time - arrival time)
  Source:                 u_CORE/u_MULTIMODE_PATH/u_RECORDER/active_valid_r_reg/C
                            (rising edge-triggered cell FDRE clocked by CLK_ADC  {rise@0.000ns fall@2.000ns period=4.000ns})
  Destination:            u_CORE/u_MULTIMODE_PATH/u_GATED_READER/rb_rd_chunk_id_r_reg[11]/CE
                            (rising edge-triggered cell FDRE clocked by CLK_ADC  {rise@0.000ns fall@2.000ns period=4.000ns})
  Path Group:             CLK_ADC
  Path Type:              Setup (Max at Slow Process Corner)
  Requirement:            4.000ns  (CLK_ADC rise@4.000ns - CLK_ADC rise@0.000ns)
  Data Path Delay:        3.706ns  (logic 1.401ns (37.804%)  route 2.305ns (62.196%))
  Logic Levels:           14  (CARRY8=1 LUT1=1 LUT2=1 LUT3=2 LUT4=2 LUT5=1 LUT6=5 RAMD64E=1)
  Clock Path Skew:        -0.007ns (DCD - SCD + CPR)
    Destination Clock Delay (DCD):    0.021ns = ( 4.021 - 4.000 ) 
    Source Clock Delay      (SCD):    0.028ns
    Clock Pessimism Removal (CPR):    0.000ns
  Clock Uncertainty:      0.035ns  ((TSJ^2 + TIJ^2)^1/2 + DJ) / 2 + PE
    Total System Jitter     (TSJ):    0.071ns
    Total Input Jitter      (TIJ):    0.000ns
    Discrete Jitter          (DJ):    0.000ns
    Phase Error              (PE):    0.000ns

    Location             Delay type                Incr(ns)  Path(ns)    Netlist Resource(s)
  -------------------------------------------------------------------    -------------------
                         (clock CLK_ADC rise edge)    0.000     0.000 r  
                                                      0.000     0.000 r  CLK_ADC (IN)
                         net (fo=3195, unset)         0.028     0.028    u_CORE/u_MULTIMODE_PATH/u_RECORDER/CLK
    SLICE_X46Y169        FDRE                                         r  u_CORE/u_MULTIMODE_PATH/u_RECORDER/active_valid_r_reg/C
  -------------------------------------------------------------------    -------------------
    SLICE_X46Y169        FDRE (Prop_BFF_SLICEL_C_Q)
                                                      0.079     0.107 f  u_CORE/u_MULTIMODE_PATH/u_RECORDER/active_valid_r_reg/Q
                         net (fo=62, routed)          0.132     0.239    u_CORE/u_MULTIMODE_PATH/u_RECORDER/CHECK_VALID
    SLICE_X46Y168        LUT2 (Prop_E6LUT_SLICEL_I0_O)
                                                      0.090     0.329 f  u_CORE/u_MULTIMODE_PATH/u_RECORDER/CHECK_START_OFFSET[1]_INST_0/O
                         net (fo=1, routed)           0.109     0.438    u_CORE/u_MULTIMODE_PATH/u_RING_ARBITER/EVENT_CHECK_OFFSET[1]
    SLICE_X46Y168        LUT3 (Prop_H6LUT_SLICEL_I0_O)
                                                      0.150     0.588 f  u_CORE/u_MULTIMODE_PATH/u_RING_ARBITER/SHARED_CHECK_OFFSET[1]_INST_0/O
                         net (fo=2, routed)           0.191     0.779    u_CORE/u_MULTIMODE_PATH/u_RING/CHECK_START_OFFSET[1]
    SLICE_X47Y167        LUT1 (Prop_A6LUT_SLICEL_I0_O)
                                                      0.090     0.869 r  u_CORE/u_MULTIMODE_PATH/u_RING/tag_mem_reg_r2_0_63_0_6_i_7/O
                         net (fo=1, routed)           0.009     0.878    u_CORE/u_MULTIMODE_PATH/u_RING/tag_mem_reg_r2_0_63_0_6_i_7_n_3
    SLICE_X47Y167        CARRY8 (Prop_CARRY8_SLICEL_S[0]_O[5])
                                                      0.238     1.116 r  u_CORE/u_MULTIMODE_PATH/u_RING/tag_mem_reg_r2_0_63_0_6_i_2/O[5]
                         net (fo=39, routed)          0.425     1.541    u_CORE/u_MULTIMODE_PATH/u_RING/tag_mem_reg_r2_0_63_0_6/ADDRD0
    SLICE_X49Y166        RAMD64E (Prop_D6LUT_SLICEM_RADR0_O)
                                                      0.145     1.686 r  u_CORE/u_MULTIMODE_PATH/u_RING/tag_mem_reg_r2_0_63_0_6/RAMD/O
                         net (fo=1, routed)           0.154     1.840    u_CORE/u_MULTIMODE_PATH/u_RING/CHECK_PRESENT2[3]
    SLICE_X48Y168        LUT4 (Prop_C6LUT_SLICEL_I2_O)
                                                      0.146     1.986 f  u_CORE/u_MULTIMODE_PATH/u_RING/CHECK_PRESENT_INST_0_i_24/O
                         net (fo=2, routed)           0.136     2.122    u_CORE/u_MULTIMODE_PATH/u_RING/CHECK_PRESENT_INST_0_i_24_n_3
    SLICE_X48Y168        LUT5 (Prop_E6LUT_SLICEL_I4_O)
                                                      0.051     2.173 f  u_CORE/u_MULTIMODE_PATH/u_RING/CHECK_PRESENT_INST_0_i_8/O
                         net (fo=1, routed)           0.087     2.260    u_CORE/u_MULTIMODE_PATH/u_RING/CHECK_PRESENT_INST_0_i_8_n_3
    SLICE_X48Y168        LUT6 (Prop_H6LUT_SLICEL_I4_O)
                                                      0.090     2.350 f  u_CORE/u_MULTIMODE_PATH/u_RING/CHECK_PRESENT_INST_0_i_2/O
                         net (fo=2, routed)           0.228     2.578    u_CORE/u_MULTIMODE_PATH/u_RING/CHECK_PRESENT_INST_0_i_2_n_3
    SLICE_X46Y167        LUT6 (Prop_H6LUT_SLICEL_I3_O)
                                                      0.036     2.614 r  u_CORE/u_MULTIMODE_PATH/u_RING/CHECK_PROTECTED_INST_0/O
                         net (fo=2, routed)           0.162     2.776    u_CORE/u_MULTIMODE_PATH/u_RING_ARBITER/SHARED_CHECK_PROTECTED
    SLICE_X46Y165        LUT3 (Prop_C6LUT_SLICEL_I2_O)
                                                      0.035     2.811 r  u_CORE/u_MULTIMODE_PATH/u_RING_ARBITER/GATED_CHECK_PROTECTED_INST_0/O
                         net (fo=2, routed)           0.180     2.991    u_CORE/u_MULTIMODE_PATH/u_GATED_READER/CHECK_PROTECTED
    SLICE_X46Y165        LUT6 (Prop_H6LUT_SLICEL_I2_O)
                                                      0.090     3.081 r  u_CORE/u_MULTIMODE_PATH/u_GATED_READER/RING_REQUEST_INST_0/O
                         net (fo=2, routed)           0.091     3.172    u_CORE/u_MULTIMODE_PATH/u_RING_ARBITER/GATED_REQUEST
    SLICE_X46Y164        LUT4 (Prop_E6LUT_SLICEL_I1_O)
                                                      0.090     3.262 r  u_CORE/u_MULTIMODE_PATH/u_RING_ARBITER/GATED_GRANT_INST_0/O
                         net (fo=1, routed)           0.038     3.300    u_CORE/u_MULTIMODE_PATH/u_GATED_READER/RING_GRANT
    SLICE_X46Y164        LUT6 (Prop_C6LUT_SLICEL_I0_O)
                                                      0.035     3.335 r  u_CORE/u_MULTIMODE_PATH/u_GATED_READER/rb_rd_en_r_i_2/O
                         net (fo=4, routed)           0.049     3.384    u_CORE/u_MULTIMODE_PATH/u_GATED_READER/rb_rd_en_r_i_2_n_3
    SLICE_X46Y164        LUT6 (Prop_D6LUT_SLICEL_I0_O)
                                                      0.036     3.420 r  u_CORE/u_MULTIMODE_PATH/u_GATED_READER/rb_rd_en_r_i_1/O
                         net (fo=23, routed)          0.314     3.734    u_CORE/u_MULTIMODE_PATH/u_GATED_READER/rb_rd_en_r
    SLICE_X44Y165        FDRE                                         r  u_CORE/u_MULTIMODE_PATH/u_GATED_READER/rb_rd_chunk_id_r_reg[11]/CE
  -------------------------------------------------------------------    -------------------

                         (clock CLK_ADC rise edge)    4.000     4.000 r  
                                                      0.000     4.000 r  CLK_ADC (IN)
                         net (fo=3195, unset)         0.021     4.021    u_CORE/u_MULTIMODE_PATH/u_GATED_READER/CLK
    SLICE_X44Y165        FDRE                                         r  u_CORE/u_MULTIMODE_PATH/u_GATED_READER/rb_rd_chunk_id_r_reg[11]/C
                         clock pessimism              0.000     4.021    
                         clock uncertainty           -0.035     3.986    
    SLICE_X44Y165        FDRE (Setup_DFF_SLICEM_C_CE)
                                                     -0.061     3.925    u_CORE/u_MULTIMODE_PATH/u_GATED_READER/rb_rd_chunk_id_r_reg[11]
  -------------------------------------------------------------------
                         required time                          3.925    
                         arrival time                          -3.734    
  -------------------------------------------------------------------
                         slack                                  0.191    





Min Delay Paths
--------------------------------------------------------------------------------------
Slack (MET) :             0.038ns  (arrival time - required time)
  Source:                 u_CORE/gen_lanes[0].u_LANE/u_FIFO/gnuram_async_fifo.xpm_fifo_base_inst/wrpp1_inst/count_value_i_reg[5]/C
                            (rising edge-triggered cell FDRE clocked by CLK_ADC  {rise@0.000ns fall@2.000ns period=4.000ns})
  Destination:            u_CORE/gen_lanes[0].u_LANE/u_FIFO/gnuram_async_fifo.xpm_fifo_base_inst/wrpp1_inst/count_value_i_reg[6]/D
                            (rising edge-triggered cell FDRE clocked by CLK_ADC  {rise@0.000ns fall@2.000ns period=4.000ns})
  Path Group:             CLK_ADC
  Path Type:              Hold (Min at Fast Process Corner)
  Requirement:            0.000ns  (CLK_ADC rise@0.000ns - CLK_ADC rise@0.000ns)
  Data Path Delay:        0.091ns  (logic 0.059ns (64.944%)  route 0.032ns (35.056%))
  Logic Levels:           1  (LUT4=1)
  Clock Path Skew:        0.006ns (DCD - SCD - CPR)
    Destination Clock Delay (DCD):    0.019ns
    Source Clock Delay      (SCD):    0.013ns
    Clock Pessimism Removal (CPR):    -0.000ns

    Location             Delay type                Incr(ns)  Path(ns)    Netlist Resource(s)
  -------------------------------------------------------------------    -------------------
                         (clock CLK_ADC rise edge)    0.000     0.000 r  
                                                      0.000     0.000 r  CLK_ADC (IN)
                         net (fo=3195, unset)         0.013     0.013    u_CORE/gen_lanes[0].u_LANE/u_FIFO/gnuram_async_fifo.xpm_fifo_base_inst/wrpp1_inst/clk
    SLICE_X59Y147        FDRE                                         r  u_CORE/gen_lanes[0].u_LANE/u_FIFO/gnuram_async_fifo.xpm_fifo_base_inst/wrpp1_inst/count_value_i_reg[5]/C
  -------------------------------------------------------------------    -------------------
    SLICE_X59Y147        FDRE (Prop_GFF_SLICEL_C_Q)
                                                      0.039     0.052 r  u_CORE/gen_lanes[0].u_LANE/u_FIFO/gnuram_async_fifo.xpm_fifo_base_inst/wrpp1_inst/count_value_i_reg[5]/Q
                         net (fo=3, routed)           0.026     0.078    u_CORE/gen_lanes[0].u_LANE/u_FIFO/gnuram_async_fifo.xpm_fifo_base_inst/wrpp1_inst/count_value[5]
    SLICE_X59Y147        LUT4 (Prop_G5LUT_SLICEL_I3_O)
                                                      0.020     0.098 r  u_CORE/gen_lanes[0].u_LANE/u_FIFO/gnuram_async_fifo.xpm_fifo_base_inst/wrpp1_inst/count_value_i[6]_i_1/O
                         net (fo=1, routed)           0.006     0.104    u_CORE/gen_lanes[0].u_LANE/u_FIFO/gnuram_async_fifo.xpm_fifo_base_inst/wrpp1_inst/count_value_i[6]_i_1_n_3
    SLICE_X59Y147        FDRE                                         r  u_CORE/gen_lanes[0].u_LANE/u_FIFO/gnuram_async_fifo.xpm_fifo_base_inst/wrpp1_inst/count_value_i_reg[6]/D
  -------------------------------------------------------------------    -------------------

                         (clock CLK_ADC rise edge)    0.000     0.000 r  
                                                      0.000     0.000 r  CLK_ADC (IN)
                         net (fo=3195, unset)         0.019     0.019    u_CORE/gen_lanes[0].u_LANE/u_FIFO/gnuram_async_fifo.xpm_fifo_base_inst/wrpp1_inst/clk
    SLICE_X59Y147        FDRE                                         r  u_CORE/gen_lanes[0].u_LANE/u_FIFO/gnuram_async_fifo.xpm_fifo_base_inst/wrpp1_inst/count_value_i_reg[6]/C
                         clock pessimism              0.000     0.019    
    SLICE_X59Y147        FDRE (Hold_GFF2_SLICEL_C_D)
                                                      0.047     0.066    u_CORE/gen_lanes[0].u_LANE/u_FIFO/gnuram_async_fifo.xpm_fifo_base_inst/wrpp1_inst/count_value_i_reg[6]
  -------------------------------------------------------------------
                         required time                         -0.066    
                         arrival time                           0.104    
  -------------------------------------------------------------------
                         slack                                  0.038    





Pulse Width Checks
--------------------------------------------------------------------------------------
Clock Name:         CLK_ADC
Waveform(ns):       { 0.000 2.000 }
Period(ns):         4.000
Sources:            { CLK_ADC }

Check Type        Corner  Lib Pin      Reference Pin  Required(ns)  Actual(ns)  Slack(ns)  Location       Pin
Min Period        n/a     URAM288/CLK  n/a            2.000         4.000       2.000      URAM288_X0Y40  u_CORE/u_MULTIMODE_PATH/u_RING/batch_mem_reg_uram_0/CLK
Low Pulse Width   Slow    URAM288/CLK  n/a            0.700         2.000       1.300      URAM288_X0Y40  u_CORE/u_MULTIMODE_PATH/u_RING/batch_mem_reg_uram_0/CLK
High Pulse Width  Slow    URAM288/CLK  n/a            0.700         2.000       1.300      URAM288_X0Y40  u_CORE/u_MULTIMODE_PATH/u_RING/batch_mem_reg_uram_0/CLK



---------------------------------------------------------------------------------------------------
From Clock:  CLK_CNN
  To Clock:  CLK_CNN

Setup :            0  Failing Endpoints,  Worst Slack        0.310ns,  Total Violation        0.000ns
Hold  :            0  Failing Endpoints,  Worst Slack        0.007ns,  Total Violation        0.000ns
PW    :            0  Failing Endpoints,  Worst Slack        1.958ns,  Total Violation        0.000ns
---------------------------------------------------------------------------------------------------


Max Delay Paths
--------------------------------------------------------------------------------------
Slack (MET) :             0.310ns  (required time - arrival time)
  Source:                 u_CORE/gen_lanes[1].u_LANE/u_WRAPPER/cnn_core_inst/shared_conv_array_array_ap_fixed_48u_config7_4u_ravel_matrix_conv2d_1_2u_U0/ready_reg_24339_pp0_iter5_reg_reg[0]/C
                            (rising edge-triggered cell FDRE clocked by CLK_CNN  {rise@0.000ns fall@2.500ns period=5.000ns})
  Destination:            u_CORE/gen_lanes[1].u_LANE/u_WRAPPER/cnn_core_inst/shared_conv_array_array_ap_fixed_48u_config7_4u_ravel_matrix_conv2d_1_2u_U0/x50_raw_reg_24905_pp0_iter4_reg_reg[1]/CE
                            (rising edge-triggered cell FDRE clocked by CLK_CNN  {rise@0.000ns fall@2.500ns period=5.000ns})
  Path Group:             CLK_CNN
  Path Type:              Setup (Max at Slow Process Corner)
  Requirement:            5.000ns  (CLK_CNN rise@5.000ns - CLK_CNN rise@0.000ns)
  Data Path Delay:        4.585ns  (logic 0.288ns (6.282%)  route 4.297ns (93.718%))
  Logic Levels:           3  (BUFGCE=1 LUT2=1 LUT6=1)
  Clock Path Skew:        -0.009ns (DCD - SCD + CPR)
    Destination Clock Delay (DCD):    0.021ns = ( 5.021 - 5.000 ) 
    Source Clock Delay      (SCD):    0.030ns
    Clock Pessimism Removal (CPR):    0.000ns
  Clock Uncertainty:      0.035ns  ((TSJ^2 + TIJ^2)^1/2 + DJ) / 2 + PE
    Total System Jitter     (TSJ):    0.071ns
    Total Input Jitter      (TIJ):    0.000ns
    Discrete Jitter          (DJ):    0.000ns
    Phase Error              (PE):    0.000ns

    Location             Delay type                Incr(ns)  Path(ns)    Netlist Resource(s)
  -------------------------------------------------------------------    -------------------
                         (clock CLK_CNN rise edge)    0.000     0.000 r  
                                                      0.000     0.000 r  CLK_CNN (IN)
                         net (fo=48788, unset)        0.030     0.030    u_CORE/gen_lanes[1].u_LANE/u_WRAPPER/cnn_core_inst/shared_conv_array_array_ap_fixed_48u_config7_4u_ravel_matrix_conv2d_1_2u_U0/ap_clk
    SLICE_X101Y188       FDRE                                         r  u_CORE/gen_lanes[1].u_LANE/u_WRAPPER/cnn_core_inst/shared_conv_array_array_ap_fixed_48u_config7_4u_ravel_matrix_conv2d_1_2u_U0/ready_reg_24339_pp0_iter5_reg_reg[0]/C
  -------------------------------------------------------------------    -------------------
    SLICE_X101Y188       FDRE (Prop_DFF_SLICEM_C_Q)
                                                      0.078     0.108 f  u_CORE/gen_lanes[1].u_LANE/u_WRAPPER/cnn_core_inst/shared_conv_array_array_ap_fixed_48u_config7_4u_ravel_matrix_conv2d_1_2u_U0/ready_reg_24339_pp0_iter5_reg_reg[0]/Q
                         net (fo=3, routed)           0.115     0.223    u_CORE/gen_lanes[1].u_LANE/u_WRAPPER/cnn_core_inst/shared_conv_array_array_ap_fixed_48u_config7_4u_ravel_matrix_conv2d_1_2u_U0/ready_reg_24339_pp0_iter5_reg
    SLICE_X100Y188       LUT2 (Prop_D6LUT_SLICEL_I1_O)
                                                      0.146     0.369 f  u_CORE/gen_lanes[1].u_LANE/u_WRAPPER/cnn_core_inst/shared_conv_array_array_ap_fixed_48u_config7_4u_ravel_matrix_conv2d_1_2u_U0/ap_ready_INST_0_i_3/O
                         net (fo=1, routed)           0.294     0.663    u_CORE/gen_lanes[1].u_LANE/u_WRAPPER/cnn_core_inst/shared_conv_array_array_ap_fixed_48u_config7_4u_ravel_matrix_conv2d_1_2u_U0/ap_ready_INST_0_i_3_n_3
    SLICE_X99Y181        LUT6 (Prop_H6LUT_SLICEL_I5_O)
                                                      0.036     0.699 r  u_CORE/gen_lanes[1].u_LANE/u_WRAPPER/cnn_core_inst/shared_conv_array_array_ap_fixed_48u_config7_4u_ravel_matrix_conv2d_1_2u_U0/ap_ready_INST_0_i_1/O
                         net (fo=10, routed)          2.274     2.973    u_CORE/gen_lanes[1].u_LANE/u_WRAPPER/cnn_core_inst/shared_conv_array_array_ap_fixed_48u_config7_4u_ravel_matrix_conv2d_1_2u_U0/ap_ready_INST_0_i_1_n_3_bufg_place
    BUFGCE_X0Y74         BUFGCE (Prop_BUFCE_BUFGCE_I_O)
                                                      0.028     3.001 r  u_CORE/gen_lanes[1].u_LANE/u_WRAPPER/cnn_core_inst/shared_conv_array_array_ap_fixed_48u_config7_4u_ravel_matrix_conv2d_1_2u_U0/ap_ready_INST_0_i_1_bufg_place/O
                         net (fo=6146, routed)        1.614     4.615    u_CORE/gen_lanes[1].u_LANE/u_WRAPPER/cnn_core_inst/shared_conv_array_array_ap_fixed_48u_config7_4u_ravel_matrix_conv2d_1_2u_U0/ap_ready_INST_0_i_1_n_3
    SLICE_X103Y159       FDRE                                         r  u_CORE/gen_lanes[1].u_LANE/u_WRAPPER/cnn_core_inst/shared_conv_array_array_ap_fixed_48u_config7_4u_ravel_matrix_conv2d_1_2u_U0/x50_raw_reg_24905_pp0_iter4_reg_reg[1]/CE
  -------------------------------------------------------------------    -------------------

                         (clock CLK_CNN rise edge)    5.000     5.000 r  
                                                      0.000     5.000 r  CLK_CNN (IN)
                         net (fo=48788, unset)        0.021     5.021    u_CORE/gen_lanes[1].u_LANE/u_WRAPPER/cnn_core_inst/shared_conv_array_array_ap_fixed_48u_config7_4u_ravel_matrix_conv2d_1_2u_U0/ap_clk
    SLICE_X103Y159       FDRE                                         r  u_CORE/gen_lanes[1].u_LANE/u_WRAPPER/cnn_core_inst/shared_conv_array_array_ap_fixed_48u_config7_4u_ravel_matrix_conv2d_1_2u_U0/x50_raw_reg_24905_pp0_iter4_reg_reg[1]/C
                         clock pessimism              0.000     5.021    
                         clock uncertainty           -0.035     4.986    
    SLICE_X103Y159       FDRE (Setup_EFF2_SLICEM_C_CE)
                                                     -0.061     4.925    u_CORE/gen_lanes[1].u_LANE/u_WRAPPER/cnn_core_inst/shared_conv_array_array_ap_fixed_48u_config7_4u_ravel_matrix_conv2d_1_2u_U0/x50_raw_reg_24905_pp0_iter4_reg_reg[1]
  -------------------------------------------------------------------
                         required time                          4.925    
                         arrival time                          -4.615    
  -------------------------------------------------------------------
                         slack                                  0.310    





Min Delay Paths
--------------------------------------------------------------------------------------
Slack (MET) :             0.007ns  (arrival time - required time)
  Source:                 u_CORE/gen_lanes[1].u_LANE/u_WRAPPER/cnn_core_inst/relu_array_ap_fixed_48u_array_ap_ufixed_17_8_5_3_0_48u_relu_config8_U0/select_ln51_54_reg_4486_reg[7]/C
                            (rising edge-triggered cell FDRE clocked by CLK_CNN  {rise@0.000ns fall@2.500ns period=5.000ns})
  Destination:            u_CORE/gen_lanes[1].u_LANE/u_WRAPPER/cnn_core_inst/layer8_out_U/U_cnn_core_fifo_w816_d4_A_ram/mem_reg_0_3_700_713/RAMG/I
                            (rising edge-triggered cell RAMD32 clocked by CLK_CNN  {rise@0.000ns fall@2.500ns period=5.000ns})
  Path Group:             CLK_CNN
  Path Type:              Hold (Min at Slow Process Corner)
  Requirement:            0.000ns  (CLK_CNN rise@0.000ns - CLK_CNN rise@0.000ns)
  Data Path Delay:        0.122ns  (logic 0.060ns (49.180%)  route 0.062ns (50.820%))
  Logic Levels:           0  
  Clock Path Skew:        0.037ns (DCD - SCD - CPR)
    Destination Clock Delay (DCD):    0.057ns
    Source Clock Delay      (SCD):    0.020ns
    Clock Pessimism Removal (CPR):    -0.000ns

    Location             Delay type                Incr(ns)  Path(ns)    Netlist Resource(s)
  -------------------------------------------------------------------    -------------------
                         (clock CLK_CNN rise edge)    0.000     0.000 r  
                                                      0.000     0.000 r  CLK_CNN (IN)
                         net (fo=48788, unset)        0.020     0.020    u_CORE/gen_lanes[1].u_LANE/u_WRAPPER/cnn_core_inst/relu_array_ap_fixed_48u_array_ap_ufixed_17_8_5_3_0_48u_relu_config8_U0/ap_clk
    SLICE_X100Y219       FDRE                                         r  u_CORE/gen_lanes[1].u_LANE/u_WRAPPER/cnn_core_inst/relu_array_ap_fixed_48u_array_ap_ufixed_17_8_5_3_0_48u_relu_config8_U0/select_ln51_54_reg_4486_reg[7]/C
  -------------------------------------------------------------------    -------------------
    SLICE_X100Y219       FDRE (Prop_AFF2_SLICEL_C_Q)
                                                      0.060     0.080 r  u_CORE/gen_lanes[1].u_LANE/u_WRAPPER/cnn_core_inst/relu_array_ap_fixed_48u_array_ap_ufixed_17_8_5_3_0_48u_relu_config8_U0/select_ln51_54_reg_4486_reg[7]/Q
                         net (fo=1, routed)           0.062     0.142    u_CORE/gen_lanes[1].u_LANE/u_WRAPPER/cnn_core_inst/layer8_out_U/U_cnn_core_fifo_w816_d4_A_ram/mem_reg_0_3_700_713/DIG0
    SLICE_X101Y219       RAMD32                                       r  u_CORE/gen_lanes[1].u_LANE/u_WRAPPER/cnn_core_inst/layer8_out_U/U_cnn_core_fifo_w816_d4_A_ram/mem_reg_0_3_700_713/RAMG/I
  -------------------------------------------------------------------    -------------------

                         (clock CLK_CNN rise edge)    0.000     0.000 r  
                                                      0.000     0.000 r  CLK_CNN (IN)
                         net (fo=48788, unset)        0.057     0.057    u_CORE/gen_lanes[1].u_LANE/u_WRAPPER/cnn_core_inst/layer8_out_U/U_cnn_core_fifo_w816_d4_A_ram/mem_reg_0_3_700_713/WCLK
    SLICE_X101Y219       RAMD32                                       r  u_CORE/gen_lanes[1].u_LANE/u_WRAPPER/cnn_core_inst/layer8_out_U/U_cnn_core_fifo_w816_d4_A_ram/mem_reg_0_3_700_713/RAMG/CLK
                         clock pessimism              0.000     0.057    
    SLICE_X101Y219       RAMD32 (Hold_G5LUT_SLICEM_CLK_I)
                                                      0.078     0.135    u_CORE/gen_lanes[1].u_LANE/u_WRAPPER/cnn_core_inst/layer8_out_U/U_cnn_core_fifo_w816_d4_A_ram/mem_reg_0_3_700_713/RAMG
  -------------------------------------------------------------------
                         required time                         -0.135    
                         arrival time                           0.142    
  -------------------------------------------------------------------
                         slack                                  0.007    





Pulse Width Checks
--------------------------------------------------------------------------------------
Clock Name:         CLK_CNN
Waveform(ns):       { 0.000 2.500 }
Period(ns):         5.000
Sources:            { CLK_CNN }

Check Type        Corner  Lib Pin             Reference Pin  Required(ns)  Actual(ns)  Slack(ns)  Location      Pin
Min Period        n/a     RAMB36E2/CLKARDCLK  n/a            1.355         5.000       3.645      RAMB36_X5Y25  u_CORE/gen_lanes[0].u_LANE/u_FIFO/gnuram_async_fifo.xpm_fifo_base_inst/gen_sdpram.xpm_memory_base_inst/gen_wr_a.gen_word_narrow.mem_reg_bram_0/CLKARDCLK
Low Pulse Width   Slow    RAMB36E2/CLKARDCLK  n/a            0.542         2.500       1.958      RAMB36_X5Y25  u_CORE/gen_lanes[0].u_LANE/u_FIFO/gnuram_async_fifo.xpm_fifo_base_inst/gen_sdpram.xpm_memory_base_inst/gen_wr_a.gen_word_narrow.mem_reg_bram_0/CLKARDCLK
High Pulse Width  Slow    RAMB36E2/CLKARDCLK  n/a            0.542         2.500       1.958      RAMB36_X5Y25  u_CORE/gen_lanes[0].u_LANE/u_FIFO/gnuram_async_fifo.xpm_fifo_base_inst/gen_sdpram.xpm_memory_base_inst/gen_wr_a.gen_word_narrow.mem_reg_bram_0/CLKARDCLK



---------------------------------------------------------------------------------------------------
Path Group:  **async_default**
From Clock:  CLK_ADC
  To Clock:  CLK_ADC

Setup :            0  Failing Endpoints,  Worst Slack        1.645ns,  Total Violation        0.000ns
Hold  :            0  Failing Endpoints,  Worst Slack        0.334ns,  Total Violation        0.000ns
---------------------------------------------------------------------------------------------------


Max Delay Paths
--------------------------------------------------------------------------------------
Slack (MET) :             1.645ns  (required time - arrival time)
  Source:                 u_CORE/u_MULTIMODE_PATH/u_HILO/pre_trigger_reset_r_reg/C
                            (rising edge-triggered cell FDRE clocked by CLK_ADC  {rise@0.000ns fall@2.000ns period=4.000ns})
  Destination:            u_CORE/u_MULTIMODE_PATH/u_HILO/u_PRE_TRIGGER/coinc_d_reg[0][6]/CLR
                            (recovery check against rising-edge clock CLK_ADC  {rise@0.000ns fall@2.000ns period=4.000ns})
  Path Group:             **async_default**
  Path Type:              Recovery (Max at Slow Process Corner)
  Requirement:            4.000ns  (CLK_ADC rise@4.000ns - CLK_ADC rise@0.000ns)
  Data Path Delay:        2.247ns  (logic 0.079ns (3.516%)  route 2.168ns (96.484%))
  Logic Levels:           0  
  Clock Path Skew:        -0.007ns (DCD - SCD + CPR)
    Destination Clock Delay (DCD):    0.021ns = ( 4.021 - 4.000 ) 
    Source Clock Delay      (SCD):    0.028ns
    Clock Pessimism Removal (CPR):    0.000ns
  Clock Uncertainty:      0.035ns  ((TSJ^2 + TIJ^2)^1/2 + DJ) / 2 + PE
    Total System Jitter     (TSJ):    0.071ns
    Total Input Jitter      (TIJ):    0.000ns
    Discrete Jitter          (DJ):    0.000ns
    Phase Error              (PE):    0.000ns

    Location             Delay type                Incr(ns)  Path(ns)    Netlist Resource(s)
  -------------------------------------------------------------------    -------------------
                         (clock CLK_ADC rise edge)    0.000     0.000 r  
                                                      0.000     0.000 r  CLK_ADC (IN)
                         net (fo=3195, unset)         0.028     0.028    u_CORE/u_MULTIMODE_PATH/u_HILO/CLK
    SLICE_X38Y157        FDRE                                         r  u_CORE/u_MULTIMODE_PATH/u_HILO/pre_trigger_reset_r_reg/C
  -------------------------------------------------------------------    -------------------
    SLICE_X38Y157        FDRE (Prop_AFF_SLICEL_C_Q)
                                                      0.079     0.107 f  u_CORE/u_MULTIMODE_PATH/u_HILO/pre_trigger_reset_r_reg/Q
                         net (fo=190, routed)         2.168     2.275    u_CORE/u_MULTIMODE_PATH/u_HILO/u_PRE_TRIGGER/RESET
    SLICE_X34Y138        FDCE                                         f  u_CORE/u_MULTIMODE_PATH/u_HILO/u_PRE_TRIGGER/coinc_d_reg[0][6]/CLR
  -------------------------------------------------------------------    -------------------

                         (clock CLK_ADC rise edge)    4.000     4.000 r  
                                                      0.000     4.000 r  CLK_ADC (IN)
                         net (fo=3195, unset)         0.021     4.021    u_CORE/u_MULTIMODE_PATH/u_HILO/u_PRE_TRIGGER/CLK
    SLICE_X34Y138        FDCE                                         r  u_CORE/u_MULTIMODE_PATH/u_HILO/u_PRE_TRIGGER/coinc_d_reg[0][6]/C
                         clock pessimism              0.000     4.021    
                         clock uncertainty           -0.035     3.986    
    SLICE_X34Y138        FDCE (Recov_EFF_SLICEM_C_CLR)
                                                     -0.066     3.920    u_CORE/u_MULTIMODE_PATH/u_HILO/u_PRE_TRIGGER/coinc_d_reg[0][6]
  -------------------------------------------------------------------
                         required time                          3.920    
                         arrival time                          -2.275    
  -------------------------------------------------------------------
                         slack                                  1.645    





Min Delay Paths
--------------------------------------------------------------------------------------
Slack (MET) :             0.334ns  (arrival time - required time)
  Source:                 u_CORE/u_MULTIMODE_PATH/u_HILO/pre_trigger_reset_r_reg/C
                            (rising edge-triggered cell FDRE clocked by CLK_ADC  {rise@0.000ns fall@2.000ns period=4.000ns})
  Destination:            u_CORE/u_MULTIMODE_PATH/u_HILO/u_PRE_TRIGGER/chan_gen[0].U_CH/GATE_reg[0]/CLR
                            (removal check against rising-edge clock CLK_ADC  {rise@0.000ns fall@2.000ns period=4.000ns})
  Path Group:             **async_default**
  Path Type:              Removal (Min at Fast Process Corner)
  Requirement:            0.000ns  (CLK_ADC rise@0.000ns - CLK_ADC rise@0.000ns)
  Data Path Delay:        0.320ns  (logic 0.039ns (12.188%)  route 0.281ns (87.812%))
  Logic Levels:           0  
  Clock Path Skew:        0.006ns (DCD - SCD - CPR)
    Destination Clock Delay (DCD):    0.018ns
    Source Clock Delay      (SCD):    0.012ns
    Clock Pessimism Removal (CPR):    -0.000ns

    Location             Delay type                Incr(ns)  Path(ns)    Netlist Resource(s)
  -------------------------------------------------------------------    -------------------
                         (clock CLK_ADC rise edge)    0.000     0.000 r  
                                                      0.000     0.000 r  CLK_ADC (IN)
                         net (fo=3195, unset)         0.012     0.012    u_CORE/u_MULTIMODE_PATH/u_HILO/CLK
    SLICE_X38Y157        FDRE                                         r  u_CORE/u_MULTIMODE_PATH/u_HILO/pre_trigger_reset_r_reg/C
  -------------------------------------------------------------------    -------------------
    SLICE_X38Y157        FDRE (Prop_AFF_SLICEL_C_Q)
                                                      0.039     0.051 f  u_CORE/u_MULTIMODE_PATH/u_HILO/pre_trigger_reset_r_reg/Q
                         net (fo=190, routed)         0.281     0.332    u_CORE/u_MULTIMODE_PATH/u_HILO/u_PRE_TRIGGER/chan_gen[0].U_CH/RESET
    SLICE_X26Y155        FDCE                                         f  u_CORE/u_MULTIMODE_PATH/u_HILO/u_PRE_TRIGGER/chan_gen[0].U_CH/GATE_reg[0]/CLR
  -------------------------------------------------------------------    -------------------

                         (clock CLK_ADC rise edge)    0.000     0.000 r  
                                                      0.000     0.000 r  CLK_ADC (IN)
                         net (fo=3195, unset)         0.018     0.018    u_CORE/u_MULTIMODE_PATH/u_HILO/u_PRE_TRIGGER/chan_gen[0].U_CH/CLK
    SLICE_X26Y155        FDCE                                         r  u_CORE/u_MULTIMODE_PATH/u_HILO/u_PRE_TRIGGER/chan_gen[0].U_CH/GATE_reg[0]/C
                         clock pessimism              0.000     0.018    
    SLICE_X26Y155        FDCE (Remov_CFF_SLICEL_C_CLR)
                                                     -0.020    -0.002    u_CORE/u_MULTIMODE_PATH/u_HILO/u_PRE_TRIGGER/chan_gen[0].U_CH/GATE_reg[0]
  -------------------------------------------------------------------
                         required time                          0.002    
                         arrival time                           0.332    
  -------------------------------------------------------------------
                         slack                                  0.334    





