[ RUN      ] tb_adc_chunk_distributor_timestamp
[       OK ] tb_adc_chunk_distributor_timestamp
[ RUN      ] tb_adc_chunk_distributor_valid_gaps
[       OK ] tb_adc_chunk_distributor_valid_gaps
[ RUN      ] tb_adc_input_cdc_fifo
[       OK ] tb_adc_input_cdc_fifo
[ RUN      ] tb_chunk_id_cdc_fifo
[       OK ] tb_chunk_id_cdc_fifo
[ RUN      ] tb_cnn_core_lane_metadata_capacity
[       OK ] tb_cnn_core_lane_metadata_capacity
[ RUN      ] tb_cnn_core_lane_start_protocol
[       OK ] tb_cnn_core_lane_start_protocol
[ RUN      ] tb_cnn_core_lane_stream_sequence
[       OK ] tb_cnn_core_lane_stream_sequence
[ RUN      ] tb_cnn_input_conversion
[       OK ] tb_cnn_input_conversion
[ RUN      ] tb_cnn_result_arbiter
[       OK ] tb_cnn_result_arbiter
[ RUN      ] tb_event_capture_ctrl
[       OK ] tb_event_capture_ctrl
[ RUN      ] tb_event_capture_ctrl_late_trigger
[       OK ] tb_event_capture_ctrl_late_trigger
[ RUN      ] tb_event_capture_path
[       OK ] tb_event_capture_path
[ RUN      ] tb_event_capture_path_output_backpressure
[       OK ] tb_event_capture_path_output_backpressure
[ RUN      ] tb_event_drop_counters
[       OK ] tb_event_drop_counters
[ RUN      ] tb_event_output_fifo_adjacent_events
[       OK ] tb_event_output_fifo_adjacent_events
[ RUN      ] tb_event_output_fifo_complete_events
[       OK ] tb_event_output_fifo_complete_events
[ RUN      ] tb_event_output_fifo_credit
[       OK ] tb_event_output_fifo_credit
[ RUN      ] tb_event_output_fifo_throughput
[       OK ] tb_event_output_fifo_throughput
[ RUN      ] tb_event_recorder_adjacent_events
[       OK ] tb_event_recorder_adjacent_events
[ RUN      ] tb_event_recorder_centered
[       OK ] tb_event_recorder_centered
[ RUN      ] tb_event_request_address
[       OK ] tb_event_request_address
[ RUN      ] tb_gated_cnn_reader
[       OK ] tb_gated_cnn_reader
[ RUN      ] tb_hilo_input_adapter
[       OK ] tb_hilo_input_adapter
[ RUN      ] tb_hilo_trigger_ctrl
[       OK ] tb_hilo_trigger_ctrl
[ RUN      ] tb_housekeeping_trigger_ctrl
[       OK ] tb_housekeeping_trigger_ctrl
[ RUN      ] tb_multimode_ai
[       OK ] tb_multimode_ai
[ RUN      ] tb_multimode_capture_all
[       OK ] tb_multimode_capture_all
[ RUN      ] tb_multimode_external
[       OK ] tb_multimode_external
[ RUN      ] tb_multimode_hilo
[       OK ] tb_multimode_hilo
[ RUN      ] tb_multimode_hilo_ai
[       OK ] tb_multimode_hilo_ai
[ RUN      ] tb_multimode_hilo_drain
[       OK ] tb_multimode_hilo_drain
[ RUN      ] tb_multimode_runtime_switch
[       OK ] tb_multimode_runtime_switch
[ RUN      ] tb_reset_sync
[       OK ] tb_reset_sync
[ RUN      ] tb_ring_read_arbiter
[       OK ] tb_ring_read_arbiter
[ RUN      ] tb_trigger_cdc_fifo
[       OK ] tb_trigger_cdc_fifo
[ RUN      ] tb_trigger_decision
[       OK ] tb_trigger_decision
[ RUN      ] tb_trigger_mode_ctrl
[       OK ] tb_trigger_mode_ctrl
[ RUN      ] tb_waveform_ring_buffer
[       OK ] tb_waveform_ring_buffer
[ RUN      ] tb_waveform_ring_window
[       OK ] tb_waveform_ring_window
GHDL: 39 passed, 0 failed, 39 total
