Copyright 1986-2022 Xilinx, Inc. All Rights Reserved. Copyright 2022-2023 Advanced Micro Devices, Inc. All Rights Reserved.
--------------------------------------------------------------------------------------------------------------------------------------------------------
| Tool Version      : Vivado v.2023.2 (lin64) Build 4029153 Fri Oct 13 20:13:54 MDT 2023
| Date              : Fri Sep 18 00:15:39 2026
| Host              : AlbertsUbuntu running 64-bit Ubuntu 22.04.5 LTS
| Command           : report_cdc -details -file /home/work1/Works/_codex_ai_trigger_native_20260917/threshold-ooc-01/reports/post_route_cdc_details.rpt
| Design            : AI_TRIGGER_TOP
| Device            : xcku5p-ffvb676
| Speed File        : -2  PRODUCTION 1.29 05-01-2022
| Design State      : Routed
| Temperature Grade : E
--------------------------------------------------------------------------------------------------------------------------------------------------------

CDC Report

ID      Severity  Count  Description
------  --------  -----  ----------------------------------------------
CDC-3   Info         14  1-bit synchronized with ASYNC_REG property
CDC-6   Warning       4  Multi-bit synchronized with ASYNC_REG property
CDC-15  Warning     221  Clock enable controlled CDC structure detected
CDC-26  Warning       2  LUTRAM read/write potential collision

Source Clock: CLK_CNN
Destination Clock: CLK_ADC
CDC Type: No Common Primary Clock

Row  ID      Severity  Description                                     Depth  Exception            Source (From)                                                                                                                Destination (To)
---  ------  --------  ----------------------------------------------  -----  -------------------  ---------------------------------------------------------------------------------------------------------------------------  ---------------------------------------------------------------------------------------------------------------------------------------
  1  CDC-3   Info      1-bit synchronized with ASYNC_REG property          2  Asynch Clock Groups  u_CORE/gen_lanes[0].u_LANE/stream_done_toggle_cnn_reg/C                                                                      u_CORE/gen_lanes[0].u_LANE/stream_done_adc_ff_reg[0]/D
  2  CDC-3   Info      1-bit synchronized with ASYNC_REG property          2  Asynch Clock Groups  u_CORE/gen_lanes[0].u_LANE/u_CHUNK_ID_CDC/dest_req_ff_reg/C                                                                  u_CORE/gen_lanes[0].u_LANE/u_CHUNK_ID_CDC/xpm_cdc_single_dest2src_inst/syncstages_ff_reg[0]/D
  3  CDC-6   Warning   Multi-bit synchronized with ASYNC_REG property      2  Asynch Clock Groups  u_CORE/gen_lanes[0].u_LANE/u_FIFO/gnuram_async_fifo.xpm_fifo_base_inst/gen_cdc_pntr.rd_pntr_cdc_inst/src_gray_ff_reg[5:0]/C  u_CORE/gen_lanes[0].u_LANE/u_FIFO/gnuram_async_fifo.xpm_fifo_base_inst/gen_cdc_pntr.rd_pntr_cdc_inst/dest_graysync_ff_reg[0][5:0]/D
  4  CDC-3   Info      1-bit synchronized with ASYNC_REG property          2  Asynch Clock Groups  u_CORE/gen_lanes[0].u_LANE/u_FIFO/gnuram_async_fifo.xpm_fifo_base_inst/xpm_fifo_rst_inst/gen_rst_ic.fifo_rd_rst_ic_reg/C     u_CORE/gen_lanes[0].u_LANE/u_FIFO/gnuram_async_fifo.xpm_fifo_base_inst/xpm_fifo_rst_inst/gen_rst_ic.rrst_wr_inst/syncstages_ff_reg[0]/D
  5  CDC-3   Info      1-bit synchronized with ASYNC_REG property          2  Asynch Clock Groups  u_CORE/gen_lanes[1].u_LANE/stream_done_toggle_cnn_reg/C                                                                      u_CORE/gen_lanes[1].u_LANE/stream_done_adc_ff_reg[0]/D
  6  CDC-3   Info      1-bit synchronized with ASYNC_REG property          2  Asynch Clock Groups  u_CORE/gen_lanes[1].u_LANE/u_CHUNK_ID_CDC/dest_req_ff_reg/C                                                                  u_CORE/gen_lanes[1].u_LANE/u_CHUNK_ID_CDC/xpm_cdc_single_dest2src_inst/syncstages_ff_reg[0]/D
  7  CDC-6   Warning   Multi-bit synchronized with ASYNC_REG property      2  Asynch Clock Groups  u_CORE/gen_lanes[1].u_LANE/u_FIFO/gnuram_async_fifo.xpm_fifo_base_inst/gen_cdc_pntr.rd_pntr_cdc_inst/src_gray_ff_reg[5:0]/C  u_CORE/gen_lanes[1].u_LANE/u_FIFO/gnuram_async_fifo.xpm_fifo_base_inst/gen_cdc_pntr.rd_pntr_cdc_inst/dest_graysync_ff_reg[0][5:0]/D
  8  CDC-3   Info      1-bit synchronized with ASYNC_REG property          2  Asynch Clock Groups  u_CORE/gen_lanes[1].u_LANE/u_FIFO/gnuram_async_fifo.xpm_fifo_base_inst/xpm_fifo_rst_inst/gen_rst_ic.fifo_rd_rst_ic_reg/C     u_CORE/gen_lanes[1].u_LANE/u_FIFO/gnuram_async_fifo.xpm_fifo_base_inst/xpm_fifo_rst_inst/gen_rst_ic.rrst_wr_inst/syncstages_ff_reg[0]/D
  9  CDC-3   Info      1-bit synchronized with ASYNC_REG property          2  Asynch Clock Groups  u_CORE/u_MULTIMODE_PATH/u_CNN_BUSY_SYNC/src_ff_reg[0]/C                                                                      u_CORE/u_MULTIMODE_PATH/u_CNN_BUSY_SYNC/syncstages_ff_reg[0][0]/D
 10  CDC-15  Warning   Clock enable controlled CDC structure detected      0  Asynch Clock Groups  u_CORE/u_MULTIMODE_PATH/u_CNN_REQUEST_CDC/u_TRIGGER_CDC/src_hsdata_ff_reg[0]/C                                               u_CORE/u_MULTIMODE_PATH/u_CNN_REQUEST_CDC/u_TRIGGER_CDC/dest_hsdata_ff_reg[0]/D
 11  CDC-15  Warning   Clock enable controlled CDC structure detected      0  Asynch Clock Groups  u_CORE/u_MULTIMODE_PATH/u_CNN_REQUEST_CDC/u_TRIGGER_CDC/src_hsdata_ff_reg[1]/C                                               u_CORE/u_MULTIMODE_PATH/u_CNN_REQUEST_CDC/u_TRIGGER_CDC/dest_hsdata_ff_reg[1]/D
 12  CDC-15  Warning   Clock enable controlled CDC structure detected      0  Asynch Clock Groups  u_CORE/u_MULTIMODE_PATH/u_CNN_REQUEST_CDC/u_TRIGGER_CDC/src_hsdata_ff_reg[2]/C                                               u_CORE/u_MULTIMODE_PATH/u_CNN_REQUEST_CDC/u_TRIGGER_CDC/dest_hsdata_ff_reg[2]/D
 13  CDC-15  Warning   Clock enable controlled CDC structure detected      0  Asynch Clock Groups  u_CORE/u_MULTIMODE_PATH/u_CNN_REQUEST_CDC/u_TRIGGER_CDC/src_hsdata_ff_reg[3]/C                                               u_CORE/u_MULTIMODE_PATH/u_CNN_REQUEST_CDC/u_TRIGGER_CDC/dest_hsdata_ff_reg[3]/D
 14  CDC-15  Warning   Clock enable controlled CDC structure detected      0  Asynch Clock Groups  u_CORE/u_MULTIMODE_PATH/u_CNN_REQUEST_CDC/u_TRIGGER_CDC/src_hsdata_ff_reg[4]/C                                               u_CORE/u_MULTIMODE_PATH/u_CNN_REQUEST_CDC/u_TRIGGER_CDC/dest_hsdata_ff_reg[4]/D
 15  CDC-15  Warning   Clock enable controlled CDC structure detected      0  Asynch Clock Groups  u_CORE/u_MULTIMODE_PATH/u_CNN_REQUEST_CDC/u_TRIGGER_CDC/src_hsdata_ff_reg[5]/C                                               u_CORE/u_MULTIMODE_PATH/u_CNN_REQUEST_CDC/u_TRIGGER_CDC/dest_hsdata_ff_reg[5]/D
 16  CDC-15  Warning   Clock enable controlled CDC structure detected      0  Asynch Clock Groups  u_CORE/u_MULTIMODE_PATH/u_CNN_REQUEST_CDC/u_TRIGGER_CDC/src_hsdata_ff_reg[6]/C                                               u_CORE/u_MULTIMODE_PATH/u_CNN_REQUEST_CDC/u_TRIGGER_CDC/dest_hsdata_ff_reg[6]/D
 17  CDC-15  Warning   Clock enable controlled CDC structure detected      0  Asynch Clock Groups  u_CORE/u_MULTIMODE_PATH/u_CNN_REQUEST_CDC/u_TRIGGER_CDC/src_hsdata_ff_reg[7]/C                                               u_CORE/u_MULTIMODE_PATH/u_CNN_REQUEST_CDC/u_TRIGGER_CDC/dest_hsdata_ff_reg[7]/D
 18  CDC-15  Warning   Clock enable controlled CDC structure detected      0  Asynch Clock Groups  u_CORE/u_MULTIMODE_PATH/u_CNN_REQUEST_CDC/u_TRIGGER_CDC/src_hsdata_ff_reg[8]/C                                               u_CORE/u_MULTIMODE_PATH/u_CNN_REQUEST_CDC/u_TRIGGER_CDC/dest_hsdata_ff_reg[8]/D
 19  CDC-15  Warning   Clock enable controlled CDC structure detected      0  Asynch Clock Groups  u_CORE/u_MULTIMODE_PATH/u_CNN_REQUEST_CDC/u_TRIGGER_CDC/src_hsdata_ff_reg[9]/C                                               u_CORE/u_MULTIMODE_PATH/u_CNN_REQUEST_CDC/u_TRIGGER_CDC/dest_hsdata_ff_reg[9]/D
 20  CDC-15  Warning   Clock enable controlled CDC structure detected      0  Asynch Clock Groups  u_CORE/u_MULTIMODE_PATH/u_CNN_REQUEST_CDC/u_TRIGGER_CDC/src_hsdata_ff_reg[10]/C                                              u_CORE/u_MULTIMODE_PATH/u_CNN_REQUEST_CDC/u_TRIGGER_CDC/dest_hsdata_ff_reg[10]/D
 21  CDC-15  Warning   Clock enable controlled CDC structure detected      0  Asynch Clock Groups  u_CORE/u_MULTIMODE_PATH/u_CNN_REQUEST_CDC/u_TRIGGER_CDC/src_hsdata_ff_reg[11]/C                                              u_CORE/u_MULTIMODE_PATH/u_CNN_REQUEST_CDC/u_TRIGGER_CDC/dest_hsdata_ff_reg[11]/D
 22  CDC-15  Warning   Clock enable controlled CDC structure detected      0  Asynch Clock Groups  u_CORE/u_MULTIMODE_PATH/u_CNN_REQUEST_CDC/u_TRIGGER_CDC/src_hsdata_ff_reg[12]/C                                              u_CORE/u_MULTIMODE_PATH/u_CNN_REQUEST_CDC/u_TRIGGER_CDC/dest_hsdata_ff_reg[12]/D
 23  CDC-15  Warning   Clock enable controlled CDC structure detected      0  Asynch Clock Groups  u_CORE/u_MULTIMODE_PATH/u_CNN_REQUEST_CDC/u_TRIGGER_CDC/src_hsdata_ff_reg[13]/C                                              u_CORE/u_MULTIMODE_PATH/u_CNN_REQUEST_CDC/u_TRIGGER_CDC/dest_hsdata_ff_reg[13]/D
 24  CDC-15  Warning   Clock enable controlled CDC structure detected      0  Asynch Clock Groups  u_CORE/u_MULTIMODE_PATH/u_CNN_REQUEST_CDC/u_TRIGGER_CDC/src_hsdata_ff_reg[14]/C                                              u_CORE/u_MULTIMODE_PATH/u_CNN_REQUEST_CDC/u_TRIGGER_CDC/dest_hsdata_ff_reg[14]/D
 25  CDC-15  Warning   Clock enable controlled CDC structure detected      0  Asynch Clock Groups  u_CORE/u_MULTIMODE_PATH/u_CNN_REQUEST_CDC/u_TRIGGER_CDC/src_hsdata_ff_reg[15]/C                                              u_CORE/u_MULTIMODE_PATH/u_CNN_REQUEST_CDC/u_TRIGGER_CDC/dest_hsdata_ff_reg[15]/D
 26  CDC-15  Warning   Clock enable controlled CDC structure detected      0  Asynch Clock Groups  u_CORE/u_MULTIMODE_PATH/u_CNN_REQUEST_CDC/u_TRIGGER_CDC/src_hsdata_ff_reg[16]/C                                              u_CORE/u_MULTIMODE_PATH/u_CNN_REQUEST_CDC/u_TRIGGER_CDC/dest_hsdata_ff_reg[16]/D
 27  CDC-15  Warning   Clock enable controlled CDC structure detected      0  Asynch Clock Groups  u_CORE/u_MULTIMODE_PATH/u_CNN_REQUEST_CDC/u_TRIGGER_CDC/src_hsdata_ff_reg[48]/C                                              u_CORE/u_MULTIMODE_PATH/u_CNN_REQUEST_CDC/u_TRIGGER_CDC/dest_hsdata_ff_reg[48]/D
 28  CDC-15  Warning   Clock enable controlled CDC structure detected      0  Asynch Clock Groups  u_CORE/u_MULTIMODE_PATH/u_CNN_REQUEST_CDC/u_TRIGGER_CDC/src_hsdata_ff_reg[49]/C                                              u_CORE/u_MULTIMODE_PATH/u_CNN_REQUEST_CDC/u_TRIGGER_CDC/dest_hsdata_ff_reg[49]/D
 29  CDC-15  Warning   Clock enable controlled CDC structure detected      0  Asynch Clock Groups  u_CORE/u_MULTIMODE_PATH/u_CNN_REQUEST_CDC/u_TRIGGER_CDC/src_hsdata_ff_reg[50]/C                                              u_CORE/u_MULTIMODE_PATH/u_CNN_REQUEST_CDC/u_TRIGGER_CDC/dest_hsdata_ff_reg[50]/D
 30  CDC-15  Warning   Clock enable controlled CDC structure detected      0  Asynch Clock Groups  u_CORE/u_MULTIMODE_PATH/u_CNN_REQUEST_CDC/u_TRIGGER_CDC/src_hsdata_ff_reg[51]/C                                              u_CORE/u_MULTIMODE_PATH/u_CNN_REQUEST_CDC/u_TRIGGER_CDC/dest_hsdata_ff_reg[51]/D
 31  CDC-15  Warning   Clock enable controlled CDC structure detected      0  Asynch Clock Groups  u_CORE/u_MULTIMODE_PATH/u_CNN_REQUEST_CDC/u_TRIGGER_CDC/src_hsdata_ff_reg[52]/C                                              u_CORE/u_MULTIMODE_PATH/u_CNN_REQUEST_CDC/u_TRIGGER_CDC/dest_hsdata_ff_reg[52]/D
 32  CDC-15  Warning   Clock enable controlled CDC structure detected      0  Asynch Clock Groups  u_CORE/u_MULTIMODE_PATH/u_CNN_REQUEST_CDC/u_TRIGGER_CDC/src_hsdata_ff_reg[53]/C                                              u_CORE/u_MULTIMODE_PATH/u_CNN_REQUEST_CDC/u_TRIGGER_CDC/dest_hsdata_ff_reg[53]/D
 33  CDC-15  Warning   Clock enable controlled CDC structure detected      0  Asynch Clock Groups  u_CORE/u_MULTIMODE_PATH/u_CNN_REQUEST_CDC/u_TRIGGER_CDC/src_hsdata_ff_reg[54]/C                                              u_CORE/u_MULTIMODE_PATH/u_CNN_REQUEST_CDC/u_TRIGGER_CDC/dest_hsdata_ff_reg[54]/D
 34  CDC-15  Warning   Clock enable controlled CDC structure detected      0  Asynch Clock Groups  u_CORE/u_MULTIMODE_PATH/u_CNN_REQUEST_CDC/u_TRIGGER_CDC/src_hsdata_ff_reg[55]/C                                              u_CORE/u_MULTIMODE_PATH/u_CNN_REQUEST_CDC/u_TRIGGER_CDC/dest_hsdata_ff_reg[55]/D
 35  CDC-15  Warning   Clock enable controlled CDC structure detected      0  Asynch Clock Groups  u_CORE/u_MULTIMODE_PATH/u_CNN_REQUEST_CDC/u_TRIGGER_CDC/src_hsdata_ff_reg[56]/C                                              u_CORE/u_MULTIMODE_PATH/u_CNN_REQUEST_CDC/u_TRIGGER_CDC/dest_hsdata_ff_reg[56]/D
 36  CDC-15  Warning   Clock enable controlled CDC structure detected      0  Asynch Clock Groups  u_CORE/u_MULTIMODE_PATH/u_CNN_REQUEST_CDC/u_TRIGGER_CDC/src_hsdata_ff_reg[57]/C                                              u_CORE/u_MULTIMODE_PATH/u_CNN_REQUEST_CDC/u_TRIGGER_CDC/dest_hsdata_ff_reg[57]/D
 37  CDC-15  Warning   Clock enable controlled CDC structure detected      0  Asynch Clock Groups  u_CORE/u_MULTIMODE_PATH/u_CNN_REQUEST_CDC/u_TRIGGER_CDC/src_hsdata_ff_reg[58]/C                                              u_CORE/u_MULTIMODE_PATH/u_CNN_REQUEST_CDC/u_TRIGGER_CDC/dest_hsdata_ff_reg[58]/D
 38  CDC-15  Warning   Clock enable controlled CDC structure detected      0  Asynch Clock Groups  u_CORE/u_MULTIMODE_PATH/u_CNN_REQUEST_CDC/u_TRIGGER_CDC/src_hsdata_ff_reg[59]/C                                              u_CORE/u_MULTIMODE_PATH/u_CNN_REQUEST_CDC/u_TRIGGER_CDC/dest_hsdata_ff_reg[59]/D
 39  CDC-15  Warning   Clock enable controlled CDC structure detected      0  Asynch Clock Groups  u_CORE/u_MULTIMODE_PATH/u_CNN_REQUEST_CDC/u_TRIGGER_CDC/src_hsdata_ff_reg[60]/C                                              u_CORE/u_MULTIMODE_PATH/u_CNN_REQUEST_CDC/u_TRIGGER_CDC/dest_hsdata_ff_reg[60]/D
 40  CDC-15  Warning   Clock enable controlled CDC structure detected      0  Asynch Clock Groups  u_CORE/u_MULTIMODE_PATH/u_CNN_REQUEST_CDC/u_TRIGGER_CDC/src_hsdata_ff_reg[61]/C                                              u_CORE/u_MULTIMODE_PATH/u_CNN_REQUEST_CDC/u_TRIGGER_CDC/dest_hsdata_ff_reg[61]/D
 41  CDC-15  Warning   Clock enable controlled CDC structure detected      0  Asynch Clock Groups  u_CORE/u_MULTIMODE_PATH/u_CNN_REQUEST_CDC/u_TRIGGER_CDC/src_hsdata_ff_reg[62]/C                                              u_CORE/u_MULTIMODE_PATH/u_CNN_REQUEST_CDC/u_TRIGGER_CDC/dest_hsdata_ff_reg[62]/D
 42  CDC-15  Warning   Clock enable controlled CDC structure detected      0  Asynch Clock Groups  u_CORE/u_MULTIMODE_PATH/u_CNN_REQUEST_CDC/u_TRIGGER_CDC/src_hsdata_ff_reg[63]/C                                              u_CORE/u_MULTIMODE_PATH/u_CNN_REQUEST_CDC/u_TRIGGER_CDC/dest_hsdata_ff_reg[63]/D
 43  CDC-15  Warning   Clock enable controlled CDC structure detected      0  Asynch Clock Groups  u_CORE/u_MULTIMODE_PATH/u_CNN_REQUEST_CDC/u_TRIGGER_CDC/src_hsdata_ff_reg[64]/C                                              u_CORE/u_MULTIMODE_PATH/u_CNN_REQUEST_CDC/u_TRIGGER_CDC/dest_hsdata_ff_reg[64]/D
 44  CDC-15  Warning   Clock enable controlled CDC structure detected      0  Asynch Clock Groups  u_CORE/u_MULTIMODE_PATH/u_CNN_REQUEST_CDC/u_TRIGGER_CDC/src_hsdata_ff_reg[65]/C                                              u_CORE/u_MULTIMODE_PATH/u_CNN_REQUEST_CDC/u_TRIGGER_CDC/dest_hsdata_ff_reg[65]/D
 45  CDC-15  Warning   Clock enable controlled CDC structure detected      0  Asynch Clock Groups  u_CORE/u_MULTIMODE_PATH/u_CNN_REQUEST_CDC/u_TRIGGER_CDC/src_hsdata_ff_reg[66]/C                                              u_CORE/u_MULTIMODE_PATH/u_CNN_REQUEST_CDC/u_TRIGGER_CDC/dest_hsdata_ff_reg[66]/D
 46  CDC-15  Warning   Clock enable controlled CDC structure detected      0  Asynch Clock Groups  u_CORE/u_MULTIMODE_PATH/u_CNN_REQUEST_CDC/u_TRIGGER_CDC/src_hsdata_ff_reg[67]/C                                              u_CORE/u_MULTIMODE_PATH/u_CNN_REQUEST_CDC/u_TRIGGER_CDC/dest_hsdata_ff_reg[67]/D
 47  CDC-15  Warning   Clock enable controlled CDC structure detected      0  Asynch Clock Groups  u_CORE/u_MULTIMODE_PATH/u_CNN_REQUEST_CDC/u_TRIGGER_CDC/src_hsdata_ff_reg[68]/C                                              u_CORE/u_MULTIMODE_PATH/u_CNN_REQUEST_CDC/u_TRIGGER_CDC/dest_hsdata_ff_reg[68]/D
 48  CDC-15  Warning   Clock enable controlled CDC structure detected      0  Asynch Clock Groups  u_CORE/u_MULTIMODE_PATH/u_CNN_REQUEST_CDC/u_TRIGGER_CDC/src_hsdata_ff_reg[69]/C                                              u_CORE/u_MULTIMODE_PATH/u_CNN_REQUEST_CDC/u_TRIGGER_CDC/dest_hsdata_ff_reg[69]/D
 49  CDC-15  Warning   Clock enable controlled CDC structure detected      0  Asynch Clock Groups  u_CORE/u_MULTIMODE_PATH/u_CNN_REQUEST_CDC/u_TRIGGER_CDC/src_hsdata_ff_reg[70]/C                                              u_CORE/u_MULTIMODE_PATH/u_CNN_REQUEST_CDC/u_TRIGGER_CDC/dest_hsdata_ff_reg[70]/D
 50  CDC-15  Warning   Clock enable controlled CDC structure detected      0  Asynch Clock Groups  u_CORE/u_MULTIMODE_PATH/u_CNN_REQUEST_CDC/u_TRIGGER_CDC/src_hsdata_ff_reg[71]/C                                              u_CORE/u_MULTIMODE_PATH/u_CNN_REQUEST_CDC/u_TRIGGER_CDC/dest_hsdata_ff_reg[71]/D
 51  CDC-15  Warning   Clock enable controlled CDC structure detected      0  Asynch Clock Groups  u_CORE/u_MULTIMODE_PATH/u_CNN_REQUEST_CDC/u_TRIGGER_CDC/src_hsdata_ff_reg[72]/C                                              u_CORE/u_MULTIMODE_PATH/u_CNN_REQUEST_CDC/u_TRIGGER_CDC/dest_hsdata_ff_reg[72]/D
 52  CDC-15  Warning   Clock enable controlled CDC structure detected      0  Asynch Clock Groups  u_CORE/u_MULTIMODE_PATH/u_CNN_REQUEST_CDC/u_TRIGGER_CDC/src_hsdata_ff_reg[73]/C                                              u_CORE/u_MULTIMODE_PATH/u_CNN_REQUEST_CDC/u_TRIGGER_CDC/dest_hsdata_ff_reg[73]/D
 53  CDC-15  Warning   Clock enable controlled CDC structure detected      0  Asynch Clock Groups  u_CORE/u_MULTIMODE_PATH/u_CNN_REQUEST_CDC/u_TRIGGER_CDC/src_hsdata_ff_reg[74]/C                                              u_CORE/u_MULTIMODE_PATH/u_CNN_REQUEST_CDC/u_TRIGGER_CDC/dest_hsdata_ff_reg[74]/D
 54  CDC-15  Warning   Clock enable controlled CDC structure detected      0  Asynch Clock Groups  u_CORE/u_MULTIMODE_PATH/u_CNN_REQUEST_CDC/u_TRIGGER_CDC/src_hsdata_ff_reg[75]/C                                              u_CORE/u_MULTIMODE_PATH/u_CNN_REQUEST_CDC/u_TRIGGER_CDC/dest_hsdata_ff_reg[75]/D
 55  CDC-15  Warning   Clock enable controlled CDC structure detected      0  Asynch Clock Groups  u_CORE/u_MULTIMODE_PATH/u_CNN_REQUEST_CDC/u_TRIGGER_CDC/src_hsdata_ff_reg[76]/C                                              u_CORE/u_MULTIMODE_PATH/u_CNN_REQUEST_CDC/u_TRIGGER_CDC/dest_hsdata_ff_reg[76]/D
 56  CDC-15  Warning   Clock enable controlled CDC structure detected      0  Asynch Clock Groups  u_CORE/u_MULTIMODE_PATH/u_CNN_REQUEST_CDC/u_TRIGGER_CDC/src_hsdata_ff_reg[77]/C                                              u_CORE/u_MULTIMODE_PATH/u_CNN_REQUEST_CDC/u_TRIGGER_CDC/dest_hsdata_ff_reg[77]/D
 57  CDC-15  Warning   Clock enable controlled CDC structure detected      0  Asynch Clock Groups  u_CORE/u_MULTIMODE_PATH/u_CNN_REQUEST_CDC/u_TRIGGER_CDC/src_hsdata_ff_reg[78]/C                                              u_CORE/u_MULTIMODE_PATH/u_CNN_REQUEST_CDC/u_TRIGGER_CDC/dest_hsdata_ff_reg[78]/D
 58  CDC-15  Warning   Clock enable controlled CDC structure detected      0  Asynch Clock Groups  u_CORE/u_MULTIMODE_PATH/u_CNN_REQUEST_CDC/u_TRIGGER_CDC/src_hsdata_ff_reg[79]/C                                              u_CORE/u_MULTIMODE_PATH/u_CNN_REQUEST_CDC/u_TRIGGER_CDC/dest_hsdata_ff_reg[79]/D
 59  CDC-15  Warning   Clock enable controlled CDC structure detected      0  Asynch Clock Groups  u_CORE/u_MULTIMODE_PATH/u_CNN_REQUEST_CDC/u_TRIGGER_CDC/src_hsdata_ff_reg[80]/C                                              u_CORE/u_MULTIMODE_PATH/u_CNN_REQUEST_CDC/u_TRIGGER_CDC/dest_hsdata_ff_reg[80]/D
 60  CDC-15  Warning   Clock enable controlled CDC structure detected      0  Asynch Clock Groups  u_CORE/u_MULTIMODE_PATH/u_CNN_REQUEST_CDC/u_TRIGGER_CDC/src_hsdata_ff_reg[81]/C                                              u_CORE/u_MULTIMODE_PATH/u_CNN_REQUEST_CDC/u_TRIGGER_CDC/dest_hsdata_ff_reg[81]/D
 61  CDC-15  Warning   Clock enable controlled CDC structure detected      0  Asynch Clock Groups  u_CORE/u_MULTIMODE_PATH/u_CNN_REQUEST_CDC/u_TRIGGER_CDC/src_hsdata_ff_reg[82]/C                                              u_CORE/u_MULTIMODE_PATH/u_CNN_REQUEST_CDC/u_TRIGGER_CDC/dest_hsdata_ff_reg[82]/D
 62  CDC-15  Warning   Clock enable controlled CDC structure detected      0  Asynch Clock Groups  u_CORE/u_MULTIMODE_PATH/u_CNN_REQUEST_CDC/u_TRIGGER_CDC/src_hsdata_ff_reg[83]/C                                              u_CORE/u_MULTIMODE_PATH/u_CNN_REQUEST_CDC/u_TRIGGER_CDC/dest_hsdata_ff_reg[83]/D
 63  CDC-3   Info      1-bit synchronized with ASYNC_REG property          2  Asynch Clock Groups  u_CORE/u_MULTIMODE_PATH/u_CNN_REQUEST_CDC/u_TRIGGER_CDC/src_sendd_ff_reg/C                                                   u_CORE/u_MULTIMODE_PATH/u_CNN_REQUEST_CDC/u_TRIGGER_CDC/xpm_cdc_single_src2dest_inst/syncstages_ff_reg[0]/D
 64  CDC-3   Info      1-bit synchronized with ASYNC_REG property          2  Asynch Clock Groups  u_CORE/u_MULTIMODE_PATH/u_CNN_WORK_SYNC/src_ff_reg[0]/C                                                                      u_CORE/u_MULTIMODE_PATH/u_CNN_WORK_SYNC/syncstages_ff_reg[0][0]/D

Source Clock: input port clock
Destination Clock: CLK_ADC
CDC Type: No Common Primary Clock

Row  ID      Severity  Description                            Depth  Exception   Source (From)  Destination (To)
---  ------  --------  -------------------------------------  -----  ----------  -------------  -----------------------------------
  1  CDC-26  Warning   LUTRAM read/write potential collision      0  False Path  RST            u_CORE/u_RST_ADC/sync_ff_reg[0]/PRE

Source Clock: CLK_ADC
Destination Clock: CLK_CNN
CDC Type: No Common Primary Clock

Row  ID      Severity  Description                                     Depth  Exception            Source (From)                                                                                                                Destination (To)
---  ------  --------  ----------------------------------------------  -----  -------------------  ---------------------------------------------------------------------------------------------------------------------------  ---------------------------------------------------------------------------------------------------------------------------------------
  1  CDC-15  Warning   Clock enable controlled CDC structure detected      0  Asynch Clock Groups  u_CORE/gen_lanes[0].u_LANE/u_CHUNK_ID_CDC/src_hsdata_ff_reg[0]/C                                                             u_CORE/gen_lanes[0].u_LANE/u_CHUNK_ID_CDC/dest_hsdata_ff_reg[0]/D
  2  CDC-15  Warning   Clock enable controlled CDC structure detected      0  Asynch Clock Groups  u_CORE/gen_lanes[0].u_LANE/u_CHUNK_ID_CDC/src_hsdata_ff_reg[1]/C                                                             u_CORE/gen_lanes[0].u_LANE/u_CHUNK_ID_CDC/dest_hsdata_ff_reg[1]/D
  3  CDC-15  Warning   Clock enable controlled CDC structure detected      0  Asynch Clock Groups  u_CORE/gen_lanes[0].u_LANE/u_CHUNK_ID_CDC/src_hsdata_ff_reg[2]/C                                                             u_CORE/gen_lanes[0].u_LANE/u_CHUNK_ID_CDC/dest_hsdata_ff_reg[2]/D
  4  CDC-15  Warning   Clock enable controlled CDC structure detected      0  Asynch Clock Groups  u_CORE/gen_lanes[0].u_LANE/u_CHUNK_ID_CDC/src_hsdata_ff_reg[3]/C                                                             u_CORE/gen_lanes[0].u_LANE/u_CHUNK_ID_CDC/dest_hsdata_ff_reg[3]/D
  5  CDC-15  Warning   Clock enable controlled CDC structure detected      0  Asynch Clock Groups  u_CORE/gen_lanes[0].u_LANE/u_CHUNK_ID_CDC/src_hsdata_ff_reg[4]/C                                                             u_CORE/gen_lanes[0].u_LANE/u_CHUNK_ID_CDC/dest_hsdata_ff_reg[4]/D
  6  CDC-15  Warning   Clock enable controlled CDC structure detected      0  Asynch Clock Groups  u_CORE/gen_lanes[0].u_LANE/u_CHUNK_ID_CDC/src_hsdata_ff_reg[5]/C                                                             u_CORE/gen_lanes[0].u_LANE/u_CHUNK_ID_CDC/dest_hsdata_ff_reg[5]/D
  7  CDC-15  Warning   Clock enable controlled CDC structure detected      0  Asynch Clock Groups  u_CORE/gen_lanes[0].u_LANE/u_CHUNK_ID_CDC/src_hsdata_ff_reg[6]/C                                                             u_CORE/gen_lanes[0].u_LANE/u_CHUNK_ID_CDC/dest_hsdata_ff_reg[6]/D
  8  CDC-15  Warning   Clock enable controlled CDC structure detected      0  Asynch Clock Groups  u_CORE/gen_lanes[0].u_LANE/u_CHUNK_ID_CDC/src_hsdata_ff_reg[7]/C                                                             u_CORE/gen_lanes[0].u_LANE/u_CHUNK_ID_CDC/dest_hsdata_ff_reg[7]/D
  9  CDC-15  Warning   Clock enable controlled CDC structure detected      0  Asynch Clock Groups  u_CORE/gen_lanes[0].u_LANE/u_CHUNK_ID_CDC/src_hsdata_ff_reg[8]/C                                                             u_CORE/gen_lanes[0].u_LANE/u_CHUNK_ID_CDC/dest_hsdata_ff_reg[8]/D
 10  CDC-15  Warning   Clock enable controlled CDC structure detected      0  Asynch Clock Groups  u_CORE/gen_lanes[0].u_LANE/u_CHUNK_ID_CDC/src_hsdata_ff_reg[9]/C                                                             u_CORE/gen_lanes[0].u_LANE/u_CHUNK_ID_CDC/dest_hsdata_ff_reg[9]/D
 11  CDC-15  Warning   Clock enable controlled CDC structure detected      0  Asynch Clock Groups  u_CORE/gen_lanes[0].u_LANE/u_CHUNK_ID_CDC/src_hsdata_ff_reg[10]/C                                                            u_CORE/gen_lanes[0].u_LANE/u_CHUNK_ID_CDC/dest_hsdata_ff_reg[10]/D
 12  CDC-15  Warning   Clock enable controlled CDC structure detected      0  Asynch Clock Groups  u_CORE/gen_lanes[0].u_LANE/u_CHUNK_ID_CDC/src_hsdata_ff_reg[11]/C                                                            u_CORE/gen_lanes[0].u_LANE/u_CHUNK_ID_CDC/dest_hsdata_ff_reg[11]/D
 13  CDC-15  Warning   Clock enable controlled CDC structure detected      0  Asynch Clock Groups  u_CORE/gen_lanes[0].u_LANE/u_CHUNK_ID_CDC/src_hsdata_ff_reg[12]/C                                                            u_CORE/gen_lanes[0].u_LANE/u_CHUNK_ID_CDC/dest_hsdata_ff_reg[12]/D
 14  CDC-15  Warning   Clock enable controlled CDC structure detected      0  Asynch Clock Groups  u_CORE/gen_lanes[0].u_LANE/u_CHUNK_ID_CDC/src_hsdata_ff_reg[13]/C                                                            u_CORE/gen_lanes[0].u_LANE/u_CHUNK_ID_CDC/dest_hsdata_ff_reg[13]/D
 15  CDC-15  Warning   Clock enable controlled CDC structure detected      0  Asynch Clock Groups  u_CORE/gen_lanes[0].u_LANE/u_CHUNK_ID_CDC/src_hsdata_ff_reg[14]/C                                                            u_CORE/gen_lanes[0].u_LANE/u_CHUNK_ID_CDC/dest_hsdata_ff_reg[14]/D
 16  CDC-15  Warning   Clock enable controlled CDC structure detected      0  Asynch Clock Groups  u_CORE/gen_lanes[0].u_LANE/u_CHUNK_ID_CDC/src_hsdata_ff_reg[15]/C                                                            u_CORE/gen_lanes[0].u_LANE/u_CHUNK_ID_CDC/dest_hsdata_ff_reg[15]/D
 17  CDC-15  Warning   Clock enable controlled CDC structure detected      0  Asynch Clock Groups  u_CORE/gen_lanes[0].u_LANE/u_CHUNK_ID_CDC/src_hsdata_ff_reg[16]/C                                                            u_CORE/gen_lanes[0].u_LANE/u_CHUNK_ID_CDC/dest_hsdata_ff_reg[16]/D
 18  CDC-15  Warning   Clock enable controlled CDC structure detected      0  Asynch Clock Groups  u_CORE/gen_lanes[0].u_LANE/u_CHUNK_ID_CDC/src_hsdata_ff_reg[17]/C                                                            u_CORE/gen_lanes[0].u_LANE/u_CHUNK_ID_CDC/dest_hsdata_ff_reg[17]/D
 19  CDC-15  Warning   Clock enable controlled CDC structure detected      0  Asynch Clock Groups  u_CORE/gen_lanes[0].u_LANE/u_CHUNK_ID_CDC/src_hsdata_ff_reg[18]/C                                                            u_CORE/gen_lanes[0].u_LANE/u_CHUNK_ID_CDC/dest_hsdata_ff_reg[18]/D
 20  CDC-15  Warning   Clock enable controlled CDC structure detected      0  Asynch Clock Groups  u_CORE/gen_lanes[0].u_LANE/u_CHUNK_ID_CDC/src_hsdata_ff_reg[19]/C                                                            u_CORE/gen_lanes[0].u_LANE/u_CHUNK_ID_CDC/dest_hsdata_ff_reg[19]/D
 21  CDC-15  Warning   Clock enable controlled CDC structure detected      0  Asynch Clock Groups  u_CORE/gen_lanes[0].u_LANE/u_CHUNK_ID_CDC/src_hsdata_ff_reg[20]/C                                                            u_CORE/gen_lanes[0].u_LANE/u_CHUNK_ID_CDC/dest_hsdata_ff_reg[20]/D
 22  CDC-15  Warning   Clock enable controlled CDC structure detected      0  Asynch Clock Groups  u_CORE/gen_lanes[0].u_LANE/u_CHUNK_ID_CDC/src_hsdata_ff_reg[21]/C                                                            u_CORE/gen_lanes[0].u_LANE/u_CHUNK_ID_CDC/dest_hsdata_ff_reg[21]/D
 23  CDC-15  Warning   Clock enable controlled CDC structure detected      0  Asynch Clock Groups  u_CORE/gen_lanes[0].u_LANE/u_CHUNK_ID_CDC/src_hsdata_ff_reg[22]/C                                                            u_CORE/gen_lanes[0].u_LANE/u_CHUNK_ID_CDC/dest_hsdata_ff_reg[22]/D
 24  CDC-15  Warning   Clock enable controlled CDC structure detected      0  Asynch Clock Groups  u_CORE/gen_lanes[0].u_LANE/u_CHUNK_ID_CDC/src_hsdata_ff_reg[23]/C                                                            u_CORE/gen_lanes[0].u_LANE/u_CHUNK_ID_CDC/dest_hsdata_ff_reg[23]/D
 25  CDC-15  Warning   Clock enable controlled CDC structure detected      0  Asynch Clock Groups  u_CORE/gen_lanes[0].u_LANE/u_CHUNK_ID_CDC/src_hsdata_ff_reg[24]/C                                                            u_CORE/gen_lanes[0].u_LANE/u_CHUNK_ID_CDC/dest_hsdata_ff_reg[24]/D
 26  CDC-15  Warning   Clock enable controlled CDC structure detected      0  Asynch Clock Groups  u_CORE/gen_lanes[0].u_LANE/u_CHUNK_ID_CDC/src_hsdata_ff_reg[25]/C                                                            u_CORE/gen_lanes[0].u_LANE/u_CHUNK_ID_CDC/dest_hsdata_ff_reg[25]/D
 27  CDC-15  Warning   Clock enable controlled CDC structure detected      0  Asynch Clock Groups  u_CORE/gen_lanes[0].u_LANE/u_CHUNK_ID_CDC/src_hsdata_ff_reg[26]/C                                                            u_CORE/gen_lanes[0].u_LANE/u_CHUNK_ID_CDC/dest_hsdata_ff_reg[26]/D
 28  CDC-15  Warning   Clock enable controlled CDC structure detected      0  Asynch Clock Groups  u_CORE/gen_lanes[0].u_LANE/u_CHUNK_ID_CDC/src_hsdata_ff_reg[27]/C                                                            u_CORE/gen_lanes[0].u_LANE/u_CHUNK_ID_CDC/dest_hsdata_ff_reg[27]/D
 29  CDC-15  Warning   Clock enable controlled CDC structure detected      0  Asynch Clock Groups  u_CORE/gen_lanes[0].u_LANE/u_CHUNK_ID_CDC/src_hsdata_ff_reg[28]/C                                                            u_CORE/gen_lanes[0].u_LANE/u_CHUNK_ID_CDC/dest_hsdata_ff_reg[28]/D
 30  CDC-15  Warning   Clock enable controlled CDC structure detected      0  Asynch Clock Groups  u_CORE/gen_lanes[0].u_LANE/u_CHUNK_ID_CDC/src_hsdata_ff_reg[29]/C                                                            u_CORE/gen_lanes[0].u_LANE/u_CHUNK_ID_CDC/dest_hsdata_ff_reg[29]/D
 31  CDC-15  Warning   Clock enable controlled CDC structure detected      0  Asynch Clock Groups  u_CORE/gen_lanes[0].u_LANE/u_CHUNK_ID_CDC/src_hsdata_ff_reg[30]/C                                                            u_CORE/gen_lanes[0].u_LANE/u_CHUNK_ID_CDC/dest_hsdata_ff_reg[30]/D
 32  CDC-15  Warning   Clock enable controlled CDC structure detected      0  Asynch Clock Groups  u_CORE/gen_lanes[0].u_LANE/u_CHUNK_ID_CDC/src_hsdata_ff_reg[31]/C                                                            u_CORE/gen_lanes[0].u_LANE/u_CHUNK_ID_CDC/dest_hsdata_ff_reg[31]/D
 33  CDC-15  Warning   Clock enable controlled CDC structure detected      0  Asynch Clock Groups  u_CORE/gen_lanes[0].u_LANE/u_CHUNK_ID_CDC/src_hsdata_ff_reg[32]/C                                                            u_CORE/gen_lanes[0].u_LANE/u_CHUNK_ID_CDC/dest_hsdata_ff_reg[32]/D
 34  CDC-15  Warning   Clock enable controlled CDC structure detected      0  Asynch Clock Groups  u_CORE/gen_lanes[0].u_LANE/u_CHUNK_ID_CDC/src_hsdata_ff_reg[33]/C                                                            u_CORE/gen_lanes[0].u_LANE/u_CHUNK_ID_CDC/dest_hsdata_ff_reg[33]/D
 35  CDC-15  Warning   Clock enable controlled CDC structure detected      0  Asynch Clock Groups  u_CORE/gen_lanes[0].u_LANE/u_CHUNK_ID_CDC/src_hsdata_ff_reg[34]/C                                                            u_CORE/gen_lanes[0].u_LANE/u_CHUNK_ID_CDC/dest_hsdata_ff_reg[34]/D
 36  CDC-15  Warning   Clock enable controlled CDC structure detected      0  Asynch Clock Groups  u_CORE/gen_lanes[0].u_LANE/u_CHUNK_ID_CDC/src_hsdata_ff_reg[35]/C                                                            u_CORE/gen_lanes[0].u_LANE/u_CHUNK_ID_CDC/dest_hsdata_ff_reg[35]/D
 37  CDC-15  Warning   Clock enable controlled CDC structure detected      0  Asynch Clock Groups  u_CORE/gen_lanes[0].u_LANE/u_CHUNK_ID_CDC/src_hsdata_ff_reg[36]/C                                                            u_CORE/gen_lanes[0].u_LANE/u_CHUNK_ID_CDC/dest_hsdata_ff_reg[36]/D
 38  CDC-15  Warning   Clock enable controlled CDC structure detected      0  Asynch Clock Groups  u_CORE/gen_lanes[0].u_LANE/u_CHUNK_ID_CDC/src_hsdata_ff_reg[37]/C                                                            u_CORE/gen_lanes[0].u_LANE/u_CHUNK_ID_CDC/dest_hsdata_ff_reg[37]/D
 39  CDC-15  Warning   Clock enable controlled CDC structure detected      0  Asynch Clock Groups  u_CORE/gen_lanes[0].u_LANE/u_CHUNK_ID_CDC/src_hsdata_ff_reg[38]/C                                                            u_CORE/gen_lanes[0].u_LANE/u_CHUNK_ID_CDC/dest_hsdata_ff_reg[38]/D
 40  CDC-15  Warning   Clock enable controlled CDC structure detected      0  Asynch Clock Groups  u_CORE/gen_lanes[0].u_LANE/u_CHUNK_ID_CDC/src_hsdata_ff_reg[39]/C                                                            u_CORE/gen_lanes[0].u_LANE/u_CHUNK_ID_CDC/dest_hsdata_ff_reg[39]/D
 41  CDC-15  Warning   Clock enable controlled CDC structure detected      0  Asynch Clock Groups  u_CORE/gen_lanes[0].u_LANE/u_CHUNK_ID_CDC/src_hsdata_ff_reg[40]/C                                                            u_CORE/gen_lanes[0].u_LANE/u_CHUNK_ID_CDC/dest_hsdata_ff_reg[40]/D
 42  CDC-15  Warning   Clock enable controlled CDC structure detected      0  Asynch Clock Groups  u_CORE/gen_lanes[0].u_LANE/u_CHUNK_ID_CDC/src_hsdata_ff_reg[41]/C                                                            u_CORE/gen_lanes[0].u_LANE/u_CHUNK_ID_CDC/dest_hsdata_ff_reg[41]/D
 43  CDC-15  Warning   Clock enable controlled CDC structure detected      0  Asynch Clock Groups  u_CORE/gen_lanes[0].u_LANE/u_CHUNK_ID_CDC/src_hsdata_ff_reg[42]/C                                                            u_CORE/gen_lanes[0].u_LANE/u_CHUNK_ID_CDC/dest_hsdata_ff_reg[42]/D
 44  CDC-15  Warning   Clock enable controlled CDC structure detected      0  Asynch Clock Groups  u_CORE/gen_lanes[0].u_LANE/u_CHUNK_ID_CDC/src_hsdata_ff_reg[43]/C                                                            u_CORE/gen_lanes[0].u_LANE/u_CHUNK_ID_CDC/dest_hsdata_ff_reg[43]/D
 45  CDC-15  Warning   Clock enable controlled CDC structure detected      0  Asynch Clock Groups  u_CORE/gen_lanes[0].u_LANE/u_CHUNK_ID_CDC/src_hsdata_ff_reg[44]/C                                                            u_CORE/gen_lanes[0].u_LANE/u_CHUNK_ID_CDC/dest_hsdata_ff_reg[44]/D
 46  CDC-15  Warning   Clock enable controlled CDC structure detected      0  Asynch Clock Groups  u_CORE/gen_lanes[0].u_LANE/u_CHUNK_ID_CDC/src_hsdata_ff_reg[45]/C                                                            u_CORE/gen_lanes[0].u_LANE/u_CHUNK_ID_CDC/dest_hsdata_ff_reg[45]/D
 47  CDC-15  Warning   Clock enable controlled CDC structure detected      0  Asynch Clock Groups  u_CORE/gen_lanes[0].u_LANE/u_CHUNK_ID_CDC/src_hsdata_ff_reg[46]/C                                                            u_CORE/gen_lanes[0].u_LANE/u_CHUNK_ID_CDC/dest_hsdata_ff_reg[46]/D
 48  CDC-15  Warning   Clock enable controlled CDC structure detected      0  Asynch Clock Groups  u_CORE/gen_lanes[0].u_LANE/u_CHUNK_ID_CDC/src_hsdata_ff_reg[47]/C                                                            u_CORE/gen_lanes[0].u_LANE/u_CHUNK_ID_CDC/dest_hsdata_ff_reg[47]/D
 49  CDC-15  Warning   Clock enable controlled CDC structure detected      0  Asynch Clock Groups  u_CORE/gen_lanes[0].u_LANE/u_CHUNK_ID_CDC/src_hsdata_ff_reg[48]/C                                                            u_CORE/gen_lanes[0].u_LANE/u_CHUNK_ID_CDC/dest_hsdata_ff_reg[48]/D
 50  CDC-15  Warning   Clock enable controlled CDC structure detected      0  Asynch Clock Groups  u_CORE/gen_lanes[0].u_LANE/u_CHUNK_ID_CDC/src_hsdata_ff_reg[49]/C                                                            u_CORE/gen_lanes[0].u_LANE/u_CHUNK_ID_CDC/dest_hsdata_ff_reg[49]/D
 51  CDC-15  Warning   Clock enable controlled CDC structure detected      0  Asynch Clock Groups  u_CORE/gen_lanes[0].u_LANE/u_CHUNK_ID_CDC/src_hsdata_ff_reg[50]/C                                                            u_CORE/gen_lanes[0].u_LANE/u_CHUNK_ID_CDC/dest_hsdata_ff_reg[50]/D
 52  CDC-15  Warning   Clock enable controlled CDC structure detected      0  Asynch Clock Groups  u_CORE/gen_lanes[0].u_LANE/u_CHUNK_ID_CDC/src_hsdata_ff_reg[51]/C                                                            u_CORE/gen_lanes[0].u_LANE/u_CHUNK_ID_CDC/dest_hsdata_ff_reg[51]/D
 53  CDC-15  Warning   Clock enable controlled CDC structure detected      0  Asynch Clock Groups  u_CORE/gen_lanes[0].u_LANE/u_CHUNK_ID_CDC/src_hsdata_ff_reg[52]/C                                                            u_CORE/gen_lanes[0].u_LANE/u_CHUNK_ID_CDC/dest_hsdata_ff_reg[52]/D
 54  CDC-15  Warning   Clock enable controlled CDC structure detected      0  Asynch Clock Groups  u_CORE/gen_lanes[0].u_LANE/u_CHUNK_ID_CDC/src_hsdata_ff_reg[53]/C                                                            u_CORE/gen_lanes[0].u_LANE/u_CHUNK_ID_CDC/dest_hsdata_ff_reg[53]/D
 55  CDC-15  Warning   Clock enable controlled CDC structure detected      0  Asynch Clock Groups  u_CORE/gen_lanes[0].u_LANE/u_CHUNK_ID_CDC/src_hsdata_ff_reg[54]/C                                                            u_CORE/gen_lanes[0].u_LANE/u_CHUNK_ID_CDC/dest_hsdata_ff_reg[54]/D
 56  CDC-15  Warning   Clock enable controlled CDC structure detected      0  Asynch Clock Groups  u_CORE/gen_lanes[0].u_LANE/u_CHUNK_ID_CDC/src_hsdata_ff_reg[55]/C                                                            u_CORE/gen_lanes[0].u_LANE/u_CHUNK_ID_CDC/dest_hsdata_ff_reg[55]/D
 57  CDC-15  Warning   Clock enable controlled CDC structure detected      0  Asynch Clock Groups  u_CORE/gen_lanes[0].u_LANE/u_CHUNK_ID_CDC/src_hsdata_ff_reg[56]/C                                                            u_CORE/gen_lanes[0].u_LANE/u_CHUNK_ID_CDC/dest_hsdata_ff_reg[56]/D
 58  CDC-15  Warning   Clock enable controlled CDC structure detected      0  Asynch Clock Groups  u_CORE/gen_lanes[0].u_LANE/u_CHUNK_ID_CDC/src_hsdata_ff_reg[57]/C                                                            u_CORE/gen_lanes[0].u_LANE/u_CHUNK_ID_CDC/dest_hsdata_ff_reg[57]/D
 59  CDC-15  Warning   Clock enable controlled CDC structure detected      0  Asynch Clock Groups  u_CORE/gen_lanes[0].u_LANE/u_CHUNK_ID_CDC/src_hsdata_ff_reg[58]/C                                                            u_CORE/gen_lanes[0].u_LANE/u_CHUNK_ID_CDC/dest_hsdata_ff_reg[58]/D
 60  CDC-15  Warning   Clock enable controlled CDC structure detected      0  Asynch Clock Groups  u_CORE/gen_lanes[0].u_LANE/u_CHUNK_ID_CDC/src_hsdata_ff_reg[59]/C                                                            u_CORE/gen_lanes[0].u_LANE/u_CHUNK_ID_CDC/dest_hsdata_ff_reg[59]/D
 61  CDC-15  Warning   Clock enable controlled CDC structure detected      0  Asynch Clock Groups  u_CORE/gen_lanes[0].u_LANE/u_CHUNK_ID_CDC/src_hsdata_ff_reg[60]/C                                                            u_CORE/gen_lanes[0].u_LANE/u_CHUNK_ID_CDC/dest_hsdata_ff_reg[60]/D
 62  CDC-15  Warning   Clock enable controlled CDC structure detected      0  Asynch Clock Groups  u_CORE/gen_lanes[0].u_LANE/u_CHUNK_ID_CDC/src_hsdata_ff_reg[61]/C                                                            u_CORE/gen_lanes[0].u_LANE/u_CHUNK_ID_CDC/dest_hsdata_ff_reg[61]/D
 63  CDC-15  Warning   Clock enable controlled CDC structure detected      0  Asynch Clock Groups  u_CORE/gen_lanes[0].u_LANE/u_CHUNK_ID_CDC/src_hsdata_ff_reg[62]/C                                                            u_CORE/gen_lanes[0].u_LANE/u_CHUNK_ID_CDC/dest_hsdata_ff_reg[62]/D
 64  CDC-15  Warning   Clock enable controlled CDC structure detected      0  Asynch Clock Groups  u_CORE/gen_lanes[0].u_LANE/u_CHUNK_ID_CDC/src_hsdata_ff_reg[63]/C                                                            u_CORE/gen_lanes[0].u_LANE/u_CHUNK_ID_CDC/dest_hsdata_ff_reg[63]/D
 65  CDC-15  Warning   Clock enable controlled CDC structure detected      0  Asynch Clock Groups  u_CORE/gen_lanes[0].u_LANE/u_CHUNK_ID_CDC/src_hsdata_ff_reg[64]/C                                                            u_CORE/gen_lanes[0].u_LANE/u_CHUNK_ID_CDC/dest_hsdata_ff_reg[64]/D
 66  CDC-15  Warning   Clock enable controlled CDC structure detected      0  Asynch Clock Groups  u_CORE/gen_lanes[0].u_LANE/u_CHUNK_ID_CDC/src_hsdata_ff_reg[65]/C                                                            u_CORE/gen_lanes[0].u_LANE/u_CHUNK_ID_CDC/dest_hsdata_ff_reg[65]/D
 67  CDC-15  Warning   Clock enable controlled CDC structure detected      0  Asynch Clock Groups  u_CORE/gen_lanes[0].u_LANE/u_CHUNK_ID_CDC/src_hsdata_ff_reg[66]/C                                                            u_CORE/gen_lanes[0].u_LANE/u_CHUNK_ID_CDC/dest_hsdata_ff_reg[66]/D
 68  CDC-15  Warning   Clock enable controlled CDC structure detected      0  Asynch Clock Groups  u_CORE/gen_lanes[0].u_LANE/u_CHUNK_ID_CDC/src_hsdata_ff_reg[67]/C                                                            u_CORE/gen_lanes[0].u_LANE/u_CHUNK_ID_CDC/dest_hsdata_ff_reg[67]/D
 69  CDC-15  Warning   Clock enable controlled CDC structure detected      0  Asynch Clock Groups  u_CORE/gen_lanes[0].u_LANE/u_CHUNK_ID_CDC/src_hsdata_ff_reg[68]/C                                                            u_CORE/gen_lanes[0].u_LANE/u_CHUNK_ID_CDC/dest_hsdata_ff_reg[68]/D
 70  CDC-15  Warning   Clock enable controlled CDC structure detected      0  Asynch Clock Groups  u_CORE/gen_lanes[0].u_LANE/u_CHUNK_ID_CDC/src_hsdata_ff_reg[69]/C                                                            u_CORE/gen_lanes[0].u_LANE/u_CHUNK_ID_CDC/dest_hsdata_ff_reg[69]/D
 71  CDC-15  Warning   Clock enable controlled CDC structure detected      0  Asynch Clock Groups  u_CORE/gen_lanes[0].u_LANE/u_CHUNK_ID_CDC/src_hsdata_ff_reg[70]/C                                                            u_CORE/gen_lanes[0].u_LANE/u_CHUNK_ID_CDC/dest_hsdata_ff_reg[70]/D
 72  CDC-15  Warning   Clock enable controlled CDC structure detected      0  Asynch Clock Groups  u_CORE/gen_lanes[0].u_LANE/u_CHUNK_ID_CDC/src_hsdata_ff_reg[71]/C                                                            u_CORE/gen_lanes[0].u_LANE/u_CHUNK_ID_CDC/dest_hsdata_ff_reg[71]/D
 73  CDC-15  Warning   Clock enable controlled CDC structure detected      0  Asynch Clock Groups  u_CORE/gen_lanes[0].u_LANE/u_CHUNK_ID_CDC/src_hsdata_ff_reg[72]/C                                                            u_CORE/gen_lanes[0].u_LANE/u_CHUNK_ID_CDC/dest_hsdata_ff_reg[72]/D
 74  CDC-15  Warning   Clock enable controlled CDC structure detected      0  Asynch Clock Groups  u_CORE/gen_lanes[0].u_LANE/u_CHUNK_ID_CDC/src_hsdata_ff_reg[73]/C                                                            u_CORE/gen_lanes[0].u_LANE/u_CHUNK_ID_CDC/dest_hsdata_ff_reg[73]/D
 75  CDC-15  Warning   Clock enable controlled CDC structure detected      0  Asynch Clock Groups  u_CORE/gen_lanes[0].u_LANE/u_CHUNK_ID_CDC/src_hsdata_ff_reg[74]/C                                                            u_CORE/gen_lanes[0].u_LANE/u_CHUNK_ID_CDC/dest_hsdata_ff_reg[74]/D
 76  CDC-15  Warning   Clock enable controlled CDC structure detected      0  Asynch Clock Groups  u_CORE/gen_lanes[0].u_LANE/u_CHUNK_ID_CDC/src_hsdata_ff_reg[75]/C                                                            u_CORE/gen_lanes[0].u_LANE/u_CHUNK_ID_CDC/dest_hsdata_ff_reg[75]/D
 77  CDC-15  Warning   Clock enable controlled CDC structure detected      0  Asynch Clock Groups  u_CORE/gen_lanes[0].u_LANE/u_CHUNK_ID_CDC/src_hsdata_ff_reg[76]/C                                                            u_CORE/gen_lanes[0].u_LANE/u_CHUNK_ID_CDC/dest_hsdata_ff_reg[76]/D
 78  CDC-15  Warning   Clock enable controlled CDC structure detected      0  Asynch Clock Groups  u_CORE/gen_lanes[0].u_LANE/u_CHUNK_ID_CDC/src_hsdata_ff_reg[77]/C                                                            u_CORE/gen_lanes[0].u_LANE/u_CHUNK_ID_CDC/dest_hsdata_ff_reg[77]/D
 79  CDC-15  Warning   Clock enable controlled CDC structure detected      0  Asynch Clock Groups  u_CORE/gen_lanes[0].u_LANE/u_CHUNK_ID_CDC/src_hsdata_ff_reg[78]/C                                                            u_CORE/gen_lanes[0].u_LANE/u_CHUNK_ID_CDC/dest_hsdata_ff_reg[78]/D
 80  CDC-15  Warning   Clock enable controlled CDC structure detected      0  Asynch Clock Groups  u_CORE/gen_lanes[0].u_LANE/u_CHUNK_ID_CDC/src_hsdata_ff_reg[79]/C                                                            u_CORE/gen_lanes[0].u_LANE/u_CHUNK_ID_CDC/dest_hsdata_ff_reg[79]/D
 81  CDC-15  Warning   Clock enable controlled CDC structure detected      0  Asynch Clock Groups  u_CORE/gen_lanes[0].u_LANE/u_CHUNK_ID_CDC/src_hsdata_ff_reg[80]/C                                                            u_CORE/gen_lanes[0].u_LANE/u_CHUNK_ID_CDC/dest_hsdata_ff_reg[80]/D
 82  CDC-15  Warning   Clock enable controlled CDC structure detected      0  Asynch Clock Groups  u_CORE/gen_lanes[0].u_LANE/u_CHUNK_ID_CDC/src_hsdata_ff_reg[81]/C                                                            u_CORE/gen_lanes[0].u_LANE/u_CHUNK_ID_CDC/dest_hsdata_ff_reg[81]/D
 83  CDC-15  Warning   Clock enable controlled CDC structure detected      0  Asynch Clock Groups  u_CORE/gen_lanes[0].u_LANE/u_CHUNK_ID_CDC/src_hsdata_ff_reg[82]/C                                                            u_CORE/gen_lanes[0].u_LANE/u_CHUNK_ID_CDC/dest_hsdata_ff_reg[82]/D
 84  CDC-15  Warning   Clock enable controlled CDC structure detected      0  Asynch Clock Groups  u_CORE/gen_lanes[0].u_LANE/u_CHUNK_ID_CDC/src_hsdata_ff_reg[83]/C                                                            u_CORE/gen_lanes[0].u_LANE/u_CHUNK_ID_CDC/dest_hsdata_ff_reg[83]/D
 85  CDC-3   Info      1-bit synchronized with ASYNC_REG property          2  Asynch Clock Groups  u_CORE/gen_lanes[0].u_LANE/u_CHUNK_ID_CDC/src_sendd_ff_reg/C                                                                 u_CORE/gen_lanes[0].u_LANE/u_CHUNK_ID_CDC/xpm_cdc_single_src2dest_inst/syncstages_ff_reg[0]/D
 86  CDC-6   Warning   Multi-bit synchronized with ASYNC_REG property      2  Asynch Clock Groups  u_CORE/gen_lanes[0].u_LANE/u_FIFO/gnuram_async_fifo.xpm_fifo_base_inst/gen_cdc_pntr.wr_pntr_cdc_inst/src_gray_ff_reg[6:1]/C  u_CORE/gen_lanes[0].u_LANE/u_FIFO/gnuram_async_fifo.xpm_fifo_base_inst/gen_cdc_pntr.wr_pntr_cdc_inst/dest_graysync_ff_reg[0][6:1]/D
 87  CDC-3   Info      1-bit synchronized with ASYNC_REG property          2  Asynch Clock Groups  u_CORE/gen_lanes[0].u_LANE/u_FIFO/gnuram_async_fifo.xpm_fifo_base_inst/xpm_fifo_rst_inst/gen_rst_ic.fifo_wr_rst_ic_reg/C     u_CORE/gen_lanes[0].u_LANE/u_FIFO/gnuram_async_fifo.xpm_fifo_base_inst/xpm_fifo_rst_inst/gen_rst_ic.wrst_rd_inst/syncstages_ff_reg[0]/D
 88  CDC-15  Warning   Clock enable controlled CDC structure detected      0  Asynch Clock Groups  u_CORE/gen_lanes[1].u_LANE/u_CHUNK_ID_CDC/src_hsdata_ff_reg[0]/C                                                             u_CORE/gen_lanes[1].u_LANE/u_CHUNK_ID_CDC/dest_hsdata_ff_reg[0]/D
 89  CDC-15  Warning   Clock enable controlled CDC structure detected      0  Asynch Clock Groups  u_CORE/gen_lanes[1].u_LANE/u_CHUNK_ID_CDC/src_hsdata_ff_reg[1]/C                                                             u_CORE/gen_lanes[1].u_LANE/u_CHUNK_ID_CDC/dest_hsdata_ff_reg[1]/D
 90  CDC-15  Warning   Clock enable controlled CDC structure detected      0  Asynch Clock Groups  u_CORE/gen_lanes[1].u_LANE/u_CHUNK_ID_CDC/src_hsdata_ff_reg[2]/C                                                             u_CORE/gen_lanes[1].u_LANE/u_CHUNK_ID_CDC/dest_hsdata_ff_reg[2]/D
 91  CDC-15  Warning   Clock enable controlled CDC structure detected      0  Asynch Clock Groups  u_CORE/gen_lanes[1].u_LANE/u_CHUNK_ID_CDC/src_hsdata_ff_reg[3]/C                                                             u_CORE/gen_lanes[1].u_LANE/u_CHUNK_ID_CDC/dest_hsdata_ff_reg[3]/D
 92  CDC-15  Warning   Clock enable controlled CDC structure detected      0  Asynch Clock Groups  u_CORE/gen_lanes[1].u_LANE/u_CHUNK_ID_CDC/src_hsdata_ff_reg[4]/C                                                             u_CORE/gen_lanes[1].u_LANE/u_CHUNK_ID_CDC/dest_hsdata_ff_reg[4]/D
 93  CDC-15  Warning   Clock enable controlled CDC structure detected      0  Asynch Clock Groups  u_CORE/gen_lanes[1].u_LANE/u_CHUNK_ID_CDC/src_hsdata_ff_reg[5]/C                                                             u_CORE/gen_lanes[1].u_LANE/u_CHUNK_ID_CDC/dest_hsdata_ff_reg[5]/D
 94  CDC-15  Warning   Clock enable controlled CDC structure detected      0  Asynch Clock Groups  u_CORE/gen_lanes[1].u_LANE/u_CHUNK_ID_CDC/src_hsdata_ff_reg[6]/C                                                             u_CORE/gen_lanes[1].u_LANE/u_CHUNK_ID_CDC/dest_hsdata_ff_reg[6]/D
 95  CDC-15  Warning   Clock enable controlled CDC structure detected      0  Asynch Clock Groups  u_CORE/gen_lanes[1].u_LANE/u_CHUNK_ID_CDC/src_hsdata_ff_reg[7]/C                                                             u_CORE/gen_lanes[1].u_LANE/u_CHUNK_ID_CDC/dest_hsdata_ff_reg[7]/D
 96  CDC-15  Warning   Clock enable controlled CDC structure detected      0  Asynch Clock Groups  u_CORE/gen_lanes[1].u_LANE/u_CHUNK_ID_CDC/src_hsdata_ff_reg[8]/C                                                             u_CORE/gen_lanes[1].u_LANE/u_CHUNK_ID_CDC/dest_hsdata_ff_reg[8]/D
 97  CDC-15  Warning   Clock enable controlled CDC structure detected      0  Asynch Clock Groups  u_CORE/gen_lanes[1].u_LANE/u_CHUNK_ID_CDC/src_hsdata_ff_reg[9]/C                                                             u_CORE/gen_lanes[1].u_LANE/u_CHUNK_ID_CDC/dest_hsdata_ff_reg[9]/D
 98  CDC-15  Warning   Clock enable controlled CDC structure detected      0  Asynch Clock Groups  u_CORE/gen_lanes[1].u_LANE/u_CHUNK_ID_CDC/src_hsdata_ff_reg[10]/C                                                            u_CORE/gen_lanes[1].u_LANE/u_CHUNK_ID_CDC/dest_hsdata_ff_reg[10]/D
 99  CDC-15  Warning   Clock enable controlled CDC structure detected      0  Asynch Clock Groups  u_CORE/gen_lanes[1].u_LANE/u_CHUNK_ID_CDC/src_hsdata_ff_reg[11]/C                                                            u_CORE/gen_lanes[1].u_LANE/u_CHUNK_ID_CDC/dest_hsdata_ff_reg[11]/D
100  CDC-15  Warning   Clock enable controlled CDC structure detected      0  Asynch Clock Groups  u_CORE/gen_lanes[1].u_LANE/u_CHUNK_ID_CDC/src_hsdata_ff_reg[12]/C                                                            u_CORE/gen_lanes[1].u_LANE/u_CHUNK_ID_CDC/dest_hsdata_ff_reg[12]/D
101  CDC-15  Warning   Clock enable controlled CDC structure detected      0  Asynch Clock Groups  u_CORE/gen_lanes[1].u_LANE/u_CHUNK_ID_CDC/src_hsdata_ff_reg[13]/C                                                            u_CORE/gen_lanes[1].u_LANE/u_CHUNK_ID_CDC/dest_hsdata_ff_reg[13]/D
102  CDC-15  Warning   Clock enable controlled CDC structure detected      0  Asynch Clock Groups  u_CORE/gen_lanes[1].u_LANE/u_CHUNK_ID_CDC/src_hsdata_ff_reg[14]/C                                                            u_CORE/gen_lanes[1].u_LANE/u_CHUNK_ID_CDC/dest_hsdata_ff_reg[14]/D
103  CDC-15  Warning   Clock enable controlled CDC structure detected      0  Asynch Clock Groups  u_CORE/gen_lanes[1].u_LANE/u_CHUNK_ID_CDC/src_hsdata_ff_reg[15]/C                                                            u_CORE/gen_lanes[1].u_LANE/u_CHUNK_ID_CDC/dest_hsdata_ff_reg[15]/D
104  CDC-15  Warning   Clock enable controlled CDC structure detected      0  Asynch Clock Groups  u_CORE/gen_lanes[1].u_LANE/u_CHUNK_ID_CDC/src_hsdata_ff_reg[16]/C                                                            u_CORE/gen_lanes[1].u_LANE/u_CHUNK_ID_CDC/dest_hsdata_ff_reg[16]/D
105  CDC-15  Warning   Clock enable controlled CDC structure detected      0  Asynch Clock Groups  u_CORE/gen_lanes[1].u_LANE/u_CHUNK_ID_CDC/src_hsdata_ff_reg[17]/C                                                            u_CORE/gen_lanes[1].u_LANE/u_CHUNK_ID_CDC/dest_hsdata_ff_reg[17]/D
106  CDC-15  Warning   Clock enable controlled CDC structure detected      0  Asynch Clock Groups  u_CORE/gen_lanes[1].u_LANE/u_CHUNK_ID_CDC/src_hsdata_ff_reg[18]/C                                                            u_CORE/gen_lanes[1].u_LANE/u_CHUNK_ID_CDC/dest_hsdata_ff_reg[18]/D
107  CDC-15  Warning   Clock enable controlled CDC structure detected      0  Asynch Clock Groups  u_CORE/gen_lanes[1].u_LANE/u_CHUNK_ID_CDC/src_hsdata_ff_reg[19]/C                                                            u_CORE/gen_lanes[1].u_LANE/u_CHUNK_ID_CDC/dest_hsdata_ff_reg[19]/D
108  CDC-15  Warning   Clock enable controlled CDC structure detected      0  Asynch Clock Groups  u_CORE/gen_lanes[1].u_LANE/u_CHUNK_ID_CDC/src_hsdata_ff_reg[20]/C                                                            u_CORE/gen_lanes[1].u_LANE/u_CHUNK_ID_CDC/dest_hsdata_ff_reg[20]/D
109  CDC-15  Warning   Clock enable controlled CDC structure detected      0  Asynch Clock Groups  u_CORE/gen_lanes[1].u_LANE/u_CHUNK_ID_CDC/src_hsdata_ff_reg[21]/C                                                            u_CORE/gen_lanes[1].u_LANE/u_CHUNK_ID_CDC/dest_hsdata_ff_reg[21]/D
110  CDC-15  Warning   Clock enable controlled CDC structure detected      0  Asynch Clock Groups  u_CORE/gen_lanes[1].u_LANE/u_CHUNK_ID_CDC/src_hsdata_ff_reg[22]/C                                                            u_CORE/gen_lanes[1].u_LANE/u_CHUNK_ID_CDC/dest_hsdata_ff_reg[22]/D
111  CDC-15  Warning   Clock enable controlled CDC structure detected      0  Asynch Clock Groups  u_CORE/gen_lanes[1].u_LANE/u_CHUNK_ID_CDC/src_hsdata_ff_reg[23]/C                                                            u_CORE/gen_lanes[1].u_LANE/u_CHUNK_ID_CDC/dest_hsdata_ff_reg[23]/D
112  CDC-15  Warning   Clock enable controlled CDC structure detected      0  Asynch Clock Groups  u_CORE/gen_lanes[1].u_LANE/u_CHUNK_ID_CDC/src_hsdata_ff_reg[24]/C                                                            u_CORE/gen_lanes[1].u_LANE/u_CHUNK_ID_CDC/dest_hsdata_ff_reg[24]/D
113  CDC-15  Warning   Clock enable controlled CDC structure detected      0  Asynch Clock Groups  u_CORE/gen_lanes[1].u_LANE/u_CHUNK_ID_CDC/src_hsdata_ff_reg[25]/C                                                            u_CORE/gen_lanes[1].u_LANE/u_CHUNK_ID_CDC/dest_hsdata_ff_reg[25]/D
114  CDC-15  Warning   Clock enable controlled CDC structure detected      0  Asynch Clock Groups  u_CORE/gen_lanes[1].u_LANE/u_CHUNK_ID_CDC/src_hsdata_ff_reg[26]/C                                                            u_CORE/gen_lanes[1].u_LANE/u_CHUNK_ID_CDC/dest_hsdata_ff_reg[26]/D
115  CDC-15  Warning   Clock enable controlled CDC structure detected      0  Asynch Clock Groups  u_CORE/gen_lanes[1].u_LANE/u_CHUNK_ID_CDC/src_hsdata_ff_reg[27]/C                                                            u_CORE/gen_lanes[1].u_LANE/u_CHUNK_ID_CDC/dest_hsdata_ff_reg[27]/D
116  CDC-15  Warning   Clock enable controlled CDC structure detected      0  Asynch Clock Groups  u_CORE/gen_lanes[1].u_LANE/u_CHUNK_ID_CDC/src_hsdata_ff_reg[28]/C                                                            u_CORE/gen_lanes[1].u_LANE/u_CHUNK_ID_CDC/dest_hsdata_ff_reg[28]/D
117  CDC-15  Warning   Clock enable controlled CDC structure detected      0  Asynch Clock Groups  u_CORE/gen_lanes[1].u_LANE/u_CHUNK_ID_CDC/src_hsdata_ff_reg[29]/C                                                            u_CORE/gen_lanes[1].u_LANE/u_CHUNK_ID_CDC/dest_hsdata_ff_reg[29]/D
118  CDC-15  Warning   Clock enable controlled CDC structure detected      0  Asynch Clock Groups  u_CORE/gen_lanes[1].u_LANE/u_CHUNK_ID_CDC/src_hsdata_ff_reg[30]/C                                                            u_CORE/gen_lanes[1].u_LANE/u_CHUNK_ID_CDC/dest_hsdata_ff_reg[30]/D
119  CDC-15  Warning   Clock enable controlled CDC structure detected      0  Asynch Clock Groups  u_CORE/gen_lanes[1].u_LANE/u_CHUNK_ID_CDC/src_hsdata_ff_reg[31]/C                                                            u_CORE/gen_lanes[1].u_LANE/u_CHUNK_ID_CDC/dest_hsdata_ff_reg[31]/D
120  CDC-15  Warning   Clock enable controlled CDC structure detected      0  Asynch Clock Groups  u_CORE/gen_lanes[1].u_LANE/u_CHUNK_ID_CDC/src_hsdata_ff_reg[32]/C                                                            u_CORE/gen_lanes[1].u_LANE/u_CHUNK_ID_CDC/dest_hsdata_ff_reg[32]/D
121  CDC-15  Warning   Clock enable controlled CDC structure detected      0  Asynch Clock Groups  u_CORE/gen_lanes[1].u_LANE/u_CHUNK_ID_CDC/src_hsdata_ff_reg[33]/C                                                            u_CORE/gen_lanes[1].u_LANE/u_CHUNK_ID_CDC/dest_hsdata_ff_reg[33]/D
122  CDC-15  Warning   Clock enable controlled CDC structure detected      0  Asynch Clock Groups  u_CORE/gen_lanes[1].u_LANE/u_CHUNK_ID_CDC/src_hsdata_ff_reg[34]/C                                                            u_CORE/gen_lanes[1].u_LANE/u_CHUNK_ID_CDC/dest_hsdata_ff_reg[34]/D
123  CDC-15  Warning   Clock enable controlled CDC structure detected      0  Asynch Clock Groups  u_CORE/gen_lanes[1].u_LANE/u_CHUNK_ID_CDC/src_hsdata_ff_reg[35]/C                                                            u_CORE/gen_lanes[1].u_LANE/u_CHUNK_ID_CDC/dest_hsdata_ff_reg[35]/D
124  CDC-15  Warning   Clock enable controlled CDC structure detected      0  Asynch Clock Groups  u_CORE/gen_lanes[1].u_LANE/u_CHUNK_ID_CDC/src_hsdata_ff_reg[36]/C                                                            u_CORE/gen_lanes[1].u_LANE/u_CHUNK_ID_CDC/dest_hsdata_ff_reg[36]/D
125  CDC-15  Warning   Clock enable controlled CDC structure detected      0  Asynch Clock Groups  u_CORE/gen_lanes[1].u_LANE/u_CHUNK_ID_CDC/src_hsdata_ff_reg[37]/C                                                            u_CORE/gen_lanes[1].u_LANE/u_CHUNK_ID_CDC/dest_hsdata_ff_reg[37]/D
126  CDC-15  Warning   Clock enable controlled CDC structure detected      0  Asynch Clock Groups  u_CORE/gen_lanes[1].u_LANE/u_CHUNK_ID_CDC/src_hsdata_ff_reg[38]/C                                                            u_CORE/gen_lanes[1].u_LANE/u_CHUNK_ID_CDC/dest_hsdata_ff_reg[38]/D
127  CDC-15  Warning   Clock enable controlled CDC structure detected      0  Asynch Clock Groups  u_CORE/gen_lanes[1].u_LANE/u_CHUNK_ID_CDC/src_hsdata_ff_reg[39]/C                                                            u_CORE/gen_lanes[1].u_LANE/u_CHUNK_ID_CDC/dest_hsdata_ff_reg[39]/D
128  CDC-15  Warning   Clock enable controlled CDC structure detected      0  Asynch Clock Groups  u_CORE/gen_lanes[1].u_LANE/u_CHUNK_ID_CDC/src_hsdata_ff_reg[40]/C                                                            u_CORE/gen_lanes[1].u_LANE/u_CHUNK_ID_CDC/dest_hsdata_ff_reg[40]/D
129  CDC-15  Warning   Clock enable controlled CDC structure detected      0  Asynch Clock Groups  u_CORE/gen_lanes[1].u_LANE/u_CHUNK_ID_CDC/src_hsdata_ff_reg[41]/C                                                            u_CORE/gen_lanes[1].u_LANE/u_CHUNK_ID_CDC/dest_hsdata_ff_reg[41]/D
130  CDC-15  Warning   Clock enable controlled CDC structure detected      0  Asynch Clock Groups  u_CORE/gen_lanes[1].u_LANE/u_CHUNK_ID_CDC/src_hsdata_ff_reg[42]/C                                                            u_CORE/gen_lanes[1].u_LANE/u_CHUNK_ID_CDC/dest_hsdata_ff_reg[42]/D
131  CDC-15  Warning   Clock enable controlled CDC structure detected      0  Asynch Clock Groups  u_CORE/gen_lanes[1].u_LANE/u_CHUNK_ID_CDC/src_hsdata_ff_reg[43]/C                                                            u_CORE/gen_lanes[1].u_LANE/u_CHUNK_ID_CDC/dest_hsdata_ff_reg[43]/D
132  CDC-15  Warning   Clock enable controlled CDC structure detected      0  Asynch Clock Groups  u_CORE/gen_lanes[1].u_LANE/u_CHUNK_ID_CDC/src_hsdata_ff_reg[44]/C                                                            u_CORE/gen_lanes[1].u_LANE/u_CHUNK_ID_CDC/dest_hsdata_ff_reg[44]/D
133  CDC-15  Warning   Clock enable controlled CDC structure detected      0  Asynch Clock Groups  u_CORE/gen_lanes[1].u_LANE/u_CHUNK_ID_CDC/src_hsdata_ff_reg[45]/C                                                            u_CORE/gen_lanes[1].u_LANE/u_CHUNK_ID_CDC/dest_hsdata_ff_reg[45]/D
134  CDC-15  Warning   Clock enable controlled CDC structure detected      0  Asynch Clock Groups  u_CORE/gen_lanes[1].u_LANE/u_CHUNK_ID_CDC/src_hsdata_ff_reg[46]/C                                                            u_CORE/gen_lanes[1].u_LANE/u_CHUNK_ID_CDC/dest_hsdata_ff_reg[46]/D
135  CDC-15  Warning   Clock enable controlled CDC structure detected      0  Asynch Clock Groups  u_CORE/gen_lanes[1].u_LANE/u_CHUNK_ID_CDC/src_hsdata_ff_reg[47]/C                                                            u_CORE/gen_lanes[1].u_LANE/u_CHUNK_ID_CDC/dest_hsdata_ff_reg[47]/D
136  CDC-15  Warning   Clock enable controlled CDC structure detected      0  Asynch Clock Groups  u_CORE/gen_lanes[1].u_LANE/u_CHUNK_ID_CDC/src_hsdata_ff_reg[48]/C                                                            u_CORE/gen_lanes[1].u_LANE/u_CHUNK_ID_CDC/dest_hsdata_ff_reg[48]/D
137  CDC-15  Warning   Clock enable controlled CDC structure detected      0  Asynch Clock Groups  u_CORE/gen_lanes[1].u_LANE/u_CHUNK_ID_CDC/src_hsdata_ff_reg[49]/C                                                            u_CORE/gen_lanes[1].u_LANE/u_CHUNK_ID_CDC/dest_hsdata_ff_reg[49]/D
138  CDC-15  Warning   Clock enable controlled CDC structure detected      0  Asynch Clock Groups  u_CORE/gen_lanes[1].u_LANE/u_CHUNK_ID_CDC/src_hsdata_ff_reg[50]/C                                                            u_CORE/gen_lanes[1].u_LANE/u_CHUNK_ID_CDC/dest_hsdata_ff_reg[50]/D
139  CDC-15  Warning   Clock enable controlled CDC structure detected      0  Asynch Clock Groups  u_CORE/gen_lanes[1].u_LANE/u_CHUNK_ID_CDC/src_hsdata_ff_reg[51]/C                                                            u_CORE/gen_lanes[1].u_LANE/u_CHUNK_ID_CDC/dest_hsdata_ff_reg[51]/D
140  CDC-15  Warning   Clock enable controlled CDC structure detected      0  Asynch Clock Groups  u_CORE/gen_lanes[1].u_LANE/u_CHUNK_ID_CDC/src_hsdata_ff_reg[52]/C                                                            u_CORE/gen_lanes[1].u_LANE/u_CHUNK_ID_CDC/dest_hsdata_ff_reg[52]/D
141  CDC-15  Warning   Clock enable controlled CDC structure detected      0  Asynch Clock Groups  u_CORE/gen_lanes[1].u_LANE/u_CHUNK_ID_CDC/src_hsdata_ff_reg[53]/C                                                            u_CORE/gen_lanes[1].u_LANE/u_CHUNK_ID_CDC/dest_hsdata_ff_reg[53]/D
142  CDC-15  Warning   Clock enable controlled CDC structure detected      0  Asynch Clock Groups  u_CORE/gen_lanes[1].u_LANE/u_CHUNK_ID_CDC/src_hsdata_ff_reg[54]/C                                                            u_CORE/gen_lanes[1].u_LANE/u_CHUNK_ID_CDC/dest_hsdata_ff_reg[54]/D
143  CDC-15  Warning   Clock enable controlled CDC structure detected      0  Asynch Clock Groups  u_CORE/gen_lanes[1].u_LANE/u_CHUNK_ID_CDC/src_hsdata_ff_reg[55]/C                                                            u_CORE/gen_lanes[1].u_LANE/u_CHUNK_ID_CDC/dest_hsdata_ff_reg[55]/D
144  CDC-15  Warning   Clock enable controlled CDC structure detected      0  Asynch Clock Groups  u_CORE/gen_lanes[1].u_LANE/u_CHUNK_ID_CDC/src_hsdata_ff_reg[56]/C                                                            u_CORE/gen_lanes[1].u_LANE/u_CHUNK_ID_CDC/dest_hsdata_ff_reg[56]/D
145  CDC-15  Warning   Clock enable controlled CDC structure detected      0  Asynch Clock Groups  u_CORE/gen_lanes[1].u_LANE/u_CHUNK_ID_CDC/src_hsdata_ff_reg[57]/C                                                            u_CORE/gen_lanes[1].u_LANE/u_CHUNK_ID_CDC/dest_hsdata_ff_reg[57]/D
146  CDC-15  Warning   Clock enable controlled CDC structure detected      0  Asynch Clock Groups  u_CORE/gen_lanes[1].u_LANE/u_CHUNK_ID_CDC/src_hsdata_ff_reg[58]/C                                                            u_CORE/gen_lanes[1].u_LANE/u_CHUNK_ID_CDC/dest_hsdata_ff_reg[58]/D
147  CDC-15  Warning   Clock enable controlled CDC structure detected      0  Asynch Clock Groups  u_CORE/gen_lanes[1].u_LANE/u_CHUNK_ID_CDC/src_hsdata_ff_reg[59]/C                                                            u_CORE/gen_lanes[1].u_LANE/u_CHUNK_ID_CDC/dest_hsdata_ff_reg[59]/D
148  CDC-15  Warning   Clock enable controlled CDC structure detected      0  Asynch Clock Groups  u_CORE/gen_lanes[1].u_LANE/u_CHUNK_ID_CDC/src_hsdata_ff_reg[60]/C                                                            u_CORE/gen_lanes[1].u_LANE/u_CHUNK_ID_CDC/dest_hsdata_ff_reg[60]/D
149  CDC-15  Warning   Clock enable controlled CDC structure detected      0  Asynch Clock Groups  u_CORE/gen_lanes[1].u_LANE/u_CHUNK_ID_CDC/src_hsdata_ff_reg[61]/C                                                            u_CORE/gen_lanes[1].u_LANE/u_CHUNK_ID_CDC/dest_hsdata_ff_reg[61]/D
150  CDC-15  Warning   Clock enable controlled CDC structure detected      0  Asynch Clock Groups  u_CORE/gen_lanes[1].u_LANE/u_CHUNK_ID_CDC/src_hsdata_ff_reg[62]/C                                                            u_CORE/gen_lanes[1].u_LANE/u_CHUNK_ID_CDC/dest_hsdata_ff_reg[62]/D
151  CDC-15  Warning   Clock enable controlled CDC structure detected      0  Asynch Clock Groups  u_CORE/gen_lanes[1].u_LANE/u_CHUNK_ID_CDC/src_hsdata_ff_reg[63]/C                                                            u_CORE/gen_lanes[1].u_LANE/u_CHUNK_ID_CDC/dest_hsdata_ff_reg[63]/D
152  CDC-15  Warning   Clock enable controlled CDC structure detected      0  Asynch Clock Groups  u_CORE/gen_lanes[1].u_LANE/u_CHUNK_ID_CDC/src_hsdata_ff_reg[64]/C                                                            u_CORE/gen_lanes[1].u_LANE/u_CHUNK_ID_CDC/dest_hsdata_ff_reg[64]/D
153  CDC-15  Warning   Clock enable controlled CDC structure detected      0  Asynch Clock Groups  u_CORE/gen_lanes[1].u_LANE/u_CHUNK_ID_CDC/src_hsdata_ff_reg[65]/C                                                            u_CORE/gen_lanes[1].u_LANE/u_CHUNK_ID_CDC/dest_hsdata_ff_reg[65]/D
154  CDC-15  Warning   Clock enable controlled CDC structure detected      0  Asynch Clock Groups  u_CORE/gen_lanes[1].u_LANE/u_CHUNK_ID_CDC/src_hsdata_ff_reg[66]/C                                                            u_CORE/gen_lanes[1].u_LANE/u_CHUNK_ID_CDC/dest_hsdata_ff_reg[66]/D
155  CDC-15  Warning   Clock enable controlled CDC structure detected      0  Asynch Clock Groups  u_CORE/gen_lanes[1].u_LANE/u_CHUNK_ID_CDC/src_hsdata_ff_reg[67]/C                                                            u_CORE/gen_lanes[1].u_LANE/u_CHUNK_ID_CDC/dest_hsdata_ff_reg[67]/D
156  CDC-15  Warning   Clock enable controlled CDC structure detected      0  Asynch Clock Groups  u_CORE/gen_lanes[1].u_LANE/u_CHUNK_ID_CDC/src_hsdata_ff_reg[68]/C                                                            u_CORE/gen_lanes[1].u_LANE/u_CHUNK_ID_CDC/dest_hsdata_ff_reg[68]/D
157  CDC-15  Warning   Clock enable controlled CDC structure detected      0  Asynch Clock Groups  u_CORE/gen_lanes[1].u_LANE/u_CHUNK_ID_CDC/src_hsdata_ff_reg[69]/C                                                            u_CORE/gen_lanes[1].u_LANE/u_CHUNK_ID_CDC/dest_hsdata_ff_reg[69]/D
158  CDC-15  Warning   Clock enable controlled CDC structure detected      0  Asynch Clock Groups  u_CORE/gen_lanes[1].u_LANE/u_CHUNK_ID_CDC/src_hsdata_ff_reg[70]/C                                                            u_CORE/gen_lanes[1].u_LANE/u_CHUNK_ID_CDC/dest_hsdata_ff_reg[70]/D
159  CDC-15  Warning   Clock enable controlled CDC structure detected      0  Asynch Clock Groups  u_CORE/gen_lanes[1].u_LANE/u_CHUNK_ID_CDC/src_hsdata_ff_reg[71]/C                                                            u_CORE/gen_lanes[1].u_LANE/u_CHUNK_ID_CDC/dest_hsdata_ff_reg[71]/D
160  CDC-15  Warning   Clock enable controlled CDC structure detected      0  Asynch Clock Groups  u_CORE/gen_lanes[1].u_LANE/u_CHUNK_ID_CDC/src_hsdata_ff_reg[72]/C                                                            u_CORE/gen_lanes[1].u_LANE/u_CHUNK_ID_CDC/dest_hsdata_ff_reg[72]/D
161  CDC-15  Warning   Clock enable controlled CDC structure detected      0  Asynch Clock Groups  u_CORE/gen_lanes[1].u_LANE/u_CHUNK_ID_CDC/src_hsdata_ff_reg[73]/C                                                            u_CORE/gen_lanes[1].u_LANE/u_CHUNK_ID_CDC/dest_hsdata_ff_reg[73]/D
162  CDC-15  Warning   Clock enable controlled CDC structure detected      0  Asynch Clock Groups  u_CORE/gen_lanes[1].u_LANE/u_CHUNK_ID_CDC/src_hsdata_ff_reg[74]/C                                                            u_CORE/gen_lanes[1].u_LANE/u_CHUNK_ID_CDC/dest_hsdata_ff_reg[74]/D
163  CDC-15  Warning   Clock enable controlled CDC structure detected      0  Asynch Clock Groups  u_CORE/gen_lanes[1].u_LANE/u_CHUNK_ID_CDC/src_hsdata_ff_reg[75]/C                                                            u_CORE/gen_lanes[1].u_LANE/u_CHUNK_ID_CDC/dest_hsdata_ff_reg[75]/D
164  CDC-15  Warning   Clock enable controlled CDC structure detected      0  Asynch Clock Groups  u_CORE/gen_lanes[1].u_LANE/u_CHUNK_ID_CDC/src_hsdata_ff_reg[76]/C                                                            u_CORE/gen_lanes[1].u_LANE/u_CHUNK_ID_CDC/dest_hsdata_ff_reg[76]/D
165  CDC-15  Warning   Clock enable controlled CDC structure detected      0  Asynch Clock Groups  u_CORE/gen_lanes[1].u_LANE/u_CHUNK_ID_CDC/src_hsdata_ff_reg[77]/C                                                            u_CORE/gen_lanes[1].u_LANE/u_CHUNK_ID_CDC/dest_hsdata_ff_reg[77]/D
166  CDC-15  Warning   Clock enable controlled CDC structure detected      0  Asynch Clock Groups  u_CORE/gen_lanes[1].u_LANE/u_CHUNK_ID_CDC/src_hsdata_ff_reg[78]/C                                                            u_CORE/gen_lanes[1].u_LANE/u_CHUNK_ID_CDC/dest_hsdata_ff_reg[78]/D
167  CDC-15  Warning   Clock enable controlled CDC structure detected      0  Asynch Clock Groups  u_CORE/gen_lanes[1].u_LANE/u_CHUNK_ID_CDC/src_hsdata_ff_reg[79]/C                                                            u_CORE/gen_lanes[1].u_LANE/u_CHUNK_ID_CDC/dest_hsdata_ff_reg[79]/D
168  CDC-15  Warning   Clock enable controlled CDC structure detected      0  Asynch Clock Groups  u_CORE/gen_lanes[1].u_LANE/u_CHUNK_ID_CDC/src_hsdata_ff_reg[80]/C                                                            u_CORE/gen_lanes[1].u_LANE/u_CHUNK_ID_CDC/dest_hsdata_ff_reg[80]/D
169  CDC-15  Warning   Clock enable controlled CDC structure detected      0  Asynch Clock Groups  u_CORE/gen_lanes[1].u_LANE/u_CHUNK_ID_CDC/src_hsdata_ff_reg[81]/C                                                            u_CORE/gen_lanes[1].u_LANE/u_CHUNK_ID_CDC/dest_hsdata_ff_reg[81]/D
170  CDC-15  Warning   Clock enable controlled CDC structure detected      0  Asynch Clock Groups  u_CORE/gen_lanes[1].u_LANE/u_CHUNK_ID_CDC/src_hsdata_ff_reg[82]/C                                                            u_CORE/gen_lanes[1].u_LANE/u_CHUNK_ID_CDC/dest_hsdata_ff_reg[82]/D
171  CDC-15  Warning   Clock enable controlled CDC structure detected      0  Asynch Clock Groups  u_CORE/gen_lanes[1].u_LANE/u_CHUNK_ID_CDC/src_hsdata_ff_reg[83]/C                                                            u_CORE/gen_lanes[1].u_LANE/u_CHUNK_ID_CDC/dest_hsdata_ff_reg[83]/D
172  CDC-3   Info      1-bit synchronized with ASYNC_REG property          2  Asynch Clock Groups  u_CORE/gen_lanes[1].u_LANE/u_CHUNK_ID_CDC/src_sendd_ff_reg/C                                                                 u_CORE/gen_lanes[1].u_LANE/u_CHUNK_ID_CDC/xpm_cdc_single_src2dest_inst/syncstages_ff_reg[0]/D
173  CDC-6   Warning   Multi-bit synchronized with ASYNC_REG property      2  Asynch Clock Groups  u_CORE/gen_lanes[1].u_LANE/u_FIFO/gnuram_async_fifo.xpm_fifo_base_inst/gen_cdc_pntr.wr_pntr_cdc_inst/src_gray_ff_reg[6:1]/C  u_CORE/gen_lanes[1].u_LANE/u_FIFO/gnuram_async_fifo.xpm_fifo_base_inst/gen_cdc_pntr.wr_pntr_cdc_inst/dest_graysync_ff_reg[0][6:1]/D
174  CDC-3   Info      1-bit synchronized with ASYNC_REG property          2  Asynch Clock Groups  u_CORE/gen_lanes[1].u_LANE/u_FIFO/gnuram_async_fifo.xpm_fifo_base_inst/xpm_fifo_rst_inst/gen_rst_ic.fifo_wr_rst_ic_reg/C     u_CORE/gen_lanes[1].u_LANE/u_FIFO/gnuram_async_fifo.xpm_fifo_base_inst/xpm_fifo_rst_inst/gen_rst_ic.wrst_rd_inst/syncstages_ff_reg[0]/D
175  CDC-3   Info      1-bit synchronized with ASYNC_REG property          2  Asynch Clock Groups  u_CORE/u_MULTIMODE_PATH/u_CNN_REQUEST_CDC/dest_ack_r_reg/C                                                                   u_CORE/u_MULTIMODE_PATH/u_CNN_REQUEST_CDC/u_TRIGGER_CDC/xpm_cdc_single_dest2src_inst/syncstages_ff_reg[0]/D

Source Clock: input port clock
Destination Clock: CLK_CNN
CDC Type: No Common Primary Clock

Row  ID      Severity  Description                            Depth  Exception   Source (From)  Destination (To)
---  ------  --------  -------------------------------------  -----  ----------  -------------  -----------------------------------
  1  CDC-26  Warning   LUTRAM read/write potential collision      0  False Path  RST            u_CORE/u_RST_CNN/sync_ff_reg[0]/PRE

