#-----------------------------------------------------------
# xsim v2023.2 (64-bit)
# SW Build 4029153 on Fri Oct 13 20:13:54 MDT 2023
# IP Build 4028589 on Sat Oct 14 00:45:43 MDT 2023
# SharedData Build 4025554 on Tue Oct 10 17:18:54 MDT 2023
# Start of session at: Sat Sep 26 13:07:40 2026
# Process ID: 87805
# Current directory: /home/work1/Works/_codex_ai_trigger_saif_20260926c/build/vivado_post_impl_saif_30chunks/xsim
# Command line: xsim -log /home/work1/Works/_codex_ai_trigger_saif_20260926c/build/vivado_post_impl_saif_30chunks/xsim/xsim.log -mode tcl -source {xsim.dir/ai_trigger_post_impl_saif/xsim_script.tcl}
# Log file: /home/work1/Works/_codex_ai_trigger_saif_20260926c/build/vivado_post_impl_saif_30chunks/xsim/xsim.log
# Journal file: /home/work1/Works/_codex_ai_trigger_saif_20260926c/build/vivado_post_impl_saif_30chunks/xsim/xsim.jou
# Running On: AlbertsUbuntu, OS: Linux, CPU Frequency: 1479.433 MHz, CPU Physical cores: 24, Host memory: 16441 MB
#-----------------------------------------------------------
source xsim.dir/ai_trigger_post_impl_saif/xsim_script.tcl
# xsim {ai_trigger_post_impl_saif} -testplusarg REFERENCE=/home/work1/Works/_codex_ai_trigger_saif_20260926c/build/native_validation/reference -testplusarg CHUNKS=30 -testplusarg START_WINDOW=96 -testplusarg THRESHOLD=00000000 -autoloadwcfg -tclbatch {/home/work1/Works/_codex_ai_trigger_saif_20260926c/build/vivado_post_impl_saif_30chunks/xsim/run_post_impl_saif_xsim.tcl}
Time resolution is 1 ps
source /home/work1/Works/_codex_ai_trigger_saif_20260926c/build/vivado_post_impl_saif_30chunks/xsim/run_post_impl_saif_xsim.tcl
## run 0.5 us
## open_saif {/home/work1/Works/_codex_ai_trigger_saif_20260926c/build/vivado_post_impl_saif_30chunks/activity/ai_trigger_post_impl.saif}
## set saif_total_objects 0
## proc saif_record_objects {label objects minimum} {
##     global saif_total_objects
##     set count [llength $objects]
##     puts "INFO: SAIF scope=$label objects=$count"
##     flush stdout
##     if {$count < $minimum} {
##         error "SAIF scope $label has $count objects, below required minimum $minimum"
##     }
##     incr saif_total_objects $count
##     log_saif $objects
## }
## proc saif_log_pattern {label pattern recursive minimum} {
##     if {$recursive} {
##         set objects [get_objects -r $pattern]
##     } else {
##         set objects [get_objects $pattern]
##     }
##     saif_record_objects $label $objects $minimum
## }
## proc saif_log_child_scope {label parent fragment minimum} {
##     set matches {}
##     foreach scope [get_scopes "${parent}/*"] {
##         if {[string first $fragment $scope] >= 0} {
##             lappend matches $scope
##         }
##     }
##     if {[llength $matches] != 1} {
##         error "SAIF child scope $label matched [llength $matches] scopes under $parent"
##     }
## 
##     set saved_scope [current_scope]
##     current_scope [lindex $matches 0]
##     set objects [get_objects -r *]
##     current_scope $saved_scope
##     saif_record_objects $label $objects $minimum
## }
## saif_log_pattern top {/tb_ai_trigger_power/dut/*} 0 1
INFO: SAIF scope=top objects=33
## saif_log_pattern core {/tb_ai_trigger_power/dut/u_CORE/*} 0 1
INFO: SAIF scope=core objects=173
## saif_log_pattern reset_adc {/tb_ai_trigger_power/dut/u_CORE/u_RST_ADC/*} 1 1
INFO: SAIF scope=reset_adc objects=5
## saif_log_pattern reset_cnn {/tb_ai_trigger_power/dut/u_CORE/u_RST_CNN/*} 1 1
INFO: SAIF scope=reset_cnn objects=4
## saif_log_pattern distributor {/tb_ai_trigger_power/dut/u_CORE/u_LIVE_DISTRIBUTOR/*} 1 1
INFO: SAIF scope=distributor objects=560
## saif_log_child_scope lane0 {/tb_ai_trigger_power/dut/u_CORE} {gen_lanes[0].u_LANE} 1000
INFO: SAIF scope=lane0 objects=50312
## saif_log_child_scope lane1 {/tb_ai_trigger_power/dut/u_CORE} {gen_lanes[1].u_LANE} 1000
INFO: SAIF scope=lane1 objects=50285
## saif_log_pattern result_arbiter {/tb_ai_trigger_power/dut/u_CORE/u_RESULT_ARBITER/*} 1 1
INFO: SAIF scope=result_arbiter objects=102
## saif_log_pattern multimode_path {/tb_ai_trigger_power/dut/u_CORE/u_MULTIMODE_PATH/*} 1 1
get_objects: Time (s): cpu = 00:00:08 ; elapsed = 00:00:08 . Memory (MB): peak = 1323.484 ; gain = 8.004 ; free physical = 6850 ; free virtual = 42746
INFO: SAIF scope=multimode_path objects=7003
## puts "INFO: SAIF total objects=$saif_total_objects"
INFO: SAIF total objects=108477
## if {$saif_total_objects < 1000} {
##     error "SAIF object count $saif_total_objects is below required minimum 1000"
## }
## run all
PASS production SAIF chunks=30 events=10 start_window=96
$finish called at time : 8968 ns : File "/home/work1/Works/_codex_ai_trigger_saif_20260926c/HDL/sim/tb_ai_trigger_power.sv" Line 181
run: Time (s): cpu = 00:00:00.28 ; elapsed = 00:01:57 . Memory (MB): peak = 1323.484 ; gain = 0.000 ; free physical = 6920 ; free virtual = 42817
## close_saif
## quit
INFO: xsimkernel Simulation Memory Usage: 815216 KB (Peak: 815216 KB), Simulation CPU Usage: 119360 ms
INFO: [Common 17-206] Exiting xsim at Sat Sep 26 13:09:49 2026...
