Copyright 1986-2022 Xilinx, Inc. All Rights Reserved. Copyright 2022-2023 Advanced Micro Devices, Inc. All Rights Reserved.
-------------------------------------------------------------------------------------------------------------------------------------------------
| Tool Version     : Vivado v.2023.2 (lin64) Build 4029153 Fri Oct 13 20:13:54 MDT 2023
| Date             : Sat Sep 19 04:35:11 2026
| Host             : AlbertsUbuntu running 64-bit Ubuntu 22.04.5 LTS
| Command          : report_power -file /home/work1/Works/ai-trigger-hilo-v35.lHAri7/build/hilo-v3-ooc/reports/post_route_power.rpt
| Design           : AI_TRIGGER_TOP
| Device           : xcku5p-ffvb676-2-e
| Design State     : routed
| Grade            : extended
| Process          : typical
| Characterization : Production
-------------------------------------------------------------------------------------------------------------------------------------------------

Power Report

Table of Contents
-----------------
1. Summary
1.1 On-Chip Components
1.2 Power Supply Summary
1.3 Confidence Level
2. Settings
2.1 Environment
2.2 Clock Constraints
3. Detailed Reports
3.1 By Hierarchy

1. Summary
----------

+--------------------------+--------------+
| Total On-Chip Power (W)  | 3.065        |
| Design Power Budget (W)  | Unspecified* |
| Power Budget Margin (W)  | NA           |
| Dynamic (W)              | 2.592        |
| Device Static (W)        | 0.472        |
| Effective TJA (C/W)      | 1.7          |
| Max Ambient (C)          | 94.7         |
| Junction Temperature (C) | 30.3         |
| Confidence Level         | Medium       |
| Setting File             | ---          |
| Simulation Activity File | ---          |
| Design Nets Matched      | NA           |
+--------------------------+--------------+
* Specify Design Power Budget using, set_operating_conditions -design_power_budget <value in Watts>


1.1 On-Chip Components
----------------------

+--------------------------+-----------+----------+-----------+-----------------+
| On-Chip                  | Power (W) | Used     | Available | Utilization (%) |
+--------------------------+-----------+----------+-----------+-----------------+
| Clocks                   |     0.273 |        4 |       --- |             --- |
| CLB Logic                |     1.091 |   139149 |       --- |             --- |
|   LUT as Logic           |     0.902 |    57798 |    216960 |           26.64 |
|   LUT as Distributed RAM |     0.077 |     3220 |     99840 |            3.23 |
|   CARRY8                 |     0.071 |     6154 |     27120 |           22.69 |
|   Register               |     0.041 |    45588 |    433920 |           10.51 |
|   LUT as Shift Register  |    <0.001 |        8 |     99840 |           <0.01 |
|   BUFG                   |    <0.001 |        9 |        32 |           28.13 |
|   Others                 |     0.000 |      473 |       --- |             --- |
|   F7/F8 Muxes            |     0.000 |      640 |    216960 |            0.29 |
| Signals                  |     0.955 |   108148 |       --- |             --- |
| Block RAM                |     0.070 |       21 |       480 |            4.38 |
| URAM                     |     0.044 |        6 |        64 |            9.38 |
| DSPs                     |     0.159 |      128 |      1824 |            7.02 |
| Static Power             |     0.472 |          |           |                 |
| Total                    |     3.065 |          |           |                 |
+--------------------------+-----------+----------+-----------+-----------------+


1.2 Power Supply Summary
------------------------

+------------+-------------+-----------+-------------+------------+-------------+-------------+------------+
| Source     | Voltage (V) | Total (A) | Dynamic (A) | Static (A) | Powerup (A) | Budget (A)  | Margin (A) |
+------------+-------------+-----------+-------------+------------+-------------+-------------+------------+
| Vccint     |       0.850 |     3.211 |       3.045 |      0.166 |       NA    | Unspecified | NA         |
| Vccint_io  |       0.850 |     0.036 |       0.000 |      0.036 |       NA    | Unspecified | NA         |
| Vccbram    |       0.850 |     0.007 |       0.005 |      0.002 |       NA    | Unspecified | NA         |
| Vccaux     |       1.800 |     0.127 |       0.000 |      0.127 |       NA    | Unspecified | NA         |
| Vccaux_io  |       1.800 |     0.031 |       0.000 |      0.031 |       NA    | Unspecified | NA         |
| Vcco33     |       3.300 |     0.000 |       0.000 |      0.000 |       NA    | Unspecified | NA         |
| Vcco25     |       2.500 |     0.000 |       0.000 |      0.000 |       NA    | Unspecified | NA         |
| Vcco18     |       1.800 |     0.000 |       0.000 |      0.000 |       NA    | Unspecified | NA         |
| Vcco15     |       1.500 |     0.000 |       0.000 |      0.000 |       NA    | Unspecified | NA         |
| Vcco135    |       1.350 |     0.000 |       0.000 |      0.000 |       NA    | Unspecified | NA         |
| Vcco12     |       1.200 |     0.000 |       0.000 |      0.000 |       NA    | Unspecified | NA         |
| Vcco10     |       1.000 |     0.000 |       0.000 |      0.000 |       NA    | Unspecified | NA         |
| Vccadc     |       1.800 |     0.008 |       0.000 |      0.008 |       NA    | Unspecified | NA         |
| MGTYAVcc   |       0.900 |     0.000 |       0.000 |      0.000 |       NA    | Unspecified | NA         |
| MGTYAVtt   |       1.200 |     0.000 |       0.000 |      0.000 |       NA    | Unspecified | NA         |
| MGTYVccaux |       1.800 |     0.000 |       0.000 |      0.000 |       NA    | Unspecified | NA         |
+------------+-------------+-----------+-------------+------------+-------------+-------------+------------+


1.3 Confidence Level
--------------------

+-----------------------------+------------+------------------------------------------------+------------------------------------------------------------------------------------------------------------+
| User Input Data             | Confidence | Details                                        | Action                                                                                                     |
+-----------------------------+------------+------------------------------------------------+------------------------------------------------------------------------------------------------------------+
| Design implementation state | High       | Design is routed                               |                                                                                                            |
| Clock nodes activity        | High       | User specified more than 95% of clocks         |                                                                                                            |
| I/O nodes activity          | High       | User specified more than 95% of inputs         |                                                                                                            |
| Internal nodes activity     | Medium     | User specified less than 25% of internal nodes | Provide missing internal nodes activity with simulation results or by editing the "By Resource Type" views |
| Device models               | High       | Device models are Production                   |                                                                                                            |
|                             |            |                                                |                                                                                                            |
| Overall confidence level    | Medium     |                                                |                                                                                                            |
+-----------------------------+------------+------------------------------------------------+------------------------------------------------------------------------------------------------------------+


2. Settings
-----------

2.1 Environment
---------------

+-----------------------+--------------------------+
| Ambient Temp (C)      | 25.0                     |
| ThetaJA (C/W)         | 1.7                      |
| Airflow (LFM)         | 250                      |
| Heat Sink             | medium (Medium Profile)  |
| ThetaSA (C/W)         | 2.8                      |
| Board Selection       | medium (10"x10")         |
| # of Board Layers     | 12to15 (12 to 15 Layers) |
| Board Temperature (C) | 25.0                     |
+-----------------------+--------------------------+


2.2 Clock Constraints
---------------------

+---------+---------+-----------------+
| Clock   | Domain  | Constraint (ns) |
+---------+---------+-----------------+
| CLK_ADC | CLK_ADC |             4.0 |
| CLK_CNN | CLK_CNN |             5.0 |
+---------+---------+-----------------+


3. Detailed Reports
-------------------

3.1 By Hierarchy
----------------

+-------------------------+-----------+
| Name                    | Power (W) |
+-------------------------+-----------+
| AI_TRIGGER_TOP          |     2.592 |
|   u_CORE                |     2.592 |
|     gen_lanes[0].u_LANE |     1.247 |
|       u_CHUNK_ID_CDC    |     0.001 |
|       u_FIFO            |     0.032 |
|       u_WRAPPER         |     1.211 |
|     gen_lanes[1].u_LANE |     1.253 |
|       u_CHUNK_ID_CDC    |     0.001 |
|       u_FIFO            |     0.032 |
|       u_WRAPPER         |     1.217 |
|     u_LIVE_DISTRIBUTOR  |     0.004 |
|     u_MULTIMODE_PATH    |     0.082 |
|       u_CNN_REQUEST_CDC |     0.003 |
|       u_EVENT_FIFO      |     0.016 |
|       u_GATED_READER    |     0.003 |
|       u_HILO            |     0.003 |
|       u_HILO_ADAPTER    |     0.004 |
|       u_RECORDER        |     0.002 |
|       u_RING            |     0.049 |
|     u_RESULT_ARBITER    |     0.002 |
+-------------------------+-----------+


