Copyright 1986-2022 Xilinx, Inc. All Rights Reserved. Copyright 2022-2023 Advanced Micro Devices, Inc. All Rights Reserved.
--------------------------------------------------------------------------------------------------------------------------------------------------------------------------------------------------------------------------
| Tool Version      : Vivado v.2023.2 (lin64) Build 4029153 Fri Oct 13 20:13:54 MDT 2023
| Date              : Sat Sep 19 04:34:48 2026
| Host              : AlbertsUbuntu running 64-bit Ubuntu 22.04.5 LTS
| Command           : report_timing -from [get_clocks CLK_CNN] -to [get_clocks CLK_CNN] -max_paths 20 -nworst 1 -file /home/work1/Works/ai-trigger-hilo-v35.lHAri7/build/hilo-v3-ooc/reports/post_route_CLK_CNN_setup.rpt
| Design            : AI_TRIGGER_TOP
| Device            : xcku5p-ffvb676
| Speed File        : -2  PRODUCTION 1.29 05-01-2022
| Design State      : Routed
| Temperature Grade : E
--------------------------------------------------------------------------------------------------------------------------------------------------------------------------------------------------------------------------

Timing Report

Slack (MET) :             0.180ns  (required time - arrival time)
  Source:                 u_CORE/u_RST_CNN/sync_ff_reg[1]/C
                            (rising edge-triggered cell FDPE clocked by CLK_CNN  {rise@0.000ns fall@2.500ns period=5.000ns})
  Destination:            u_CORE/gen_lanes[1].u_LANE/u_WRAPPER/cnn_core_inst/layer8_out_U/U_cnn_core_fifo_w816_d4_A_ram/mem_reg_reg[14]/R
                            (rising edge-triggered cell FDRE clocked by CLK_CNN  {rise@0.000ns fall@2.500ns period=5.000ns})
  Path Group:             CLK_CNN
  Path Type:              Setup (Max at Slow Process Corner)
  Requirement:            5.000ns  (CLK_CNN rise@5.000ns - CLK_CNN rise@0.000ns)
  Data Path Delay:        4.704ns  (logic 0.191ns (4.060%)  route 4.513ns (95.940%))
  Logic Levels:           1  (LUT1=1)
  Clock Path Skew:        -0.007ns (DCD - SCD + CPR)
    Destination Clock Delay (DCD):    0.021ns = ( 5.021 - 5.000 ) 
    Source Clock Delay      (SCD):    0.028ns
    Clock Pessimism Removal (CPR):    0.000ns
  Clock Uncertainty:      0.035ns  ((TSJ^2 + TIJ^2)^1/2 + DJ) / 2 + PE
    Total System Jitter     (TSJ):    0.071ns
    Total Input Jitter      (TIJ):    0.000ns
    Discrete Jitter          (DJ):    0.000ns
    Phase Error              (PE):    0.000ns

    Location             Delay type                Incr(ns)  Path(ns)    Netlist Resource(s)
  -------------------------------------------------------------------    -------------------
                         (clock CLK_CNN rise edge)    0.000     0.000 r  
                                                      0.000     0.000 r  CLK_CNN (IN)
                         net (fo=48788, unset)        0.028     0.028    u_CORE/u_RST_CNN/CLK
    SLICE_X78Y157        FDPE                                         r  u_CORE/u_RST_CNN/sync_ff_reg[1]/C
  -------------------------------------------------------------------    -------------------
    SLICE_X78Y157        FDPE (Prop_AFF2_SLICEL_C_Q)
                                                      0.081     0.109 r  u_CORE/u_RST_CNN/sync_ff_reg[1]/Q
                         net (fo=303, routed)         1.175     1.284    u_CORE/gen_lanes[1].u_LANE/RST_CNN
    SLICE_X57Y173        LUT1 (Prop_D5LUT_SLICEL_I0_O)
                                                      0.110     1.394 f  u_CORE/gen_lanes[1].u_LANE/u_WRAPPER_i_1/O
                         net (fo=19847, routed)       3.338     4.732    u_CORE/gen_lanes[1].u_LANE/u_WRAPPER/cnn_core_inst/layer8_out_U/U_cnn_core_fifo_w816_d4_A_ram/reset
    SLICE_X107Y236       FDRE                                         r  u_CORE/gen_lanes[1].u_LANE/u_WRAPPER/cnn_core_inst/layer8_out_U/U_cnn_core_fifo_w816_d4_A_ram/mem_reg_reg[14]/R  (IS_INVERTED)
  -------------------------------------------------------------------    -------------------

                         (clock CLK_CNN rise edge)    5.000     5.000 r  
                                                      0.000     5.000 r  CLK_CNN (IN)
                         net (fo=48788, unset)        0.021     5.021    u_CORE/gen_lanes[1].u_LANE/u_WRAPPER/cnn_core_inst/layer8_out_U/U_cnn_core_fifo_w816_d4_A_ram/clk
    SLICE_X107Y236       FDRE                                         r  u_CORE/gen_lanes[1].u_LANE/u_WRAPPER/cnn_core_inst/layer8_out_U/U_cnn_core_fifo_w816_d4_A_ram/mem_reg_reg[14]/C
                         clock pessimism              0.000     5.021    
                         clock uncertainty           -0.035     4.986    
    SLICE_X107Y236       FDRE (Setup_DFF_SLICEM_C_R)
                                                     -0.074     4.912    u_CORE/gen_lanes[1].u_LANE/u_WRAPPER/cnn_core_inst/layer8_out_U/U_cnn_core_fifo_w816_d4_A_ram/mem_reg_reg[14]
  -------------------------------------------------------------------
                         required time                          4.912    
                         arrival time                          -4.732    
  -------------------------------------------------------------------
                         slack                                  0.180    

Slack (MET) :             0.180ns  (required time - arrival time)
  Source:                 u_CORE/u_RST_CNN/sync_ff_reg[1]/C
                            (rising edge-triggered cell FDPE clocked by CLK_CNN  {rise@0.000ns fall@2.500ns period=5.000ns})
  Destination:            u_CORE/gen_lanes[1].u_LANE/u_WRAPPER/cnn_core_inst/layer8_out_U/U_cnn_core_fifo_w816_d4_A_ram/mem_reg_reg[16]/R
                            (rising edge-triggered cell FDRE clocked by CLK_CNN  {rise@0.000ns fall@2.500ns period=5.000ns})
  Path Group:             CLK_CNN
  Path Type:              Setup (Max at Slow Process Corner)
  Requirement:            5.000ns  (CLK_CNN rise@5.000ns - CLK_CNN rise@0.000ns)
  Data Path Delay:        4.704ns  (logic 0.191ns (4.060%)  route 4.513ns (95.940%))
  Logic Levels:           1  (LUT1=1)
  Clock Path Skew:        -0.007ns (DCD - SCD + CPR)
    Destination Clock Delay (DCD):    0.021ns = ( 5.021 - 5.000 ) 
    Source Clock Delay      (SCD):    0.028ns
    Clock Pessimism Removal (CPR):    0.000ns
  Clock Uncertainty:      0.035ns  ((TSJ^2 + TIJ^2)^1/2 + DJ) / 2 + PE
    Total System Jitter     (TSJ):    0.071ns
    Total Input Jitter      (TIJ):    0.000ns
    Discrete Jitter          (DJ):    0.000ns
    Phase Error              (PE):    0.000ns

    Location             Delay type                Incr(ns)  Path(ns)    Netlist Resource(s)
  -------------------------------------------------------------------    -------------------
                         (clock CLK_CNN rise edge)    0.000     0.000 r  
                                                      0.000     0.000 r  CLK_CNN (IN)
                         net (fo=48788, unset)        0.028     0.028    u_CORE/u_RST_CNN/CLK
    SLICE_X78Y157        FDPE                                         r  u_CORE/u_RST_CNN/sync_ff_reg[1]/C
  -------------------------------------------------------------------    -------------------
    SLICE_X78Y157        FDPE (Prop_AFF2_SLICEL_C_Q)
                                                      0.081     0.109 r  u_CORE/u_RST_CNN/sync_ff_reg[1]/Q
                         net (fo=303, routed)         1.175     1.284    u_CORE/gen_lanes[1].u_LANE/RST_CNN
    SLICE_X57Y173        LUT1 (Prop_D5LUT_SLICEL_I0_O)
                                                      0.110     1.394 f  u_CORE/gen_lanes[1].u_LANE/u_WRAPPER_i_1/O
                         net (fo=19847, routed)       3.338     4.732    u_CORE/gen_lanes[1].u_LANE/u_WRAPPER/cnn_core_inst/layer8_out_U/U_cnn_core_fifo_w816_d4_A_ram/reset
    SLICE_X107Y236       FDRE                                         r  u_CORE/gen_lanes[1].u_LANE/u_WRAPPER/cnn_core_inst/layer8_out_U/U_cnn_core_fifo_w816_d4_A_ram/mem_reg_reg[16]/R  (IS_INVERTED)
  -------------------------------------------------------------------    -------------------

                         (clock CLK_CNN rise edge)    5.000     5.000 r  
                                                      0.000     5.000 r  CLK_CNN (IN)
                         net (fo=48788, unset)        0.021     5.021    u_CORE/gen_lanes[1].u_LANE/u_WRAPPER/cnn_core_inst/layer8_out_U/U_cnn_core_fifo_w816_d4_A_ram/clk
    SLICE_X107Y236       FDRE                                         r  u_CORE/gen_lanes[1].u_LANE/u_WRAPPER/cnn_core_inst/layer8_out_U/U_cnn_core_fifo_w816_d4_A_ram/mem_reg_reg[16]/C
                         clock pessimism              0.000     5.021    
                         clock uncertainty           -0.035     4.986    
    SLICE_X107Y236       FDRE (Setup_CFF_SLICEM_C_R)
                                                     -0.074     4.912    u_CORE/gen_lanes[1].u_LANE/u_WRAPPER/cnn_core_inst/layer8_out_U/U_cnn_core_fifo_w816_d4_A_ram/mem_reg_reg[16]
  -------------------------------------------------------------------
                         required time                          4.912    
                         arrival time                          -4.732    
  -------------------------------------------------------------------
                         slack                                  0.180    

Slack (MET) :             0.180ns  (required time - arrival time)
  Source:                 u_CORE/u_RST_CNN/sync_ff_reg[1]/C
                            (rising edge-triggered cell FDPE clocked by CLK_CNN  {rise@0.000ns fall@2.500ns period=5.000ns})
  Destination:            u_CORE/gen_lanes[1].u_LANE/u_WRAPPER/cnn_core_inst/layer8_out_U/U_cnn_core_fifo_w816_d4_A_ram/mem_reg_reg[24]/R
                            (rising edge-triggered cell FDRE clocked by CLK_CNN  {rise@0.000ns fall@2.500ns period=5.000ns})
  Path Group:             CLK_CNN
  Path Type:              Setup (Max at Slow Process Corner)
  Requirement:            5.000ns  (CLK_CNN rise@5.000ns - CLK_CNN rise@0.000ns)
  Data Path Delay:        4.704ns  (logic 0.191ns (4.060%)  route 4.513ns (95.940%))
  Logic Levels:           1  (LUT1=1)
  Clock Path Skew:        -0.007ns (DCD - SCD + CPR)
    Destination Clock Delay (DCD):    0.021ns = ( 5.021 - 5.000 ) 
    Source Clock Delay      (SCD):    0.028ns
    Clock Pessimism Removal (CPR):    0.000ns
  Clock Uncertainty:      0.035ns  ((TSJ^2 + TIJ^2)^1/2 + DJ) / 2 + PE
    Total System Jitter     (TSJ):    0.071ns
    Total Input Jitter      (TIJ):    0.000ns
    Discrete Jitter          (DJ):    0.000ns
    Phase Error              (PE):    0.000ns

    Location             Delay type                Incr(ns)  Path(ns)    Netlist Resource(s)
  -------------------------------------------------------------------    -------------------
                         (clock CLK_CNN rise edge)    0.000     0.000 r  
                                                      0.000     0.000 r  CLK_CNN (IN)
                         net (fo=48788, unset)        0.028     0.028    u_CORE/u_RST_CNN/CLK
    SLICE_X78Y157        FDPE                                         r  u_CORE/u_RST_CNN/sync_ff_reg[1]/C
  -------------------------------------------------------------------    -------------------
    SLICE_X78Y157        FDPE (Prop_AFF2_SLICEL_C_Q)
                                                      0.081     0.109 r  u_CORE/u_RST_CNN/sync_ff_reg[1]/Q
                         net (fo=303, routed)         1.175     1.284    u_CORE/gen_lanes[1].u_LANE/RST_CNN
    SLICE_X57Y173        LUT1 (Prop_D5LUT_SLICEL_I0_O)
                                                      0.110     1.394 f  u_CORE/gen_lanes[1].u_LANE/u_WRAPPER_i_1/O
                         net (fo=19847, routed)       3.338     4.732    u_CORE/gen_lanes[1].u_LANE/u_WRAPPER/cnn_core_inst/layer8_out_U/U_cnn_core_fifo_w816_d4_A_ram/reset
    SLICE_X107Y236       FDRE                                         r  u_CORE/gen_lanes[1].u_LANE/u_WRAPPER/cnn_core_inst/layer8_out_U/U_cnn_core_fifo_w816_d4_A_ram/mem_reg_reg[24]/R  (IS_INVERTED)
  -------------------------------------------------------------------    -------------------

                         (clock CLK_CNN rise edge)    5.000     5.000 r  
                                                      0.000     5.000 r  CLK_CNN (IN)
                         net (fo=48788, unset)        0.021     5.021    u_CORE/gen_lanes[1].u_LANE/u_WRAPPER/cnn_core_inst/layer8_out_U/U_cnn_core_fifo_w816_d4_A_ram/clk
    SLICE_X107Y236       FDRE                                         r  u_CORE/gen_lanes[1].u_LANE/u_WRAPPER/cnn_core_inst/layer8_out_U/U_cnn_core_fifo_w816_d4_A_ram/mem_reg_reg[24]/C
                         clock pessimism              0.000     5.021    
                         clock uncertainty           -0.035     4.986    
    SLICE_X107Y236       FDRE (Setup_BFF_SLICEM_C_R)
                                                     -0.074     4.912    u_CORE/gen_lanes[1].u_LANE/u_WRAPPER/cnn_core_inst/layer8_out_U/U_cnn_core_fifo_w816_d4_A_ram/mem_reg_reg[24]
  -------------------------------------------------------------------
                         required time                          4.912    
                         arrival time                          -4.732    
  -------------------------------------------------------------------
                         slack                                  0.180    

Slack (MET) :             0.180ns  (required time - arrival time)
  Source:                 u_CORE/u_RST_CNN/sync_ff_reg[1]/C
                            (rising edge-triggered cell FDPE clocked by CLK_CNN  {rise@0.000ns fall@2.500ns period=5.000ns})
  Destination:            u_CORE/gen_lanes[1].u_LANE/u_WRAPPER/cnn_core_inst/layer8_out_U/U_cnn_core_fifo_w816_d4_A_ram/mem_reg_reg[25]/R
                            (rising edge-triggered cell FDRE clocked by CLK_CNN  {rise@0.000ns fall@2.500ns period=5.000ns})
  Path Group:             CLK_CNN
  Path Type:              Setup (Max at Slow Process Corner)
  Requirement:            5.000ns  (CLK_CNN rise@5.000ns - CLK_CNN rise@0.000ns)
  Data Path Delay:        4.704ns  (logic 0.191ns (4.060%)  route 4.513ns (95.940%))
  Logic Levels:           1  (LUT1=1)
  Clock Path Skew:        -0.007ns (DCD - SCD + CPR)
    Destination Clock Delay (DCD):    0.021ns = ( 5.021 - 5.000 ) 
    Source Clock Delay      (SCD):    0.028ns
    Clock Pessimism Removal (CPR):    0.000ns
  Clock Uncertainty:      0.035ns  ((TSJ^2 + TIJ^2)^1/2 + DJ) / 2 + PE
    Total System Jitter     (TSJ):    0.071ns
    Total Input Jitter      (TIJ):    0.000ns
    Discrete Jitter          (DJ):    0.000ns
    Phase Error              (PE):    0.000ns

    Location             Delay type                Incr(ns)  Path(ns)    Netlist Resource(s)
  -------------------------------------------------------------------    -------------------
                         (clock CLK_CNN rise edge)    0.000     0.000 r  
                                                      0.000     0.000 r  CLK_CNN (IN)
                         net (fo=48788, unset)        0.028     0.028    u_CORE/u_RST_CNN/CLK
    SLICE_X78Y157        FDPE                                         r  u_CORE/u_RST_CNN/sync_ff_reg[1]/C
  -------------------------------------------------------------------    -------------------
    SLICE_X78Y157        FDPE (Prop_AFF2_SLICEL_C_Q)
                                                      0.081     0.109 r  u_CORE/u_RST_CNN/sync_ff_reg[1]/Q
                         net (fo=303, routed)         1.175     1.284    u_CORE/gen_lanes[1].u_LANE/RST_CNN
    SLICE_X57Y173        LUT1 (Prop_D5LUT_SLICEL_I0_O)
                                                      0.110     1.394 f  u_CORE/gen_lanes[1].u_LANE/u_WRAPPER_i_1/O
                         net (fo=19847, routed)       3.338     4.732    u_CORE/gen_lanes[1].u_LANE/u_WRAPPER/cnn_core_inst/layer8_out_U/U_cnn_core_fifo_w816_d4_A_ram/reset
    SLICE_X107Y236       FDRE                                         r  u_CORE/gen_lanes[1].u_LANE/u_WRAPPER/cnn_core_inst/layer8_out_U/U_cnn_core_fifo_w816_d4_A_ram/mem_reg_reg[25]/R  (IS_INVERTED)
  -------------------------------------------------------------------    -------------------

                         (clock CLK_CNN rise edge)    5.000     5.000 r  
                                                      0.000     5.000 r  CLK_CNN (IN)
                         net (fo=48788, unset)        0.021     5.021    u_CORE/gen_lanes[1].u_LANE/u_WRAPPER/cnn_core_inst/layer8_out_U/U_cnn_core_fifo_w816_d4_A_ram/clk
    SLICE_X107Y236       FDRE                                         r  u_CORE/gen_lanes[1].u_LANE/u_WRAPPER/cnn_core_inst/layer8_out_U/U_cnn_core_fifo_w816_d4_A_ram/mem_reg_reg[25]/C
                         clock pessimism              0.000     5.021    
                         clock uncertainty           -0.035     4.986    
    SLICE_X107Y236       FDRE (Setup_AFF_SLICEM_C_R)
                                                     -0.074     4.912    u_CORE/gen_lanes[1].u_LANE/u_WRAPPER/cnn_core_inst/layer8_out_U/U_cnn_core_fifo_w816_d4_A_ram/mem_reg_reg[25]
  -------------------------------------------------------------------
                         required time                          4.912    
                         arrival time                          -4.732    
  -------------------------------------------------------------------
                         slack                                  0.180    

Slack (MET) :             0.180ns  (required time - arrival time)
  Source:                 u_CORE/u_RST_CNN/sync_ff_reg[1]/C
                            (rising edge-triggered cell FDPE clocked by CLK_CNN  {rise@0.000ns fall@2.500ns period=5.000ns})
  Destination:            u_CORE/gen_lanes[1].u_LANE/u_WRAPPER/cnn_core_inst/scheduled_pool_array_array_ap_fixed_10_5_0_2_0_48u_config9_4u_U0/maxima_fu_260_reg[11]/R
                            (rising edge-triggered cell FDRE clocked by CLK_CNN  {rise@0.000ns fall@2.500ns period=5.000ns})
  Path Group:             CLK_CNN
  Path Type:              Setup (Max at Slow Process Corner)
  Requirement:            5.000ns  (CLK_CNN rise@5.000ns - CLK_CNN rise@0.000ns)
  Data Path Delay:        4.704ns  (logic 0.191ns (4.060%)  route 4.513ns (95.940%))
  Logic Levels:           1  (LUT1=1)
  Clock Path Skew:        -0.007ns (DCD - SCD + CPR)
    Destination Clock Delay (DCD):    0.021ns = ( 5.021 - 5.000 ) 
    Source Clock Delay      (SCD):    0.028ns
    Clock Pessimism Removal (CPR):    0.000ns
  Clock Uncertainty:      0.035ns  ((TSJ^2 + TIJ^2)^1/2 + DJ) / 2 + PE
    Total System Jitter     (TSJ):    0.071ns
    Total Input Jitter      (TIJ):    0.000ns
    Discrete Jitter          (DJ):    0.000ns
    Phase Error              (PE):    0.000ns

    Location             Delay type                Incr(ns)  Path(ns)    Netlist Resource(s)
  -------------------------------------------------------------------    -------------------
                         (clock CLK_CNN rise edge)    0.000     0.000 r  
                                                      0.000     0.000 r  CLK_CNN (IN)
                         net (fo=48788, unset)        0.028     0.028    u_CORE/u_RST_CNN/CLK
    SLICE_X78Y157        FDPE                                         r  u_CORE/u_RST_CNN/sync_ff_reg[1]/C
  -------------------------------------------------------------------    -------------------
    SLICE_X78Y157        FDPE (Prop_AFF2_SLICEL_C_Q)
                                                      0.081     0.109 r  u_CORE/u_RST_CNN/sync_ff_reg[1]/Q
                         net (fo=303, routed)         1.175     1.284    u_CORE/gen_lanes[1].u_LANE/RST_CNN
    SLICE_X57Y173        LUT1 (Prop_D5LUT_SLICEL_I0_O)
                                                      0.110     1.394 f  u_CORE/gen_lanes[1].u_LANE/u_WRAPPER_i_1/O
                         net (fo=19847, routed)       3.338     4.732    u_CORE/gen_lanes[1].u_LANE/u_WRAPPER/cnn_core_inst/scheduled_pool_array_array_ap_fixed_10_5_0_2_0_48u_config9_4u_U0/ap_rst
    SLICE_X107Y236       FDRE                                         r  u_CORE/gen_lanes[1].u_LANE/u_WRAPPER/cnn_core_inst/scheduled_pool_array_array_ap_fixed_10_5_0_2_0_48u_config9_4u_U0/maxima_fu_260_reg[11]/R  (IS_INVERTED)
  -------------------------------------------------------------------    -------------------

                         (clock CLK_CNN rise edge)    5.000     5.000 r  
                                                      0.000     5.000 r  CLK_CNN (IN)
                         net (fo=48788, unset)        0.021     5.021    u_CORE/gen_lanes[1].u_LANE/u_WRAPPER/cnn_core_inst/scheduled_pool_array_array_ap_fixed_10_5_0_2_0_48u_config9_4u_U0/ap_clk
    SLICE_X107Y236       FDRE                                         r  u_CORE/gen_lanes[1].u_LANE/u_WRAPPER/cnn_core_inst/scheduled_pool_array_array_ap_fixed_10_5_0_2_0_48u_config9_4u_U0/maxima_fu_260_reg[11]/C
                         clock pessimism              0.000     5.021    
                         clock uncertainty           -0.035     4.986    
    SLICE_X107Y236       FDRE (Setup_DFF2_SLICEM_C_R)
                                                     -0.074     4.912    u_CORE/gen_lanes[1].u_LANE/u_WRAPPER/cnn_core_inst/scheduled_pool_array_array_ap_fixed_10_5_0_2_0_48u_config9_4u_U0/maxima_fu_260_reg[11]
  -------------------------------------------------------------------
                         required time                          4.912    
                         arrival time                          -4.732    
  -------------------------------------------------------------------
                         slack                                  0.180    

Slack (MET) :             0.180ns  (required time - arrival time)
  Source:                 u_CORE/u_RST_CNN/sync_ff_reg[1]/C
                            (rising edge-triggered cell FDPE clocked by CLK_CNN  {rise@0.000ns fall@2.500ns period=5.000ns})
  Destination:            u_CORE/gen_lanes[1].u_LANE/u_WRAPPER/cnn_core_inst/scheduled_pool_array_array_ap_fixed_10_5_0_2_0_48u_config9_4u_U0/maxima_fu_260_reg[12]/R
                            (rising edge-triggered cell FDRE clocked by CLK_CNN  {rise@0.000ns fall@2.500ns period=5.000ns})
  Path Group:             CLK_CNN
  Path Type:              Setup (Max at Slow Process Corner)
  Requirement:            5.000ns  (CLK_CNN rise@5.000ns - CLK_CNN rise@0.000ns)
  Data Path Delay:        4.704ns  (logic 0.191ns (4.060%)  route 4.513ns (95.940%))
  Logic Levels:           1  (LUT1=1)
  Clock Path Skew:        -0.007ns (DCD - SCD + CPR)
    Destination Clock Delay (DCD):    0.021ns = ( 5.021 - 5.000 ) 
    Source Clock Delay      (SCD):    0.028ns
    Clock Pessimism Removal (CPR):    0.000ns
  Clock Uncertainty:      0.035ns  ((TSJ^2 + TIJ^2)^1/2 + DJ) / 2 + PE
    Total System Jitter     (TSJ):    0.071ns
    Total Input Jitter      (TIJ):    0.000ns
    Discrete Jitter          (DJ):    0.000ns
    Phase Error              (PE):    0.000ns

    Location             Delay type                Incr(ns)  Path(ns)    Netlist Resource(s)
  -------------------------------------------------------------------    -------------------
                         (clock CLK_CNN rise edge)    0.000     0.000 r  
                                                      0.000     0.000 r  CLK_CNN (IN)
                         net (fo=48788, unset)        0.028     0.028    u_CORE/u_RST_CNN/CLK
    SLICE_X78Y157        FDPE                                         r  u_CORE/u_RST_CNN/sync_ff_reg[1]/C
  -------------------------------------------------------------------    -------------------
    SLICE_X78Y157        FDPE (Prop_AFF2_SLICEL_C_Q)
                                                      0.081     0.109 r  u_CORE/u_RST_CNN/sync_ff_reg[1]/Q
                         net (fo=303, routed)         1.175     1.284    u_CORE/gen_lanes[1].u_LANE/RST_CNN
    SLICE_X57Y173        LUT1 (Prop_D5LUT_SLICEL_I0_O)
                                                      0.110     1.394 f  u_CORE/gen_lanes[1].u_LANE/u_WRAPPER_i_1/O
                         net (fo=19847, routed)       3.338     4.732    u_CORE/gen_lanes[1].u_LANE/u_WRAPPER/cnn_core_inst/scheduled_pool_array_array_ap_fixed_10_5_0_2_0_48u_config9_4u_U0/ap_rst
    SLICE_X107Y236       FDRE                                         r  u_CORE/gen_lanes[1].u_LANE/u_WRAPPER/cnn_core_inst/scheduled_pool_array_array_ap_fixed_10_5_0_2_0_48u_config9_4u_U0/maxima_fu_260_reg[12]/R  (IS_INVERTED)
  -------------------------------------------------------------------    -------------------

                         (clock CLK_CNN rise edge)    5.000     5.000 r  
                                                      0.000     5.000 r  CLK_CNN (IN)
                         net (fo=48788, unset)        0.021     5.021    u_CORE/gen_lanes[1].u_LANE/u_WRAPPER/cnn_core_inst/scheduled_pool_array_array_ap_fixed_10_5_0_2_0_48u_config9_4u_U0/ap_clk
    SLICE_X107Y236       FDRE                                         r  u_CORE/gen_lanes[1].u_LANE/u_WRAPPER/cnn_core_inst/scheduled_pool_array_array_ap_fixed_10_5_0_2_0_48u_config9_4u_U0/maxima_fu_260_reg[12]/C
                         clock pessimism              0.000     5.021    
                         clock uncertainty           -0.035     4.986    
    SLICE_X107Y236       FDRE (Setup_CFF2_SLICEM_C_R)
                                                     -0.074     4.912    u_CORE/gen_lanes[1].u_LANE/u_WRAPPER/cnn_core_inst/scheduled_pool_array_array_ap_fixed_10_5_0_2_0_48u_config9_4u_U0/maxima_fu_260_reg[12]
  -------------------------------------------------------------------
                         required time                          4.912    
                         arrival time                          -4.732    
  -------------------------------------------------------------------
                         slack                                  0.180    

Slack (MET) :             0.180ns  (required time - arrival time)
  Source:                 u_CORE/u_RST_CNN/sync_ff_reg[1]/C
                            (rising edge-triggered cell FDPE clocked by CLK_CNN  {rise@0.000ns fall@2.500ns period=5.000ns})
  Destination:            u_CORE/gen_lanes[1].u_LANE/u_WRAPPER/cnn_core_inst/scheduled_pool_array_array_ap_fixed_10_5_0_2_0_48u_config9_4u_U0/maxima_fu_260_reg[13]/R
                            (rising edge-triggered cell FDRE clocked by CLK_CNN  {rise@0.000ns fall@2.500ns period=5.000ns})
  Path Group:             CLK_CNN
  Path Type:              Setup (Max at Slow Process Corner)
  Requirement:            5.000ns  (CLK_CNN rise@5.000ns - CLK_CNN rise@0.000ns)
  Data Path Delay:        4.704ns  (logic 0.191ns (4.060%)  route 4.513ns (95.940%))
  Logic Levels:           1  (LUT1=1)
  Clock Path Skew:        -0.007ns (DCD - SCD + CPR)
    Destination Clock Delay (DCD):    0.021ns = ( 5.021 - 5.000 ) 
    Source Clock Delay      (SCD):    0.028ns
    Clock Pessimism Removal (CPR):    0.000ns
  Clock Uncertainty:      0.035ns  ((TSJ^2 + TIJ^2)^1/2 + DJ) / 2 + PE
    Total System Jitter     (TSJ):    0.071ns
    Total Input Jitter      (TIJ):    0.000ns
    Discrete Jitter          (DJ):    0.000ns
    Phase Error              (PE):    0.000ns

    Location             Delay type                Incr(ns)  Path(ns)    Netlist Resource(s)
  -------------------------------------------------------------------    -------------------
                         (clock CLK_CNN rise edge)    0.000     0.000 r  
                                                      0.000     0.000 r  CLK_CNN (IN)
                         net (fo=48788, unset)        0.028     0.028    u_CORE/u_RST_CNN/CLK
    SLICE_X78Y157        FDPE                                         r  u_CORE/u_RST_CNN/sync_ff_reg[1]/C
  -------------------------------------------------------------------    -------------------
    SLICE_X78Y157        FDPE (Prop_AFF2_SLICEL_C_Q)
                                                      0.081     0.109 r  u_CORE/u_RST_CNN/sync_ff_reg[1]/Q
                         net (fo=303, routed)         1.175     1.284    u_CORE/gen_lanes[1].u_LANE/RST_CNN
    SLICE_X57Y173        LUT1 (Prop_D5LUT_SLICEL_I0_O)
                                                      0.110     1.394 f  u_CORE/gen_lanes[1].u_LANE/u_WRAPPER_i_1/O
                         net (fo=19847, routed)       3.338     4.732    u_CORE/gen_lanes[1].u_LANE/u_WRAPPER/cnn_core_inst/scheduled_pool_array_array_ap_fixed_10_5_0_2_0_48u_config9_4u_U0/ap_rst
    SLICE_X107Y236       FDRE                                         r  u_CORE/gen_lanes[1].u_LANE/u_WRAPPER/cnn_core_inst/scheduled_pool_array_array_ap_fixed_10_5_0_2_0_48u_config9_4u_U0/maxima_fu_260_reg[13]/R  (IS_INVERTED)
  -------------------------------------------------------------------    -------------------

                         (clock CLK_CNN rise edge)    5.000     5.000 r  
                                                      0.000     5.000 r  CLK_CNN (IN)
                         net (fo=48788, unset)        0.021     5.021    u_CORE/gen_lanes[1].u_LANE/u_WRAPPER/cnn_core_inst/scheduled_pool_array_array_ap_fixed_10_5_0_2_0_48u_config9_4u_U0/ap_clk
    SLICE_X107Y236       FDRE                                         r  u_CORE/gen_lanes[1].u_LANE/u_WRAPPER/cnn_core_inst/scheduled_pool_array_array_ap_fixed_10_5_0_2_0_48u_config9_4u_U0/maxima_fu_260_reg[13]/C
                         clock pessimism              0.000     5.021    
                         clock uncertainty           -0.035     4.986    
    SLICE_X107Y236       FDRE (Setup_BFF2_SLICEM_C_R)
                                                     -0.074     4.912    u_CORE/gen_lanes[1].u_LANE/u_WRAPPER/cnn_core_inst/scheduled_pool_array_array_ap_fixed_10_5_0_2_0_48u_config9_4u_U0/maxima_fu_260_reg[13]
  -------------------------------------------------------------------
                         required time                          4.912    
                         arrival time                          -4.732    
  -------------------------------------------------------------------
                         slack                                  0.180    

Slack (MET) :             0.180ns  (required time - arrival time)
  Source:                 u_CORE/u_RST_CNN/sync_ff_reg[1]/C
                            (rising edge-triggered cell FDPE clocked by CLK_CNN  {rise@0.000ns fall@2.500ns period=5.000ns})
  Destination:            u_CORE/gen_lanes[1].u_LANE/u_WRAPPER/cnn_core_inst/scheduled_pool_array_array_ap_fixed_10_5_0_2_0_48u_config9_4u_U0/maxima_fu_260_reg[9]/R
                            (rising edge-triggered cell FDRE clocked by CLK_CNN  {rise@0.000ns fall@2.500ns period=5.000ns})
  Path Group:             CLK_CNN
  Path Type:              Setup (Max at Slow Process Corner)
  Requirement:            5.000ns  (CLK_CNN rise@5.000ns - CLK_CNN rise@0.000ns)
  Data Path Delay:        4.704ns  (logic 0.191ns (4.060%)  route 4.513ns (95.940%))
  Logic Levels:           1  (LUT1=1)
  Clock Path Skew:        -0.007ns (DCD - SCD + CPR)
    Destination Clock Delay (DCD):    0.021ns = ( 5.021 - 5.000 ) 
    Source Clock Delay      (SCD):    0.028ns
    Clock Pessimism Removal (CPR):    0.000ns
  Clock Uncertainty:      0.035ns  ((TSJ^2 + TIJ^2)^1/2 + DJ) / 2 + PE
    Total System Jitter     (TSJ):    0.071ns
    Total Input Jitter      (TIJ):    0.000ns
    Discrete Jitter          (DJ):    0.000ns
    Phase Error              (PE):    0.000ns

    Location             Delay type                Incr(ns)  Path(ns)    Netlist Resource(s)
  -------------------------------------------------------------------    -------------------
                         (clock CLK_CNN rise edge)    0.000     0.000 r  
                                                      0.000     0.000 r  CLK_CNN (IN)
                         net (fo=48788, unset)        0.028     0.028    u_CORE/u_RST_CNN/CLK
    SLICE_X78Y157        FDPE                                         r  u_CORE/u_RST_CNN/sync_ff_reg[1]/C
  -------------------------------------------------------------------    -------------------
    SLICE_X78Y157        FDPE (Prop_AFF2_SLICEL_C_Q)
                                                      0.081     0.109 r  u_CORE/u_RST_CNN/sync_ff_reg[1]/Q
                         net (fo=303, routed)         1.175     1.284    u_CORE/gen_lanes[1].u_LANE/RST_CNN
    SLICE_X57Y173        LUT1 (Prop_D5LUT_SLICEL_I0_O)
                                                      0.110     1.394 f  u_CORE/gen_lanes[1].u_LANE/u_WRAPPER_i_1/O
                         net (fo=19847, routed)       3.338     4.732    u_CORE/gen_lanes[1].u_LANE/u_WRAPPER/cnn_core_inst/scheduled_pool_array_array_ap_fixed_10_5_0_2_0_48u_config9_4u_U0/ap_rst
    SLICE_X107Y236       FDRE                                         r  u_CORE/gen_lanes[1].u_LANE/u_WRAPPER/cnn_core_inst/scheduled_pool_array_array_ap_fixed_10_5_0_2_0_48u_config9_4u_U0/maxima_fu_260_reg[9]/R  (IS_INVERTED)
  -------------------------------------------------------------------    -------------------

                         (clock CLK_CNN rise edge)    5.000     5.000 r  
                                                      0.000     5.000 r  CLK_CNN (IN)
                         net (fo=48788, unset)        0.021     5.021    u_CORE/gen_lanes[1].u_LANE/u_WRAPPER/cnn_core_inst/scheduled_pool_array_array_ap_fixed_10_5_0_2_0_48u_config9_4u_U0/ap_clk
    SLICE_X107Y236       FDRE                                         r  u_CORE/gen_lanes[1].u_LANE/u_WRAPPER/cnn_core_inst/scheduled_pool_array_array_ap_fixed_10_5_0_2_0_48u_config9_4u_U0/maxima_fu_260_reg[9]/C
                         clock pessimism              0.000     5.021    
                         clock uncertainty           -0.035     4.986    
    SLICE_X107Y236       FDRE (Setup_AFF2_SLICEM_C_R)
                                                     -0.074     4.912    u_CORE/gen_lanes[1].u_LANE/u_WRAPPER/cnn_core_inst/scheduled_pool_array_array_ap_fixed_10_5_0_2_0_48u_config9_4u_U0/maxima_fu_260_reg[9]
  -------------------------------------------------------------------
                         required time                          4.912    
                         arrival time                          -4.732    
  -------------------------------------------------------------------
                         slack                                  0.180    

Slack (MET) :             0.181ns  (required time - arrival time)
  Source:                 u_CORE/u_RST_CNN/sync_ff_reg[1]/C
                            (rising edge-triggered cell FDPE clocked by CLK_CNN  {rise@0.000ns fall@2.500ns period=5.000ns})
  Destination:            u_CORE/gen_lanes[1].u_LANE/u_WRAPPER/cnn_core_inst/relu_array_ap_fixed_48u_array_ap_ufixed_17_8_5_3_0_48u_relu_config8_U0/and_ln51_reg_3981_reg[0]/R
                            (rising edge-triggered cell FDRE clocked by CLK_CNN  {rise@0.000ns fall@2.500ns period=5.000ns})
  Path Group:             CLK_CNN
  Path Type:              Setup (Max at Slow Process Corner)
  Requirement:            5.000ns  (CLK_CNN rise@5.000ns - CLK_CNN rise@0.000ns)
  Data Path Delay:        4.702ns  (logic 0.191ns (4.062%)  route 4.511ns (95.938%))
  Logic Levels:           1  (LUT1=1)
  Clock Path Skew:        -0.007ns (DCD - SCD + CPR)
    Destination Clock Delay (DCD):    0.021ns = ( 5.021 - 5.000 ) 
    Source Clock Delay      (SCD):    0.028ns
    Clock Pessimism Removal (CPR):    0.000ns
  Clock Uncertainty:      0.035ns  ((TSJ^2 + TIJ^2)^1/2 + DJ) / 2 + PE
    Total System Jitter     (TSJ):    0.071ns
    Total Input Jitter      (TIJ):    0.000ns
    Discrete Jitter          (DJ):    0.000ns
    Phase Error              (PE):    0.000ns

    Location             Delay type                Incr(ns)  Path(ns)    Netlist Resource(s)
  -------------------------------------------------------------------    -------------------
                         (clock CLK_CNN rise edge)    0.000     0.000 r  
                                                      0.000     0.000 r  CLK_CNN (IN)
                         net (fo=48788, unset)        0.028     0.028    u_CORE/u_RST_CNN/CLK
    SLICE_X78Y157        FDPE                                         r  u_CORE/u_RST_CNN/sync_ff_reg[1]/C
  -------------------------------------------------------------------    -------------------
    SLICE_X78Y157        FDPE (Prop_AFF2_SLICEL_C_Q)
                                                      0.081     0.109 r  u_CORE/u_RST_CNN/sync_ff_reg[1]/Q
                         net (fo=303, routed)         1.175     1.284    u_CORE/gen_lanes[1].u_LANE/RST_CNN
    SLICE_X57Y173        LUT1 (Prop_D5LUT_SLICEL_I0_O)
                                                      0.110     1.394 f  u_CORE/gen_lanes[1].u_LANE/u_WRAPPER_i_1/O
                         net (fo=19847, routed)       3.337     4.730    u_CORE/gen_lanes[1].u_LANE/u_WRAPPER/cnn_core_inst/relu_array_ap_fixed_48u_array_ap_ufixed_17_8_5_3_0_48u_relu_config8_U0/ap_rst
    SLICE_X106Y236       FDRE                                         r  u_CORE/gen_lanes[1].u_LANE/u_WRAPPER/cnn_core_inst/relu_array_ap_fixed_48u_array_ap_ufixed_17_8_5_3_0_48u_relu_config8_U0/and_ln51_reg_3981_reg[0]/R  (IS_INVERTED)
  -------------------------------------------------------------------    -------------------

                         (clock CLK_CNN rise edge)    5.000     5.000 r  
                                                      0.000     5.000 r  CLK_CNN (IN)
                         net (fo=48788, unset)        0.021     5.021    u_CORE/gen_lanes[1].u_LANE/u_WRAPPER/cnn_core_inst/relu_array_ap_fixed_48u_array_ap_ufixed_17_8_5_3_0_48u_relu_config8_U0/ap_clk
    SLICE_X106Y236       FDRE                                         r  u_CORE/gen_lanes[1].u_LANE/u_WRAPPER/cnn_core_inst/relu_array_ap_fixed_48u_array_ap_ufixed_17_8_5_3_0_48u_relu_config8_U0/and_ln51_reg_3981_reg[0]/C
                         clock pessimism              0.000     5.021    
                         clock uncertainty           -0.035     4.986    
    SLICE_X106Y236       FDRE (Setup_DFF_SLICEM_C_R)
                                                     -0.074     4.912    u_CORE/gen_lanes[1].u_LANE/u_WRAPPER/cnn_core_inst/relu_array_ap_fixed_48u_array_ap_ufixed_17_8_5_3_0_48u_relu_config8_U0/and_ln51_reg_3981_reg[0]
  -------------------------------------------------------------------
                         required time                          4.912    
                         arrival time                          -4.730    
  -------------------------------------------------------------------
                         slack                                  0.181    

Slack (MET) :             0.181ns  (required time - arrival time)
  Source:                 u_CORE/u_RST_CNN/sync_ff_reg[1]/C
                            (rising edge-triggered cell FDPE clocked by CLK_CNN  {rise@0.000ns fall@2.500ns period=5.000ns})
  Destination:            u_CORE/gen_lanes[1].u_LANE/u_WRAPPER/cnn_core_inst/relu_array_ap_fixed_48u_array_ap_ufixed_17_8_5_3_0_48u_relu_config8_U0/select_ln51_95_reg_4691_reg[4]/R
                            (rising edge-triggered cell FDRE clocked by CLK_CNN  {rise@0.000ns fall@2.500ns period=5.000ns})
  Path Group:             CLK_CNN
  Path Type:              Setup (Max at Slow Process Corner)
  Requirement:            5.000ns  (CLK_CNN rise@5.000ns - CLK_CNN rise@0.000ns)
  Data Path Delay:        4.702ns  (logic 0.191ns (4.062%)  route 4.511ns (95.938%))
  Logic Levels:           1  (LUT1=1)
  Clock Path Skew:        -0.007ns (DCD - SCD + CPR)
    Destination Clock Delay (DCD):    0.021ns = ( 5.021 - 5.000 ) 
    Source Clock Delay      (SCD):    0.028ns
    Clock Pessimism Removal (CPR):    0.000ns
  Clock Uncertainty:      0.035ns  ((TSJ^2 + TIJ^2)^1/2 + DJ) / 2 + PE
    Total System Jitter     (TSJ):    0.071ns
    Total Input Jitter      (TIJ):    0.000ns
    Discrete Jitter          (DJ):    0.000ns
    Phase Error              (PE):    0.000ns

    Location             Delay type                Incr(ns)  Path(ns)    Netlist Resource(s)
  -------------------------------------------------------------------    -------------------
                         (clock CLK_CNN rise edge)    0.000     0.000 r  
                                                      0.000     0.000 r  CLK_CNN (IN)
                         net (fo=48788, unset)        0.028     0.028    u_CORE/u_RST_CNN/CLK
    SLICE_X78Y157        FDPE                                         r  u_CORE/u_RST_CNN/sync_ff_reg[1]/C
  -------------------------------------------------------------------    -------------------
    SLICE_X78Y157        FDPE (Prop_AFF2_SLICEL_C_Q)
                                                      0.081     0.109 r  u_CORE/u_RST_CNN/sync_ff_reg[1]/Q
                         net (fo=303, routed)         1.175     1.284    u_CORE/gen_lanes[1].u_LANE/RST_CNN
    SLICE_X57Y173        LUT1 (Prop_D5LUT_SLICEL_I0_O)
                                                      0.110     1.394 f  u_CORE/gen_lanes[1].u_LANE/u_WRAPPER_i_1/O
                         net (fo=19847, routed)       3.337     4.730    u_CORE/gen_lanes[1].u_LANE/u_WRAPPER/cnn_core_inst/relu_array_ap_fixed_48u_array_ap_ufixed_17_8_5_3_0_48u_relu_config8_U0/ap_rst
    SLICE_X106Y236       FDRE                                         r  u_CORE/gen_lanes[1].u_LANE/u_WRAPPER/cnn_core_inst/relu_array_ap_fixed_48u_array_ap_ufixed_17_8_5_3_0_48u_relu_config8_U0/select_ln51_95_reg_4691_reg[4]/R  (IS_INVERTED)
  -------------------------------------------------------------------    -------------------

                         (clock CLK_CNN rise edge)    5.000     5.000 r  
                                                      0.000     5.000 r  CLK_CNN (IN)
                         net (fo=48788, unset)        0.021     5.021    u_CORE/gen_lanes[1].u_LANE/u_WRAPPER/cnn_core_inst/relu_array_ap_fixed_48u_array_ap_ufixed_17_8_5_3_0_48u_relu_config8_U0/ap_clk
    SLICE_X106Y236       FDRE                                         r  u_CORE/gen_lanes[1].u_LANE/u_WRAPPER/cnn_core_inst/relu_array_ap_fixed_48u_array_ap_ufixed_17_8_5_3_0_48u_relu_config8_U0/select_ln51_95_reg_4691_reg[4]/C
                         clock pessimism              0.000     5.021    
                         clock uncertainty           -0.035     4.986    
    SLICE_X106Y236       FDRE (Setup_CFF_SLICEM_C_R)
                                                     -0.074     4.912    u_CORE/gen_lanes[1].u_LANE/u_WRAPPER/cnn_core_inst/relu_array_ap_fixed_48u_array_ap_ufixed_17_8_5_3_0_48u_relu_config8_U0/select_ln51_95_reg_4691_reg[4]
  -------------------------------------------------------------------
                         required time                          4.912    
                         arrival time                          -4.730    
  -------------------------------------------------------------------
                         slack                                  0.181    

Slack (MET) :             0.181ns  (required time - arrival time)
  Source:                 u_CORE/u_RST_CNN/sync_ff_reg[1]/C
                            (rising edge-triggered cell FDPE clocked by CLK_CNN  {rise@0.000ns fall@2.500ns period=5.000ns})
  Destination:            u_CORE/gen_lanes[1].u_LANE/u_WRAPPER/cnn_core_inst/relu_array_ap_fixed_48u_array_ap_ufixed_17_8_5_3_0_48u_relu_config8_U0/select_ln51_95_reg_4691_reg[5]/R
                            (rising edge-triggered cell FDRE clocked by CLK_CNN  {rise@0.000ns fall@2.500ns period=5.000ns})
  Path Group:             CLK_CNN
  Path Type:              Setup (Max at Slow Process Corner)
  Requirement:            5.000ns  (CLK_CNN rise@5.000ns - CLK_CNN rise@0.000ns)
  Data Path Delay:        4.702ns  (logic 0.191ns (4.062%)  route 4.511ns (95.938%))
  Logic Levels:           1  (LUT1=1)
  Clock Path Skew:        -0.007ns (DCD - SCD + CPR)
    Destination Clock Delay (DCD):    0.021ns = ( 5.021 - 5.000 ) 
    Source Clock Delay      (SCD):    0.028ns
    Clock Pessimism Removal (CPR):    0.000ns
  Clock Uncertainty:      0.035ns  ((TSJ^2 + TIJ^2)^1/2 + DJ) / 2 + PE
    Total System Jitter     (TSJ):    0.071ns
    Total Input Jitter      (TIJ):    0.000ns
    Discrete Jitter          (DJ):    0.000ns
    Phase Error              (PE):    0.000ns

    Location             Delay type                Incr(ns)  Path(ns)    Netlist Resource(s)
  -------------------------------------------------------------------    -------------------
                         (clock CLK_CNN rise edge)    0.000     0.000 r  
                                                      0.000     0.000 r  CLK_CNN (IN)
                         net (fo=48788, unset)        0.028     0.028    u_CORE/u_RST_CNN/CLK
    SLICE_X78Y157        FDPE                                         r  u_CORE/u_RST_CNN/sync_ff_reg[1]/C
  -------------------------------------------------------------------    -------------------
    SLICE_X78Y157        FDPE (Prop_AFF2_SLICEL_C_Q)
                                                      0.081     0.109 r  u_CORE/u_RST_CNN/sync_ff_reg[1]/Q
                         net (fo=303, routed)         1.175     1.284    u_CORE/gen_lanes[1].u_LANE/RST_CNN
    SLICE_X57Y173        LUT1 (Prop_D5LUT_SLICEL_I0_O)
                                                      0.110     1.394 f  u_CORE/gen_lanes[1].u_LANE/u_WRAPPER_i_1/O
                         net (fo=19847, routed)       3.337     4.730    u_CORE/gen_lanes[1].u_LANE/u_WRAPPER/cnn_core_inst/relu_array_ap_fixed_48u_array_ap_ufixed_17_8_5_3_0_48u_relu_config8_U0/ap_rst
    SLICE_X106Y236       FDRE                                         r  u_CORE/gen_lanes[1].u_LANE/u_WRAPPER/cnn_core_inst/relu_array_ap_fixed_48u_array_ap_ufixed_17_8_5_3_0_48u_relu_config8_U0/select_ln51_95_reg_4691_reg[5]/R  (IS_INVERTED)
  -------------------------------------------------------------------    -------------------

                         (clock CLK_CNN rise edge)    5.000     5.000 r  
                                                      0.000     5.000 r  CLK_CNN (IN)
                         net (fo=48788, unset)        0.021     5.021    u_CORE/gen_lanes[1].u_LANE/u_WRAPPER/cnn_core_inst/relu_array_ap_fixed_48u_array_ap_ufixed_17_8_5_3_0_48u_relu_config8_U0/ap_clk
    SLICE_X106Y236       FDRE                                         r  u_CORE/gen_lanes[1].u_LANE/u_WRAPPER/cnn_core_inst/relu_array_ap_fixed_48u_array_ap_ufixed_17_8_5_3_0_48u_relu_config8_U0/select_ln51_95_reg_4691_reg[5]/C
                         clock pessimism              0.000     5.021    
                         clock uncertainty           -0.035     4.986    
    SLICE_X106Y236       FDRE (Setup_CFF2_SLICEM_C_R)
                                                     -0.074     4.912    u_CORE/gen_lanes[1].u_LANE/u_WRAPPER/cnn_core_inst/relu_array_ap_fixed_48u_array_ap_ufixed_17_8_5_3_0_48u_relu_config8_U0/select_ln51_95_reg_4691_reg[5]
  -------------------------------------------------------------------
                         required time                          4.912    
                         arrival time                          -4.730    
  -------------------------------------------------------------------
                         slack                                  0.181    

Slack (MET) :             0.181ns  (required time - arrival time)
  Source:                 u_CORE/u_RST_CNN/sync_ff_reg[1]/C
                            (rising edge-triggered cell FDPE clocked by CLK_CNN  {rise@0.000ns fall@2.500ns period=5.000ns})
  Destination:            u_CORE/gen_lanes[1].u_LANE/u_WRAPPER/cnn_core_inst/relu_array_ap_fixed_48u_array_ap_ufixed_17_8_5_3_0_48u_relu_config8_U0/select_ln51_reg_3976_reg[0]/R
                            (rising edge-triggered cell FDRE clocked by CLK_CNN  {rise@0.000ns fall@2.500ns period=5.000ns})
  Path Group:             CLK_CNN
  Path Type:              Setup (Max at Slow Process Corner)
  Requirement:            5.000ns  (CLK_CNN rise@5.000ns - CLK_CNN rise@0.000ns)
  Data Path Delay:        4.702ns  (logic 0.191ns (4.062%)  route 4.511ns (95.938%))
  Logic Levels:           1  (LUT1=1)
  Clock Path Skew:        -0.007ns (DCD - SCD + CPR)
    Destination Clock Delay (DCD):    0.021ns = ( 5.021 - 5.000 ) 
    Source Clock Delay      (SCD):    0.028ns
    Clock Pessimism Removal (CPR):    0.000ns
  Clock Uncertainty:      0.035ns  ((TSJ^2 + TIJ^2)^1/2 + DJ) / 2 + PE
    Total System Jitter     (TSJ):    0.071ns
    Total Input Jitter      (TIJ):    0.000ns
    Discrete Jitter          (DJ):    0.000ns
    Phase Error              (PE):    0.000ns

    Location             Delay type                Incr(ns)  Path(ns)    Netlist Resource(s)
  -------------------------------------------------------------------    -------------------
                         (clock CLK_CNN rise edge)    0.000     0.000 r  
                                                      0.000     0.000 r  CLK_CNN (IN)
                         net (fo=48788, unset)        0.028     0.028    u_CORE/u_RST_CNN/CLK
    SLICE_X78Y157        FDPE                                         r  u_CORE/u_RST_CNN/sync_ff_reg[1]/C
  -------------------------------------------------------------------    -------------------
    SLICE_X78Y157        FDPE (Prop_AFF2_SLICEL_C_Q)
                                                      0.081     0.109 r  u_CORE/u_RST_CNN/sync_ff_reg[1]/Q
                         net (fo=303, routed)         1.175     1.284    u_CORE/gen_lanes[1].u_LANE/RST_CNN
    SLICE_X57Y173        LUT1 (Prop_D5LUT_SLICEL_I0_O)
                                                      0.110     1.394 f  u_CORE/gen_lanes[1].u_LANE/u_WRAPPER_i_1/O
                         net (fo=19847, routed)       3.337     4.730    u_CORE/gen_lanes[1].u_LANE/u_WRAPPER/cnn_core_inst/relu_array_ap_fixed_48u_array_ap_ufixed_17_8_5_3_0_48u_relu_config8_U0/ap_rst
    SLICE_X106Y236       FDRE                                         r  u_CORE/gen_lanes[1].u_LANE/u_WRAPPER/cnn_core_inst/relu_array_ap_fixed_48u_array_ap_ufixed_17_8_5_3_0_48u_relu_config8_U0/select_ln51_reg_3976_reg[0]/R  (IS_INVERTED)
  -------------------------------------------------------------------    -------------------

                         (clock CLK_CNN rise edge)    5.000     5.000 r  
                                                      0.000     5.000 r  CLK_CNN (IN)
                         net (fo=48788, unset)        0.021     5.021    u_CORE/gen_lanes[1].u_LANE/u_WRAPPER/cnn_core_inst/relu_array_ap_fixed_48u_array_ap_ufixed_17_8_5_3_0_48u_relu_config8_U0/ap_clk
    SLICE_X106Y236       FDRE                                         r  u_CORE/gen_lanes[1].u_LANE/u_WRAPPER/cnn_core_inst/relu_array_ap_fixed_48u_array_ap_ufixed_17_8_5_3_0_48u_relu_config8_U0/select_ln51_reg_3976_reg[0]/C
                         clock pessimism              0.000     5.021    
                         clock uncertainty           -0.035     4.986    
    SLICE_X106Y236       FDRE (Setup_BFF_SLICEM_C_R)
                                                     -0.074     4.912    u_CORE/gen_lanes[1].u_LANE/u_WRAPPER/cnn_core_inst/relu_array_ap_fixed_48u_array_ap_ufixed_17_8_5_3_0_48u_relu_config8_U0/select_ln51_reg_3976_reg[0]
  -------------------------------------------------------------------
                         required time                          4.912    
                         arrival time                          -4.730    
  -------------------------------------------------------------------
                         slack                                  0.181    

Slack (MET) :             0.181ns  (required time - arrival time)
  Source:                 u_CORE/u_RST_CNN/sync_ff_reg[1]/C
                            (rising edge-triggered cell FDPE clocked by CLK_CNN  {rise@0.000ns fall@2.500ns period=5.000ns})
  Destination:            u_CORE/gen_lanes[1].u_LANE/u_WRAPPER/cnn_core_inst/relu_array_ap_fixed_48u_array_ap_ufixed_17_8_5_3_0_48u_relu_config8_U0/select_ln51_reg_3976_reg[3]/R
                            (rising edge-triggered cell FDRE clocked by CLK_CNN  {rise@0.000ns fall@2.500ns period=5.000ns})
  Path Group:             CLK_CNN
  Path Type:              Setup (Max at Slow Process Corner)
  Requirement:            5.000ns  (CLK_CNN rise@5.000ns - CLK_CNN rise@0.000ns)
  Data Path Delay:        4.702ns  (logic 0.191ns (4.062%)  route 4.511ns (95.938%))
  Logic Levels:           1  (LUT1=1)
  Clock Path Skew:        -0.007ns (DCD - SCD + CPR)
    Destination Clock Delay (DCD):    0.021ns = ( 5.021 - 5.000 ) 
    Source Clock Delay      (SCD):    0.028ns
    Clock Pessimism Removal (CPR):    0.000ns
  Clock Uncertainty:      0.035ns  ((TSJ^2 + TIJ^2)^1/2 + DJ) / 2 + PE
    Total System Jitter     (TSJ):    0.071ns
    Total Input Jitter      (TIJ):    0.000ns
    Discrete Jitter          (DJ):    0.000ns
    Phase Error              (PE):    0.000ns

    Location             Delay type                Incr(ns)  Path(ns)    Netlist Resource(s)
  -------------------------------------------------------------------    -------------------
                         (clock CLK_CNN rise edge)    0.000     0.000 r  
                                                      0.000     0.000 r  CLK_CNN (IN)
                         net (fo=48788, unset)        0.028     0.028    u_CORE/u_RST_CNN/CLK
    SLICE_X78Y157        FDPE                                         r  u_CORE/u_RST_CNN/sync_ff_reg[1]/C
  -------------------------------------------------------------------    -------------------
    SLICE_X78Y157        FDPE (Prop_AFF2_SLICEL_C_Q)
                                                      0.081     0.109 r  u_CORE/u_RST_CNN/sync_ff_reg[1]/Q
                         net (fo=303, routed)         1.175     1.284    u_CORE/gen_lanes[1].u_LANE/RST_CNN
    SLICE_X57Y173        LUT1 (Prop_D5LUT_SLICEL_I0_O)
                                                      0.110     1.394 f  u_CORE/gen_lanes[1].u_LANE/u_WRAPPER_i_1/O
                         net (fo=19847, routed)       3.337     4.730    u_CORE/gen_lanes[1].u_LANE/u_WRAPPER/cnn_core_inst/relu_array_ap_fixed_48u_array_ap_ufixed_17_8_5_3_0_48u_relu_config8_U0/ap_rst
    SLICE_X106Y236       FDRE                                         r  u_CORE/gen_lanes[1].u_LANE/u_WRAPPER/cnn_core_inst/relu_array_ap_fixed_48u_array_ap_ufixed_17_8_5_3_0_48u_relu_config8_U0/select_ln51_reg_3976_reg[3]/R  (IS_INVERTED)
  -------------------------------------------------------------------    -------------------

                         (clock CLK_CNN rise edge)    5.000     5.000 r  
                                                      0.000     5.000 r  CLK_CNN (IN)
                         net (fo=48788, unset)        0.021     5.021    u_CORE/gen_lanes[1].u_LANE/u_WRAPPER/cnn_core_inst/relu_array_ap_fixed_48u_array_ap_ufixed_17_8_5_3_0_48u_relu_config8_U0/ap_clk
    SLICE_X106Y236       FDRE                                         r  u_CORE/gen_lanes[1].u_LANE/u_WRAPPER/cnn_core_inst/relu_array_ap_fixed_48u_array_ap_ufixed_17_8_5_3_0_48u_relu_config8_U0/select_ln51_reg_3976_reg[3]/C
                         clock pessimism              0.000     5.021    
                         clock uncertainty           -0.035     4.986    
    SLICE_X106Y236       FDRE (Setup_AFF_SLICEM_C_R)
                                                     -0.074     4.912    u_CORE/gen_lanes[1].u_LANE/u_WRAPPER/cnn_core_inst/relu_array_ap_fixed_48u_array_ap_ufixed_17_8_5_3_0_48u_relu_config8_U0/select_ln51_reg_3976_reg[3]
  -------------------------------------------------------------------
                         required time                          4.912    
                         arrival time                          -4.730    
  -------------------------------------------------------------------
                         slack                                  0.181    

Slack (MET) :             0.181ns  (required time - arrival time)
  Source:                 u_CORE/u_RST_CNN/sync_ff_reg[1]/C
                            (rising edge-triggered cell FDPE clocked by CLK_CNN  {rise@0.000ns fall@2.500ns period=5.000ns})
  Destination:            u_CORE/gen_lanes[1].u_LANE/u_WRAPPER/cnn_core_inst/relu_array_ap_fixed_48u_array_ap_ufixed_17_8_5_3_0_48u_relu_config8_U0/select_ln51_reg_3976_reg[4]/R
                            (rising edge-triggered cell FDRE clocked by CLK_CNN  {rise@0.000ns fall@2.500ns period=5.000ns})
  Path Group:             CLK_CNN
  Path Type:              Setup (Max at Slow Process Corner)
  Requirement:            5.000ns  (CLK_CNN rise@5.000ns - CLK_CNN rise@0.000ns)
  Data Path Delay:        4.702ns  (logic 0.191ns (4.062%)  route 4.511ns (95.938%))
  Logic Levels:           1  (LUT1=1)
  Clock Path Skew:        -0.007ns (DCD - SCD + CPR)
    Destination Clock Delay (DCD):    0.021ns = ( 5.021 - 5.000 ) 
    Source Clock Delay      (SCD):    0.028ns
    Clock Pessimism Removal (CPR):    0.000ns
  Clock Uncertainty:      0.035ns  ((TSJ^2 + TIJ^2)^1/2 + DJ) / 2 + PE
    Total System Jitter     (TSJ):    0.071ns
    Total Input Jitter      (TIJ):    0.000ns
    Discrete Jitter          (DJ):    0.000ns
    Phase Error              (PE):    0.000ns

    Location             Delay type                Incr(ns)  Path(ns)    Netlist Resource(s)
  -------------------------------------------------------------------    -------------------
                         (clock CLK_CNN rise edge)    0.000     0.000 r  
                                                      0.000     0.000 r  CLK_CNN (IN)
                         net (fo=48788, unset)        0.028     0.028    u_CORE/u_RST_CNN/CLK
    SLICE_X78Y157        FDPE                                         r  u_CORE/u_RST_CNN/sync_ff_reg[1]/C
  -------------------------------------------------------------------    -------------------
    SLICE_X78Y157        FDPE (Prop_AFF2_SLICEL_C_Q)
                                                      0.081     0.109 r  u_CORE/u_RST_CNN/sync_ff_reg[1]/Q
                         net (fo=303, routed)         1.175     1.284    u_CORE/gen_lanes[1].u_LANE/RST_CNN
    SLICE_X57Y173        LUT1 (Prop_D5LUT_SLICEL_I0_O)
                                                      0.110     1.394 f  u_CORE/gen_lanes[1].u_LANE/u_WRAPPER_i_1/O
                         net (fo=19847, routed)       3.337     4.730    u_CORE/gen_lanes[1].u_LANE/u_WRAPPER/cnn_core_inst/relu_array_ap_fixed_48u_array_ap_ufixed_17_8_5_3_0_48u_relu_config8_U0/ap_rst
    SLICE_X106Y236       FDRE                                         r  u_CORE/gen_lanes[1].u_LANE/u_WRAPPER/cnn_core_inst/relu_array_ap_fixed_48u_array_ap_ufixed_17_8_5_3_0_48u_relu_config8_U0/select_ln51_reg_3976_reg[4]/R  (IS_INVERTED)
  -------------------------------------------------------------------    -------------------

                         (clock CLK_CNN rise edge)    5.000     5.000 r  
                                                      0.000     5.000 r  CLK_CNN (IN)
                         net (fo=48788, unset)        0.021     5.021    u_CORE/gen_lanes[1].u_LANE/u_WRAPPER/cnn_core_inst/relu_array_ap_fixed_48u_array_ap_ufixed_17_8_5_3_0_48u_relu_config8_U0/ap_clk
    SLICE_X106Y236       FDRE                                         r  u_CORE/gen_lanes[1].u_LANE/u_WRAPPER/cnn_core_inst/relu_array_ap_fixed_48u_array_ap_ufixed_17_8_5_3_0_48u_relu_config8_U0/select_ln51_reg_3976_reg[4]/C
                         clock pessimism              0.000     5.021    
                         clock uncertainty           -0.035     4.986    
    SLICE_X106Y236       FDRE (Setup_AFF2_SLICEM_C_R)
                                                     -0.074     4.912    u_CORE/gen_lanes[1].u_LANE/u_WRAPPER/cnn_core_inst/relu_array_ap_fixed_48u_array_ap_ufixed_17_8_5_3_0_48u_relu_config8_U0/select_ln51_reg_3976_reg[4]
  -------------------------------------------------------------------
                         required time                          4.912    
                         arrival time                          -4.730    
  -------------------------------------------------------------------
                         slack                                  0.181    

Slack (MET) :             0.181ns  (required time - arrival time)
  Source:                 u_CORE/u_RST_CNN/sync_ff_reg[1]/C
                            (rising edge-triggered cell FDPE clocked by CLK_CNN  {rise@0.000ns fall@2.500ns period=5.000ns})
  Destination:            u_CORE/gen_lanes[1].u_LANE/u_WRAPPER/cnn_core_inst/relu_array_ap_fixed_48u_array_ap_ufixed_17_8_5_3_0_48u_relu_config8_U0/select_ln51_reg_3976_reg[7]/R
                            (rising edge-triggered cell FDRE clocked by CLK_CNN  {rise@0.000ns fall@2.500ns period=5.000ns})
  Path Group:             CLK_CNN
  Path Type:              Setup (Max at Slow Process Corner)
  Requirement:            5.000ns  (CLK_CNN rise@5.000ns - CLK_CNN rise@0.000ns)
  Data Path Delay:        4.702ns  (logic 0.191ns (4.062%)  route 4.511ns (95.938%))
  Logic Levels:           1  (LUT1=1)
  Clock Path Skew:        -0.007ns (DCD - SCD + CPR)
    Destination Clock Delay (DCD):    0.021ns = ( 5.021 - 5.000 ) 
    Source Clock Delay      (SCD):    0.028ns
    Clock Pessimism Removal (CPR):    0.000ns
  Clock Uncertainty:      0.035ns  ((TSJ^2 + TIJ^2)^1/2 + DJ) / 2 + PE
    Total System Jitter     (TSJ):    0.071ns
    Total Input Jitter      (TIJ):    0.000ns
    Discrete Jitter          (DJ):    0.000ns
    Phase Error              (PE):    0.000ns

    Location             Delay type                Incr(ns)  Path(ns)    Netlist Resource(s)
  -------------------------------------------------------------------    -------------------
                         (clock CLK_CNN rise edge)    0.000     0.000 r  
                                                      0.000     0.000 r  CLK_CNN (IN)
                         net (fo=48788, unset)        0.028     0.028    u_CORE/u_RST_CNN/CLK
    SLICE_X78Y157        FDPE                                         r  u_CORE/u_RST_CNN/sync_ff_reg[1]/C
  -------------------------------------------------------------------    -------------------
    SLICE_X78Y157        FDPE (Prop_AFF2_SLICEL_C_Q)
                                                      0.081     0.109 r  u_CORE/u_RST_CNN/sync_ff_reg[1]/Q
                         net (fo=303, routed)         1.175     1.284    u_CORE/gen_lanes[1].u_LANE/RST_CNN
    SLICE_X57Y173        LUT1 (Prop_D5LUT_SLICEL_I0_O)
                                                      0.110     1.394 f  u_CORE/gen_lanes[1].u_LANE/u_WRAPPER_i_1/O
                         net (fo=19847, routed)       3.337     4.730    u_CORE/gen_lanes[1].u_LANE/u_WRAPPER/cnn_core_inst/relu_array_ap_fixed_48u_array_ap_ufixed_17_8_5_3_0_48u_relu_config8_U0/ap_rst
    SLICE_X106Y236       FDRE                                         r  u_CORE/gen_lanes[1].u_LANE/u_WRAPPER/cnn_core_inst/relu_array_ap_fixed_48u_array_ap_ufixed_17_8_5_3_0_48u_relu_config8_U0/select_ln51_reg_3976_reg[7]/R  (IS_INVERTED)
  -------------------------------------------------------------------    -------------------

                         (clock CLK_CNN rise edge)    5.000     5.000 r  
                                                      0.000     5.000 r  CLK_CNN (IN)
                         net (fo=48788, unset)        0.021     5.021    u_CORE/gen_lanes[1].u_LANE/u_WRAPPER/cnn_core_inst/relu_array_ap_fixed_48u_array_ap_ufixed_17_8_5_3_0_48u_relu_config8_U0/ap_clk
    SLICE_X106Y236       FDRE                                         r  u_CORE/gen_lanes[1].u_LANE/u_WRAPPER/cnn_core_inst/relu_array_ap_fixed_48u_array_ap_ufixed_17_8_5_3_0_48u_relu_config8_U0/select_ln51_reg_3976_reg[7]/C
                         clock pessimism              0.000     5.021    
                         clock uncertainty           -0.035     4.986    
    SLICE_X106Y236       FDRE (Setup_DFF2_SLICEM_C_R)
                                                     -0.074     4.912    u_CORE/gen_lanes[1].u_LANE/u_WRAPPER/cnn_core_inst/relu_array_ap_fixed_48u_array_ap_ufixed_17_8_5_3_0_48u_relu_config8_U0/select_ln51_reg_3976_reg[7]
  -------------------------------------------------------------------
                         required time                          4.912    
                         arrival time                          -4.730    
  -------------------------------------------------------------------
                         slack                                  0.181    

Slack (MET) :             0.183ns  (required time - arrival time)
  Source:                 u_CORE/u_RST_CNN/sync_ff_reg[1]/C
                            (rising edge-triggered cell FDPE clocked by CLK_CNN  {rise@0.000ns fall@2.500ns period=5.000ns})
  Destination:            u_CORE/gen_lanes[1].u_LANE/u_WRAPPER/cnn_core_inst/dense_wide_stream_array_array_ap_fixed_21_12_5_3_0_1u_config12_U0/grp_dense_wide_stream_array_array_ap_fixed_1u_config12_Pipeline_DenseValues_fu_41/mul_ln73_1_reg_2535_reg[10]/R
                            (rising edge-triggered cell FDRE clocked by CLK_CNN  {rise@0.000ns fall@2.500ns period=5.000ns})
  Path Group:             CLK_CNN
  Path Type:              Setup (Max at Slow Process Corner)
  Requirement:            5.000ns  (CLK_CNN rise@5.000ns - CLK_CNN rise@0.000ns)
  Data Path Delay:        4.701ns  (logic 0.191ns (4.063%)  route 4.510ns (95.937%))
  Logic Levels:           1  (LUT1=1)
  Clock Path Skew:        -0.007ns (DCD - SCD + CPR)
    Destination Clock Delay (DCD):    0.021ns = ( 5.021 - 5.000 ) 
    Source Clock Delay      (SCD):    0.028ns
    Clock Pessimism Removal (CPR):    0.000ns
  Clock Uncertainty:      0.035ns  ((TSJ^2 + TIJ^2)^1/2 + DJ) / 2 + PE
    Total System Jitter     (TSJ):    0.071ns
    Total Input Jitter      (TIJ):    0.000ns
    Discrete Jitter          (DJ):    0.000ns
    Phase Error              (PE):    0.000ns

    Location             Delay type                Incr(ns)  Path(ns)    Netlist Resource(s)
  -------------------------------------------------------------------    -------------------
                         (clock CLK_CNN rise edge)    0.000     0.000 r  
                                                      0.000     0.000 r  CLK_CNN (IN)
                         net (fo=48788, unset)        0.028     0.028    u_CORE/u_RST_CNN/CLK
    SLICE_X78Y157        FDPE                                         r  u_CORE/u_RST_CNN/sync_ff_reg[1]/C
  -------------------------------------------------------------------    -------------------
    SLICE_X78Y157        FDPE (Prop_AFF2_SLICEL_C_Q)
                                                      0.081     0.109 r  u_CORE/u_RST_CNN/sync_ff_reg[1]/Q
                         net (fo=303, routed)         1.175     1.284    u_CORE/gen_lanes[1].u_LANE/RST_CNN
    SLICE_X57Y173        LUT1 (Prop_D5LUT_SLICEL_I0_O)
                                                      0.110     1.394 f  u_CORE/gen_lanes[1].u_LANE/u_WRAPPER_i_1/O
                         net (fo=19847, routed)       3.335     4.729    u_CORE/gen_lanes[1].u_LANE/u_WRAPPER/cnn_core_inst/dense_wide_stream_array_array_ap_fixed_21_12_5_3_0_1u_config12_U0/grp_dense_wide_stream_array_array_ap_fixed_1u_config12_Pipeline_DenseValues_fu_41/ap_rst
    SLICE_X107Y236       FDRE                                         r  u_CORE/gen_lanes[1].u_LANE/u_WRAPPER/cnn_core_inst/dense_wide_stream_array_array_ap_fixed_21_12_5_3_0_1u_config12_U0/grp_dense_wide_stream_array_array_ap_fixed_1u_config12_Pipeline_DenseValues_fu_41/mul_ln73_1_reg_2535_reg[10]/R  (IS_INVERTED)
  -------------------------------------------------------------------    -------------------

                         (clock CLK_CNN rise edge)    5.000     5.000 r  
                                                      0.000     5.000 r  CLK_CNN (IN)
                         net (fo=48788, unset)        0.021     5.021    u_CORE/gen_lanes[1].u_LANE/u_WRAPPER/cnn_core_inst/dense_wide_stream_array_array_ap_fixed_21_12_5_3_0_1u_config12_U0/grp_dense_wide_stream_array_array_ap_fixed_1u_config12_Pipeline_DenseValues_fu_41/ap_clk
    SLICE_X107Y236       FDRE                                         r  u_CORE/gen_lanes[1].u_LANE/u_WRAPPER/cnn_core_inst/dense_wide_stream_array_array_ap_fixed_21_12_5_3_0_1u_config12_U0/grp_dense_wide_stream_array_array_ap_fixed_1u_config12_Pipeline_DenseValues_fu_41/mul_ln73_1_reg_2535_reg[10]/C
                         clock pessimism              0.000     5.021    
                         clock uncertainty           -0.035     4.986    
    SLICE_X107Y236       FDRE (Setup_HFF_SLICEM_C_R)
                                                     -0.074     4.912    u_CORE/gen_lanes[1].u_LANE/u_WRAPPER/cnn_core_inst/dense_wide_stream_array_array_ap_fixed_21_12_5_3_0_1u_config12_U0/grp_dense_wide_stream_array_array_ap_fixed_1u_config12_Pipeline_DenseValues_fu_41/mul_ln73_1_reg_2535_reg[10]
  -------------------------------------------------------------------
                         required time                          4.912    
                         arrival time                          -4.729    
  -------------------------------------------------------------------
                         slack                                  0.183    

Slack (MET) :             0.183ns  (required time - arrival time)
  Source:                 u_CORE/u_RST_CNN/sync_ff_reg[1]/C
                            (rising edge-triggered cell FDPE clocked by CLK_CNN  {rise@0.000ns fall@2.500ns period=5.000ns})
  Destination:            u_CORE/gen_lanes[1].u_LANE/u_WRAPPER/cnn_core_inst/dense_wide_stream_array_array_ap_fixed_21_12_5_3_0_1u_config12_U0/grp_dense_wide_stream_array_array_ap_fixed_1u_config12_Pipeline_DenseValues_fu_41/mul_ln73_1_reg_2535_reg[11]/R
                            (rising edge-triggered cell FDRE clocked by CLK_CNN  {rise@0.000ns fall@2.500ns period=5.000ns})
  Path Group:             CLK_CNN
  Path Type:              Setup (Max at Slow Process Corner)
  Requirement:            5.000ns  (CLK_CNN rise@5.000ns - CLK_CNN rise@0.000ns)
  Data Path Delay:        4.701ns  (logic 0.191ns (4.063%)  route 4.510ns (95.937%))
  Logic Levels:           1  (LUT1=1)
  Clock Path Skew:        -0.007ns (DCD - SCD + CPR)
    Destination Clock Delay (DCD):    0.021ns = ( 5.021 - 5.000 ) 
    Source Clock Delay      (SCD):    0.028ns
    Clock Pessimism Removal (CPR):    0.000ns
  Clock Uncertainty:      0.035ns  ((TSJ^2 + TIJ^2)^1/2 + DJ) / 2 + PE
    Total System Jitter     (TSJ):    0.071ns
    Total Input Jitter      (TIJ):    0.000ns
    Discrete Jitter          (DJ):    0.000ns
    Phase Error              (PE):    0.000ns

    Location             Delay type                Incr(ns)  Path(ns)    Netlist Resource(s)
  -------------------------------------------------------------------    -------------------
                         (clock CLK_CNN rise edge)    0.000     0.000 r  
                                                      0.000     0.000 r  CLK_CNN (IN)
                         net (fo=48788, unset)        0.028     0.028    u_CORE/u_RST_CNN/CLK
    SLICE_X78Y157        FDPE                                         r  u_CORE/u_RST_CNN/sync_ff_reg[1]/C
  -------------------------------------------------------------------    -------------------
    SLICE_X78Y157        FDPE (Prop_AFF2_SLICEL_C_Q)
                                                      0.081     0.109 r  u_CORE/u_RST_CNN/sync_ff_reg[1]/Q
                         net (fo=303, routed)         1.175     1.284    u_CORE/gen_lanes[1].u_LANE/RST_CNN
    SLICE_X57Y173        LUT1 (Prop_D5LUT_SLICEL_I0_O)
                                                      0.110     1.394 f  u_CORE/gen_lanes[1].u_LANE/u_WRAPPER_i_1/O
                         net (fo=19847, routed)       3.335     4.729    u_CORE/gen_lanes[1].u_LANE/u_WRAPPER/cnn_core_inst/dense_wide_stream_array_array_ap_fixed_21_12_5_3_0_1u_config12_U0/grp_dense_wide_stream_array_array_ap_fixed_1u_config12_Pipeline_DenseValues_fu_41/ap_rst
    SLICE_X107Y236       FDRE                                         r  u_CORE/gen_lanes[1].u_LANE/u_WRAPPER/cnn_core_inst/dense_wide_stream_array_array_ap_fixed_21_12_5_3_0_1u_config12_U0/grp_dense_wide_stream_array_array_ap_fixed_1u_config12_Pipeline_DenseValues_fu_41/mul_ln73_1_reg_2535_reg[11]/R  (IS_INVERTED)
  -------------------------------------------------------------------    -------------------

                         (clock CLK_CNN rise edge)    5.000     5.000 r  
                                                      0.000     5.000 r  CLK_CNN (IN)
                         net (fo=48788, unset)        0.021     5.021    u_CORE/gen_lanes[1].u_LANE/u_WRAPPER/cnn_core_inst/dense_wide_stream_array_array_ap_fixed_21_12_5_3_0_1u_config12_U0/grp_dense_wide_stream_array_array_ap_fixed_1u_config12_Pipeline_DenseValues_fu_41/ap_clk
    SLICE_X107Y236       FDRE                                         r  u_CORE/gen_lanes[1].u_LANE/u_WRAPPER/cnn_core_inst/dense_wide_stream_array_array_ap_fixed_21_12_5_3_0_1u_config12_U0/grp_dense_wide_stream_array_array_ap_fixed_1u_config12_Pipeline_DenseValues_fu_41/mul_ln73_1_reg_2535_reg[11]/C
                         clock pessimism              0.000     5.021    
                         clock uncertainty           -0.035     4.986    
    SLICE_X107Y236       FDRE (Setup_GFF_SLICEM_C_R)
                                                     -0.074     4.912    u_CORE/gen_lanes[1].u_LANE/u_WRAPPER/cnn_core_inst/dense_wide_stream_array_array_ap_fixed_21_12_5_3_0_1u_config12_U0/grp_dense_wide_stream_array_array_ap_fixed_1u_config12_Pipeline_DenseValues_fu_41/mul_ln73_1_reg_2535_reg[11]
  -------------------------------------------------------------------
                         required time                          4.912    
                         arrival time                          -4.729    
  -------------------------------------------------------------------
                         slack                                  0.183    

Slack (MET) :             0.183ns  (required time - arrival time)
  Source:                 u_CORE/u_RST_CNN/sync_ff_reg[1]/C
                            (rising edge-triggered cell FDPE clocked by CLK_CNN  {rise@0.000ns fall@2.500ns period=5.000ns})
  Destination:            u_CORE/gen_lanes[1].u_LANE/u_WRAPPER/cnn_core_inst/dense_wide_stream_array_array_ap_fixed_21_12_5_3_0_1u_config12_U0/grp_dense_wide_stream_array_array_ap_fixed_1u_config12_Pipeline_DenseValues_fu_41/mul_ln73_1_reg_2535_reg[13]/R
                            (rising edge-triggered cell FDRE clocked by CLK_CNN  {rise@0.000ns fall@2.500ns period=5.000ns})
  Path Group:             CLK_CNN
  Path Type:              Setup (Max at Slow Process Corner)
  Requirement:            5.000ns  (CLK_CNN rise@5.000ns - CLK_CNN rise@0.000ns)
  Data Path Delay:        4.701ns  (logic 0.191ns (4.063%)  route 4.510ns (95.937%))
  Logic Levels:           1  (LUT1=1)
  Clock Path Skew:        -0.007ns (DCD - SCD + CPR)
    Destination Clock Delay (DCD):    0.021ns = ( 5.021 - 5.000 ) 
    Source Clock Delay      (SCD):    0.028ns
    Clock Pessimism Removal (CPR):    0.000ns
  Clock Uncertainty:      0.035ns  ((TSJ^2 + TIJ^2)^1/2 + DJ) / 2 + PE
    Total System Jitter     (TSJ):    0.071ns
    Total Input Jitter      (TIJ):    0.000ns
    Discrete Jitter          (DJ):    0.000ns
    Phase Error              (PE):    0.000ns

    Location             Delay type                Incr(ns)  Path(ns)    Netlist Resource(s)
  -------------------------------------------------------------------    -------------------
                         (clock CLK_CNN rise edge)    0.000     0.000 r  
                                                      0.000     0.000 r  CLK_CNN (IN)
                         net (fo=48788, unset)        0.028     0.028    u_CORE/u_RST_CNN/CLK
    SLICE_X78Y157        FDPE                                         r  u_CORE/u_RST_CNN/sync_ff_reg[1]/C
  -------------------------------------------------------------------    -------------------
    SLICE_X78Y157        FDPE (Prop_AFF2_SLICEL_C_Q)
                                                      0.081     0.109 r  u_CORE/u_RST_CNN/sync_ff_reg[1]/Q
                         net (fo=303, routed)         1.175     1.284    u_CORE/gen_lanes[1].u_LANE/RST_CNN
    SLICE_X57Y173        LUT1 (Prop_D5LUT_SLICEL_I0_O)
                                                      0.110     1.394 f  u_CORE/gen_lanes[1].u_LANE/u_WRAPPER_i_1/O
                         net (fo=19847, routed)       3.335     4.729    u_CORE/gen_lanes[1].u_LANE/u_WRAPPER/cnn_core_inst/dense_wide_stream_array_array_ap_fixed_21_12_5_3_0_1u_config12_U0/grp_dense_wide_stream_array_array_ap_fixed_1u_config12_Pipeline_DenseValues_fu_41/ap_rst
    SLICE_X107Y236       FDRE                                         r  u_CORE/gen_lanes[1].u_LANE/u_WRAPPER/cnn_core_inst/dense_wide_stream_array_array_ap_fixed_21_12_5_3_0_1u_config12_U0/grp_dense_wide_stream_array_array_ap_fixed_1u_config12_Pipeline_DenseValues_fu_41/mul_ln73_1_reg_2535_reg[13]/R  (IS_INVERTED)
  -------------------------------------------------------------------    -------------------

                         (clock CLK_CNN rise edge)    5.000     5.000 r  
                                                      0.000     5.000 r  CLK_CNN (IN)
                         net (fo=48788, unset)        0.021     5.021    u_CORE/gen_lanes[1].u_LANE/u_WRAPPER/cnn_core_inst/dense_wide_stream_array_array_ap_fixed_21_12_5_3_0_1u_config12_U0/grp_dense_wide_stream_array_array_ap_fixed_1u_config12_Pipeline_DenseValues_fu_41/ap_clk
    SLICE_X107Y236       FDRE                                         r  u_CORE/gen_lanes[1].u_LANE/u_WRAPPER/cnn_core_inst/dense_wide_stream_array_array_ap_fixed_21_12_5_3_0_1u_config12_U0/grp_dense_wide_stream_array_array_ap_fixed_1u_config12_Pipeline_DenseValues_fu_41/mul_ln73_1_reg_2535_reg[13]/C
                         clock pessimism              0.000     5.021    
                         clock uncertainty           -0.035     4.986    
    SLICE_X107Y236       FDRE (Setup_FFF_SLICEM_C_R)
                                                     -0.074     4.912    u_CORE/gen_lanes[1].u_LANE/u_WRAPPER/cnn_core_inst/dense_wide_stream_array_array_ap_fixed_21_12_5_3_0_1u_config12_U0/grp_dense_wide_stream_array_array_ap_fixed_1u_config12_Pipeline_DenseValues_fu_41/mul_ln73_1_reg_2535_reg[13]
  -------------------------------------------------------------------
                         required time                          4.912    
                         arrival time                          -4.729    
  -------------------------------------------------------------------
                         slack                                  0.183    

Slack (MET) :             0.183ns  (required time - arrival time)
  Source:                 u_CORE/u_RST_CNN/sync_ff_reg[1]/C
                            (rising edge-triggered cell FDPE clocked by CLK_CNN  {rise@0.000ns fall@2.500ns period=5.000ns})
  Destination:            u_CORE/gen_lanes[1].u_LANE/u_WRAPPER/cnn_core_inst/dense_wide_stream_array_array_ap_fixed_21_12_5_3_0_1u_config12_U0/grp_dense_wide_stream_array_array_ap_fixed_1u_config12_Pipeline_DenseValues_fu_41/mul_ln73_1_reg_2535_reg[9]/R
                            (rising edge-triggered cell FDRE clocked by CLK_CNN  {rise@0.000ns fall@2.500ns period=5.000ns})
  Path Group:             CLK_CNN
  Path Type:              Setup (Max at Slow Process Corner)
  Requirement:            5.000ns  (CLK_CNN rise@5.000ns - CLK_CNN rise@0.000ns)
  Data Path Delay:        4.701ns  (logic 0.191ns (4.063%)  route 4.510ns (95.937%))
  Logic Levels:           1  (LUT1=1)
  Clock Path Skew:        -0.007ns (DCD - SCD + CPR)
    Destination Clock Delay (DCD):    0.021ns = ( 5.021 - 5.000 ) 
    Source Clock Delay      (SCD):    0.028ns
    Clock Pessimism Removal (CPR):    0.000ns
  Clock Uncertainty:      0.035ns  ((TSJ^2 + TIJ^2)^1/2 + DJ) / 2 + PE
    Total System Jitter     (TSJ):    0.071ns
    Total Input Jitter      (TIJ):    0.000ns
    Discrete Jitter          (DJ):    0.000ns
    Phase Error              (PE):    0.000ns

    Location             Delay type                Incr(ns)  Path(ns)    Netlist Resource(s)
  -------------------------------------------------------------------    -------------------
                         (clock CLK_CNN rise edge)    0.000     0.000 r  
                                                      0.000     0.000 r  CLK_CNN (IN)
                         net (fo=48788, unset)        0.028     0.028    u_CORE/u_RST_CNN/CLK
    SLICE_X78Y157        FDPE                                         r  u_CORE/u_RST_CNN/sync_ff_reg[1]/C
  -------------------------------------------------------------------    -------------------
    SLICE_X78Y157        FDPE (Prop_AFF2_SLICEL_C_Q)
                                                      0.081     0.109 r  u_CORE/u_RST_CNN/sync_ff_reg[1]/Q
                         net (fo=303, routed)         1.175     1.284    u_CORE/gen_lanes[1].u_LANE/RST_CNN
    SLICE_X57Y173        LUT1 (Prop_D5LUT_SLICEL_I0_O)
                                                      0.110     1.394 f  u_CORE/gen_lanes[1].u_LANE/u_WRAPPER_i_1/O
                         net (fo=19847, routed)       3.335     4.729    u_CORE/gen_lanes[1].u_LANE/u_WRAPPER/cnn_core_inst/dense_wide_stream_array_array_ap_fixed_21_12_5_3_0_1u_config12_U0/grp_dense_wide_stream_array_array_ap_fixed_1u_config12_Pipeline_DenseValues_fu_41/ap_rst
    SLICE_X107Y236       FDRE                                         r  u_CORE/gen_lanes[1].u_LANE/u_WRAPPER/cnn_core_inst/dense_wide_stream_array_array_ap_fixed_21_12_5_3_0_1u_config12_U0/grp_dense_wide_stream_array_array_ap_fixed_1u_config12_Pipeline_DenseValues_fu_41/mul_ln73_1_reg_2535_reg[9]/R  (IS_INVERTED)
  -------------------------------------------------------------------    -------------------

                         (clock CLK_CNN rise edge)    5.000     5.000 r  
                                                      0.000     5.000 r  CLK_CNN (IN)
                         net (fo=48788, unset)        0.021     5.021    u_CORE/gen_lanes[1].u_LANE/u_WRAPPER/cnn_core_inst/dense_wide_stream_array_array_ap_fixed_21_12_5_3_0_1u_config12_U0/grp_dense_wide_stream_array_array_ap_fixed_1u_config12_Pipeline_DenseValues_fu_41/ap_clk
    SLICE_X107Y236       FDRE                                         r  u_CORE/gen_lanes[1].u_LANE/u_WRAPPER/cnn_core_inst/dense_wide_stream_array_array_ap_fixed_21_12_5_3_0_1u_config12_U0/grp_dense_wide_stream_array_array_ap_fixed_1u_config12_Pipeline_DenseValues_fu_41/mul_ln73_1_reg_2535_reg[9]/C
                         clock pessimism              0.000     5.021    
                         clock uncertainty           -0.035     4.986    
    SLICE_X107Y236       FDRE (Setup_EFF_SLICEM_C_R)
                                                     -0.074     4.912    u_CORE/gen_lanes[1].u_LANE/u_WRAPPER/cnn_core_inst/dense_wide_stream_array_array_ap_fixed_21_12_5_3_0_1u_config12_U0/grp_dense_wide_stream_array_array_ap_fixed_1u_config12_Pipeline_DenseValues_fu_41/mul_ln73_1_reg_2535_reg[9]
  -------------------------------------------------------------------
                         required time                          4.912    
                         arrival time                          -4.729    
  -------------------------------------------------------------------
                         slack                                  0.183    

Slack (MET) :             0.183ns  (required time - arrival time)
  Source:                 u_CORE/u_RST_CNN/sync_ff_reg[1]/C
                            (rising edge-triggered cell FDPE clocked by CLK_CNN  {rise@0.000ns fall@2.500ns period=5.000ns})
  Destination:            u_CORE/gen_lanes[1].u_LANE/u_WRAPPER/cnn_core_inst/scheduled_pool_array_array_ap_fixed_10_5_0_2_0_48u_config9_4u_U0/trunc_ln1_reg_8778_reg[5]/R
                            (rising edge-triggered cell FDRE clocked by CLK_CNN  {rise@0.000ns fall@2.500ns period=5.000ns})
  Path Group:             CLK_CNN
  Path Type:              Setup (Max at Slow Process Corner)
  Requirement:            5.000ns  (CLK_CNN rise@5.000ns - CLK_CNN rise@0.000ns)
  Data Path Delay:        4.701ns  (logic 0.191ns (4.063%)  route 4.510ns (95.937%))
  Logic Levels:           1  (LUT1=1)
  Clock Path Skew:        -0.007ns (DCD - SCD + CPR)
    Destination Clock Delay (DCD):    0.021ns = ( 5.021 - 5.000 ) 
    Source Clock Delay      (SCD):    0.028ns
    Clock Pessimism Removal (CPR):    0.000ns
  Clock Uncertainty:      0.035ns  ((TSJ^2 + TIJ^2)^1/2 + DJ) / 2 + PE
    Total System Jitter     (TSJ):    0.071ns
    Total Input Jitter      (TIJ):    0.000ns
    Discrete Jitter          (DJ):    0.000ns
    Phase Error              (PE):    0.000ns

    Location             Delay type                Incr(ns)  Path(ns)    Netlist Resource(s)
  -------------------------------------------------------------------    -------------------
                         (clock CLK_CNN rise edge)    0.000     0.000 r  
                                                      0.000     0.000 r  CLK_CNN (IN)
                         net (fo=48788, unset)        0.028     0.028    u_CORE/u_RST_CNN/CLK
    SLICE_X78Y157        FDPE                                         r  u_CORE/u_RST_CNN/sync_ff_reg[1]/C
  -------------------------------------------------------------------    -------------------
    SLICE_X78Y157        FDPE (Prop_AFF2_SLICEL_C_Q)
                                                      0.081     0.109 r  u_CORE/u_RST_CNN/sync_ff_reg[1]/Q
                         net (fo=303, routed)         1.175     1.284    u_CORE/gen_lanes[1].u_LANE/RST_CNN
    SLICE_X57Y173        LUT1 (Prop_D5LUT_SLICEL_I0_O)
                                                      0.110     1.394 f  u_CORE/gen_lanes[1].u_LANE/u_WRAPPER_i_1/O
                         net (fo=19847, routed)       3.335     4.729    u_CORE/gen_lanes[1].u_LANE/u_WRAPPER/cnn_core_inst/scheduled_pool_array_array_ap_fixed_10_5_0_2_0_48u_config9_4u_U0/ap_rst
    SLICE_X107Y236       FDRE                                         r  u_CORE/gen_lanes[1].u_LANE/u_WRAPPER/cnn_core_inst/scheduled_pool_array_array_ap_fixed_10_5_0_2_0_48u_config9_4u_U0/trunc_ln1_reg_8778_reg[5]/R  (IS_INVERTED)
  -------------------------------------------------------------------    -------------------

                         (clock CLK_CNN rise edge)    5.000     5.000 r  
                                                      0.000     5.000 r  CLK_CNN (IN)
                         net (fo=48788, unset)        0.021     5.021    u_CORE/gen_lanes[1].u_LANE/u_WRAPPER/cnn_core_inst/scheduled_pool_array_array_ap_fixed_10_5_0_2_0_48u_config9_4u_U0/ap_clk
    SLICE_X107Y236       FDRE                                         r  u_CORE/gen_lanes[1].u_LANE/u_WRAPPER/cnn_core_inst/scheduled_pool_array_array_ap_fixed_10_5_0_2_0_48u_config9_4u_U0/trunc_ln1_reg_8778_reg[5]/C
                         clock pessimism              0.000     5.021    
                         clock uncertainty           -0.035     4.986    
    SLICE_X107Y236       FDRE (Setup_HFF2_SLICEM_C_R)
                                                     -0.074     4.912    u_CORE/gen_lanes[1].u_LANE/u_WRAPPER/cnn_core_inst/scheduled_pool_array_array_ap_fixed_10_5_0_2_0_48u_config9_4u_U0/trunc_ln1_reg_8778_reg[5]
  -------------------------------------------------------------------
                         required time                          4.912    
                         arrival time                          -4.729    
  -------------------------------------------------------------------
                         slack                                  0.183    




