Copyright 1986-2022 Xilinx, Inc. All Rights Reserved. Copyright 2022-2023 Advanced Micro Devices, Inc. All Rights Reserved.
--------------------------------------------------------------------------------------------------------------------------------------------------
| Tool Version      : Vivado v.2023.2 (lin64) Build 4029153 Fri Oct 13 20:13:54 MDT 2023
| Date              : Thu Sep 17 23:01:44 2026
| Host              : AlbertsUbuntu running 64-bit Ubuntu 22.04.5 LTS
| Command           : report_timing_summary -return_string
| Design            : AI_TRIGGER_TOP
| Device            : xcku5p-ffvb676
| Speed File        : -2  PRODUCTION 1.29 05-01-2022
| Design State      : Routed
| Temperature Grade : E
--------------------------------------------------------------------------------------------------------------------------------------------------

Timing Summary Report

------------------------------------------------------------------------------------------------
| Timer Settings
| --------------
------------------------------------------------------------------------------------------------

  Enable Multi Corner Analysis               :  Yes
  Enable Pessimism Removal                   :  Yes
  Pessimism Removal Resolution               :  Nearest Common Node
  Enable Input Delay Default Clock           :  No
  Enable Preset / Clear Arcs                 :  No
  Disable Flight Delays                      :  No
  Ignore I/O Paths                           :  No
  Timing Early Launch at Borrowing Latches   :  No
  Borrow Time for Max Delay Exceptions       :  Yes
  Merge Timing Exceptions                    :  Yes
  Inter-SLR Compensation                     :  Conservative

  Corner  Analyze    Analyze    
  Name    Max Paths  Min Paths  
  ------  ---------  ---------  
  Slow    Yes        Yes        
  Fast    Yes        Yes        


------------------------------------------------------------------------------------------------
| Report Methodology
| ------------------
------------------------------------------------------------------------------------------------

Rule    Severity  Description                               Violations  
------  --------  ----------------------------------------  ----------  
XDCH-2  Warning   Same min and max delay values on IO port  875         

Note: This report is based on the most recent report_methodology run and may not be up-to-date. Run report_methodology on the current design for the latest report.



check_timing report

Table of Contents
-----------------
1. checking no_clock (0)
2. checking constant_clock (0)
3. checking pulse_width_clock (0)
4. checking unconstrained_internal_endpoints (0)
5. checking no_input_delay (1)
6. checking no_output_delay (0)
7. checking multiple_clock (0)
8. checking generated_clocks (0)
9. checking loops (0)
10. checking partial_input_delay (0)
11. checking partial_output_delay (0)
12. checking latch_loops (0)

1. checking no_clock (0)
------------------------
 There are 0 register/latch pins with no clock.


2. checking constant_clock (0)
------------------------------
 There are 0 register/latch pins with constant_clock.


3. checking pulse_width_clock (0)
---------------------------------
 There are 0 register/latch pins which need pulse_width check


4. checking unconstrained_internal_endpoints (0)
------------------------------------------------
 There are 0 pins that are not constrained for maximum delay.

 There are 0 pins that are not constrained for maximum delay due to constant clock.


5. checking no_input_delay (1)
------------------------------
 There are 0 input ports with no input delay specified.

 There is 1 input port with no input delay but user has a false path constraint. (MEDIUM)


6. checking no_output_delay (0)
-------------------------------
 There are 0 ports with no output delay specified.

 There are 0 ports with no output delay but user has a false path constraint

 There are 0 ports with no output delay but with a timing clock defined on it or propagating through it


7. checking multiple_clock (0)
------------------------------
 There are 0 register/latch pins with multiple clocks.


8. checking generated_clocks (0)
--------------------------------
 There are 0 generated clocks that are not connected to a clock source.


9. checking loops (0)
---------------------
 There are 0 combinational loops in the design.


10. checking partial_input_delay (0)
------------------------------------
 There are 0 input ports with partial input delay specified.


11. checking partial_output_delay (0)
-------------------------------------
 There are 0 ports with partial output delay specified.


12. checking latch_loops (0)
----------------------------
 There are 0 combinational latch loops in the design through latch input



------------------------------------------------------------------------------------------------
| Design Timing Summary
| ---------------------
------------------------------------------------------------------------------------------------

    WNS(ns)      TNS(ns)  TNS Failing Endpoints  TNS Total Endpoints      WHS(ns)      THS(ns)  THS Failing Endpoints  THS Total Endpoints     WPWS(ns)     TPWS(ns)  TPWS Failing Endpoints  TPWS Total Endpoints  
    -------      -------  ---------------------  -------------------      -------      -------  ---------------------  -------------------     --------     --------  ----------------------  --------------------  
      0.181        0.000                      0               161194        0.007        0.000                      0               159962        1.300        0.000                       0                 51951  


All user specified timing constraints are met.


------------------------------------------------------------------------------------------------
| Clock Summary
| -------------
------------------------------------------------------------------------------------------------

Clock    Waveform(ns)         Period(ns)      Frequency(MHz)
-----    ------------         ----------      --------------
CLK_ADC  {0.000 2.000}        4.000           250.000         
CLK_CNN  {0.000 2.500}        5.000           200.000         


------------------------------------------------------------------------------------------------
| Intra Clock Table
| -----------------
------------------------------------------------------------------------------------------------

Clock             WNS(ns)      TNS(ns)  TNS Failing Endpoints  TNS Total Endpoints      WHS(ns)      THS(ns)  THS Failing Endpoints  THS Total Endpoints     WPWS(ns)     TPWS(ns)  TPWS Failing Endpoints  TPWS Total Endpoints  
-----             -------      -------  ---------------------  -------------------      -------      -------  ---------------------  -------------------     --------     --------  ----------------------  --------------------  
CLK_ADC             0.181        0.000                      0                10972        0.042        0.000                      0                 9740        1.300        0.000                       0                  3176  
CLK_CNN             0.219        0.000                      0               150033        0.007        0.000                      0               150033        1.958        0.000                       0                 48775  


------------------------------------------------------------------------------------------------
| Inter Clock Table
| -----------------
------------------------------------------------------------------------------------------------

From Clock    To Clock          WNS(ns)      TNS(ns)  TNS Failing Endpoints  TNS Total Endpoints      WHS(ns)      THS(ns)  THS Failing Endpoints  THS Total Endpoints  
----------    --------          -------      -------  ---------------------  -------------------      -------      -------  ---------------------  -------------------  


------------------------------------------------------------------------------------------------
| Other Path Groups Table
| -----------------------
------------------------------------------------------------------------------------------------

Path Group         From Clock         To Clock               WNS(ns)      TNS(ns)  TNS Failing Endpoints  TNS Total Endpoints      WHS(ns)      THS(ns)  THS Failing Endpoints  THS Total Endpoints  
----------         ----------         --------               -------      -------  ---------------------  -------------------      -------      -------  ---------------------  -------------------  
**async_default**  CLK_ADC            CLK_ADC                  0.747        0.000                      0                  189        0.368        0.000                      0                  189  


------------------------------------------------------------------------------------------------
| Timing Details
| --------------
------------------------------------------------------------------------------------------------


---------------------------------------------------------------------------------------------------
From Clock:  CLK_ADC
  To Clock:  CLK_ADC

Setup :            0  Failing Endpoints,  Worst Slack        0.181ns,  Total Violation        0.000ns
Hold  :            0  Failing Endpoints,  Worst Slack        0.042ns,  Total Violation        0.000ns
PW    :            0  Failing Endpoints,  Worst Slack        1.300ns,  Total Violation        0.000ns
---------------------------------------------------------------------------------------------------


Max Delay Paths
--------------------------------------------------------------------------------------
Slack (MET) :             0.181ns  (required time - arrival time)
  Source:                 u_CORE/u_MULTIMODE_PATH/u_RECORDER/active_valid_r_reg/C
                            (rising edge-triggered cell FDRE clocked by CLK_ADC  {rise@0.000ns fall@2.000ns period=4.000ns})
  Destination:            u_CORE/u_MULTIMODE_PATH/u_RECORDER/rb_rd_chunk_id_r_reg[12]/CE
                            (rising edge-triggered cell FDRE clocked by CLK_ADC  {rise@0.000ns fall@2.000ns period=4.000ns})
  Path Group:             CLK_ADC
  Path Type:              Setup (Max at Slow Process Corner)
  Requirement:            4.000ns  (CLK_ADC rise@4.000ns - CLK_ADC rise@0.000ns)
  Data Path Delay:        3.715ns  (logic 1.426ns (38.388%)  route 2.289ns (61.612%))
  Logic Levels:           15  (CARRY8=2 LUT1=1 LUT2=3 LUT3=2 LUT4=1 LUT5=2 LUT6=3 RAMD64E=1)
  Clock Path Skew:        -0.009ns (DCD - SCD + CPR)
    Destination Clock Delay (DCD):    0.020ns = ( 4.020 - 4.000 ) 
    Source Clock Delay      (SCD):    0.029ns
    Clock Pessimism Removal (CPR):    0.000ns
  Clock Uncertainty:      0.035ns  ((TSJ^2 + TIJ^2)^1/2 + DJ) / 2 + PE
    Total System Jitter     (TSJ):    0.071ns
    Total Input Jitter      (TIJ):    0.000ns
    Discrete Jitter          (DJ):    0.000ns
    Phase Error              (PE):    0.000ns

    Location             Delay type                Incr(ns)  Path(ns)    Netlist Resource(s)
  -------------------------------------------------------------------    -------------------
                         (clock CLK_ADC rise edge)    0.000     0.000 r  
                                                      0.000     0.000 r  CLK_ADC (IN)
                         net (fo=3175, unset)         0.029     0.029    u_CORE/u_MULTIMODE_PATH/u_RECORDER/CLK
    SLICE_X73Y149        FDRE                                         r  u_CORE/u_MULTIMODE_PATH/u_RECORDER/active_valid_r_reg/C
  -------------------------------------------------------------------    -------------------
    SLICE_X73Y149        FDRE (Prop_HFF_SLICEL_C_Q)
                                                      0.079     0.108 f  u_CORE/u_MULTIMODE_PATH/u_RECORDER/active_valid_r_reg/Q
                         net (fo=62, routed)          0.195     0.303    u_CORE/u_MULTIMODE_PATH/u_RECORDER/CHECK_VALID
    SLICE_X72Y149        LUT2 (Prop_B5LUT_SLICEL_I0_O)
                                                      0.165     0.468 f  u_CORE/u_MULTIMODE_PATH/u_RECORDER/CHECK_START_OFFSET[4]_INST_0/O
                         net (fo=1, routed)           0.177     0.645    u_CORE/u_MULTIMODE_PATH/u_RING_ARBITER/EVENT_CHECK_OFFSET[4]
    SLICE_X72Y149        LUT3 (Prop_F6LUT_SLICEL_I0_O)
                                                      0.097     0.742 f  u_CORE/u_MULTIMODE_PATH/u_RING_ARBITER/SHARED_CHECK_OFFSET[4]_INST_0/O
                         net (fo=2, routed)           0.166     0.908    u_CORE/u_MULTIMODE_PATH/u_RING/CHECK_START_OFFSET[4]
    SLICE_X72Y152        LUT1 (Prop_D6LUT_SLICEL_I0_O)
                                                      0.036     0.944 r  u_CORE/u_MULTIMODE_PATH/u_RING/tag_mem_reg_r2_0_63_0_6_i_4/O
                         net (fo=1, routed)           0.009     0.953    u_CORE/u_MULTIMODE_PATH/u_RING/tag_mem_reg_r2_0_63_0_6_i_4_n_3
    SLICE_X72Y152        CARRY8 (Prop_CARRY8_SLICEL_S[3]_CO[7])
                                                      0.154     1.107 r  u_CORE/u_MULTIMODE_PATH/u_RING/tag_mem_reg_r2_0_63_0_6_i_2/CO[7]
                         net (fo=1, routed)           0.026     1.133    u_CORE/u_MULTIMODE_PATH/u_RING/tag_mem_reg_r2_0_63_0_6_i_2_n_3
    SLICE_X72Y153        CARRY8 (Prop_CARRY8_SLICEL_CI_O[0])
                                                      0.056     1.189 r  u_CORE/u_MULTIMODE_PATH/u_RING/tag_mem_reg_r2_0_63_0_6_i_1/O[0]
                         net (fo=21, routed)          0.306     1.495    u_CORE/u_MULTIMODE_PATH/u_RING/tag_mem_reg_r2_0_63_7_13/ADDRC3
    SLICE_X71Y152        RAMD64E (Prop_C6LUT_SLICEM_RADR3_O)
                                                      0.088     1.583 r  u_CORE/u_MULTIMODE_PATH/u_RING/tag_mem_reg_r2_0_63_7_13/RAMC/O
                         net (fo=1, routed)           0.183     1.766    u_CORE/u_MULTIMODE_PATH/u_RING/CHECK_PRESENT2[9]
    SLICE_X70Y153        LUT4 (Prop_G6LUT_SLICEL_I2_O)
                                                      0.149     1.915 f  u_CORE/u_MULTIMODE_PATH/u_RING/CHECK_PRESENT_INST_0_i_25/O
                         net (fo=1, routed)           0.053     1.968    u_CORE/u_MULTIMODE_PATH/u_RING/CHECK_PRESENT_INST_0_i_25_n_3
    SLICE_X70Y153        LUT6 (Prop_C6LUT_SLICEL_I0_O)
                                                      0.123     2.091 f  u_CORE/u_MULTIMODE_PATH/u_RING/CHECK_PRESENT_INST_0_i_9/O
                         net (fo=2, routed)           0.091     2.182    u_CORE/u_MULTIMODE_PATH/u_RING/CHECK_PRESENT_INST_0_i_9_n_3
    SLICE_X69Y153        LUT6 (Prop_D6LUT_SLICEL_I5_O)
                                                      0.089     2.271 f  u_CORE/u_MULTIMODE_PATH/u_RING/CHECK_PRESENT_INST_0_i_2/O
                         net (fo=2, routed)           0.042     2.313    u_CORE/u_MULTIMODE_PATH/u_RING/CHECK_PRESENT_INST_0_i_2_n_3
    SLICE_X69Y153        LUT5 (Prop_B6LUT_SLICEL_I1_O)
                                                      0.051     2.364 r  u_CORE/u_MULTIMODE_PATH/u_RING/CHECK_PRESENT_INST_0/O
                         net (fo=2, routed)           0.218     2.582    u_CORE/u_MULTIMODE_PATH/u_RING_ARBITER/SHARED_CHECK_PRESENT
    SLICE_X69Y153        LUT2 (Prop_G6LUT_SLICEL_I1_O)
                                                      0.050     2.632 r  u_CORE/u_MULTIMODE_PATH/u_RING_ARBITER/EVENT_CHECK_PRESENT_INST_0/O
                         net (fo=2, routed)           0.156     2.788    u_CORE/u_MULTIMODE_PATH/u_RECORDER/CHECK_PRESENT
    SLICE_X69Y152        LUT5 (Prop_B6LUT_SLICEL_I2_O)
                                                      0.090     2.878 r  u_CORE/u_MULTIMODE_PATH/u_RECORDER/RING_REQUEST_INST_0/O
                         net (fo=9, routed)           0.053     2.931    u_CORE/u_MULTIMODE_PATH/u_RING_ARBITER/EVENT_REQUEST
    SLICE_X69Y152        LUT3 (Prop_A6LUT_SLICEL_I1_O)
                                                      0.050     2.981 r  u_CORE/u_MULTIMODE_PATH/u_RING_ARBITER/EVENT_GRANT_INST_0/O
                         net (fo=3, routed)           0.147     3.128    u_CORE/u_MULTIMODE_PATH/u_RECORDER/RING_GRANT
    SLICE_X68Y153        LUT6 (Prop_E6LUT_SLICEL_I4_O)
                                                      0.099     3.227 r  u_CORE/u_MULTIMODE_PATH/u_RECORDER/reading_r_i_2/O
                         net (fo=4, routed)           0.054     3.282    u_CORE/u_MULTIMODE_PATH/u_RECORDER/rb_rd_en_r
    SLICE_X68Y153        LUT2 (Prop_A6LUT_SLICEL_I1_O)
                                                      0.050     3.332 r  u_CORE/u_MULTIMODE_PATH/u_RECORDER/rb_rd_chunk_id_r[15]_i_1/O
                         net (fo=70, routed)          0.412     3.744    u_CORE/u_MULTIMODE_PATH/u_RECORDER/rb_rd_chunk_id_r[15]_i_1_n_3
    SLICE_X70Y151        FDRE                                         r  u_CORE/u_MULTIMODE_PATH/u_RECORDER/rb_rd_chunk_id_r_reg[12]/CE
  -------------------------------------------------------------------    -------------------

                         (clock CLK_ADC rise edge)    4.000     4.000 r  
                                                      0.000     4.000 r  CLK_ADC (IN)
                         net (fo=3175, unset)         0.020     4.020    u_CORE/u_MULTIMODE_PATH/u_RECORDER/CLK
    SLICE_X70Y151        FDRE                                         r  u_CORE/u_MULTIMODE_PATH/u_RECORDER/rb_rd_chunk_id_r_reg[12]/C
                         clock pessimism              0.000     4.020    
                         clock uncertainty           -0.035     3.985    
    SLICE_X70Y151        FDRE (Setup_DFF_SLICEL_C_CE)
                                                     -0.060     3.925    u_CORE/u_MULTIMODE_PATH/u_RECORDER/rb_rd_chunk_id_r_reg[12]
  -------------------------------------------------------------------
                         required time                          3.925    
                         arrival time                          -3.744    
  -------------------------------------------------------------------
                         slack                                  0.181    





Min Delay Paths
--------------------------------------------------------------------------------------
Slack (MET) :             0.042ns  (arrival time - required time)
  Source:                 u_CORE/u_MULTIMODE_PATH/u_RING/valid_mem_reg[1]/C
                            (rising edge-triggered cell FDRE clocked by CLK_ADC  {rise@0.000ns fall@2.000ns period=4.000ns})
  Destination:            u_CORE/u_MULTIMODE_PATH/u_RING/valid_mem_reg[1]/D
                            (rising edge-triggered cell FDRE clocked by CLK_ADC  {rise@0.000ns fall@2.000ns period=4.000ns})
  Path Group:             CLK_ADC
  Path Type:              Hold (Min at Fast Process Corner)
  Requirement:            0.000ns  (CLK_ADC rise@0.000ns - CLK_ADC rise@0.000ns)
  Data Path Delay:        0.094ns  (logic 0.053ns (56.474%)  route 0.041ns (43.526%))
  Logic Levels:           1  (LUT6=1)
  Clock Path Skew:        0.006ns (DCD - SCD - CPR)
    Destination Clock Delay (DCD):    0.018ns
    Source Clock Delay      (SCD):    0.012ns
    Clock Pessimism Removal (CPR):    -0.000ns

    Location             Delay type                Incr(ns)  Path(ns)    Netlist Resource(s)
  -------------------------------------------------------------------    -------------------
                         (clock CLK_ADC rise edge)    0.000     0.000 r  
                                                      0.000     0.000 r  CLK_ADC (IN)
                         net (fo=3175, unset)         0.012     0.012    u_CORE/u_MULTIMODE_PATH/u_RING/CLK
    SLICE_X69Y157        FDRE                                         r  u_CORE/u_MULTIMODE_PATH/u_RING/valid_mem_reg[1]/C
  -------------------------------------------------------------------    -------------------
    SLICE_X69Y157        FDRE (Prop_DFF_SLICEL_C_Q)
                                                      0.039     0.051 r  u_CORE/u_MULTIMODE_PATH/u_RING/valid_mem_reg[1]/Q
                         net (fo=4, routed)           0.025     0.076    u_CORE/u_MULTIMODE_PATH/u_RING/data63
    SLICE_X69Y157        LUT6 (Prop_D6LUT_SLICEL_I5_O)
                                                      0.014     0.090 r  u_CORE/u_MULTIMODE_PATH/u_RING/valid_mem[1]_i_1/O
                         net (fo=1, routed)           0.016     0.106    u_CORE/u_MULTIMODE_PATH/u_RING/valid_mem[1]_i_1_n_3
    SLICE_X69Y157        FDRE                                         r  u_CORE/u_MULTIMODE_PATH/u_RING/valid_mem_reg[1]/D
  -------------------------------------------------------------------    -------------------

                         (clock CLK_ADC rise edge)    0.000     0.000 r  
                                                      0.000     0.000 r  CLK_ADC (IN)
                         net (fo=3175, unset)         0.018     0.018    u_CORE/u_MULTIMODE_PATH/u_RING/CLK
    SLICE_X69Y157        FDRE                                         r  u_CORE/u_MULTIMODE_PATH/u_RING/valid_mem_reg[1]/C
                         clock pessimism              0.000     0.018    
    SLICE_X69Y157        FDRE (Hold_DFF_SLICEL_C_D)
                                                      0.046     0.064    u_CORE/u_MULTIMODE_PATH/u_RING/valid_mem_reg[1]
  -------------------------------------------------------------------
                         required time                         -0.064    
                         arrival time                           0.106    
  -------------------------------------------------------------------
                         slack                                  0.042    





Pulse Width Checks
--------------------------------------------------------------------------------------
Clock Name:         CLK_ADC
Waveform(ns):       { 0.000 2.000 }
Period(ns):         4.000
Sources:            { CLK_ADC }

Check Type        Corner  Lib Pin      Reference Pin  Required(ns)  Actual(ns)  Slack(ns)  Location       Pin
Min Period        n/a     URAM288/CLK  n/a            2.000         4.000       2.000      URAM288_X0Y45  u_CORE/u_MULTIMODE_PATH/u_RING/batch_mem_reg_uram_0/CLK
Low Pulse Width   Slow    URAM288/CLK  n/a            0.700         2.000       1.300      URAM288_X0Y45  u_CORE/u_MULTIMODE_PATH/u_RING/batch_mem_reg_uram_0/CLK
High Pulse Width  Slow    URAM288/CLK  n/a            0.700         2.000       1.300      URAM288_X0Y45  u_CORE/u_MULTIMODE_PATH/u_RING/batch_mem_reg_uram_0/CLK



---------------------------------------------------------------------------------------------------
From Clock:  CLK_CNN
  To Clock:  CLK_CNN

Setup :            0  Failing Endpoints,  Worst Slack        0.219ns,  Total Violation        0.000ns
Hold  :            0  Failing Endpoints,  Worst Slack        0.007ns,  Total Violation        0.000ns
PW    :            0  Failing Endpoints,  Worst Slack        1.958ns,  Total Violation        0.000ns
---------------------------------------------------------------------------------------------------


Max Delay Paths
--------------------------------------------------------------------------------------
Slack (MET) :             0.219ns  (required time - arrival time)
  Source:                 u_CORE/gen_lanes[0].u_LANE/u_WRAPPER/cnn_core_inst/phara_pool_aligned_hybrid_p8_cl_array_array_array_array_config3_config5_U0/trunc_ln830_reg_15949_pp0_iter1_reg_reg[1]/C
                            (rising edge-triggered cell FDRE clocked by CLK_CNN  {rise@0.000ns fall@2.500ns period=5.000ns})
  Destination:            u_CORE/gen_lanes[0].u_LANE/u_WRAPPER/cnn_core_inst/phara_pool_aligned_hybrid_p8_cl_array_array_array_array_config3_config5_U0/phara_x5_input_code_2_reg_16474_reg[7]/D
                            (rising edge-triggered cell FDRE clocked by CLK_CNN  {rise@0.000ns fall@2.500ns period=5.000ns})
  Path Group:             CLK_CNN
  Path Type:              Setup (Max at Slow Process Corner)
  Requirement:            5.000ns  (CLK_CNN rise@5.000ns - CLK_CNN rise@0.000ns)
  Data Path Delay:        4.763ns  (logic 0.247ns (5.186%)  route 4.516ns (94.814%))
  Logic Levels:           2  (LUT6=1 MUXF7=1)
  Clock Path Skew:        -0.008ns (DCD - SCD + CPR)
    Destination Clock Delay (DCD):    0.021ns = ( 5.021 - 5.000 ) 
    Source Clock Delay      (SCD):    0.029ns
    Clock Pessimism Removal (CPR):    0.000ns
  Clock Uncertainty:      0.035ns  ((TSJ^2 + TIJ^2)^1/2 + DJ) / 2 + PE
    Total System Jitter     (TSJ):    0.071ns
    Total Input Jitter      (TIJ):    0.000ns
    Discrete Jitter          (DJ):    0.000ns
    Phase Error              (PE):    0.000ns

    Location             Delay type                Incr(ns)  Path(ns)    Netlist Resource(s)
  -------------------------------------------------------------------    -------------------
                         (clock CLK_CNN rise edge)    0.000     0.000 r  
                                                      0.000     0.000 r  CLK_CNN (IN)
                         net (fo=48774, unset)        0.029     0.029    u_CORE/gen_lanes[0].u_LANE/u_WRAPPER/cnn_core_inst/phara_pool_aligned_hybrid_p8_cl_array_array_array_array_config3_config5_U0/ap_clk
    SLICE_X33Y147        FDRE                                         r  u_CORE/gen_lanes[0].u_LANE/u_WRAPPER/cnn_core_inst/phara_pool_aligned_hybrid_p8_cl_array_array_array_array_config3_config5_U0/trunc_ln830_reg_15949_pp0_iter1_reg_reg[1]/C
  -------------------------------------------------------------------    -------------------
    SLICE_X33Y147        FDRE (Prop_HFF2_SLICEL_C_Q)
                                                      0.080     0.109 r  u_CORE/gen_lanes[0].u_LANE/u_WRAPPER/cnn_core_inst/phara_pool_aligned_hybrid_p8_cl_array_array_array_array_config3_config5_U0/trunc_ln830_reg_15949_pp0_iter1_reg_reg[1]/Q
                         net (fo=640, routed)         4.468     4.577    u_CORE/gen_lanes[0].u_LANE/u_WRAPPER/cnn_core_inst/phara_pool_aligned_hybrid_p8_cl_array_array_array_array_config3_config5_U0/sparsemux_17_3_10_1_1_U22/sel[1]
    SLICE_X28Y127        LUT6 (Prop_B6LUT_SLICEM_I2_O)
                                                      0.100     4.677 r  u_CORE/gen_lanes[0].u_LANE/u_WRAPPER/cnn_core_inst/phara_pool_aligned_hybrid_p8_cl_array_array_array_array_config3_config5_U0/sparsemux_17_3_10_1_1_U22/dout[7]_INST_0_i_1/O
                         net (fo=1, routed)           0.017     4.694    u_CORE/gen_lanes[0].u_LANE/u_WRAPPER/cnn_core_inst/phara_pool_aligned_hybrid_p8_cl_array_array_array_array_config3_config5_U0/sparsemux_17_3_10_1_1_U22/dout[7]_INST_0_i_1_n_3
    SLICE_X28Y127        MUXF7 (Prop_F7MUX_AB_SLICEM_I0_O)
                                                      0.067     4.761 r  u_CORE/gen_lanes[0].u_LANE/u_WRAPPER/cnn_core_inst/phara_pool_aligned_hybrid_p8_cl_array_array_array_array_config3_config5_U0/sparsemux_17_3_10_1_1_U22/dout[7]_INST_0/O
                         net (fo=1, routed)           0.031     4.792    u_CORE/gen_lanes[0].u_LANE/u_WRAPPER/cnn_core_inst/phara_pool_aligned_hybrid_p8_cl_array_array_array_array_config3_config5_U0/phara_x5_input_code_2_fu_2944_p19[7]
    SLICE_X28Y127        FDRE                                         r  u_CORE/gen_lanes[0].u_LANE/u_WRAPPER/cnn_core_inst/phara_pool_aligned_hybrid_p8_cl_array_array_array_array_config3_config5_U0/phara_x5_input_code_2_reg_16474_reg[7]/D
  -------------------------------------------------------------------    -------------------

                         (clock CLK_CNN rise edge)    5.000     5.000 r  
                                                      0.000     5.000 r  CLK_CNN (IN)
                         net (fo=48774, unset)        0.021     5.021    u_CORE/gen_lanes[0].u_LANE/u_WRAPPER/cnn_core_inst/phara_pool_aligned_hybrid_p8_cl_array_array_array_array_config3_config5_U0/ap_clk
    SLICE_X28Y127        FDRE                                         r  u_CORE/gen_lanes[0].u_LANE/u_WRAPPER/cnn_core_inst/phara_pool_aligned_hybrid_p8_cl_array_array_array_array_config3_config5_U0/phara_x5_input_code_2_reg_16474_reg[7]/C
                         clock pessimism              0.000     5.021    
                         clock uncertainty           -0.035     4.986    
    SLICE_X28Y127        FDRE (Setup_BFF_SLICEM_C_D)
                                                      0.025     5.011    u_CORE/gen_lanes[0].u_LANE/u_WRAPPER/cnn_core_inst/phara_pool_aligned_hybrid_p8_cl_array_array_array_array_config3_config5_U0/phara_x5_input_code_2_reg_16474_reg[7]
  -------------------------------------------------------------------
                         required time                          5.011    
                         arrival time                          -4.792    
  -------------------------------------------------------------------
                         slack                                  0.219    





Min Delay Paths
--------------------------------------------------------------------------------------
Slack (MET) :             0.007ns  (arrival time - required time)
  Source:                 u_CORE/gen_lanes[0].u_LANE/u_WRAPPER/cnn_core_inst/relu_array_ap_fixed_48u_array_ap_ufixed_17_8_5_3_0_48u_relu_config8_U0/select_ln51_76_reg_4596_reg[3]/C
                            (rising edge-triggered cell FDRE clocked by CLK_CNN  {rise@0.000ns fall@2.500ns period=5.000ns})
  Destination:            u_CORE/gen_lanes[0].u_LANE/u_WRAPPER/cnn_core_inst/layer8_out_U/U_cnn_core_fifo_w816_d4_A_ram/mem_reg_0_3_322_335/RAMG/I
                            (rising edge-triggered cell RAMD32 clocked by CLK_CNN  {rise@0.000ns fall@2.500ns period=5.000ns})
  Path Group:             CLK_CNN
  Path Type:              Hold (Min at Slow Process Corner)
  Requirement:            0.000ns  (CLK_CNN rise@0.000ns - CLK_CNN rise@0.000ns)
  Data Path Delay:        0.122ns  (logic 0.060ns (49.180%)  route 0.062ns (50.820%))
  Logic Levels:           0  
  Clock Path Skew:        0.037ns (DCD - SCD - CPR)
    Destination Clock Delay (DCD):    0.057ns
    Source Clock Delay      (SCD):    0.020ns
    Clock Pessimism Removal (CPR):    -0.000ns

    Location             Delay type                Incr(ns)  Path(ns)    Netlist Resource(s)
  -------------------------------------------------------------------    -------------------
                         (clock CLK_CNN rise edge)    0.000     0.000 r  
                                                      0.000     0.000 r  CLK_CNN (IN)
                         net (fo=48774, unset)        0.020     0.020    u_CORE/gen_lanes[0].u_LANE/u_WRAPPER/cnn_core_inst/relu_array_ap_fixed_48u_array_ap_ufixed_17_8_5_3_0_48u_relu_config8_U0/ap_clk
    SLICE_X108Y61        FDRE                                         r  u_CORE/gen_lanes[0].u_LANE/u_WRAPPER/cnn_core_inst/relu_array_ap_fixed_48u_array_ap_ufixed_17_8_5_3_0_48u_relu_config8_U0/select_ln51_76_reg_4596_reg[3]/C
  -------------------------------------------------------------------    -------------------
    SLICE_X108Y61        FDRE (Prop_AFF2_SLICEL_C_Q)
                                                      0.060     0.080 r  u_CORE/gen_lanes[0].u_LANE/u_WRAPPER/cnn_core_inst/relu_array_ap_fixed_48u_array_ap_ufixed_17_8_5_3_0_48u_relu_config8_U0/select_ln51_76_reg_4596_reg[3]/Q
                         net (fo=1, routed)           0.062     0.142    u_CORE/gen_lanes[0].u_LANE/u_WRAPPER/cnn_core_inst/layer8_out_U/U_cnn_core_fifo_w816_d4_A_ram/mem_reg_0_3_322_335/DIG0
    SLICE_X109Y61        RAMD32                                       r  u_CORE/gen_lanes[0].u_LANE/u_WRAPPER/cnn_core_inst/layer8_out_U/U_cnn_core_fifo_w816_d4_A_ram/mem_reg_0_3_322_335/RAMG/I
  -------------------------------------------------------------------    -------------------

                         (clock CLK_CNN rise edge)    0.000     0.000 r  
                                                      0.000     0.000 r  CLK_CNN (IN)
                         net (fo=48774, unset)        0.057     0.057    u_CORE/gen_lanes[0].u_LANE/u_WRAPPER/cnn_core_inst/layer8_out_U/U_cnn_core_fifo_w816_d4_A_ram/mem_reg_0_3_322_335/WCLK
    SLICE_X109Y61        RAMD32                                       r  u_CORE/gen_lanes[0].u_LANE/u_WRAPPER/cnn_core_inst/layer8_out_U/U_cnn_core_fifo_w816_d4_A_ram/mem_reg_0_3_322_335/RAMG/CLK
                         clock pessimism              0.000     0.057    
    SLICE_X109Y61        RAMD32 (Hold_G5LUT_SLICEM_CLK_I)
                                                      0.078     0.135    u_CORE/gen_lanes[0].u_LANE/u_WRAPPER/cnn_core_inst/layer8_out_U/U_cnn_core_fifo_w816_d4_A_ram/mem_reg_0_3_322_335/RAMG
  -------------------------------------------------------------------
                         required time                         -0.135    
                         arrival time                           0.142    
  -------------------------------------------------------------------
                         slack                                  0.007    





Pulse Width Checks
--------------------------------------------------------------------------------------
Clock Name:         CLK_CNN
Waveform(ns):       { 0.000 2.500 }
Period(ns):         5.000
Sources:            { CLK_CNN }

Check Type        Corner  Lib Pin             Reference Pin  Required(ns)  Actual(ns)  Slack(ns)  Location      Pin
Min Period        n/a     RAMB36E2/CLKARDCLK  n/a            1.355         5.000       3.645      RAMB36_X3Y32  u_CORE/gen_lanes[0].u_LANE/u_FIFO/gnuram_async_fifo.xpm_fifo_base_inst/gen_sdpram.xpm_memory_base_inst/gen_wr_a.gen_word_narrow.mem_reg_bram_0/CLKARDCLK
Low Pulse Width   Slow    RAMB36E2/CLKARDCLK  n/a            0.542         2.500       1.958      RAMB36_X3Y32  u_CORE/gen_lanes[0].u_LANE/u_FIFO/gnuram_async_fifo.xpm_fifo_base_inst/gen_sdpram.xpm_memory_base_inst/gen_wr_a.gen_word_narrow.mem_reg_bram_0/CLKARDCLK
High Pulse Width  Slow    RAMB36E2/CLKARDCLK  n/a            0.542         2.500       1.958      RAMB36_X3Y32  u_CORE/gen_lanes[0].u_LANE/u_FIFO/gnuram_async_fifo.xpm_fifo_base_inst/gen_sdpram.xpm_memory_base_inst/gen_wr_a.gen_word_narrow.mem_reg_bram_0/CLKARDCLK



---------------------------------------------------------------------------------------------------
Path Group:  **async_default**
From Clock:  CLK_ADC
  To Clock:  CLK_ADC

Setup :            0  Failing Endpoints,  Worst Slack        0.747ns,  Total Violation        0.000ns
Hold  :            0  Failing Endpoints,  Worst Slack        0.368ns,  Total Violation        0.000ns
---------------------------------------------------------------------------------------------------


Max Delay Paths
--------------------------------------------------------------------------------------
Slack (MET) :             0.747ns  (required time - arrival time)
  Source:                 u_CORE/u_MULTIMODE_PATH/u_HILO/pre_trigger_reset_r_reg/C
                            (rising edge-triggered cell FDRE clocked by CLK_ADC  {rise@0.000ns fall@2.000ns period=4.000ns})
  Destination:            u_CORE/u_MULTIMODE_PATH/u_HILO/u_PRE_TRIGGER/chan_gen[1].U_CH/GATE_reg[2]/CLR
                            (recovery check against rising-edge clock CLK_ADC  {rise@0.000ns fall@2.000ns period=4.000ns})
  Path Group:             **async_default**
  Path Type:              Recovery (Max at Slow Process Corner)
  Requirement:            4.000ns  (CLK_ADC rise@4.000ns - CLK_ADC rise@0.000ns)
  Data Path Delay:        3.141ns  (logic 0.078ns (2.483%)  route 3.063ns (97.517%))
  Logic Levels:           0  
  Clock Path Skew:        -0.010ns (DCD - SCD + CPR)
    Destination Clock Delay (DCD):    0.020ns = ( 4.020 - 4.000 ) 
    Source Clock Delay      (SCD):    0.030ns
    Clock Pessimism Removal (CPR):    0.000ns
  Clock Uncertainty:      0.035ns  ((TSJ^2 + TIJ^2)^1/2 + DJ) / 2 + PE
    Total System Jitter     (TSJ):    0.071ns
    Total Input Jitter      (TIJ):    0.000ns
    Discrete Jitter          (DJ):    0.000ns
    Phase Error              (PE):    0.000ns

    Location             Delay type                Incr(ns)  Path(ns)    Netlist Resource(s)
  -------------------------------------------------------------------    -------------------
                         (clock CLK_ADC rise edge)    0.000     0.000 r  
                                                      0.000     0.000 r  CLK_ADC (IN)
                         net (fo=3175, unset)         0.030     0.030    u_CORE/u_MULTIMODE_PATH/u_HILO/CLK
    SLICE_X86Y140        FDRE                                         r  u_CORE/u_MULTIMODE_PATH/u_HILO/pre_trigger_reset_r_reg/C
  -------------------------------------------------------------------    -------------------
    SLICE_X86Y140        FDRE (Prop_HFF2_SLICEM_C_Q)
                                                      0.078     0.108 f  u_CORE/u_MULTIMODE_PATH/u_HILO/pre_trigger_reset_r_reg/Q
                         net (fo=190, routed)         3.063     3.171    u_CORE/u_MULTIMODE_PATH/u_HILO/u_PRE_TRIGGER/chan_gen[1].U_CH/RESET
    SLICE_X94Y130        FDCE                                         f  u_CORE/u_MULTIMODE_PATH/u_HILO/u_PRE_TRIGGER/chan_gen[1].U_CH/GATE_reg[2]/CLR
  -------------------------------------------------------------------    -------------------

                         (clock CLK_ADC rise edge)    4.000     4.000 r  
                                                      0.000     4.000 r  CLK_ADC (IN)
                         net (fo=3175, unset)         0.020     4.020    u_CORE/u_MULTIMODE_PATH/u_HILO/u_PRE_TRIGGER/chan_gen[1].U_CH/CLK
    SLICE_X94Y130        FDCE                                         r  u_CORE/u_MULTIMODE_PATH/u_HILO/u_PRE_TRIGGER/chan_gen[1].U_CH/GATE_reg[2]/C
                         clock pessimism              0.000     4.020    
                         clock uncertainty           -0.035     3.985    
    SLICE_X94Y130        FDCE (Recov_DFF_SLICEL_C_CLR)
                                                     -0.066     3.919    u_CORE/u_MULTIMODE_PATH/u_HILO/u_PRE_TRIGGER/chan_gen[1].U_CH/GATE_reg[2]
  -------------------------------------------------------------------
                         required time                          3.919    
                         arrival time                          -3.171    
  -------------------------------------------------------------------
                         slack                                  0.747    





Min Delay Paths
--------------------------------------------------------------------------------------
Slack (MET) :             0.368ns  (arrival time - required time)
  Source:                 u_CORE/u_MULTIMODE_PATH/u_HILO/pre_trigger_reset_r_reg/C
                            (rising edge-triggered cell FDRE clocked by CLK_ADC  {rise@0.000ns fall@2.000ns period=4.000ns})
  Destination:            u_CORE/u_MULTIMODE_PATH/u_HILO/u_PRE_TRIGGER/coinc4_reg[1][2]/CLR
                            (removal check against rising-edge clock CLK_ADC  {rise@0.000ns fall@2.000ns period=4.000ns})
  Path Group:             **async_default**
  Path Type:              Removal (Min at Fast Process Corner)
  Requirement:            0.000ns  (CLK_ADC rise@0.000ns - CLK_ADC rise@0.000ns)
  Data Path Delay:        0.354ns  (logic 0.039ns (11.031%)  route 0.315ns (88.969%))
  Logic Levels:           0  
  Clock Path Skew:        0.006ns (DCD - SCD - CPR)
    Destination Clock Delay (DCD):    0.019ns
    Source Clock Delay      (SCD):    0.013ns
    Clock Pessimism Removal (CPR):    -0.000ns

    Location             Delay type                Incr(ns)  Path(ns)    Netlist Resource(s)
  -------------------------------------------------------------------    -------------------
                         (clock CLK_ADC rise edge)    0.000     0.000 r  
                                                      0.000     0.000 r  CLK_ADC (IN)
                         net (fo=3175, unset)         0.013     0.013    u_CORE/u_MULTIMODE_PATH/u_HILO/CLK
    SLICE_X86Y140        FDRE                                         r  u_CORE/u_MULTIMODE_PATH/u_HILO/pre_trigger_reset_r_reg/C
  -------------------------------------------------------------------    -------------------
    SLICE_X86Y140        FDRE (Prop_HFF2_SLICEM_C_Q)
                                                      0.039     0.052 f  u_CORE/u_MULTIMODE_PATH/u_HILO/pre_trigger_reset_r_reg/Q
                         net (fo=190, routed)         0.315     0.367    u_CORE/u_MULTIMODE_PATH/u_HILO/u_PRE_TRIGGER/RESET
    SLICE_X95Y140        FDCE                                         f  u_CORE/u_MULTIMODE_PATH/u_HILO/u_PRE_TRIGGER/coinc4_reg[1][2]/CLR
  -------------------------------------------------------------------    -------------------

                         (clock CLK_ADC rise edge)    0.000     0.000 r  
                                                      0.000     0.000 r  CLK_ADC (IN)
                         net (fo=3175, unset)         0.019     0.019    u_CORE/u_MULTIMODE_PATH/u_HILO/u_PRE_TRIGGER/CLK
    SLICE_X95Y140        FDCE                                         r  u_CORE/u_MULTIMODE_PATH/u_HILO/u_PRE_TRIGGER/coinc4_reg[1][2]/C
                         clock pessimism              0.000     0.019    
    SLICE_X95Y140        FDCE (Remov_DFF_SLICEM_C_CLR)
                                                     -0.020    -0.001    u_CORE/u_MULTIMODE_PATH/u_HILO/u_PRE_TRIGGER/coinc4_reg[1][2]
  -------------------------------------------------------------------
                         required time                          0.001    
                         arrival time                           0.367    
  -------------------------------------------------------------------
                         slack                                  0.368    





