Copyright 1986-2022 Xilinx, Inc. All Rights Reserved. Copyright 2022-2023 Advanced Micro Devices, Inc. All Rights Reserved.
----------------------------------------------------------------------------------------------------------------------------------------------------------------------------------------
| Tool Version : Vivado v.2023.2 (lin64) Build 4029153 Fri Oct 13 20:13:54 MDT 2023
| Date         : Thu Sep 17 23:12:38 2026
| Host         : AlbertsUbuntu running 64-bit Ubuntu 22.04.5 LTS
| Command      : report_utilization -hierarchical -hierarchical_depth 6 -file /home/work1/Works/_codex_ai_trigger_native_20260917/timing-ooc-02/reports/post_route_utilization_hier.rpt
| Design       : AI_TRIGGER_TOP
| Device       : xcku5p-ffvb676-2-e
| Speed File   : -2
| Design State : Routed
----------------------------------------------------------------------------------------------------------------------------------------------------------------------------------------

Utilization Design Information

Table of Contents
-----------------
1. Utilization by Hierarchy

1. Utilization by Hierarchy
---------------------------

+-----------------------------------------------------------------------------------------------+----------------------------------------------------------------------------------------------+------------+------------+---------+------+-------+--------+--------+------+------------+
|                                            Instance                                           |                                            Module                                            | Total LUTs | Logic LUTs | LUTRAMs | SRLs |  FFs  | RAMB36 | RAMB18 | URAM | DSP Blocks |
+-----------------------------------------------------------------------------------------------+----------------------------------------------------------------------------------------------+------------+------------+---------+------+-------+--------+--------+------+------------+
| AI_TRIGGER_TOP                                                                                |                                                                                        (top) |      60868 |      57640 |    3220 |    8 | 45518 |     20 |      2 |    6 |        128 |
|   u_CORE                                                                                      |                                                                              AI_TRIGGER_CORE |      60868 |      57640 |    3220 |    8 | 45518 |     20 |      2 |    6 |        128 |
|     (u_CORE)                                                                                  |                                                                              AI_TRIGGER_CORE |        230 |        230 |       0 |    0 |     0 |      0 |      0 |    0 |          0 |
|     gen_lanes[0].u_LANE                                                                       |                                                                                CNN_CORE_LANE |      28332 |      26768 |    1560 |    4 | 21388 |      7 |      1 |    0 |         64 |
|       (gen_lanes[0].u_LANE)                                                                   |                                                                                CNN_CORE_LANE |         97 |         49 |      48 |    0 |   201 |      0 |      0 |    0 |          0 |
|       u_CHUNK_ID_CDC                                                                          |                                                                         xpm_cdc_handshake__1 |          2 |          2 |       0 |    0 |   167 |      0 |      0 |    0 |          0 |
|         (u_CHUNK_ID_CDC)                                                                      |                                                                         xpm_cdc_handshake__1 |          2 |          2 |       0 |    0 |   163 |      0 |      0 |    0 |          0 |
|         xpm_cdc_single_dest2src_inst                                                          |                                                                            xpm_cdc_single__2 |          0 |          0 |       0 |    0 |     2 |      0 |      0 |    0 |          0 |
|         xpm_cdc_single_src2dest_inst                                                          |                                                                            xpm_cdc_single__1 |          0 |          0 |       0 |    0 |     2 |      0 |      0 |    0 |          0 |
|       u_FIFO                                                                                  |                                                                            xpm_fifo_async__1 |         70 |         70 |       0 |    0 |   105 |      7 |      1 |    0 |          0 |
|         (u_FIFO)                                                                              |                                                                            xpm_fifo_async__1 |          0 |          0 |       0 |    0 |     0 |      0 |      0 |    0 |          0 |
|         gnuram_async_fifo.xpm_fifo_base_inst                                                  |                                                                             xpm_fifo_base__1 |         70 |         70 |       0 |    0 |   105 |      7 |      1 |    0 |          0 |
|           (gnuram_async_fifo.xpm_fifo_base_inst)                                              |                                                                             xpm_fifo_base__1 |         15 |         15 |       0 |    0 |     6 |      0 |      0 |    0 |          0 |
|           gen_cdc_pntr.rd_pntr_cdc_inst                                                       |                                                              xpm_cdc_gray__parameterized1__1 |          8 |          8 |       0 |    0 |    18 |      0 |      0 |    0 |          0 |
|           gen_cdc_pntr.rpw_gray_reg                                                           |                                                          xpm_fifo_reg_vec__parameterized1__1 |          0 |          0 |       0 |    0 |     6 |      0 |      0 |    0 |          0 |
|           gen_cdc_pntr.wpr_gray_reg                                                           |                                                                          xpm_fifo_reg_vec__1 |          0 |          0 |       0 |    0 |     6 |      0 |      0 |    0 |          0 |
|           gen_cdc_pntr.wr_pntr_cdc_inst                                                       |                                                                              xpm_cdc_gray__1 |          8 |          8 |       0 |    0 |    18 |      0 |      0 |    0 |          0 |
|           gen_sdpram.xpm_memory_base_inst                                                     |                                                                           xpm_memory_base__1 |          0 |          0 |       0 |    0 |     0 |      7 |      1 |    0 |          0 |
|           rdp_inst                                                                            |                                                          xpm_counter_updn__parameterized3__1 |          5 |          5 |       0 |    0 |     6 |      0 |      0 |    0 |          0 |
|           rdpp1_inst                                                                          |                                                          xpm_counter_updn__parameterized4__1 |          5 |          5 |       0 |    0 |     6 |      0 |      0 |    0 |          0 |
|           rst_d1_inst                                                                         |                                                                          xpm_fifo_reg_bit__4 |          0 |          0 |       0 |    0 |     1 |      0 |      0 |    0 |          0 |
|           wrp_inst                                                                            |                                                          xpm_counter_updn__parameterized0__1 |          6 |          6 |       0 |    0 |     7 |      0 |      0 |    0 |          0 |
|           wrpp1_inst                                                                          |                                                          xpm_counter_updn__parameterized1__1 |          5 |          5 |       0 |    0 |     7 |      0 |      0 |    0 |          0 |
|           wrpp2_inst                                                                          |                                                          xpm_counter_updn__parameterized2__1 |          5 |          5 |       0 |    0 |     7 |      0 |      0 |    0 |          0 |
|           xpm_fifo_rst_inst                                                                   |                                                                              xpm_fifo_rst__1 |         13 |         13 |       0 |    0 |    17 |      0 |      0 |    0 |          0 |
|             (xpm_fifo_rst_inst)                                                               |                                                                              xpm_fifo_rst__1 |         13 |         13 |       0 |    0 |    13 |      0 |      0 |    0 |          0 |
|             gen_rst_ic.rrst_wr_inst                                                           |                                                                          xpm_cdc_sync_rst__2 |          0 |          0 |       0 |    0 |     2 |      0 |      0 |    0 |          0 |
|             gen_rst_ic.wrst_rd_inst                                                           |                                                                          xpm_cdc_sync_rst__1 |          0 |          0 |       0 |    0 |     2 |      0 |      0 |    0 |          0 |
|       u_WRAPPER                                                                               |                                                                               WRAPPER_TOP__1 |      28163 |      26647 |    1512 |    4 | 20915 |      0 |      0 |    0 |         64 |
|         (u_WRAPPER)                                                                           |                                                                               WRAPPER_TOP__1 |          0 |          0 |       0 |    0 |     0 |      0 |      0 |    0 |          0 |
|         cnn_core_inst                                                                         |                                                                                  cnn_core__1 |      28163 |      26647 |    1512 |    4 | 20915 |      0 |      0 |    0 |         64 |
|           (cnn_core_inst)                                                                     |                                                                                  cnn_core__1 |          0 |          0 |       0 |    0 |     0 |      0 |      0 |    0 |          0 |
|           dense_wide_stream_array_array_ap_fixed_21_12_5_3_0_1u_config12_U0                   |                 cnn_core_dense_wide_stream_array_array_ap_fixed_21_12_5_3_0_1u_config12_s__1 |        334 |        334 |       0 |    0 |  1824 |      0 |      0 |    0 |         48 |
|             (dense_wide_stream_array_array_ap_fixed_21_12_5_3_0_1u_config12_U0)               |                 cnn_core_dense_wide_stream_array_array_ap_fixed_21_12_5_3_0_1u_config12_s__1 |          5 |          5 |       0 |    0 |     5 |      0 |      0 |    0 |          0 |
|             grp_dense_wide_stream_array_array_ap_fixed_1u_config12_Pipeline_DenseValues_fu_41 |          cnn_core_dense_wide_stream_array_array_ap_fixed_1u_config12_Pipeline_DenseValues__1 |        314 |        314 |       0 |    0 |  1773 |      0 |      0 |    0 |         48 |
|             regslice_both_layer12_out_U                                                       |                                                    cnn_core_regslice_both__parameterized0__1 |         15 |         15 |       0 |    0 |    46 |      0 |      0 |    0 |          0 |
|           layer5_out_x4_U                                                                     |                                                                   cnn_core_fifo_w480_d4_A__3 |        285 |         13 |     272 |    0 |   469 |      0 |      0 |    0 |          0 |
|             (layer5_out_x4_U)                                                                 |                                                                   cnn_core_fifo_w480_d4_A__3 |         13 |         13 |       0 |    0 |    13 |      0 |      0 |    0 |          0 |
|             U_cnn_core_fifo_w480_d4_A_ram                                                     |                                                               cnn_core_fifo_w480_d4_A_ram__3 |        272 |          0 |     272 |    0 |   456 |      0 |      0 |    0 |          0 |
|           layer7_out_U                                                                        |                                                                   cnn_core_fifo_w864_d4_A__1 |        509 |         13 |     496 |    0 |   877 |      0 |      0 |    0 |          0 |
|             (layer7_out_U)                                                                    |                                                                   cnn_core_fifo_w864_d4_A__1 |         13 |         13 |       0 |    0 |    13 |      0 |      0 |    0 |          0 |
|             U_cnn_core_fifo_w864_d4_A_ram                                                     |                                                               cnn_core_fifo_w864_d4_A_ram__1 |        496 |          0 |     496 |    0 |   864 |      0 |      0 |    0 |          0 |
|           layer8_out_U                                                                        |                                                                   cnn_core_fifo_w816_d4_A__1 |        482 |         14 |     468 |    0 |   829 |      0 |      0 |    0 |          0 |
|             (layer8_out_U)                                                                    |                                                                   cnn_core_fifo_w816_d4_A__1 |         14 |         14 |       0 |    0 |    13 |      0 |      0 |    0 |          0 |
|             U_cnn_core_fifo_w816_d4_A_ram                                                     |                                                               cnn_core_fifo_w816_d4_A_ram__1 |        468 |          0 |     468 |    0 |   816 |      0 |      0 |    0 |          0 |
|           layer9_out_U                                                                        |                                                                   cnn_core_fifo_w480_d4_A__2 |        289 |         13 |     276 |    0 |   493 |      0 |      0 |    0 |          0 |
|             (layer9_out_U)                                                                    |                                                                   cnn_core_fifo_w480_d4_A__2 |         13 |         13 |       0 |    0 |    13 |      0 |      0 |    0 |          0 |
|             U_cnn_core_fifo_w480_d4_A_ram                                                     |                                                               cnn_core_fifo_w480_d4_A_ram__2 |        276 |          0 |     276 |    0 |   480 |      0 |      0 |    0 |          0 |
|           phara_pool_aligned_hybrid_p8_cl_array_array_array_array_config3_config5_U0          |        cnn_core_phara_pool_aligned_hybrid_p8_cl_array_array_array_array_config3_config5_s__1 |       9443 |       9443 |       0 |    0 |  4785 |      0 |      0 |    0 |         16 |
|             (phara_pool_aligned_hybrid_p8_cl_array_array_array_array_config3_config5_U0)      |        cnn_core_phara_pool_aligned_hybrid_p8_cl_array_array_array_array_config3_config5_s__1 |       8637 |       8637 |       0 |    0 |  4139 |      0 |      0 |    0 |          0 |
|             mac_muladd_10s_4ns_13s_15_1_1_U41                                                 |                                                   cnn_core_mac_muladd_10s_4ns_13s_15_1_1__12 |          0 |          0 |       0 |    0 |     0 |      0 |      0 |    0 |          1 |
|             mac_muladd_10s_4ns_13s_15_1_1_U42                                                 |                                                   cnn_core_mac_muladd_10s_4ns_13s_15_1_1__13 |          0 |          0 |       0 |    0 |     0 |      0 |      0 |    0 |          1 |
|             mac_muladd_10s_4ns_13s_15_1_1_U43                                                 |                                                   cnn_core_mac_muladd_10s_4ns_13s_15_1_1__11 |          0 |          0 |       0 |    0 |     0 |      0 |      0 |    0 |          1 |
|             mac_muladd_10s_4ns_13s_15_1_1_U44                                                 |                                                   cnn_core_mac_muladd_10s_4ns_13s_15_1_1__10 |          0 |          0 |       0 |    0 |     0 |      0 |      0 |    0 |          1 |
|             mac_muladd_10s_4ns_13s_15_1_1_U45                                                 |                                                   cnn_core_mac_muladd_10s_4ns_13s_15_1_1__14 |          0 |          0 |       0 |    0 |     0 |      0 |      0 |    0 |          1 |
|             mac_muladd_10s_4ns_13s_15_1_1_U46                                                 |                                                   cnn_core_mac_muladd_10s_4ns_13s_15_1_1__15 |          0 |          0 |       0 |    0 |     0 |      0 |      0 |    0 |          1 |
|             mac_muladd_10s_4ns_13s_15_1_1_U47                                                 |                                                    cnn_core_mac_muladd_10s_4ns_13s_15_1_1__9 |          0 |          0 |       0 |    0 |     0 |      0 |      0 |    0 |          1 |
|             mac_muladd_10s_4ns_13s_15_1_1_U48                                                 |                                                    cnn_core_mac_muladd_10s_4ns_13s_15_1_1__8 |          0 |          0 |       0 |    0 |     0 |      0 |      0 |    0 |          1 |
|             mul_10s_5s_15_1_1_U33                                                             |                                                               cnn_core_mul_10s_5s_15_1_1__28 |          0 |          0 |       0 |    0 |     0 |      0 |      0 |    0 |          1 |
|             mul_10s_5s_15_1_1_U34                                                             |                                                               cnn_core_mul_10s_5s_15_1_1__29 |          0 |          0 |       0 |    0 |     0 |      0 |      0 |    0 |          1 |
|             mul_10s_5s_15_1_1_U35                                                             |                                                               cnn_core_mul_10s_5s_15_1_1__27 |          0 |          0 |       0 |    0 |     0 |      0 |      0 |    0 |          1 |
|             mul_10s_5s_15_1_1_U36                                                             |                                                               cnn_core_mul_10s_5s_15_1_1__26 |          0 |          0 |       0 |    0 |     0 |      0 |      0 |    0 |          1 |
|             mul_10s_5s_15_1_1_U37                                                             |                                                               cnn_core_mul_10s_5s_15_1_1__30 |          0 |          0 |       0 |    0 |     0 |      0 |      0 |    0 |          1 |
|             mul_10s_5s_15_1_1_U38                                                             |                                                               cnn_core_mul_10s_5s_15_1_1__31 |          0 |          0 |       0 |    0 |     0 |      0 |      0 |    0 |          1 |
|             mul_10s_5s_15_1_1_U39                                                             |                                                               cnn_core_mul_10s_5s_15_1_1__25 |          0 |          0 |       0 |    0 |     0 |      0 |      0 |    0 |          1 |
|             mul_10s_5s_15_1_1_U40                                                             |                                                               cnn_core_mul_10s_5s_15_1_1__24 |          0 |          0 |       0 |    0 |     0 |      0 |      0 |    0 |          1 |
|             regslice_both_waveform_U                                                          |                                                                    cnn_core_regslice_both__1 |        166 |        166 |       0 |    0 |   646 |      0 |      0 |    0 |          0 |
|             sparsemux_17_3_10_1_1_U1                                                          |                                                            cnn_core_sparsemux_17_3_10_1_1__8 |         20 |         20 |       0 |    0 |     0 |      0 |      0 |    0 |          0 |
|             sparsemux_17_3_10_1_1_U10                                                         |                                                           cnn_core_sparsemux_17_3_10_1_1__11 |         20 |         20 |       0 |    0 |     0 |      0 |      0 |    0 |          0 |
|             sparsemux_17_3_10_1_1_U11                                                         |                                           cnn_core_sparsemux_17_3_10_1_1__parameterized0__10 |         20 |         20 |       0 |    0 |     0 |      0 |      0 |    0 |          0 |
|             sparsemux_17_3_10_1_1_U12                                                         |                                           cnn_core_sparsemux_17_3_10_1_1__parameterized0__11 |         20 |         20 |       0 |    0 |     0 |      0 |      0 |    0 |          0 |
|             sparsemux_17_3_10_1_1_U13                                                         |                                           cnn_core_sparsemux_17_3_10_1_1__parameterized1__10 |         20 |         20 |       0 |    0 |     0 |      0 |      0 |    0 |          0 |
|             sparsemux_17_3_10_1_1_U14                                                         |                                           cnn_core_sparsemux_17_3_10_1_1__parameterized1__11 |         20 |         20 |       0 |    0 |     0 |      0 |      0 |    0 |          0 |
|             sparsemux_17_3_10_1_1_U15                                                         |                                           cnn_core_sparsemux_17_3_10_1_1__parameterized2__10 |         20 |         20 |       0 |    0 |     0 |      0 |      0 |    0 |          0 |
|             sparsemux_17_3_10_1_1_U16                                                         |                                           cnn_core_sparsemux_17_3_10_1_1__parameterized2__11 |         20 |         20 |       0 |    0 |     0 |      0 |      0 |    0 |          0 |
|             sparsemux_17_3_10_1_1_U17                                                         |                                                           cnn_core_sparsemux_17_3_10_1_1__12 |         20 |         20 |       0 |    0 |     0 |      0 |      0 |    0 |          0 |
|             sparsemux_17_3_10_1_1_U18                                                         |                                                           cnn_core_sparsemux_17_3_10_1_1__13 |         20 |         20 |       0 |    0 |     0 |      0 |      0 |    0 |          0 |
|             sparsemux_17_3_10_1_1_U19                                                         |                                           cnn_core_sparsemux_17_3_10_1_1__parameterized0__12 |         20 |         20 |       0 |    0 |     0 |      0 |      0 |    0 |          0 |
|             sparsemux_17_3_10_1_1_U2                                                          |                                                            cnn_core_sparsemux_17_3_10_1_1__9 |         20 |         20 |       0 |    0 |     0 |      0 |      0 |    0 |          0 |
|             sparsemux_17_3_10_1_1_U20                                                         |                                           cnn_core_sparsemux_17_3_10_1_1__parameterized0__13 |         20 |         20 |       0 |    0 |     0 |      0 |      0 |    0 |          0 |
|             sparsemux_17_3_10_1_1_U21                                                         |                                           cnn_core_sparsemux_17_3_10_1_1__parameterized1__12 |         20 |         20 |       0 |    0 |     0 |      0 |      0 |    0 |          0 |
|             sparsemux_17_3_10_1_1_U22                                                         |                                           cnn_core_sparsemux_17_3_10_1_1__parameterized1__13 |         20 |         20 |       0 |    0 |     0 |      0 |      0 |    0 |          0 |
|             sparsemux_17_3_10_1_1_U23                                                         |                                           cnn_core_sparsemux_17_3_10_1_1__parameterized2__12 |         20 |         20 |       0 |    0 |     0 |      0 |      0 |    0 |          0 |
|             sparsemux_17_3_10_1_1_U24                                                         |                                           cnn_core_sparsemux_17_3_10_1_1__parameterized2__13 |         20 |         20 |       0 |    0 |     0 |      0 |      0 |    0 |          0 |
|             sparsemux_17_3_10_1_1_U25                                                         |                                                           cnn_core_sparsemux_17_3_10_1_1__14 |         20 |         20 |       0 |    0 |     0 |      0 |      0 |    0 |          0 |
|             sparsemux_17_3_10_1_1_U26                                                         |                                                           cnn_core_sparsemux_17_3_10_1_1__15 |         20 |         20 |       0 |    0 |     0 |      0 |      0 |    0 |          0 |
|             sparsemux_17_3_10_1_1_U27                                                         |                                           cnn_core_sparsemux_17_3_10_1_1__parameterized0__14 |         20 |         20 |       0 |    0 |     0 |      0 |      0 |    0 |          0 |
|             sparsemux_17_3_10_1_1_U28                                                         |                                           cnn_core_sparsemux_17_3_10_1_1__parameterized0__15 |         20 |         20 |       0 |    0 |     0 |      0 |      0 |    0 |          0 |
|             sparsemux_17_3_10_1_1_U29                                                         |                                           cnn_core_sparsemux_17_3_10_1_1__parameterized1__14 |         20 |         20 |       0 |    0 |     0 |      0 |      0 |    0 |          0 |
|             sparsemux_17_3_10_1_1_U3                                                          |                                            cnn_core_sparsemux_17_3_10_1_1__parameterized0__8 |         20 |         20 |       0 |    0 |     0 |      0 |      0 |    0 |          0 |
|             sparsemux_17_3_10_1_1_U30                                                         |                                           cnn_core_sparsemux_17_3_10_1_1__parameterized1__15 |         20 |         20 |       0 |    0 |     0 |      0 |      0 |    0 |          0 |
|             sparsemux_17_3_10_1_1_U31                                                         |                                           cnn_core_sparsemux_17_3_10_1_1__parameterized2__14 |         20 |         20 |       0 |    0 |     0 |      0 |      0 |    0 |          0 |
|             sparsemux_17_3_10_1_1_U32                                                         |                                           cnn_core_sparsemux_17_3_10_1_1__parameterized2__15 |         20 |         20 |       0 |    0 |     0 |      0 |      0 |    0 |          0 |
|             sparsemux_17_3_10_1_1_U4                                                          |                                            cnn_core_sparsemux_17_3_10_1_1__parameterized0__9 |         20 |         20 |       0 |    0 |     0 |      0 |      0 |    0 |          0 |
|             sparsemux_17_3_10_1_1_U5                                                          |                                            cnn_core_sparsemux_17_3_10_1_1__parameterized1__8 |         20 |         20 |       0 |    0 |     0 |      0 |      0 |    0 |          0 |
|             sparsemux_17_3_10_1_1_U6                                                          |                                            cnn_core_sparsemux_17_3_10_1_1__parameterized1__9 |         20 |         20 |       0 |    0 |     0 |      0 |      0 |    0 |          0 |
|             sparsemux_17_3_10_1_1_U7                                                          |                                            cnn_core_sparsemux_17_3_10_1_1__parameterized2__8 |         20 |         20 |       0 |    0 |     0 |      0 |      0 |    0 |          0 |
|             sparsemux_17_3_10_1_1_U8                                                          |                                            cnn_core_sparsemux_17_3_10_1_1__parameterized2__9 |         20 |         20 |       0 |    0 |     0 |      0 |      0 |    0 |          0 |
|             sparsemux_17_3_10_1_1_U9                                                          |                                                           cnn_core_sparsemux_17_3_10_1_1__10 |         20 |         20 |       0 |    0 |     0 |      0 |      0 |    0 |          0 |
|           relu_array_ap_fixed_48u_array_ap_ufixed_17_8_5_3_0_48u_relu_config8_U0              |            cnn_core_relu_array_ap_fixed_48u_array_ap_ufixed_17_8_5_3_0_48u_relu_config8_s__1 |        877 |        877 |       0 |    0 |   824 |      0 |      0 |    0 |          0 |
|             (relu_array_ap_fixed_48u_array_ap_ufixed_17_8_5_3_0_48u_relu_config8_U0)          |            cnn_core_relu_array_ap_fixed_48u_array_ap_ufixed_17_8_5_3_0_48u_relu_config8_s__1 |        876 |        876 |       0 |    0 |   823 |      0 |      0 |    0 |          0 |
|             flow_control_loop_pipe_U                                                          |                                                           cnn_core_flow_control_loop_pipe__5 |          1 |          1 |       0 |    0 |     1 |      0 |      0 |    0 |          0 |
|           scheduled_pool_array_array_ap_fixed_10_5_0_2_0_48u_config9_4u_U0                    |                  cnn_core_scheduled_pool_array_array_ap_fixed_10_5_0_2_0_48u_config9_4u_s__1 |       1937 |       1937 |       0 |    0 |  1409 |      0 |      0 |    0 |          0 |
|             (scheduled_pool_array_array_ap_fixed_10_5_0_2_0_48u_config9_4u_U0)                |                  cnn_core_scheduled_pool_array_array_ap_fixed_10_5_0_2_0_48u_config9_4u_s__1 |       1936 |       1936 |       0 |    0 |  1408 |      0 |      0 |    0 |          0 |
|             flow_control_loop_pipe_U                                                          |                                                           cnn_core_flow_control_loop_pipe__4 |          1 |          1 |       0 |    0 |     1 |      0 |      0 |    0 |          0 |
|           shared_conv_array_array_ap_fixed_48u_config7_4u_ravel_matrix_conv2d_1_2u_U0         |       cnn_core_shared_conv_array_array_ap_fixed_48u_config7_4u_ravel_matrix_conv2d_1_2u_s__1 |      13987 |      13983 |       0 |    4 |  9389 |      0 |      0 |    0 |          0 |
|             (shared_conv_array_array_ap_fixed_48u_config7_4u_ravel_matrix_conv2d_1_2u_U0)     |       cnn_core_shared_conv_array_array_ap_fixed_48u_config7_4u_ravel_matrix_conv2d_1_2u_s__1 |      13987 |      13983 |       0 |    4 |  9388 |      0 |      0 |    0 |          0 |
|             flow_control_loop_pipe_U                                                          |                                                           cnn_core_flow_control_loop_pipe__3 |          1 |          1 |       0 |    0 |     1 |      0 |      0 |    0 |          0 |
|           start_for_dense_wide_stream_array_array_ap_fixed_21_12_5_3_0_1u_config12_U0_U       |      cnn_core_start_for_dense_wide_stream_array_array_ap_fixed_21_12_5_3_0_1u_config12_U0__1 |          5 |          5 |       0 |    0 |     4 |      0 |      0 |    0 |          0 |
|           start_for_relu_array_ap_fixed_48u_array_ap_ufixed_17_8_5_3_0_48u_relu_config8dEe_U  | cnn_core_start_for_relu_array_ap_fixed_48u_array_ap_ufixed_17_8_5_3_0_48u_relu_config8dEe__1 |          5 |          5 |       0 |    0 |     4 |      0 |      0 |    0 |          0 |
|           start_for_scheduled_pool_array_array_ap_fixed_10_5_0_2_0_48u_config9_4u_U0_U        |       cnn_core_start_for_scheduled_pool_array_array_ap_fixed_10_5_0_2_0_48u_config9_4u_U0__1 |          5 |          5 |       0 |    0 |     4 |      0 |      0 |    0 |          0 |
|           start_for_shared_conv_array_array_ap_fixed_48u_config7_4u_ravel_matrix_conv2dcud_U  | cnn_core_start_for_shared_conv_array_array_ap_fixed_48u_config7_4u_ravel_matrix_conv2dcud__1 |          5 |          5 |       0 |    0 |     4 |      0 |      0 |    0 |          0 |
|     gen_lanes[1].u_LANE                                                                       |                                                                CNN_CORE_LANE__parameterized0 |      28313 |      26749 |    1560 |    4 | 21384 |      7 |      1 |    0 |         64 |
|       (gen_lanes[1].u_LANE)                                                                   |                                                                CNN_CORE_LANE__parameterized0 |         97 |         49 |      48 |    0 |   201 |      0 |      0 |    0 |          0 |
|       u_CHUNK_ID_CDC                                                                          |                                                                            xpm_cdc_handshake |          2 |          2 |       0 |    0 |   167 |      0 |      0 |    0 |          0 |
|         (u_CHUNK_ID_CDC)                                                                      |                                                                            xpm_cdc_handshake |          2 |          2 |       0 |    0 |   163 |      0 |      0 |    0 |          0 |
|         xpm_cdc_single_dest2src_inst                                                          |                                                                            xpm_cdc_single__4 |          0 |          0 |       0 |    0 |     2 |      0 |      0 |    0 |          0 |
|         xpm_cdc_single_src2dest_inst                                                          |                                                                            xpm_cdc_single__3 |          0 |          0 |       0 |    0 |     2 |      0 |      0 |    0 |          0 |
|       u_FIFO                                                                                  |                                                                               xpm_fifo_async |         71 |         71 |       0 |    0 |   105 |      7 |      1 |    0 |          0 |
|         (u_FIFO)                                                                              |                                                                               xpm_fifo_async |          0 |          0 |       0 |    0 |     0 |      0 |      0 |    0 |          0 |
|         gnuram_async_fifo.xpm_fifo_base_inst                                                  |                                                                                xpm_fifo_base |         71 |         71 |       0 |    0 |   105 |      7 |      1 |    0 |          0 |
|           (gnuram_async_fifo.xpm_fifo_base_inst)                                              |                                                                                xpm_fifo_base |         15 |         15 |       0 |    0 |     6 |      0 |      0 |    0 |          0 |
|           gen_cdc_pntr.rd_pntr_cdc_inst                                                       |                                                                 xpm_cdc_gray__parameterized1 |          8 |          8 |       0 |    0 |    18 |      0 |      0 |    0 |          0 |
|           gen_cdc_pntr.rpw_gray_reg                                                           |                                                             xpm_fifo_reg_vec__parameterized1 |          0 |          0 |       0 |    0 |     6 |      0 |      0 |    0 |          0 |
|           gen_cdc_pntr.wpr_gray_reg                                                           |                                                                          xpm_fifo_reg_vec__3 |          0 |          0 |       0 |    0 |     6 |      0 |      0 |    0 |          0 |
|           gen_cdc_pntr.wr_pntr_cdc_inst                                                       |                                                                              xpm_cdc_gray__3 |          8 |          8 |       0 |    0 |    18 |      0 |      0 |    0 |          0 |
|           gen_sdpram.xpm_memory_base_inst                                                     |                                                                              xpm_memory_base |          0 |          0 |       0 |    0 |     0 |      7 |      1 |    0 |          0 |
|           rdp_inst                                                                            |                                                             xpm_counter_updn__parameterized3 |          5 |          5 |       0 |    0 |     6 |      0 |      0 |    0 |          0 |
|           rdpp1_inst                                                                          |                                                             xpm_counter_updn__parameterized4 |          5 |          5 |       0 |    0 |     6 |      0 |      0 |    0 |          0 |
|           rst_d1_inst                                                                         |                                                                          xpm_fifo_reg_bit__9 |          0 |          0 |       0 |    0 |     1 |      0 |      0 |    0 |          0 |
|           wrp_inst                                                                            |                                                          xpm_counter_updn__parameterized0__2 |          6 |          6 |       0 |    0 |     7 |      0 |      0 |    0 |          0 |
|           wrpp1_inst                                                                          |                                                          xpm_counter_updn__parameterized1__2 |          5 |          5 |       0 |    0 |     7 |      0 |      0 |    0 |          0 |
|           wrpp2_inst                                                                          |                                                          xpm_counter_updn__parameterized2__2 |          5 |          5 |       0 |    0 |     7 |      0 |      0 |    0 |          0 |
|           xpm_fifo_rst_inst                                                                   |                                                                                 xpm_fifo_rst |         14 |         14 |       0 |    0 |    17 |      0 |      0 |    0 |          0 |
|             (xpm_fifo_rst_inst)                                                               |                                                                                 xpm_fifo_rst |         14 |         14 |       0 |    0 |    13 |      0 |      0 |    0 |          0 |
|             gen_rst_ic.rrst_wr_inst                                                           |                                                                             xpm_cdc_sync_rst |          0 |          0 |       0 |    0 |     2 |      0 |      0 |    0 |          0 |
|             gen_rst_ic.wrst_rd_inst                                                           |                                                                          xpm_cdc_sync_rst__3 |          0 |          0 |       0 |    0 |     2 |      0 |      0 |    0 |          0 |
|       u_WRAPPER                                                                               |                                                                                  WRAPPER_TOP |      28143 |      26627 |    1512 |    4 | 20911 |      0 |      0 |    0 |         64 |
|         (u_WRAPPER)                                                                           |                                                                                  WRAPPER_TOP |          0 |          0 |       0 |    0 |     0 |      0 |      0 |    0 |          0 |
|         cnn_core_inst                                                                         |                                                                                     cnn_core |      28143 |      26627 |    1512 |    4 | 20911 |      0 |      0 |    0 |         64 |
|           (cnn_core_inst)                                                                     |                                                                                     cnn_core |          0 |          0 |       0 |    0 |     0 |      0 |      0 |    0 |          0 |
|           dense_wide_stream_array_array_ap_fixed_21_12_5_3_0_1u_config12_U0                   |                    cnn_core_dense_wide_stream_array_array_ap_fixed_21_12_5_3_0_1u_config12_s |        332 |        332 |       0 |    0 |  1824 |      0 |      0 |    0 |         48 |
|             (dense_wide_stream_array_array_ap_fixed_21_12_5_3_0_1u_config12_U0)               |                    cnn_core_dense_wide_stream_array_array_ap_fixed_21_12_5_3_0_1u_config12_s |          5 |          5 |       0 |    0 |     5 |      0 |      0 |    0 |          0 |
|             grp_dense_wide_stream_array_array_ap_fixed_1u_config12_Pipeline_DenseValues_fu_41 |             cnn_core_dense_wide_stream_array_array_ap_fixed_1u_config12_Pipeline_DenseValues |        312 |        312 |       0 |    0 |  1773 |      0 |      0 |    0 |         48 |
|             regslice_both_layer12_out_U                                                       |                                                       cnn_core_regslice_both__parameterized0 |         15 |         15 |       0 |    0 |    46 |      0 |      0 |    0 |          0 |
|           layer5_out_x4_U                                                                     |                                                                   cnn_core_fifo_w480_d4_A__1 |        285 |         13 |     272 |    0 |   469 |      0 |      0 |    0 |          0 |
|             (layer5_out_x4_U)                                                                 |                                                                   cnn_core_fifo_w480_d4_A__1 |         13 |         13 |       0 |    0 |    13 |      0 |      0 |    0 |          0 |
|             U_cnn_core_fifo_w480_d4_A_ram                                                     |                                                               cnn_core_fifo_w480_d4_A_ram__1 |        272 |          0 |     272 |    0 |   456 |      0 |      0 |    0 |          0 |
|           layer7_out_U                                                                        |                                                                      cnn_core_fifo_w864_d4_A |        509 |         13 |     496 |    0 |   877 |      0 |      0 |    0 |          0 |
|             (layer7_out_U)                                                                    |                                                                      cnn_core_fifo_w864_d4_A |         13 |         13 |       0 |    0 |    13 |      0 |      0 |    0 |          0 |
|             U_cnn_core_fifo_w864_d4_A_ram                                                     |                                                                  cnn_core_fifo_w864_d4_A_ram |        496 |          0 |     496 |    0 |   864 |      0 |      0 |    0 |          0 |
|           layer8_out_U                                                                        |                                                                      cnn_core_fifo_w816_d4_A |        482 |         14 |     468 |    0 |   829 |      0 |      0 |    0 |          0 |
|             (layer8_out_U)                                                                    |                                                                      cnn_core_fifo_w816_d4_A |         14 |         14 |       0 |    0 |    13 |      0 |      0 |    0 |          0 |
|             U_cnn_core_fifo_w816_d4_A_ram                                                     |                                                                  cnn_core_fifo_w816_d4_A_ram |        468 |          0 |     468 |    0 |   816 |      0 |      0 |    0 |          0 |
|           layer9_out_U                                                                        |                                                                      cnn_core_fifo_w480_d4_A |        289 |         13 |     276 |    0 |   493 |      0 |      0 |    0 |          0 |
|             (layer9_out_U)                                                                    |                                                                      cnn_core_fifo_w480_d4_A |         13 |         13 |       0 |    0 |    13 |      0 |      0 |    0 |          0 |
|             U_cnn_core_fifo_w480_d4_A_ram                                                     |                                                                  cnn_core_fifo_w480_d4_A_ram |        276 |          0 |     276 |    0 |   480 |      0 |      0 |    0 |          0 |
|           phara_pool_aligned_hybrid_p8_cl_array_array_array_array_config3_config5_U0          |           cnn_core_phara_pool_aligned_hybrid_p8_cl_array_array_array_array_config3_config5_s |       9438 |       9438 |       0 |    0 |  4779 |      0 |      0 |    0 |         16 |
|             (phara_pool_aligned_hybrid_p8_cl_array_array_array_array_config3_config5_U0)      |           cnn_core_phara_pool_aligned_hybrid_p8_cl_array_array_array_array_config3_config5_s |       8632 |       8632 |       0 |    0 |  4133 |      0 |      0 |    0 |          0 |
|             mac_muladd_10s_4ns_13s_15_1_1_U41                                                 |                                                    cnn_core_mac_muladd_10s_4ns_13s_15_1_1__6 |          0 |          0 |       0 |    0 |     0 |      0 |      0 |    0 |          1 |
|             mac_muladd_10s_4ns_13s_15_1_1_U42                                                 |                                                    cnn_core_mac_muladd_10s_4ns_13s_15_1_1__5 |          0 |          0 |       0 |    0 |     0 |      0 |      0 |    0 |          1 |
|             mac_muladd_10s_4ns_13s_15_1_1_U43                                                 |                                                    cnn_core_mac_muladd_10s_4ns_13s_15_1_1__1 |          0 |          0 |       0 |    0 |     0 |      0 |      0 |    0 |          1 |
|             mac_muladd_10s_4ns_13s_15_1_1_U44                                                 |                                                    cnn_core_mac_muladd_10s_4ns_13s_15_1_1__2 |          0 |          0 |       0 |    0 |     0 |      0 |      0 |    0 |          1 |
|             mac_muladd_10s_4ns_13s_15_1_1_U45                                                 |                                                       cnn_core_mac_muladd_10s_4ns_13s_15_1_1 |          0 |          0 |       0 |    0 |     0 |      0 |      0 |    0 |          1 |
|             mac_muladd_10s_4ns_13s_15_1_1_U46                                                 |                                                    cnn_core_mac_muladd_10s_4ns_13s_15_1_1__7 |          0 |          0 |       0 |    0 |     0 |      0 |      0 |    0 |          1 |
|             mac_muladd_10s_4ns_13s_15_1_1_U47                                                 |                                                    cnn_core_mac_muladd_10s_4ns_13s_15_1_1__3 |          0 |          0 |       0 |    0 |     0 |      0 |      0 |    0 |          1 |
|             mac_muladd_10s_4ns_13s_15_1_1_U48                                                 |                                                    cnn_core_mac_muladd_10s_4ns_13s_15_1_1__4 |          0 |          0 |       0 |    0 |     0 |      0 |      0 |    0 |          1 |
|             mul_10s_5s_15_1_1_U33                                                             |                                                                cnn_core_mul_10s_5s_15_1_1__6 |          0 |          0 |       0 |    0 |     0 |      0 |      0 |    0 |          1 |
|             mul_10s_5s_15_1_1_U34                                                             |                                                                cnn_core_mul_10s_5s_15_1_1__5 |          0 |          0 |       0 |    0 |     0 |      0 |      0 |    0 |          1 |
|             mul_10s_5s_15_1_1_U35                                                             |                                                                cnn_core_mul_10s_5s_15_1_1__1 |          0 |          0 |       0 |    0 |     0 |      0 |      0 |    0 |          1 |
|             mul_10s_5s_15_1_1_U36                                                             |                                                                cnn_core_mul_10s_5s_15_1_1__2 |          0 |          0 |       0 |    0 |     0 |      0 |      0 |    0 |          1 |
|             mul_10s_5s_15_1_1_U37                                                             |                                                                cnn_core_mul_10s_5s_15_1_1__8 |          0 |          0 |       0 |    0 |     0 |      0 |      0 |    0 |          1 |
|             mul_10s_5s_15_1_1_U38                                                             |                                                                cnn_core_mul_10s_5s_15_1_1__7 |          0 |          0 |       0 |    0 |     0 |      0 |      0 |    0 |          1 |
|             mul_10s_5s_15_1_1_U39                                                             |                                                                cnn_core_mul_10s_5s_15_1_1__3 |          0 |          0 |       0 |    0 |     0 |      0 |      0 |    0 |          1 |
|             mul_10s_5s_15_1_1_U40                                                             |                                                                cnn_core_mul_10s_5s_15_1_1__4 |          0 |          0 |       0 |    0 |     0 |      0 |      0 |    0 |          1 |
|             regslice_both_waveform_U                                                          |                                                                       cnn_core_regslice_both |        166 |        166 |       0 |    0 |   646 |      0 |      0 |    0 |          0 |
|             sparsemux_17_3_10_1_1_U1                                                          |                                                               cnn_core_sparsemux_17_3_10_1_1 |         20 |         20 |       0 |    0 |     0 |      0 |      0 |    0 |          0 |
|             sparsemux_17_3_10_1_1_U10                                                         |                                                            cnn_core_sparsemux_17_3_10_1_1__5 |         20 |         20 |       0 |    0 |     0 |      0 |      0 |    0 |          0 |
|             sparsemux_17_3_10_1_1_U11                                                         |                                            cnn_core_sparsemux_17_3_10_1_1__parameterized0__6 |         20 |         20 |       0 |    0 |     0 |      0 |      0 |    0 |          0 |
|             sparsemux_17_3_10_1_1_U12                                                         |                                            cnn_core_sparsemux_17_3_10_1_1__parameterized0__5 |         20 |         20 |       0 |    0 |     0 |      0 |      0 |    0 |          0 |
|             sparsemux_17_3_10_1_1_U13                                                         |                                            cnn_core_sparsemux_17_3_10_1_1__parameterized1__6 |         20 |         20 |       0 |    0 |     0 |      0 |      0 |    0 |          0 |
|             sparsemux_17_3_10_1_1_U14                                                         |                                            cnn_core_sparsemux_17_3_10_1_1__parameterized1__5 |         20 |         20 |       0 |    0 |     0 |      0 |      0 |    0 |          0 |
|             sparsemux_17_3_10_1_1_U15                                                         |                                            cnn_core_sparsemux_17_3_10_1_1__parameterized2__6 |         20 |         20 |       0 |    0 |     0 |      0 |      0 |    0 |          0 |
|             sparsemux_17_3_10_1_1_U16                                                         |                                            cnn_core_sparsemux_17_3_10_1_1__parameterized2__5 |         20 |         20 |       0 |    0 |     0 |      0 |      0 |    0 |          0 |
|             sparsemux_17_3_10_1_1_U17                                                         |                                                            cnn_core_sparsemux_17_3_10_1_1__4 |         20 |         20 |       0 |    0 |     0 |      0 |      0 |    0 |          0 |
|             sparsemux_17_3_10_1_1_U18                                                         |                                                            cnn_core_sparsemux_17_3_10_1_1__3 |         20 |         20 |       0 |    0 |     0 |      0 |      0 |    0 |          0 |
|             sparsemux_17_3_10_1_1_U19                                                         |                                            cnn_core_sparsemux_17_3_10_1_1__parameterized0__4 |         20 |         20 |       0 |    0 |     0 |      0 |      0 |    0 |          0 |
|             sparsemux_17_3_10_1_1_U2                                                          |                                                            cnn_core_sparsemux_17_3_10_1_1__7 |         20 |         20 |       0 |    0 |     0 |      0 |      0 |    0 |          0 |
|             sparsemux_17_3_10_1_1_U20                                                         |                                            cnn_core_sparsemux_17_3_10_1_1__parameterized0__3 |         20 |         20 |       0 |    0 |     0 |      0 |      0 |    0 |          0 |
|             sparsemux_17_3_10_1_1_U21                                                         |                                            cnn_core_sparsemux_17_3_10_1_1__parameterized1__4 |         20 |         20 |       0 |    0 |     0 |      0 |      0 |    0 |          0 |
|             sparsemux_17_3_10_1_1_U22                                                         |                                            cnn_core_sparsemux_17_3_10_1_1__parameterized1__3 |         20 |         20 |       0 |    0 |     0 |      0 |      0 |    0 |          0 |
|             sparsemux_17_3_10_1_1_U23                                                         |                                            cnn_core_sparsemux_17_3_10_1_1__parameterized2__4 |         20 |         20 |       0 |    0 |     0 |      0 |      0 |    0 |          0 |
|             sparsemux_17_3_10_1_1_U24                                                         |                                            cnn_core_sparsemux_17_3_10_1_1__parameterized2__3 |         20 |         20 |       0 |    0 |     0 |      0 |      0 |    0 |          0 |
|             sparsemux_17_3_10_1_1_U25                                                         |                                                            cnn_core_sparsemux_17_3_10_1_1__2 |         20 |         20 |       0 |    0 |     0 |      0 |      0 |    0 |          0 |
|             sparsemux_17_3_10_1_1_U26                                                         |                                                            cnn_core_sparsemux_17_3_10_1_1__1 |         20 |         20 |       0 |    0 |     0 |      0 |      0 |    0 |          0 |
|             sparsemux_17_3_10_1_1_U27                                                         |                                            cnn_core_sparsemux_17_3_10_1_1__parameterized0__2 |         20 |         20 |       0 |    0 |     0 |      0 |      0 |    0 |          0 |
|             sparsemux_17_3_10_1_1_U28                                                         |                                            cnn_core_sparsemux_17_3_10_1_1__parameterized0__1 |         20 |         20 |       0 |    0 |     0 |      0 |      0 |    0 |          0 |
|             sparsemux_17_3_10_1_1_U29                                                         |                                            cnn_core_sparsemux_17_3_10_1_1__parameterized1__2 |         20 |         20 |       0 |    0 |     0 |      0 |      0 |    0 |          0 |
|             sparsemux_17_3_10_1_1_U3                                                          |                                               cnn_core_sparsemux_17_3_10_1_1__parameterized0 |         20 |         20 |       0 |    0 |     0 |      0 |      0 |    0 |          0 |
|             sparsemux_17_3_10_1_1_U30                                                         |                                            cnn_core_sparsemux_17_3_10_1_1__parameterized1__1 |         20 |         20 |       0 |    0 |     0 |      0 |      0 |    0 |          0 |
|             sparsemux_17_3_10_1_1_U31                                                         |                                            cnn_core_sparsemux_17_3_10_1_1__parameterized2__2 |         20 |         20 |       0 |    0 |     0 |      0 |      0 |    0 |          0 |
|             sparsemux_17_3_10_1_1_U32                                                         |                                            cnn_core_sparsemux_17_3_10_1_1__parameterized2__1 |         20 |         20 |       0 |    0 |     0 |      0 |      0 |    0 |          0 |
|             sparsemux_17_3_10_1_1_U4                                                          |                                            cnn_core_sparsemux_17_3_10_1_1__parameterized0__7 |         20 |         20 |       0 |    0 |     0 |      0 |      0 |    0 |          0 |
|             sparsemux_17_3_10_1_1_U5                                                          |                                               cnn_core_sparsemux_17_3_10_1_1__parameterized1 |         20 |         20 |       0 |    0 |     0 |      0 |      0 |    0 |          0 |
|             sparsemux_17_3_10_1_1_U6                                                          |                                            cnn_core_sparsemux_17_3_10_1_1__parameterized1__7 |         20 |         20 |       0 |    0 |     0 |      0 |      0 |    0 |          0 |
|             sparsemux_17_3_10_1_1_U7                                                          |                                               cnn_core_sparsemux_17_3_10_1_1__parameterized2 |         20 |         20 |       0 |    0 |     0 |      0 |      0 |    0 |          0 |
|             sparsemux_17_3_10_1_1_U8                                                          |                                            cnn_core_sparsemux_17_3_10_1_1__parameterized2__7 |         20 |         20 |       0 |    0 |     0 |      0 |      0 |    0 |          0 |
|             sparsemux_17_3_10_1_1_U9                                                          |                                                            cnn_core_sparsemux_17_3_10_1_1__6 |         20 |         20 |       0 |    0 |     0 |      0 |      0 |    0 |          0 |
|           relu_array_ap_fixed_48u_array_ap_ufixed_17_8_5_3_0_48u_relu_config8_U0              |               cnn_core_relu_array_ap_fixed_48u_array_ap_ufixed_17_8_5_3_0_48u_relu_config8_s |        877 |        877 |       0 |    0 |   824 |      0 |      0 |    0 |          0 |
|             (relu_array_ap_fixed_48u_array_ap_ufixed_17_8_5_3_0_48u_relu_config8_U0)          |               cnn_core_relu_array_ap_fixed_48u_array_ap_ufixed_17_8_5_3_0_48u_relu_config8_s |        876 |        876 |       0 |    0 |   823 |      0 |      0 |    0 |          0 |
|             flow_control_loop_pipe_U                                                          |                                                              cnn_core_flow_control_loop_pipe |          1 |          1 |       0 |    0 |     1 |      0 |      0 |    0 |          0 |
|           scheduled_pool_array_array_ap_fixed_10_5_0_2_0_48u_config9_4u_U0                    |                     cnn_core_scheduled_pool_array_array_ap_fixed_10_5_0_2_0_48u_config9_4u_s |       1937 |       1937 |       0 |    0 |  1409 |      0 |      0 |    0 |          0 |
|             (scheduled_pool_array_array_ap_fixed_10_5_0_2_0_48u_config9_4u_U0)                |                     cnn_core_scheduled_pool_array_array_ap_fixed_10_5_0_2_0_48u_config9_4u_s |       1936 |       1936 |       0 |    0 |  1408 |      0 |      0 |    0 |          0 |
|             flow_control_loop_pipe_U                                                          |                                                           cnn_core_flow_control_loop_pipe__2 |          1 |          1 |       0 |    0 |     1 |      0 |      0 |    0 |          0 |
|           shared_conv_array_array_ap_fixed_48u_config7_4u_ravel_matrix_conv2d_1_2u_U0         |          cnn_core_shared_conv_array_array_ap_fixed_48u_config7_4u_ravel_matrix_conv2d_1_2u_s |      13974 |      13970 |       0 |    4 |  9391 |      0 |      0 |    0 |          0 |
|             (shared_conv_array_array_ap_fixed_48u_config7_4u_ravel_matrix_conv2d_1_2u_U0)     |          cnn_core_shared_conv_array_array_ap_fixed_48u_config7_4u_ravel_matrix_conv2d_1_2u_s |      13973 |      13969 |       0 |    4 |  9390 |      0 |      0 |    0 |          0 |
|             flow_control_loop_pipe_U                                                          |                                                           cnn_core_flow_control_loop_pipe__1 |          1 |          1 |       0 |    0 |     1 |      0 |      0 |    0 |          0 |
|           start_for_dense_wide_stream_array_array_ap_fixed_21_12_5_3_0_1u_config12_U0_U       |         cnn_core_start_for_dense_wide_stream_array_array_ap_fixed_21_12_5_3_0_1u_config12_U0 |          5 |          5 |       0 |    0 |     4 |      0 |      0 |    0 |          0 |
|           start_for_relu_array_ap_fixed_48u_array_ap_ufixed_17_8_5_3_0_48u_relu_config8dEe_U  |    cnn_core_start_for_relu_array_ap_fixed_48u_array_ap_ufixed_17_8_5_3_0_48u_relu_config8dEe |          5 |          5 |       0 |    0 |     4 |      0 |      0 |    0 |          0 |
|           start_for_scheduled_pool_array_array_ap_fixed_10_5_0_2_0_48u_config9_4u_U0_U        |          cnn_core_start_for_scheduled_pool_array_array_ap_fixed_10_5_0_2_0_48u_config9_4u_U0 |          5 |          5 |       0 |    0 |     4 |      0 |      0 |    0 |          0 |
|           start_for_shared_conv_array_array_ap_fixed_48u_config7_4u_ravel_matrix_conv2dcud_U  |    cnn_core_start_for_shared_conv_array_array_ap_fixed_48u_config7_4u_ravel_matrix_conv2dcud |          5 |          5 |       0 |    0 |     4 |      0 |      0 |    0 |          0 |
|     u_LIVE_DISTRIBUTOR                                                                        |                                                                        ADC_CHUNK_DISTRIBUTOR |        367 |        367 |       0 |    0 |    48 |      0 |      0 |    0 |          0 |
|     u_MULTIMODE_PATH                                                                          |                                                                         MULTIMODE_EVENT_PATH |       3529 |       3429 |     100 |    0 |  2693 |      6 |      0 |    6 |          0 |
|       (u_MULTIMODE_PATH)                                                                      |                                                                         MULTIMODE_EVENT_PATH |         64 |         64 |       0 |    0 |     1 |      0 |      0 |    0 |          0 |
|       u_CNN_BUSY_SYNC                                                                         |                                                                      xpm_cdc_array_single__1 |          0 |          0 |       0 |    0 |     3 |      0 |      0 |    0 |          0 |
|       u_CNN_REQUEST_CDC                                                                       |                                                                             TRIGGER_CDC_FIFO |        101 |         61 |      40 |    0 |   184 |      0 |      0 |    0 |          0 |
|         (u_CNN_REQUEST_CDC)                                                                   |                                                                             TRIGGER_CDC_FIFO |         99 |         59 |      40 |    0 |    72 |      0 |      0 |    0 |          0 |
|         u_TRIGGER_CDC                                                                         |                                                            xpm_cdc_handshake__parameterized2 |          2 |          2 |       0 |    0 |   112 |      0 |      0 |    0 |          0 |
|           (u_TRIGGER_CDC)                                                                     |                                                            xpm_cdc_handshake__parameterized2 |          2 |          2 |       0 |    0 |   108 |      0 |      0 |    0 |          0 |
|           xpm_cdc_single_dest2src_inst                                                        |                                                                               xpm_cdc_single |          0 |          0 |       0 |    0 |     2 |      0 |      0 |    0 |          0 |
|           xpm_cdc_single_src2dest_inst                                                        |                                                                            xpm_cdc_single__5 |          0 |          0 |       0 |    0 |     2 |      0 |      0 |    0 |          0 |
|       u_CNN_WORK_SYNC                                                                         |                                                                         xpm_cdc_array_single |          0 |          0 |       0 |    0 |     3 |      0 |      0 |    0 |          0 |
|       u_EVENT_FIFO                                                                            |                                                                            EVENT_OUTPUT_FIFO |         64 |         64 |       0 |    0 |   470 |      6 |      0 |    0 |          0 |
|         (u_EVENT_FIFO)                                                                        |                                                                            EVENT_OUTPUT_FIFO |         13 |         13 |       0 |    0 |   419 |      0 |      0 |    0 |          0 |
|         u_FIFO                                                                                |                                                                                xpm_fifo_sync |         52 |         52 |       0 |    0 |    51 |      6 |      0 |    0 |          0 |
|           xpm_fifo_base_inst                                                                  |                                                                xpm_fifo_base__parameterized0 |         52 |         52 |       0 |    0 |    51 |      6 |      0 |    0 |          0 |
|             (xpm_fifo_base_inst)                                                              |                                                                xpm_fifo_base__parameterized0 |         25 |         25 |       0 |    0 |    13 |      0 |      0 |    0 |          0 |
|             gen_fwft.rdpp1_inst                                                               |                                                                             xpm_counter_updn |          1 |          1 |       0 |    0 |     2 |      0 |      0 |    0 |          0 |
|             gen_sdpram.xpm_memory_base_inst                                                   |                                                              xpm_memory_base__parameterized0 |          3 |          3 |       0 |    0 |     0 |      6 |      0 |    0 |          0 |
|             rdp_inst                                                                          |                                                             xpm_counter_updn__parameterized0 |          6 |          6 |       0 |    0 |     8 |      0 |      0 |    0 |          0 |
|             rdpp1_inst                                                                        |                                                             xpm_counter_updn__parameterized1 |          5 |          5 |       0 |    0 |     7 |      0 |      0 |    0 |          0 |
|             rst_d1_inst                                                                       |                                                                         xpm_fifo_reg_bit__14 |          0 |          0 |       0 |    0 |     1 |      0 |      0 |    0 |          0 |
|             wrp_inst                                                                          |                                                          xpm_counter_updn__parameterized0__3 |          6 |          6 |       0 |    0 |     8 |      0 |      0 |    0 |          0 |
|             wrpp1_inst                                                                        |                                                          xpm_counter_updn__parameterized1__3 |          5 |          5 |       0 |    0 |     7 |      0 |      0 |    0 |          0 |
|             xpm_fifo_rst_inst                                                                 |                                                                 xpm_fifo_rst__parameterized0 |          1 |          1 |       0 |    0 |     5 |      0 |      0 |    0 |          0 |
|       u_GATED_READER                                                                          |                                                                             GATED_CNN_READER |        397 |        397 |       0 |    0 |   317 |      0 |      0 |    0 |          0 |
|       u_HILO                                                                                  |                                                                            HILO_TRIGGER_CTRL |       2298 |       2298 |       0 |    0 |   388 |      0 |      0 |    0 |          0 |
|         (u_HILO)                                                                              |                                                                            HILO_TRIGGER_CTRL |         59 |         59 |       0 |    0 |   199 |      0 |      0 |    0 |          0 |
|         u_PRE_TRIGGER                                                                         |                                                                                  PRE_TRIGGER |       2239 |       2239 |       0 |    0 |   189 |      0 |      0 |    0 |          0 |
|           (u_PRE_TRIGGER)                                                                     |                                                                                  PRE_TRIGGER |        495 |        495 |       0 |    0 |    93 |      0 |      0 |    0 |          0 |
|           chan_gen[0].U_CH                                                                    |                                                                              PRE_TRIGGER_1CH |        427 |        427 |       0 |    0 |    24 |      0 |      0 |    0 |          0 |
|           chan_gen[1].U_CH                                                                    |                                                              PRE_TRIGGER_1CH__parameterized0 |        427 |        427 |       0 |    0 |    24 |      0 |      0 |    0 |          0 |
|           chan_gen[2].U_CH                                                                    |                                                              PRE_TRIGGER_1CH__parameterized1 |        431 |        431 |       0 |    0 |    24 |      0 |      0 |    0 |          0 |
|           chan_gen[3].U_CH                                                                    |                                                              PRE_TRIGGER_1CH__parameterized2 |        430 |        430 |       0 |    0 |    24 |      0 |      0 |    0 |          0 |
|           mult_gen[0].U_MULT                                                                  |                                                                                  MULT2BIN__1 |          2 |          2 |       0 |    0 |     0 |      0 |      0 |    0 |          0 |
|           mult_gen[10].U_MULT                                                                 |                                                                                 MULT2BIN__11 |          2 |          2 |       0 |    0 |     0 |      0 |      0 |    0 |          0 |
|           mult_gen[11].U_MULT                                                                 |                                                                                 MULT2BIN__12 |          2 |          2 |       0 |    0 |     0 |      0 |      0 |    0 |          0 |
|           mult_gen[12].U_MULT                                                                 |                                                                                 MULT2BIN__13 |          2 |          2 |       0 |    0 |     0 |      0 |      0 |    0 |          0 |
|           mult_gen[13].U_MULT                                                                 |                                                                                 MULT2BIN__14 |          2 |          2 |       0 |    0 |     0 |      0 |      0 |    0 |          0 |
|           mult_gen[14].U_MULT                                                                 |                                                                                 MULT2BIN__15 |          2 |          2 |       0 |    0 |     0 |      0 |      0 |    0 |          0 |
|           mult_gen[15].U_MULT                                                                 |                                                                                     MULT2BIN |          2 |          2 |       0 |    0 |     0 |      0 |      0 |    0 |          0 |
|           mult_gen[1].U_MULT                                                                  |                                                                                  MULT2BIN__2 |          2 |          2 |       0 |    0 |     0 |      0 |      0 |    0 |          0 |
|           mult_gen[2].U_MULT                                                                  |                                                                                  MULT2BIN__3 |          2 |          2 |       0 |    0 |     0 |      0 |      0 |    0 |          0 |
|           mult_gen[3].U_MULT                                                                  |                                                                                  MULT2BIN__4 |          2 |          2 |       0 |    0 |     0 |      0 |      0 |    0 |          0 |
|           mult_gen[4].U_MULT                                                                  |                                                                                  MULT2BIN__5 |          2 |          2 |       0 |    0 |     0 |      0 |      0 |    0 |          0 |
|           mult_gen[5].U_MULT                                                                  |                                                                                  MULT2BIN__6 |          2 |          2 |       0 |    0 |     0 |      0 |      0 |    0 |          0 |
|           mult_gen[6].U_MULT                                                                  |                                                                                  MULT2BIN__7 |          2 |          2 |       0 |    0 |     0 |      0 |      0 |    0 |          0 |
|           mult_gen[7].U_MULT                                                                  |                                                                                  MULT2BIN__8 |          2 |          2 |       0 |    0 |     0 |      0 |      0 |    0 |          0 |
|           mult_gen[8].U_MULT                                                                  |                                                                                  MULT2BIN__9 |          2 |          2 |       0 |    0 |     0 |      0 |      0 |    0 |          0 |
|           mult_gen[9].U_MULT                                                                  |                                                                                 MULT2BIN__10 |          2 |          2 |       0 |    0 |     0 |      0 |      0 |    0 |          0 |
|       u_HILO_ADAPTER                                                                          |                                                                           HILO_INPUT_ADAPTER |          6 |          6 |       0 |    0 |   817 |      0 |      0 |    0 |          0 |
|       u_HOUSEKEEPING                                                                          |                                                                    HOUSEKEEPING_TRIGGER_CTRL |        150 |        150 |       0 |    0 |   103 |      0 |      0 |    0 |          0 |
|       u_MODE                                                                                  |                                                                            TRIGGER_MODE_CTRL |          8 |          8 |       0 |    0 |     7 |      0 |      0 |    0 |          0 |
|       u_RECORDER                                                                              |                                                                               EVENT_RECORDER |        112 |        112 |       0 |    0 |   237 |      0 |      0 |    0 |          0 |
|       u_RING                                                                                  |                                                                         WAVEFORM_RING_BUFFER |        284 |        224 |      60 |    0 |   160 |      0 |      0 |    6 |          0 |
|       u_RING_ARBITER                                                                          |                                                                            RING_READ_ARBITER |         49 |         49 |       0 |    0 |     3 |      0 |      0 |    0 |          0 |
|     u_RESULT_ARBITER                                                                          |                                                                           CNN_RESULT_ARBITER |        101 |        101 |       0 |    0 |     1 |      0 |      0 |    0 |          0 |
|     u_RST_ADC                                                                                 |                                                                                RESET_SYNC__1 |          0 |          0 |       0 |    0 |     2 |      0 |      0 |    0 |          0 |
|     u_RST_CNN                                                                                 |                                                                                   RESET_SYNC |          0 |          0 |       0 |    0 |     2 |      0 |      0 |    0 |          0 |
+-----------------------------------------------------------------------------------------------+----------------------------------------------------------------------------------------------+------------+------------+---------+------+-------+--------+--------+------+------------+
* Note: The sum of lower-level cells may be larger than their parent cells total, due to cross-hierarchy LUT combining


