Copyright 1986-2022 Xilinx, Inc. All Rights Reserved. Copyright 2022-2023 Advanced Micro Devices, Inc. All Rights Reserved.
-----------------------------------------------------------------------------------------------------------------------------------------------
| Tool Version : Vivado v.2023.2 (lin64) Build 4029153 Fri Oct 13 20:13:54 MDT 2023
| Date         : Thu Sep 17 23:12:37 2026
| Host         : AlbertsUbuntu running 64-bit Ubuntu 22.04.5 LTS
| Command      : report_utilization -file /home/work1/Works/_codex_ai_trigger_native_20260917/timing-ooc-02/reports/post_route_utilization.rpt
| Design       : AI_TRIGGER_TOP
| Device       : xcku5p-ffvb676-2-e
| Speed File   : -2
| Design State : Routed
-----------------------------------------------------------------------------------------------------------------------------------------------

Utilization Design Information

Table of Contents
-----------------
1. CLB Logic
1.1 Summary of Registers by Type
2. CLB Logic Distribution
3. BLOCKRAM
4. ARITHMETIC
5. I/O
6. CLOCK
7. ADVANCED
8. CONFIGURATION
9. Primitives
10. Black Boxes
11. Instantiated Netlists

1. CLB Logic
------------

+----------------------------+-------+-------+------------+-----------+-------+
|          Site Type         |  Used | Fixed | Prohibited | Available | Util% |
+----------------------------+-------+-------+------------+-----------+-------+
| CLB LUTs                   | 60868 |     0 |          0 |    216960 | 28.05 |
|   LUT as Logic             | 57640 |     0 |          0 |    216960 | 26.57 |
|   LUT as Memory            |  3228 |     0 |          0 |     99840 |  3.23 |
|     LUT as Distributed RAM |  3220 |     0 |            |           |       |
|     LUT as Shift Register  |     8 |     0 |            |           |       |
| CLB Registers              | 45518 |     0 |          0 |    433920 | 10.49 |
|   Register as Flip Flop    | 45518 |     0 |          0 |    433920 | 10.49 |
|   Register as Latch        |     0 |     0 |          0 |    433920 |  0.00 |
| CARRY8                     |  6153 |     0 |          0 |     27120 | 22.69 |
| F7 Muxes                   |   640 |     0 |          0 |    108480 |  0.59 |
| F8 Muxes                   |     0 |     0 |          0 |     54240 |  0.00 |
| F9 Muxes                   |     0 |     0 |          0 |     27120 |  0.00 |
+----------------------------+-------+-------+------------+-----------+-------+
* Warning! LUT value is adjusted to account for LUT combining.


1.1 Summary of Registers by Type
--------------------------------

+-------+--------------+-------------+--------------+
| Total | Clock Enable | Synchronous | Asynchronous |
+-------+--------------+-------------+--------------+
| 0     |            _ |           - |            - |
| 0     |            _ |           - |          Set |
| 0     |            _ |           - |        Reset |
| 0     |            _ |         Set |            - |
| 0     |            _ |       Reset |            - |
| 0     |          Yes |           - |            - |
| 4     |          Yes |           - |          Set |
| 189   |          Yes |           - |        Reset |
| 71    |          Yes |         Set |            - |
| 45254 |          Yes |       Reset |            - |
+-------+--------------+-------------+--------------+


2. CLB Logic Distribution
-------------------------

+--------------------------------------------+-------+-------+------------+-----------+-------+
|                  Site Type                 |  Used | Fixed | Prohibited | Available | Util% |
+--------------------------------------------+-------+-------+------------+-----------+-------+
| CLB                                        | 13034 |     0 |          0 |     27120 | 48.06 |
|   CLBL                                     |  6930 |     0 |            |           |       |
|   CLBM                                     |  6104 |     0 |            |           |       |
| LUT as Logic                               | 57640 |     0 |          0 |    216960 | 26.57 |
|   using O5 output only                     |   149 |       |            |           |       |
|   using O6 output only                     | 35446 |       |            |           |       |
|   using O5 and O6                          | 22045 |       |            |           |       |
| LUT as Memory                              |  3228 |     0 |          0 |     99840 |  3.23 |
|   LUT as Distributed RAM                   |  3220 |     0 |            |           |       |
|     using O5 output only                   |     0 |       |            |           |       |
|     using O6 output only                   |    60 |       |            |           |       |
|     using O5 and O6                        |  3160 |       |            |           |       |
|   LUT as Shift Register                    |     8 |     0 |            |           |       |
|     using O5 output only                   |     0 |       |            |           |       |
|     using O6 output only                   |     8 |       |            |           |       |
|     using O5 and O6                        |     0 |       |            |           |       |
| CLB Registers                              | 45518 |     0 |          0 |    433920 | 10.49 |
|   Register driven from within the CLB      | 20491 |       |            |           |       |
|   Register driven from outside the CLB     | 25027 |       |            |           |       |
|     LUT in front of the register is unused | 19574 |       |            |           |       |
|     LUT in front of the register is used   |  5453 |       |            |           |       |
| Unique Control Sets                        |   226 |       |          0 |     54240 |  0.42 |
+--------------------------------------------+-------+-------+------------+-----------+-------+
* * Note: Available Control Sets calculated as Slices * 2, Review the Control Sets Report for more information regarding control sets.


3. BLOCKRAM
-----------

+-------------------+------+-------+------------+-----------+-------+
|     Site Type     | Used | Fixed | Prohibited | Available | Util% |
+-------------------+------+-------+------------+-----------+-------+
| Block RAM Tile    |   21 |     0 |          0 |       480 |  4.38 |
|   RAMB36/FIFO*    |   20 |     0 |          0 |       480 |  4.17 |
|     RAMB36E2 only |   20 |       |            |           |       |
|   RAMB18          |    2 |     0 |          0 |       960 |  0.21 |
|     RAMB18E2 only |    2 |       |            |           |       |
| URAM              |    6 |     0 |          0 |        64 |  9.38 |
+-------------------+------+-------+------------+-----------+-------+
* Note: Each Block RAM Tile only has one FIFO logic available and therefore can accommodate only one FIFO36E2 or one FIFO18E2. However, if a FIFO18E2 occupies a Block RAM Tile, that tile can still accommodate a RAMB18E2


4. ARITHMETIC
-------------

+----------------+------+-------+------------+-----------+-------+
|    Site Type   | Used | Fixed | Prohibited | Available | Util% |
+----------------+------+-------+------------+-----------+-------+
| DSPs           |  128 |     0 |          0 |      1824 |  7.02 |
|   DSP48E2 only |  128 |       |            |           |       |
+----------------+------+-------+------------+-----------+-------+


5. I/O
------

+------------------+------+-------+------------+-----------+-------+
|     Site Type    | Used | Fixed | Prohibited | Available | Util% |
+------------------+------+-------+------------+-----------+-------+
| Bonded IOB       |    0 |     0 |          0 |       280 |  0.00 |
| HPIOB_M          |    0 |     0 |          0 |        96 |  0.00 |
| HPIOB_S          |    0 |     0 |          0 |        96 |  0.00 |
| HDIOB_M          |    0 |     0 |          0 |        36 |  0.00 |
| HDIOB_S          |    0 |     0 |          0 |        36 |  0.00 |
| HPIOB_SNGL       |    0 |     0 |          0 |        16 |  0.00 |
| HPIOBDIFFINBUF   |    0 |     0 |          0 |        96 |  0.00 |
| HPIOBDIFFOUTBUF  |    0 |     0 |          0 |        96 |  0.00 |
| HDIOBDIFFINBUF   |    0 |     0 |          0 |        48 |  0.00 |
| BITSLICE_CONTROL |    0 |     0 |          0 |        32 |  0.00 |
| BITSLICE_RX_TX   |    0 |     0 |          0 |      1248 |  0.00 |
| BITSLICE_TX      |    0 |     0 |          0 |        32 |  0.00 |
| RIU_OR           |    0 |     0 |          0 |        16 |  0.00 |
+------------------+------+-------+------------+-----------+-------+


6. CLOCK
--------

+----------------------+------+-------+------------+-----------+-------+
|       Site Type      | Used | Fixed | Prohibited | Available | Util% |
+----------------------+------+-------+------------+-----------+-------+
| GLOBAL CLOCK BUFFERs |    7 |     0 |          0 |       256 |  2.73 |
|   BUFGCE             |    7 |     0 |          0 |       112 |  6.25 |
|   BUFGCE_DIV         |    0 |     0 |          0 |        16 |  0.00 |
|   BUFG_GT            |    0 |     0 |          0 |        96 |  0.00 |
|   BUFGCTRL*          |    0 |     0 |          0 |        32 |  0.00 |
| PLL                  |    0 |     0 |          0 |         8 |  0.00 |
| MMCM                 |    0 |     0 |          0 |         4 |  0.00 |
+----------------------+------+-------+------------+-----------+-------+
* Note: Each used BUFGCTRL counts as two GLOBAL CLOCK BUFFERs. This table does not include global clocking resources, only buffer cell usage. See the Clock Utilization Report (report_clock_utilization) for detailed accounting of global clocking resource availability.


7. ADVANCED
-----------

+-----------------+------+-------+------------+-----------+-------+
|    Site Type    | Used | Fixed | Prohibited | Available | Util% |
+-----------------+------+-------+------------+-----------+-------+
| CMACE4          |    0 |     0 |          0 |         1 |  0.00 |
| GTYE4_CHANNEL   |    0 |     0 |          0 |        16 |  0.00 |
| GTYE4_COMMON    |    0 |     0 |          0 |         4 |  0.00 |
| OBUFDS_GTE4     |    0 |     0 |          0 |         8 |  0.00 |
| OBUFDS_GTE4_ADV |    0 |     0 |          0 |         8 |  0.00 |
| PCIE40E4        |    0 |     0 |          0 |         1 |  0.00 |
| SYSMONE4        |    0 |     0 |          0 |         1 |  0.00 |
+-----------------+------+-------+------------+-----------+-------+


8. CONFIGURATION
----------------

+-------------+------+-------+------------+-----------+-------+
|  Site Type  | Used | Fixed | Prohibited | Available | Util% |
+-------------+------+-------+------------+-----------+-------+
| BSCANE2     |    0 |     0 |          0 |         4 |  0.00 |
| DNA_PORTE2  |    0 |     0 |          0 |         1 |  0.00 |
| EFUSE_USR   |    0 |     0 |          0 |         1 |  0.00 |
| FRAME_ECCE4 |    0 |     0 |          0 |         1 |  0.00 |
| ICAPE3      |    0 |     0 |          0 |         2 |  0.00 |
| MASTER_JTAG |    0 |     0 |          0 |         1 |  0.00 |
| STARTUPE3   |    0 |     0 |          0 |         1 |  0.00 |
+-------------+------+-------+------------+-----------+-------+


9. Primitives
-------------

+----------+-------+---------------------+
| Ref Name |  Used | Functional Category |
+----------+-------+---------------------+
| FDRE     | 45254 |            Register |
| LUT2     | 26092 |                 CLB |
| LUT3     | 17153 |                 CLB |
| LUT4     | 15858 |                 CLB |
| LUT6     | 11785 |                 CLB |
| LUT5     |  7257 |                 CLB |
| CARRY8   |  6153 |                 CLB |
| RAMD32   |  5526 |                 CLB |
| LUT1     |  1540 |                 CLB |
| RAMS32   |   794 |                 CLB |
| MUXF7    |   640 |                 CLB |
| FDCE     |   189 |            Register |
| DSP48E2  |   128 |          Arithmetic |
| FDSE     |    71 |            Register |
| RAMD64E  |    60 |                 CLB |
| RAMB36E2 |    20 |            BLOCKRAM |
| SRL16E   |     8 |                 CLB |
| BUFGCE   |     7 |               Clock |
| URAM288  |     6 |            BLOCKRAM |
| FDPE     |     4 |            Register |
| RAMB18E2 |     2 |            BLOCKRAM |
+----------+-------+---------------------+


10. Black Boxes
---------------

+----------+------+
| Ref Name | Used |
+----------+------+


11. Instantiated Netlists
-------------------------

+----------+------+
| Ref Name | Used |
+----------+------+


