Copyright 1986-2022 Xilinx, Inc. All Rights Reserved. Copyright 2022-2023 Advanced Micro Devices, Inc. All Rights Reserved.
--------------------------------------------------------------------------------------------------------------------------------------------------
| Tool Version      : Vivado v.2023.2 (lin64) Build 4029153 Fri Oct 13 20:13:54 MDT 2023
| Date              : Thu Sep 17 23:12:52 2026
| Host              : AlbertsUbuntu running 64-bit Ubuntu 22.04.5 LTS
| Command           : report_timing_summary -return_string
| Design            : AI_TRIGGER_TOP
| Device            : xcku5p-ffvb676
| Speed File        : -2  PRODUCTION 1.29 05-01-2022
| Design State      : Routed
| Temperature Grade : E
--------------------------------------------------------------------------------------------------------------------------------------------------

Timing Summary Report

------------------------------------------------------------------------------------------------
| Timer Settings
| --------------
------------------------------------------------------------------------------------------------

  Enable Multi Corner Analysis               :  Yes
  Enable Pessimism Removal                   :  Yes
  Pessimism Removal Resolution               :  Nearest Common Node
  Enable Input Delay Default Clock           :  No
  Enable Preset / Clear Arcs                 :  No
  Disable Flight Delays                      :  No
  Ignore I/O Paths                           :  No
  Timing Early Launch at Borrowing Latches   :  No
  Borrow Time for Max Delay Exceptions       :  Yes
  Merge Timing Exceptions                    :  Yes
  Inter-SLR Compensation                     :  Conservative

  Corner  Analyze    Analyze    
  Name    Max Paths  Min Paths  
  ------  ---------  ---------  
  Slow    Yes        Yes        
  Fast    Yes        Yes        


------------------------------------------------------------------------------------------------
| Report Methodology
| ------------------
------------------------------------------------------------------------------------------------

Rule    Severity  Description                               Violations  
------  --------  ----------------------------------------  ----------  
XDCH-2  Warning   Same min and max delay values on IO port  875         

Note: This report is based on the most recent report_methodology run and may not be up-to-date. Run report_methodology on the current design for the latest report.



check_timing report

Table of Contents
-----------------
1. checking no_clock (0)
2. checking constant_clock (0)
3. checking pulse_width_clock (0)
4. checking unconstrained_internal_endpoints (0)
5. checking no_input_delay (1)
6. checking no_output_delay (0)
7. checking multiple_clock (0)
8. checking generated_clocks (0)
9. checking loops (0)
10. checking partial_input_delay (0)
11. checking partial_output_delay (0)
12. checking latch_loops (0)

1. checking no_clock (0)
------------------------
 There are 0 register/latch pins with no clock.


2. checking constant_clock (0)
------------------------------
 There are 0 register/latch pins with constant_clock.


3. checking pulse_width_clock (0)
---------------------------------
 There are 0 register/latch pins which need pulse_width check


4. checking unconstrained_internal_endpoints (0)
------------------------------------------------
 There are 0 pins that are not constrained for maximum delay.

 There are 0 pins that are not constrained for maximum delay due to constant clock.


5. checking no_input_delay (1)
------------------------------
 There are 0 input ports with no input delay specified.

 There is 1 input port with no input delay but user has a false path constraint. (MEDIUM)


6. checking no_output_delay (0)
-------------------------------
 There are 0 ports with no output delay specified.

 There are 0 ports with no output delay but user has a false path constraint

 There are 0 ports with no output delay but with a timing clock defined on it or propagating through it


7. checking multiple_clock (0)
------------------------------
 There are 0 register/latch pins with multiple clocks.


8. checking generated_clocks (0)
--------------------------------
 There are 0 generated clocks that are not connected to a clock source.


9. checking loops (0)
---------------------
 There are 0 combinational loops in the design.


10. checking partial_input_delay (0)
------------------------------------
 There are 0 input ports with partial input delay specified.


11. checking partial_output_delay (0)
-------------------------------------
 There are 0 ports with partial output delay specified.


12. checking latch_loops (0)
----------------------------
 There are 0 combinational latch loops in the design through latch input



------------------------------------------------------------------------------------------------
| Design Timing Summary
| ---------------------
------------------------------------------------------------------------------------------------

    WNS(ns)      TNS(ns)  TNS Failing Endpoints  TNS Total Endpoints      WHS(ns)      THS(ns)  THS Failing Endpoints  THS Total Endpoints     WPWS(ns)     TPWS(ns)  TPWS Failing Endpoints  TPWS Total Endpoints  
    -------      -------  ---------------------  -------------------      -------      -------  ---------------------  -------------------     --------     --------  ----------------------  --------------------  
      0.300        0.000                      0               161140        0.007        0.000                      0               159908        1.300        0.000                       0                 51956  


All user specified timing constraints are met.


------------------------------------------------------------------------------------------------
| Clock Summary
| -------------
------------------------------------------------------------------------------------------------

Clock    Waveform(ns)         Period(ns)      Frequency(MHz)
-----    ------------         ----------      --------------
CLK_ADC  {0.000 2.000}        4.000           250.000         
CLK_CNN  {0.000 2.500}        5.000           200.000         


------------------------------------------------------------------------------------------------
| Intra Clock Table
| -----------------
------------------------------------------------------------------------------------------------

Clock             WNS(ns)      TNS(ns)  TNS Failing Endpoints  TNS Total Endpoints      WHS(ns)      THS(ns)  THS Failing Endpoints  THS Total Endpoints     WPWS(ns)     TPWS(ns)  TPWS Failing Endpoints  TPWS Total Endpoints  
-----             -------      -------  ---------------------  -------------------      -------      -------  ---------------------  -------------------     --------     --------  ----------------------  --------------------  
CLK_ADC             0.300        0.000                      0                10903        0.037        0.000                      0                 9671        1.300        0.000                       0                  3176  
CLK_CNN             0.382        0.000                      0               150048        0.007        0.000                      0               150048        1.958        0.000                       0                 48780  


------------------------------------------------------------------------------------------------
| Inter Clock Table
| -----------------
------------------------------------------------------------------------------------------------

From Clock    To Clock          WNS(ns)      TNS(ns)  TNS Failing Endpoints  TNS Total Endpoints      WHS(ns)      THS(ns)  THS Failing Endpoints  THS Total Endpoints  
----------    --------          -------      -------  ---------------------  -------------------      -------      -------  ---------------------  -------------------  


------------------------------------------------------------------------------------------------
| Other Path Groups Table
| -----------------------
------------------------------------------------------------------------------------------------

Path Group         From Clock         To Clock               WNS(ns)      TNS(ns)  TNS Failing Endpoints  TNS Total Endpoints      WHS(ns)      THS(ns)  THS Failing Endpoints  THS Total Endpoints  
----------         ----------         --------               -------      -------  ---------------------  -------------------      -------      -------  ---------------------  -------------------  
**async_default**  CLK_ADC            CLK_ADC                  1.376        0.000                      0                  189        0.288        0.000                      0                  189  


------------------------------------------------------------------------------------------------
| Timing Details
| --------------
------------------------------------------------------------------------------------------------


---------------------------------------------------------------------------------------------------
From Clock:  CLK_ADC
  To Clock:  CLK_ADC

Setup :            0  Failing Endpoints,  Worst Slack        0.300ns,  Total Violation        0.000ns
Hold  :            0  Failing Endpoints,  Worst Slack        0.037ns,  Total Violation        0.000ns
PW    :            0  Failing Endpoints,  Worst Slack        1.300ns,  Total Violation        0.000ns
---------------------------------------------------------------------------------------------------


Max Delay Paths
--------------------------------------------------------------------------------------
Slack (MET) :             0.300ns  (required time - arrival time)
  Source:                 u_CORE/u_MULTIMODE_PATH/u_RECORDER/active_valid_r_reg/C
                            (rising edge-triggered cell FDRE clocked by CLK_ADC  {rise@0.000ns fall@2.000ns period=4.000ns})
  Destination:            u_CORE/u_MULTIMODE_PATH/u_GATED_READER/rb_rd_batch_idx_r_reg[3]/CE
                            (rising edge-triggered cell FDRE clocked by CLK_ADC  {rise@0.000ns fall@2.000ns period=4.000ns})
  Path Group:             CLK_ADC
  Path Type:              Setup (Max at Slow Process Corner)
  Requirement:            4.000ns  (CLK_ADC rise@4.000ns - CLK_ADC rise@0.000ns)
  Data Path Delay:        3.596ns  (logic 1.310ns (36.429%)  route 2.286ns (63.571%))
  Logic Levels:           13  (CARRY8=1 LUT1=1 LUT2=1 LUT3=2 LUT4=1 LUT5=1 LUT6=6)
  Clock Path Skew:        -0.009ns (DCD - SCD + CPR)
    Destination Clock Delay (DCD):    0.020ns = ( 4.020 - 4.000 ) 
    Source Clock Delay      (SCD):    0.029ns
    Clock Pessimism Removal (CPR):    0.000ns
  Clock Uncertainty:      0.035ns  ((TSJ^2 + TIJ^2)^1/2 + DJ) / 2 + PE
    Total System Jitter     (TSJ):    0.071ns
    Total Input Jitter      (TIJ):    0.000ns
    Discrete Jitter          (DJ):    0.000ns
    Phase Error              (PE):    0.000ns

    Location             Delay type                Incr(ns)  Path(ns)    Netlist Resource(s)
  -------------------------------------------------------------------    -------------------
                         (clock CLK_ADC rise edge)    0.000     0.000 r  
                                                      0.000     0.000 r  CLK_ADC (IN)
                         net (fo=3175, unset)         0.029     0.029    u_CORE/u_MULTIMODE_PATH/u_RECORDER/CLK
    SLICE_X46Y148        FDRE                                         r  u_CORE/u_MULTIMODE_PATH/u_RECORDER/active_valid_r_reg/C
  -------------------------------------------------------------------    -------------------
    SLICE_X46Y148        FDRE (Prop_GFF_SLICEL_C_Q)
                                                      0.079     0.108 f  u_CORE/u_MULTIMODE_PATH/u_RECORDER/active_valid_r_reg/Q
                         net (fo=62, routed)          0.316     0.424    u_CORE/u_MULTIMODE_PATH/u_RECORDER/CHECK_VALID
    SLICE_X48Y149        LUT2 (Prop_E6LUT_SLICEL_I0_O)
                                                      0.035     0.459 f  u_CORE/u_MULTIMODE_PATH/u_RECORDER/CHECK_START_OFFSET[1]_INST_0/O
                         net (fo=1, routed)           0.181     0.640    u_CORE/u_MULTIMODE_PATH/u_RING_ARBITER/EVENT_CHECK_OFFSET[1]
    SLICE_X48Y150        LUT3 (Prop_G6LUT_SLICEL_I0_O)
                                                      0.089     0.729 f  u_CORE/u_MULTIMODE_PATH/u_RING_ARBITER/SHARED_CHECK_OFFSET[1]_INST_0/O
                         net (fo=2, routed)           0.140     0.869    u_CORE/u_MULTIMODE_PATH/u_RING/CHECK_START_OFFSET[1]
    SLICE_X48Y151        LUT1 (Prop_A6LUT_SLICEL_I0_O)
                                                      0.050     0.919 r  u_CORE/u_MULTIMODE_PATH/u_RING/tag_mem_reg_r2_0_63_0_6_i_7/O
                         net (fo=1, routed)           0.009     0.928    u_CORE/u_MULTIMODE_PATH/u_RING/tag_mem_reg_r2_0_63_0_6_i_7_n_3
    SLICE_X48Y151        CARRY8 (Prop_CARRY8_SLICEL_S[0]_O[5])
                                                      0.238     1.166 r  u_CORE/u_MULTIMODE_PATH/u_RING/tag_mem_reg_r2_0_63_0_6_i_2/O[5]
                         net (fo=39, routed)          0.302     1.468    u_CORE/u_MULTIMODE_PATH/u_RING/id[0]
    SLICE_X50Y152        LUT6 (Prop_H6LUT_SLICEM_I2_O)
                                                      0.152     1.620 r  u_CORE/u_MULTIMODE_PATH/u_RING/CHECK_PRESENT_INST_0_i_62/O
                         net (fo=1, routed)           0.244     1.864    u_CORE/u_MULTIMODE_PATH/u_RING/CHECK_PRESENT_INST_0_i_62_n_3
    SLICE_X51Y150        LUT6 (Prop_G6LUT_SLICEL_I1_O)
                                                      0.149     2.013 r  u_CORE/u_MULTIMODE_PATH/u_RING/CHECK_PRESENT_INST_0_i_23/O
                         net (fo=1, routed)           0.127     2.140    u_CORE/u_MULTIMODE_PATH/u_RING/CHECK_PRESENT_INST_0_i_23_n_3
    SLICE_X51Y149        LUT6 (Prop_H6LUT_SLICEL_I5_O)
                                                      0.090     2.230 f  u_CORE/u_MULTIMODE_PATH/u_RING/CHECK_PRESENT_INST_0_i_5/O
                         net (fo=3, routed)           0.144     2.374    u_CORE/u_MULTIMODE_PATH/u_RING/CHECK_PRESENT_INST_0_i_5_n_3
    SLICE_X50Y148        LUT5 (Prop_C6LUT_SLICEM_I4_O)
                                                      0.123     2.497 r  u_CORE/u_MULTIMODE_PATH/u_RING/CHECK_PRESENT_INST_0/O
                         net (fo=2, routed)           0.197     2.694    u_CORE/u_MULTIMODE_PATH/u_RING_ARBITER/SHARED_CHECK_PRESENT
    SLICE_X49Y148        LUT3 (Prop_E6LUT_SLICEM_I2_O)
                                                      0.052     2.746 r  u_CORE/u_MULTIMODE_PATH/u_RING_ARBITER/GATED_CHECK_PRESENT_INST_0/O
                         net (fo=2, routed)           0.096     2.842    u_CORE/u_MULTIMODE_PATH/u_GATED_READER/CHECK_PRESENT
    SLICE_X49Y147        LUT6 (Prop_G6LUT_SLICEM_I1_O)
                                                      0.052     2.894 r  u_CORE/u_MULTIMODE_PATH/u_GATED_READER/RING_REQUEST_INST_0/O
                         net (fo=2, routed)           0.096     2.990    u_CORE/u_MULTIMODE_PATH/u_RING_ARBITER/GATED_REQUEST
    SLICE_X49Y148        LUT4 (Prop_A6LUT_SLICEM_I1_O)
                                                      0.125     3.115 r  u_CORE/u_MULTIMODE_PATH/u_RING_ARBITER/GATED_GRANT_INST_0/O
                         net (fo=1, routed)           0.090     3.205    u_CORE/u_MULTIMODE_PATH/u_GATED_READER/RING_GRANT
    SLICE_X49Y147        LUT6 (Prop_C6LUT_SLICEM_I0_O)
                                                      0.037     3.242 r  u_CORE/u_MULTIMODE_PATH/u_GATED_READER/rb_rd_en_r_i_2/O
                         net (fo=4, routed)           0.059     3.302    u_CORE/u_MULTIMODE_PATH/u_GATED_READER/rb_rd_en_r_i_2_n_3
    SLICE_X49Y146        LUT6 (Prop_H6LUT_SLICEM_I0_O)
                                                      0.039     3.341 r  u_CORE/u_MULTIMODE_PATH/u_GATED_READER/rb_rd_en_r_i_1/O
                         net (fo=23, routed)          0.284     3.625    u_CORE/u_MULTIMODE_PATH/u_GATED_READER/rb_rd_en_r
    SLICE_X48Y145        FDRE                                         r  u_CORE/u_MULTIMODE_PATH/u_GATED_READER/rb_rd_batch_idx_r_reg[3]/CE
  -------------------------------------------------------------------    -------------------

                         (clock CLK_ADC rise edge)    4.000     4.000 r  
                                                      0.000     4.000 r  CLK_ADC (IN)
                         net (fo=3175, unset)         0.020     4.020    u_CORE/u_MULTIMODE_PATH/u_GATED_READER/CLK
    SLICE_X48Y145        FDRE                                         r  u_CORE/u_MULTIMODE_PATH/u_GATED_READER/rb_rd_batch_idx_r_reg[3]/C
                         clock pessimism              0.000     4.020    
                         clock uncertainty           -0.035     3.985    
    SLICE_X48Y145        FDRE (Setup_DFF_SLICEL_C_CE)
                                                     -0.060     3.925    u_CORE/u_MULTIMODE_PATH/u_GATED_READER/rb_rd_batch_idx_r_reg[3]
  -------------------------------------------------------------------
                         required time                          3.925    
                         arrival time                          -3.625    
  -------------------------------------------------------------------
                         slack                                  0.300    





Min Delay Paths
--------------------------------------------------------------------------------------
Slack (MET) :             0.037ns  (arrival time - required time)
  Source:                 u_CORE/u_MULTIMODE_PATH/u_RING/wr_slot_reg[1]/C
                            (rising edge-triggered cell FDRE clocked by CLK_ADC  {rise@0.000ns fall@2.000ns period=4.000ns})
  Destination:            u_CORE/u_MULTIMODE_PATH/u_RING/tag_mem_reg_r3_0_63_7_13/RAMA/WADR1
                            (rising edge-triggered cell RAMD64E clocked by CLK_ADC  {rise@0.000ns fall@2.000ns period=4.000ns})
  Path Group:             CLK_ADC
  Path Type:              Hold (Min at Fast Process Corner)
  Requirement:            0.000ns  (CLK_ADC rise@0.000ns - CLK_ADC rise@0.000ns)
  Data Path Delay:        0.125ns  (logic 0.039ns (31.284%)  route 0.086ns (68.716%))
  Logic Levels:           0  
  Clock Path Skew:        0.027ns (DCD - SCD - CPR)
    Destination Clock Delay (DCD):    0.039ns
    Source Clock Delay      (SCD):    0.012ns
    Clock Pessimism Removal (CPR):    -0.000ns

    Location             Delay type                Incr(ns)  Path(ns)    Netlist Resource(s)
  -------------------------------------------------------------------    -------------------
                         (clock CLK_ADC rise edge)    0.000     0.000 r  
                                                      0.000     0.000 r  CLK_ADC (IN)
                         net (fo=3175, unset)         0.012     0.012    u_CORE/u_MULTIMODE_PATH/u_RING/CLK
    SLICE_X51Y144        FDRE                                         r  u_CORE/u_MULTIMODE_PATH/u_RING/wr_slot_reg[1]/C
  -------------------------------------------------------------------    -------------------
    SLICE_X51Y144        FDRE (Prop_CFF_SLICEL_C_Q)
                                                      0.039     0.051 r  u_CORE/u_MULTIMODE_PATH/u_RING/wr_slot_reg[1]/Q
                         net (fo=89, routed)          0.086     0.137    u_CORE/u_MULTIMODE_PATH/u_RING/tag_mem_reg_r3_0_63_7_13/ADDRH1
    SLICE_X49Y143        RAMD64E                                      r  u_CORE/u_MULTIMODE_PATH/u_RING/tag_mem_reg_r3_0_63_7_13/RAMA/WADR1
  -------------------------------------------------------------------    -------------------

                         (clock CLK_ADC rise edge)    0.000     0.000 r  
                                                      0.000     0.000 r  CLK_ADC (IN)
                         net (fo=3175, unset)         0.039     0.039    u_CORE/u_MULTIMODE_PATH/u_RING/tag_mem_reg_r3_0_63_7_13/WCLK
    SLICE_X49Y143        RAMD64E                                      r  u_CORE/u_MULTIMODE_PATH/u_RING/tag_mem_reg_r3_0_63_7_13/RAMA/CLK
                         clock pessimism              0.000     0.039    
    SLICE_X49Y143        RAMD64E (Hold_A6LUT_SLICEM_CLK_WADR1)
                                                      0.061     0.100    u_CORE/u_MULTIMODE_PATH/u_RING/tag_mem_reg_r3_0_63_7_13/RAMA
  -------------------------------------------------------------------
                         required time                         -0.100    
                         arrival time                           0.137    
  -------------------------------------------------------------------
                         slack                                  0.037    





Pulse Width Checks
--------------------------------------------------------------------------------------
Clock Name:         CLK_ADC
Waveform(ns):       { 0.000 2.000 }
Period(ns):         4.000
Sources:            { CLK_ADC }

Check Type        Corner  Lib Pin      Reference Pin  Required(ns)  Actual(ns)  Slack(ns)  Location       Pin
Min Period        n/a     URAM288/CLK  n/a            2.000         4.000       2.000      URAM288_X0Y35  u_CORE/u_MULTIMODE_PATH/u_RING/batch_mem_reg_uram_0/CLK
Low Pulse Width   Slow    URAM288/CLK  n/a            0.700         2.000       1.300      URAM288_X0Y35  u_CORE/u_MULTIMODE_PATH/u_RING/batch_mem_reg_uram_0/CLK
High Pulse Width  Slow    URAM288/CLK  n/a            0.700         2.000       1.300      URAM288_X0Y35  u_CORE/u_MULTIMODE_PATH/u_RING/batch_mem_reg_uram_0/CLK



---------------------------------------------------------------------------------------------------
From Clock:  CLK_CNN
  To Clock:  CLK_CNN

Setup :            0  Failing Endpoints,  Worst Slack        0.382ns,  Total Violation        0.000ns
Hold  :            0  Failing Endpoints,  Worst Slack        0.007ns,  Total Violation        0.000ns
PW    :            0  Failing Endpoints,  Worst Slack        1.958ns,  Total Violation        0.000ns
---------------------------------------------------------------------------------------------------


Max Delay Paths
--------------------------------------------------------------------------------------
Slack (MET) :             0.382ns  (required time - arrival time)
  Source:                 u_CORE/gen_lanes[1].u_LANE/u_WRAPPER/cnn_core_inst/shared_conv_array_array_ap_fixed_48u_config7_4u_ravel_matrix_conv2d_1_2u_U0/x53_raw_reg_24935_pp0_iter4_reg_reg[2]/C
                            (rising edge-triggered cell FDRE clocked by CLK_CNN  {rise@0.000ns fall@2.500ns period=5.000ns})
  Destination:            u_CORE/gen_lanes[1].u_LANE/u_WRAPPER/cnn_core_inst/shared_conv_array_array_ap_fixed_48u_config7_4u_ravel_matrix_conv2d_1_2u_U0/x27_c5_positive1_2_reg_27058_reg[15]/D
                            (rising edge-triggered cell FDRE clocked by CLK_CNN  {rise@0.000ns fall@2.500ns period=5.000ns})
  Path Group:             CLK_CNN
  Path Type:              Setup (Max at Slow Process Corner)
  Requirement:            5.000ns  (CLK_CNN rise@5.000ns - CLK_CNN rise@0.000ns)
  Data Path Delay:        4.599ns  (logic 1.360ns (29.574%)  route 3.239ns (70.426%))
  Logic Levels:           14  (CARRY8=6 LUT2=3 LUT3=3 LUT5=1 LUT6=1)
  Clock Path Skew:        -0.009ns (DCD - SCD + CPR)
    Destination Clock Delay (DCD):    0.021ns = ( 5.021 - 5.000 ) 
    Source Clock Delay      (SCD):    0.030ns
    Clock Pessimism Removal (CPR):    0.000ns
  Clock Uncertainty:      0.035ns  ((TSJ^2 + TIJ^2)^1/2 + DJ) / 2 + PE
    Total System Jitter     (TSJ):    0.071ns
    Total Input Jitter      (TIJ):    0.000ns
    Discrete Jitter          (DJ):    0.000ns
    Phase Error              (PE):    0.000ns

    Location             Delay type                Incr(ns)  Path(ns)    Netlist Resource(s)
  -------------------------------------------------------------------    -------------------
                         (clock CLK_CNN rise edge)    0.000     0.000 r  
                                                      0.000     0.000 r  CLK_CNN (IN)
                         net (fo=48779, unset)        0.030     0.030    u_CORE/gen_lanes[1].u_LANE/u_WRAPPER/cnn_core_inst/shared_conv_array_array_ap_fixed_48u_config7_4u_ravel_matrix_conv2d_1_2u_U0/ap_clk
    SLICE_X96Y58         FDRE                                         r  u_CORE/gen_lanes[1].u_LANE/u_WRAPPER/cnn_core_inst/shared_conv_array_array_ap_fixed_48u_config7_4u_ravel_matrix_conv2d_1_2u_U0/x53_raw_reg_24935_pp0_iter4_reg_reg[2]/C
  -------------------------------------------------------------------    -------------------
    SLICE_X96Y58         FDRE (Prop_EFF2_SLICEM_C_Q)
                                                      0.079     0.109 r  u_CORE/gen_lanes[1].u_LANE/u_WRAPPER/cnn_core_inst/shared_conv_array_array_ap_fixed_48u_config7_4u_ravel_matrix_conv2d_1_2u_U0/x53_raw_reg_24935_pp0_iter4_reg_reg[2]/Q
                         net (fo=23, routed)          0.653     0.762    u_CORE/gen_lanes[1].u_LANE/u_WRAPPER/cnn_core_inst/shared_conv_array_array_ap_fixed_48u_config7_4u_ravel_matrix_conv2d_1_2u_U0/sext_ln583_fu_17909_p1__0[3]
    SLICE_X103Y61        LUT2 (Prop_A6LUT_SLICEM_I0_O)
                                                      0.090     0.852 r  u_CORE/gen_lanes[1].u_LANE/u_WRAPPER/cnn_core_inst/shared_conv_array_array_ap_fixed_48u_config7_4u_ravel_matrix_conv2d_1_2u_U0/x27_c5_positive1_2_reg_27058[16]_i_120/O
                         net (fo=1, routed)           0.013     0.865    u_CORE/gen_lanes[1].u_LANE/u_WRAPPER/cnn_core_inst/shared_conv_array_array_ap_fixed_48u_config7_4u_ravel_matrix_conv2d_1_2u_U0/x27_c5_positive1_2_reg_27058[16]_i_120_n_3
    SLICE_X103Y61        CARRY8 (Prop_CARRY8_SLICEM_S[0]_O[0])
                                                      0.065     0.930 r  u_CORE/gen_lanes[1].u_LANE/u_WRAPPER/cnn_core_inst/shared_conv_array_array_ap_fixed_48u_config7_4u_ravel_matrix_conv2d_1_2u_U0/x27_c5_positive1_2_reg_27058_reg[16]_i_61/O[0]
                         net (fo=4, routed)           0.600     1.529    u_CORE/gen_lanes[1].u_LANE/u_WRAPPER/cnn_core_inst/shared_conv_array_array_ap_fixed_48u_config7_4u_ravel_matrix_conv2d_1_2u_U0/x53_c_3_negative1_fu_17699_p2[2]
    SLICE_X95Y60         LUT2 (Prop_C6LUT_SLICEM_I0_O)
                                                      0.051     1.580 r  u_CORE/gen_lanes[1].u_LANE/u_WRAPPER/cnn_core_inst/shared_conv_array_array_ap_fixed_48u_config7_4u_ravel_matrix_conv2d_1_2u_U0/x27_c5_positive1_2_reg_27058[15]_i_74/O
                         net (fo=1, routed)           0.021     1.601    u_CORE/gen_lanes[1].u_LANE/u_WRAPPER/cnn_core_inst/shared_conv_array_array_ap_fixed_48u_config7_4u_ravel_matrix_conv2d_1_2u_U0/x27_c5_positive1_2_reg_27058[15]_i_74_n_3
    SLICE_X95Y60         CARRY8 (Prop_CARRY8_SLICEM_S[2]_O[2])
                                                      0.058     1.659 r  u_CORE/gen_lanes[1].u_LANE/u_WRAPPER/cnn_core_inst/shared_conv_array_array_ap_fixed_48u_config7_4u_ravel_matrix_conv2d_1_2u_U0/x27_c5_positive1_2_reg_27058_reg[15]_i_61/O[2]
                         net (fo=4, routed)           0.318     1.977    u_CORE/gen_lanes[1].u_LANE/u_WRAPPER/cnn_core_inst/shared_conv_array_array_ap_fixed_48u_config7_4u_ravel_matrix_conv2d_1_2u_U0/sext_ln645_1_fu_18109_p1[2]
    SLICE_X91Y58         LUT2 (Prop_C6LUT_SLICEL_I0_O)
                                                      0.035     2.012 r  u_CORE/gen_lanes[1].u_LANE/u_WRAPPER/cnn_core_inst/shared_conv_array_array_ap_fixed_48u_config7_4u_ravel_matrix_conv2d_1_2u_U0/x27_c5_positive1_2_reg_27058[15]_i_67/O
                         net (fo=1, routed)           0.010     2.022    u_CORE/gen_lanes[1].u_LANE/u_WRAPPER/cnn_core_inst/shared_conv_array_array_ap_fixed_48u_config7_4u_ravel_matrix_conv2d_1_2u_U0/x27_c5_positive1_2_reg_27058[15]_i_67_n_3
    SLICE_X91Y58         CARRY8 (Prop_CARRY8_SLICEL_S[2]_O[2])
                                                      0.054     2.076 r  u_CORE/gen_lanes[1].u_LANE/u_WRAPPER/cnn_core_inst/shared_conv_array_array_ap_fixed_48u_config7_4u_ravel_matrix_conv2d_1_2u_U0/x27_c5_positive1_2_reg_27058_reg[15]_i_50/O[2]
                         net (fo=3, routed)           0.300     2.377    u_CORE/gen_lanes[1].u_LANE/u_WRAPPER/cnn_core_inst/shared_conv_array_array_ap_fixed_48u_config7_4u_ravel_matrix_conv2d_1_2u_U0/sext_ln333_fu_18548_p1[2]
    SLICE_X92Y51         LUT3 (Prop_B5LUT_SLICEM_I1_O)
                                                      0.143     2.520 r  u_CORE/gen_lanes[1].u_LANE/u_WRAPPER/cnn_core_inst/shared_conv_array_array_ap_fixed_48u_config7_4u_ravel_matrix_conv2d_1_2u_U0/x27_c5_positive1_2_reg_27058[15]_i_48/O
                         net (fo=1, routed)           0.226     2.746    u_CORE/gen_lanes[1].u_LANE/u_WRAPPER/cnn_core_inst/shared_conv_array_array_ap_fixed_48u_config7_4u_ravel_matrix_conv2d_1_2u_U0/x27_c5_positive1_2_reg_27058[15]_i_48_n_3
    SLICE_X90Y51         CARRY8 (Prop_CARRY8_SLICEM_DI[3]_O[4])
                                                      0.147     2.893 r  u_CORE/gen_lanes[1].u_LANE/u_WRAPPER/cnn_core_inst/shared_conv_array_array_ap_fixed_48u_config7_4u_ravel_matrix_conv2d_1_2u_U0/x27_c5_positive1_2_reg_27058_reg[15]_i_23/O[4]
                         net (fo=5, routed)           0.492     3.385    u_CORE/gen_lanes[1].u_LANE/u_WRAPPER/cnn_core_inst/shared_conv_array_array_ap_fixed_48u_config7_4u_ravel_matrix_conv2d_1_2u_U0/x27_c5_positive1_2_reg_27058_reg[15]_i_23_n_14
    SLICE_X80Y51         LUT3 (Prop_A5LUT_SLICEL_I2_O)
                                                      0.100     3.485 r  u_CORE/gen_lanes[1].u_LANE/u_WRAPPER/cnn_core_inst/shared_conv_array_array_ap_fixed_48u_config7_4u_ravel_matrix_conv2d_1_2u_U0/x27_c5_positive1_2_reg_27058[7]_i_30/O
                         net (fo=1, routed)           0.160     3.645    u_CORE/gen_lanes[1].u_LANE/u_WRAPPER/cnn_core_inst/shared_conv_array_array_ap_fixed_48u_config7_4u_ravel_matrix_conv2d_1_2u_U0/x27_c5_positive1_2_reg_27058[7]_i_30_n_3
    SLICE_X80Y51         LUT5 (Prop_B5LUT_SLICEL_I1_O)
                                                      0.141     3.786 r  u_CORE/gen_lanes[1].u_LANE/u_WRAPPER/cnn_core_inst/shared_conv_array_array_ap_fixed_48u_config7_4u_ravel_matrix_conv2d_1_2u_U0/x27_c5_positive1_2_reg_27058[7]_i_19/O
                         net (fo=2, routed)           0.173     3.958    u_CORE/gen_lanes[1].u_LANE/u_WRAPPER/cnn_core_inst/shared_conv_array_array_ap_fixed_48u_config7_4u_ravel_matrix_conv2d_1_2u_U0/x27_c5_positive1_2_reg_27058[7]_i_19_n_3
    SLICE_X81Y50         LUT6 (Prop_A6LUT_SLICEM_I5_O)
                                                      0.125     4.083 r  u_CORE/gen_lanes[1].u_LANE/u_WRAPPER/cnn_core_inst/shared_conv_array_array_ap_fixed_48u_config7_4u_ravel_matrix_conv2d_1_2u_U0/x27_c5_positive1_2_reg_27058[7]_i_2/O
                         net (fo=2, routed)           0.206     4.290    u_CORE/gen_lanes[1].u_LANE/u_WRAPPER/cnn_core_inst/shared_conv_array_array_ap_fixed_48u_config7_4u_ravel_matrix_conv2d_1_2u_U0/x27_c5_positive1_2_reg_27058[7]_i_2_n_3
    SLICE_X81Y51         LUT3 (Prop_H6LUT_SLICEM_I0_O)
                                                      0.039     4.329 r  u_CORE/gen_lanes[1].u_LANE/u_WRAPPER/cnn_core_inst/shared_conv_array_array_ap_fixed_48u_config7_4u_ravel_matrix_conv2d_1_2u_U0/x27_c5_positive1_2_reg_27058[7]_i_10/O
                         net (fo=1, routed)           0.015     4.344    u_CORE/gen_lanes[1].u_LANE/u_WRAPPER/cnn_core_inst/shared_conv_array_array_ap_fixed_48u_config7_4u_ravel_matrix_conv2d_1_2u_U0/x27_c5_positive1_2_reg_27058[7]_i_10_n_3
    SLICE_X81Y51         CARRY8 (Prop_CARRY8_SLICEM_S[7]_CO[7])
                                                      0.117     4.461 r  u_CORE/gen_lanes[1].u_LANE/u_WRAPPER/cnn_core_inst/shared_conv_array_array_ap_fixed_48u_config7_4u_ravel_matrix_conv2d_1_2u_U0/x27_c5_positive1_2_reg_27058_reg[7]_i_1/CO[7]
                         net (fo=1, routed)           0.026     4.487    u_CORE/gen_lanes[1].u_LANE/u_WRAPPER/cnn_core_inst/shared_conv_array_array_ap_fixed_48u_config7_4u_ravel_matrix_conv2d_1_2u_U0/x27_c5_positive1_2_reg_27058_reg[7]_i_1_n_3
    SLICE_X81Y52         CARRY8 (Prop_CARRY8_SLICEM_CI_O[7])
                                                      0.116     4.603 r  u_CORE/gen_lanes[1].u_LANE/u_WRAPPER/cnn_core_inst/shared_conv_array_array_ap_fixed_48u_config7_4u_ravel_matrix_conv2d_1_2u_U0/x27_c5_positive1_2_reg_27058_reg[15]_i_1/O[7]
                         net (fo=1, routed)           0.026     4.629    u_CORE/gen_lanes[1].u_LANE/u_WRAPPER/cnn_core_inst/shared_conv_array_array_ap_fixed_48u_config7_4u_ravel_matrix_conv2d_1_2u_U0/x27_c5_positive1_2_fu_18552_p2[15]
    SLICE_X81Y52         FDRE                                         r  u_CORE/gen_lanes[1].u_LANE/u_WRAPPER/cnn_core_inst/shared_conv_array_array_ap_fixed_48u_config7_4u_ravel_matrix_conv2d_1_2u_U0/x27_c5_positive1_2_reg_27058_reg[15]/D
  -------------------------------------------------------------------    -------------------

                         (clock CLK_CNN rise edge)    5.000     5.000 r  
                                                      0.000     5.000 r  CLK_CNN (IN)
                         net (fo=48779, unset)        0.021     5.021    u_CORE/gen_lanes[1].u_LANE/u_WRAPPER/cnn_core_inst/shared_conv_array_array_ap_fixed_48u_config7_4u_ravel_matrix_conv2d_1_2u_U0/ap_clk
    SLICE_X81Y52         FDRE                                         r  u_CORE/gen_lanes[1].u_LANE/u_WRAPPER/cnn_core_inst/shared_conv_array_array_ap_fixed_48u_config7_4u_ravel_matrix_conv2d_1_2u_U0/x27_c5_positive1_2_reg_27058_reg[15]/C
                         clock pessimism              0.000     5.021    
                         clock uncertainty           -0.035     4.986    
    SLICE_X81Y52         FDRE (Setup_HFF_SLICEM_C_D)
                                                      0.025     5.011    u_CORE/gen_lanes[1].u_LANE/u_WRAPPER/cnn_core_inst/shared_conv_array_array_ap_fixed_48u_config7_4u_ravel_matrix_conv2d_1_2u_U0/x27_c5_positive1_2_reg_27058_reg[15]
  -------------------------------------------------------------------
                         required time                          5.011    
                         arrival time                          -4.629    
  -------------------------------------------------------------------
                         slack                                  0.382    





Min Delay Paths
--------------------------------------------------------------------------------------
Slack (MET) :             0.007ns  (arrival time - required time)
  Source:                 u_CORE/gen_lanes[0].u_LANE/u_WRAPPER/cnn_core_inst/relu_array_ap_fixed_48u_array_ap_ufixed_17_8_5_3_0_48u_relu_config8_U0/select_ln51_68_reg_4556_reg[7]/C
                            (rising edge-triggered cell FDRE clocked by CLK_CNN  {rise@0.000ns fall@2.500ns period=5.000ns})
  Destination:            u_CORE/gen_lanes[0].u_LANE/u_WRAPPER/cnn_core_inst/layer8_out_U/U_cnn_core_fifo_w816_d4_A_ram/mem_reg_0_3_462_475/RAMG/I
                            (rising edge-triggered cell RAMD32 clocked by CLK_CNN  {rise@0.000ns fall@2.500ns period=5.000ns})
  Path Group:             CLK_CNN
  Path Type:              Hold (Min at Slow Process Corner)
  Requirement:            0.000ns  (CLK_CNN rise@0.000ns - CLK_CNN rise@0.000ns)
  Data Path Delay:        0.122ns  (logic 0.060ns (49.180%)  route 0.062ns (50.820%))
  Logic Levels:           0  
  Clock Path Skew:        0.037ns (DCD - SCD - CPR)
    Destination Clock Delay (DCD):    0.057ns
    Source Clock Delay      (SCD):    0.020ns
    Clock Pessimism Removal (CPR):    -0.000ns

    Location             Delay type                Incr(ns)  Path(ns)    Netlist Resource(s)
  -------------------------------------------------------------------    -------------------
                         (clock CLK_CNN rise edge)    0.000     0.000 r  
                                                      0.000     0.000 r  CLK_CNN (IN)
                         net (fo=48779, unset)        0.020     0.020    u_CORE/gen_lanes[0].u_LANE/u_WRAPPER/cnn_core_inst/relu_array_ap_fixed_48u_array_ap_ufixed_17_8_5_3_0_48u_relu_config8_U0/ap_clk
    SLICE_X100Y228       FDRE                                         r  u_CORE/gen_lanes[0].u_LANE/u_WRAPPER/cnn_core_inst/relu_array_ap_fixed_48u_array_ap_ufixed_17_8_5_3_0_48u_relu_config8_U0/select_ln51_68_reg_4556_reg[7]/C
  -------------------------------------------------------------------    -------------------
    SLICE_X100Y228       FDRE (Prop_AFF2_SLICEL_C_Q)
                                                      0.060     0.080 r  u_CORE/gen_lanes[0].u_LANE/u_WRAPPER/cnn_core_inst/relu_array_ap_fixed_48u_array_ap_ufixed_17_8_5_3_0_48u_relu_config8_U0/select_ln51_68_reg_4556_reg[7]/Q
                         net (fo=1, routed)           0.062     0.142    u_CORE/gen_lanes[0].u_LANE/u_WRAPPER/cnn_core_inst/layer8_out_U/U_cnn_core_fifo_w816_d4_A_ram/mem_reg_0_3_462_475/DIG0
    SLICE_X101Y228       RAMD32                                       r  u_CORE/gen_lanes[0].u_LANE/u_WRAPPER/cnn_core_inst/layer8_out_U/U_cnn_core_fifo_w816_d4_A_ram/mem_reg_0_3_462_475/RAMG/I
  -------------------------------------------------------------------    -------------------

                         (clock CLK_CNN rise edge)    0.000     0.000 r  
                                                      0.000     0.000 r  CLK_CNN (IN)
                         net (fo=48779, unset)        0.057     0.057    u_CORE/gen_lanes[0].u_LANE/u_WRAPPER/cnn_core_inst/layer8_out_U/U_cnn_core_fifo_w816_d4_A_ram/mem_reg_0_3_462_475/WCLK
    SLICE_X101Y228       RAMD32                                       r  u_CORE/gen_lanes[0].u_LANE/u_WRAPPER/cnn_core_inst/layer8_out_U/U_cnn_core_fifo_w816_d4_A_ram/mem_reg_0_3_462_475/RAMG/CLK
                         clock pessimism              0.000     0.057    
    SLICE_X101Y228       RAMD32 (Hold_G5LUT_SLICEM_CLK_I)
                                                      0.078     0.135    u_CORE/gen_lanes[0].u_LANE/u_WRAPPER/cnn_core_inst/layer8_out_U/U_cnn_core_fifo_w816_d4_A_ram/mem_reg_0_3_462_475/RAMG
  -------------------------------------------------------------------
                         required time                         -0.135    
                         arrival time                           0.142    
  -------------------------------------------------------------------
                         slack                                  0.007    





Pulse Width Checks
--------------------------------------------------------------------------------------
Clock Name:         CLK_CNN
Waveform(ns):       { 0.000 2.500 }
Period(ns):         5.000
Sources:            { CLK_CNN }

Check Type        Corner  Lib Pin             Reference Pin  Required(ns)  Actual(ns)  Slack(ns)  Location      Pin
Min Period        n/a     RAMB36E2/CLKARDCLK  n/a            1.355         5.000       3.645      RAMB36_X4Y27  u_CORE/gen_lanes[0].u_LANE/u_FIFO/gnuram_async_fifo.xpm_fifo_base_inst/gen_sdpram.xpm_memory_base_inst/gen_wr_a.gen_word_narrow.mem_reg_bram_0/CLKARDCLK
Low Pulse Width   Slow    RAMB36E2/CLKARDCLK  n/a            0.542         2.500       1.958      RAMB36_X4Y27  u_CORE/gen_lanes[0].u_LANE/u_FIFO/gnuram_async_fifo.xpm_fifo_base_inst/gen_sdpram.xpm_memory_base_inst/gen_wr_a.gen_word_narrow.mem_reg_bram_0/CLKARDCLK
High Pulse Width  Slow    RAMB36E2/CLKARDCLK  n/a            0.542         2.500       1.958      RAMB36_X4Y27  u_CORE/gen_lanes[0].u_LANE/u_FIFO/gnuram_async_fifo.xpm_fifo_base_inst/gen_sdpram.xpm_memory_base_inst/gen_wr_a.gen_word_narrow.mem_reg_bram_0/CLKARDCLK



---------------------------------------------------------------------------------------------------
Path Group:  **async_default**
From Clock:  CLK_ADC
  To Clock:  CLK_ADC

Setup :            0  Failing Endpoints,  Worst Slack        1.376ns,  Total Violation        0.000ns
Hold  :            0  Failing Endpoints,  Worst Slack        0.288ns,  Total Violation        0.000ns
---------------------------------------------------------------------------------------------------


Max Delay Paths
--------------------------------------------------------------------------------------
Slack (MET) :             1.376ns  (required time - arrival time)
  Source:                 u_CORE/u_MULTIMODE_PATH/u_HILO/pre_trigger_reset_r_reg/C
                            (rising edge-triggered cell FDRE clocked by CLK_ADC  {rise@0.000ns fall@2.000ns period=4.000ns})
  Destination:            u_CORE/u_MULTIMODE_PATH/u_HILO/u_PRE_TRIGGER/chan_gen[2].U_CH/GATE_reg[13]/CLR
                            (recovery check against rising-edge clock CLK_ADC  {rise@0.000ns fall@2.000ns period=4.000ns})
  Path Group:             **async_default**
  Path Type:              Recovery (Max at Slow Process Corner)
  Requirement:            4.000ns  (CLK_ADC rise@4.000ns - CLK_ADC rise@0.000ns)
  Data Path Delay:        2.513ns  (logic 0.076ns (3.025%)  route 2.437ns (96.975%))
  Logic Levels:           0  
  Clock Path Skew:        -0.010ns (DCD - SCD + CPR)
    Destination Clock Delay (DCD):    0.020ns = ( 4.020 - 4.000 ) 
    Source Clock Delay      (SCD):    0.030ns
    Clock Pessimism Removal (CPR):    0.000ns
  Clock Uncertainty:      0.035ns  ((TSJ^2 + TIJ^2)^1/2 + DJ) / 2 + PE
    Total System Jitter     (TSJ):    0.071ns
    Total Input Jitter      (TIJ):    0.000ns
    Discrete Jitter          (DJ):    0.000ns
    Phase Error              (PE):    0.000ns

    Location             Delay type                Incr(ns)  Path(ns)    Netlist Resource(s)
  -------------------------------------------------------------------    -------------------
                         (clock CLK_ADC rise edge)    0.000     0.000 r  
                                                      0.000     0.000 r  CLK_ADC (IN)
                         net (fo=3175, unset)         0.030     0.030    u_CORE/u_MULTIMODE_PATH/u_HILO/CLK
    SLICE_X81Y162        FDRE                                         r  u_CORE/u_MULTIMODE_PATH/u_HILO/pre_trigger_reset_r_reg/C
  -------------------------------------------------------------------    -------------------
    SLICE_X81Y162        FDRE (Prop_EFF_SLICEM_C_Q)
                                                      0.076     0.106 f  u_CORE/u_MULTIMODE_PATH/u_HILO/pre_trigger_reset_r_reg/Q
                         net (fo=190, routed)         2.437     2.543    u_CORE/u_MULTIMODE_PATH/u_HILO/u_PRE_TRIGGER/chan_gen[2].U_CH/RESET
    SLICE_X104Y160       FDCE                                         f  u_CORE/u_MULTIMODE_PATH/u_HILO/u_PRE_TRIGGER/chan_gen[2].U_CH/GATE_reg[13]/CLR
  -------------------------------------------------------------------    -------------------

                         (clock CLK_ADC rise edge)    4.000     4.000 r  
                                                      0.000     4.000 r  CLK_ADC (IN)
                         net (fo=3175, unset)         0.020     4.020    u_CORE/u_MULTIMODE_PATH/u_HILO/u_PRE_TRIGGER/chan_gen[2].U_CH/CLK
    SLICE_X104Y160       FDCE                                         r  u_CORE/u_MULTIMODE_PATH/u_HILO/u_PRE_TRIGGER/chan_gen[2].U_CH/GATE_reg[13]/C
                         clock pessimism              0.000     4.020    
                         clock uncertainty           -0.035     3.985    
    SLICE_X104Y160       FDCE (Recov_CFF_SLICEL_C_CLR)
                                                     -0.066     3.919    u_CORE/u_MULTIMODE_PATH/u_HILO/u_PRE_TRIGGER/chan_gen[2].U_CH/GATE_reg[13]
  -------------------------------------------------------------------
                         required time                          3.919    
                         arrival time                          -2.543    
  -------------------------------------------------------------------
                         slack                                  1.376    





Min Delay Paths
--------------------------------------------------------------------------------------
Slack (MET) :             0.288ns  (arrival time - required time)
  Source:                 u_CORE/u_MULTIMODE_PATH/u_HILO/pre_trigger_reset_r_reg/C
                            (rising edge-triggered cell FDRE clocked by CLK_ADC  {rise@0.000ns fall@2.000ns period=4.000ns})
  Destination:            u_CORE/u_MULTIMODE_PATH/u_HILO/u_PRE_TRIGGER/coinc4_reg[3][3]/CLR
                            (removal check against rising-edge clock CLK_ADC  {rise@0.000ns fall@2.000ns period=4.000ns})
  Path Group:             **async_default**
  Path Type:              Removal (Min at Fast Process Corner)
  Requirement:            0.000ns  (CLK_ADC rise@0.000ns - CLK_ADC rise@0.000ns)
  Data Path Delay:        0.273ns  (logic 0.038ns (13.919%)  route 0.235ns (86.081%))
  Logic Levels:           0  
  Clock Path Skew:        0.005ns (DCD - SCD - CPR)
    Destination Clock Delay (DCD):    0.018ns
    Source Clock Delay      (SCD):    0.013ns
    Clock Pessimism Removal (CPR):    -0.000ns

    Location             Delay type                Incr(ns)  Path(ns)    Netlist Resource(s)
  -------------------------------------------------------------------    -------------------
                         (clock CLK_ADC rise edge)    0.000     0.000 r  
                                                      0.000     0.000 r  CLK_ADC (IN)
                         net (fo=3175, unset)         0.013     0.013    u_CORE/u_MULTIMODE_PATH/u_HILO/CLK
    SLICE_X81Y162        FDRE                                         r  u_CORE/u_MULTIMODE_PATH/u_HILO/pre_trigger_reset_r_reg/C
  -------------------------------------------------------------------    -------------------
    SLICE_X81Y162        FDRE (Prop_EFF_SLICEM_C_Q)
                                                      0.038     0.051 f  u_CORE/u_MULTIMODE_PATH/u_HILO/pre_trigger_reset_r_reg/Q
                         net (fo=190, routed)         0.235     0.286    u_CORE/u_MULTIMODE_PATH/u_HILO/u_PRE_TRIGGER/RESET
    SLICE_X94Y164        FDCE                                         f  u_CORE/u_MULTIMODE_PATH/u_HILO/u_PRE_TRIGGER/coinc4_reg[3][3]/CLR
  -------------------------------------------------------------------    -------------------

                         (clock CLK_ADC rise edge)    0.000     0.000 r  
                                                      0.000     0.000 r  CLK_ADC (IN)
                         net (fo=3175, unset)         0.018     0.018    u_CORE/u_MULTIMODE_PATH/u_HILO/u_PRE_TRIGGER/CLK
    SLICE_X94Y164        FDCE                                         r  u_CORE/u_MULTIMODE_PATH/u_HILO/u_PRE_TRIGGER/coinc4_reg[3][3]/C
                         clock pessimism              0.000     0.018    
    SLICE_X94Y164        FDCE (Remov_DFF_SLICEL_C_CLR)
                                                     -0.020    -0.002    u_CORE/u_MULTIMODE_PATH/u_HILO/u_PRE_TRIGGER/coinc4_reg[3][3]
  -------------------------------------------------------------------
                         required time                          0.002    
                         arrival time                           0.286    
  -------------------------------------------------------------------
                         slack                                  0.288    





