Time resolution is 1 ps
Info: [XPM_MEMORY 20-1] MEMORY_PRIMITIVE (0) instructs Vivado Synthesis to choose the memory primitive type. Depending on their values, other XPM_MEMORY parameters may preclude the choice of certain memory primitive types. Review XPM_MEMORY documentation and parameter values to understand any limitations, or set MEMORY_PRIMITIVE to a different value. tb_native_modes.dut.u_DUT.u_MULTIMODE_PATH.u_EVENT_FIFO.u_FIFO.xpm_fifo_base_inst.\gen_sdpram.xpm_memory_base_inst .config_drc
Time: 1 ps  Iteration: 0  Process: /tb_native_modes/dut/u_DUT/u_MULTIMODE_PATH/u_EVENT_FIFO/u_FIFO/xpm_fifo_base_inst/gen_sdpram.xpm_memory_base_inst/Initial302_5314  Scope: tb_native_modes.dut.u_DUT.u_MULTIMODE_PATH.u_EVENT_FIFO.u_FIFO.xpm_fifo_base_inst.\gen_sdpram.xpm_memory_base_inst .config_drc  File: /tools/Xilinx/Vivado/2023.2/data/ip/xpm/xpm_memory/hdl/xpm_memory.sv Line: 506
Note: DIST chunk_start seq=0 lane=0 busy='0'
Time: 322 ns  Iteration: 0  Process: /tb_native_modes/dut/u_DUT/u_LIVE_DISTRIBUTOR/line__101  File: /home/work1/Works/_codex_ai_trigger_native_20260917/system/HDL/rtl/ADC_CHUNK_DISTRIBUTOR.vhd
Note: DIST chunk_start seq=1 lane=1 busy='0'
Time: 578 ns  Iteration: 0  Process: /tb_native_modes/dut/u_DUT/u_LIVE_DISTRIBUTOR/line__101  File: /home/work1/Works/_codex_ai_trigger_native_20260917/system/HDL/rtl/ADC_CHUNK_DISTRIBUTOR.vhd
Note: DIST chunk_start seq=2 lane=0 busy='0'
Time: 834 ns  Iteration: 0  Process: /tb_native_modes/dut/u_DUT/u_LIVE_DISTRIBUTOR/line__101  File: /home/work1/Works/_codex_ai_trigger_native_20260917/system/HDL/rtl/ADC_CHUNK_DISTRIBUTOR.vhd
PASS native mode=0 events=2 CNN=0
Note: DIST chunk_start seq=3 lane=0 busy='0'
Time: 2738 ns  Iteration: 0  Process: /tb_native_modes/dut/u_DUT/u_LIVE_DISTRIBUTOR/line__101  File: /home/work1/Works/_codex_ai_trigger_native_20260917/system/HDL/rtl/ADC_CHUNK_DISTRIBUTOR.vhd
Note: DIST chunk_start seq=4 lane=1 busy='0'
Time: 2994 ns  Iteration: 0  Process: /tb_native_modes/dut/u_DUT/u_LIVE_DISTRIBUTOR/line__101  File: /home/work1/Works/_codex_ai_trigger_native_20260917/system/HDL/rtl/ADC_CHUNK_DISTRIBUTOR.vhd
Note: DIST chunk_start seq=5 lane=0 busy='0'
Time: 3250 ns  Iteration: 0  Process: /tb_native_modes/dut/u_DUT/u_LIVE_DISTRIBUTOR/line__101  File: /home/work1/Works/_codex_ai_trigger_native_20260917/system/HDL/rtl/ADC_CHUNK_DISTRIBUTOR.vhd
PASS native mode=1 events=1 CNN=0
Note: DIST chunk_start seq=6 lane=0 busy='0'
Time: 4890 ns  Iteration: 0  Process: /tb_native_modes/dut/u_DUT/u_LIVE_DISTRIBUTOR/line__101  File: /home/work1/Works/_codex_ai_trigger_native_20260917/system/HDL/rtl/ADC_CHUNK_DISTRIBUTOR.vhd
Note: DIST chunk_start seq=7 lane=1 busy='0'
Time: 5146 ns  Iteration: 0  Process: /tb_native_modes/dut/u_DUT/u_LIVE_DISTRIBUTOR/line__101  File: /home/work1/Works/_codex_ai_trigger_native_20260917/system/HDL/rtl/ADC_CHUNK_DISTRIBUTOR.vhd
Note: DIST chunk_start seq=8 lane=0 busy='0'
Time: 5402 ns  Iteration: 0  Process: /tb_native_modes/dut/u_DUT/u_LIVE_DISTRIBUTOR/line__101  File: /home/work1/Works/_codex_ai_trigger_native_20260917/system/HDL/rtl/ADC_CHUNK_DISTRIBUTOR.vhd
PASS native mode=3 events=1 CNN=0
Note: DIST chunk_start seq=9 lane=0 busy='0'
Time: 7042 ns  Iteration: 0  Process: /tb_native_modes/dut/u_DUT/u_LIVE_DISTRIBUTOR/line__101  File: /home/work1/Works/_codex_ai_trigger_native_20260917/system/HDL/rtl/ADC_CHUNK_DISTRIBUTOR.vhd
Note: DIST chunk_start seq=10 lane=1 busy='0'
Time: 7298 ns  Iteration: 0  Process: /tb_native_modes/dut/u_DUT/u_LIVE_DISTRIBUTOR/line__101  File: /home/work1/Works/_codex_ai_trigger_native_20260917/system/HDL/rtl/ADC_CHUNK_DISTRIBUTOR.vhd
Note: DIST chunk_start seq=11 lane=0 busy='0'
Time: 7554 ns  Iteration: 0  Process: /tb_native_modes/dut/u_DUT/u_LIVE_DISTRIBUTOR/line__101  File: /home/work1/Works/_codex_ai_trigger_native_20260917/system/HDL/rtl/ADC_CHUNK_DISTRIBUTOR.vhd
Note: LANE0 ADC chunk_accept count=1 fifo_full='0'
Time: 7566 ns  Iteration: 0  Process: /tb_native_modes/dut/u_DUT/\gen_lanes(0)\/u_LANE/line__220  File: /home/work1/Works/_codex_ai_trigger_native_20260917/system/HDL/rtl/CNN_CORE_LANE.vhd
Note: LANE0 started_next=1 fifo_empty='0' fifo_data_valid='1' ready='0' idle='1'
Time: 7607500 ps  Iteration: 0  Process: /tb_native_modes/dut/u_DUT/\gen_lanes(0)\/u_LANE/line__309  File: /home/work1/Works/_codex_ai_trigger_native_20260917/system/HDL/rtl/CNN_CORE_LANE.vhd
Note: LANE0 ADC busy_clear stream_done_seen='1' wr_count=0
Time: 7866 ns  Iteration: 0  Process: /tb_native_modes/dut/u_DUT/\gen_lanes(0)\/u_LANE/line__220  File: /home/work1/Works/_codex_ai_trigger_native_20260917/system/HDL/rtl/CNN_CORE_LANE.vhd
Note: LANE0 CNN output_valid score_raw=-1495 started=1
Time: 8017500 ps  Iteration: 0  Process: /tb_native_modes/dut/u_DUT/\gen_lanes(0)\/u_LANE/line__309  File: /home/work1/Works/_codex_ai_trigger_native_20260917/system/HDL/rtl/CNN_CORE_LANE.vhd
PASS native mode=4 events=1 CNN=1
Note: DIST chunk_start seq=12 lane=1 busy='0'
Time: 9366 ns  Iteration: 0  Process: /tb_native_modes/dut/u_DUT/u_LIVE_DISTRIBUTOR/line__101  File: /home/work1/Works/_codex_ai_trigger_native_20260917/system/HDL/rtl/ADC_CHUNK_DISTRIBUTOR.vhd
Note: DIST chunk_start seq=13 lane=0 busy='0'
Time: 9622 ns  Iteration: 0  Process: /tb_native_modes/dut/u_DUT/u_LIVE_DISTRIBUTOR/line__101  File: /home/work1/Works/_codex_ai_trigger_native_20260917/system/HDL/rtl/ADC_CHUNK_DISTRIBUTOR.vhd
Note: DIST chunk_start seq=14 lane=1 busy='0'
Time: 9958 ns  Iteration: 0  Process: /tb_native_modes/dut/u_DUT/u_LIVE_DISTRIBUTOR/line__101  File: /home/work1/Works/_codex_ai_trigger_native_20260917/system/HDL/rtl/ADC_CHUNK_DISTRIBUTOR.vhd
Note: DIST chunk_start seq=15 lane=0 busy='0'
Time: 10214 ns  Iteration: 0  Process: /tb_native_modes/dut/u_DUT/u_LIVE_DISTRIBUTOR/line__101  File: /home/work1/Works/_codex_ai_trigger_native_20260917/system/HDL/rtl/ADC_CHUNK_DISTRIBUTOR.vhd
PASS native runtime mode switch gated AI to Capture-All
PASS native modes complete
$finish called at time : 11796 ns : File "/home/work1/Works/_codex_ai_trigger_native_20260917/system/tests/tb_native_modes.sv" Line 101
