Copyright 1986-2022 Xilinx, Inc. All Rights Reserved. Copyright 2022-2023 Advanced Micro Devices, Inc. All Rights Reserved.
--------------------------------------------------------------------------------------------------------------------------------------------------
| Tool Version      : Vivado v.2023.2 (lin64) Build 4029153 Fri Oct 13 20:13:54 MDT 2023
| Date              : Thu Sep 17 10:22:12 2026
| Host              : AlbertsUbuntu running 64-bit Ubuntu 22.04.5 LTS
| Command           : report_timing_summary -return_string
| Design            : AI_TRIGGER_TOP
| Device            : xcku5p-ffvb676
| Speed File        : -2  PRODUCTION 1.29 05-01-2022
| Design State      : Routed
| Temperature Grade : E
--------------------------------------------------------------------------------------------------------------------------------------------------

Timing Summary Report

------------------------------------------------------------------------------------------------
| Timer Settings
| --------------
------------------------------------------------------------------------------------------------

  Enable Multi Corner Analysis               :  Yes
  Enable Pessimism Removal                   :  Yes
  Pessimism Removal Resolution               :  Nearest Common Node
  Enable Input Delay Default Clock           :  No
  Enable Preset / Clear Arcs                 :  No
  Disable Flight Delays                      :  No
  Ignore I/O Paths                           :  No
  Timing Early Launch at Borrowing Latches   :  No
  Borrow Time for Max Delay Exceptions       :  Yes
  Merge Timing Exceptions                    :  Yes
  Inter-SLR Compensation                     :  Conservative

  Corner  Analyze    Analyze    
  Name    Max Paths  Min Paths  
  ------  ---------  ---------  
  Slow    Yes        Yes        
  Fast    Yes        Yes        


------------------------------------------------------------------------------------------------
| Report Methodology
| ------------------
------------------------------------------------------------------------------------------------

Rule    Severity  Description                               Violations  
------  --------  ----------------------------------------  ----------  
XDCH-2  Warning   Same min and max delay values on IO port  875         

Note: This report is based on the most recent report_methodology run and may not be up-to-date. Run report_methodology on the current design for the latest report.



check_timing report

Table of Contents
-----------------
1. checking no_clock (0)
2. checking constant_clock (0)
3. checking pulse_width_clock (0)
4. checking unconstrained_internal_endpoints (0)
5. checking no_input_delay (1)
6. checking no_output_delay (0)
7. checking multiple_clock (0)
8. checking generated_clocks (0)
9. checking loops (0)
10. checking partial_input_delay (0)
11. checking partial_output_delay (0)
12. checking latch_loops (0)

1. checking no_clock (0)
------------------------
 There are 0 register/latch pins with no clock.


2. checking constant_clock (0)
------------------------------
 There are 0 register/latch pins with constant_clock.


3. checking pulse_width_clock (0)
---------------------------------
 There are 0 register/latch pins which need pulse_width check


4. checking unconstrained_internal_endpoints (0)
------------------------------------------------
 There are 0 pins that are not constrained for maximum delay.

 There are 0 pins that are not constrained for maximum delay due to constant clock.


5. checking no_input_delay (1)
------------------------------
 There are 0 input ports with no input delay specified.

 There is 1 input port with no input delay but user has a false path constraint. (MEDIUM)


6. checking no_output_delay (0)
-------------------------------
 There are 0 ports with no output delay specified.

 There are 0 ports with no output delay but user has a false path constraint

 There are 0 ports with no output delay but with a timing clock defined on it or propagating through it


7. checking multiple_clock (0)
------------------------------
 There are 0 register/latch pins with multiple clocks.


8. checking generated_clocks (0)
--------------------------------
 There are 0 generated clocks that are not connected to a clock source.


9. checking loops (0)
---------------------
 There are 0 combinational loops in the design.


10. checking partial_input_delay (0)
------------------------------------
 There are 0 input ports with partial input delay specified.


11. checking partial_output_delay (0)
-------------------------------------
 There are 0 ports with partial output delay specified.


12. checking latch_loops (0)
----------------------------
 There are 0 combinational latch loops in the design through latch input



------------------------------------------------------------------------------------------------
| Design Timing Summary
| ---------------------
------------------------------------------------------------------------------------------------

    WNS(ns)      TNS(ns)  TNS Failing Endpoints  TNS Total Endpoints      WHS(ns)      THS(ns)  THS Failing Endpoints  THS Total Endpoints     WPWS(ns)     TPWS(ns)  TPWS Failing Endpoints  TPWS Total Endpoints  
    -------      -------  ---------------------  -------------------      -------      -------  ---------------------  -------------------     --------     --------  ----------------------  --------------------  
      0.041        0.000                      0               161189        0.032        0.000                      0               159957        1.300        0.000                       0                 51949  


All user specified timing constraints are met.


------------------------------------------------------------------------------------------------
| Clock Summary
| -------------
------------------------------------------------------------------------------------------------

Clock    Waveform(ns)         Period(ns)      Frequency(MHz)
-----    ------------         ----------      --------------
CLK_ADC  {0.000 2.000}        4.000           250.000         
CLK_CNN  {0.000 2.500}        5.000           200.000         


------------------------------------------------------------------------------------------------
| Intra Clock Table
| -----------------
------------------------------------------------------------------------------------------------

Clock             WNS(ns)      TNS(ns)  TNS Failing Endpoints  TNS Total Endpoints      WHS(ns)      THS(ns)  THS Failing Endpoints  THS Total Endpoints     WPWS(ns)     TPWS(ns)  TPWS Failing Endpoints  TPWS Total Endpoints  
-----             -------      -------  ---------------------  -------------------      -------      -------  ---------------------  -------------------     --------     --------  ----------------------  --------------------  
CLK_ADC             0.041        0.000                      0                10973        0.038        0.000                      0                 9741        1.300        0.000                       0                  3176  
CLK_CNN             0.191        0.000                      0               150027        0.032        0.000                      0               150027        1.958        0.000                       0                 48773  


------------------------------------------------------------------------------------------------
| Inter Clock Table
| -----------------
------------------------------------------------------------------------------------------------

From Clock    To Clock          WNS(ns)      TNS(ns)  TNS Failing Endpoints  TNS Total Endpoints      WHS(ns)      THS(ns)  THS Failing Endpoints  THS Total Endpoints  
----------    --------          -------      -------  ---------------------  -------------------      -------      -------  ---------------------  -------------------  


------------------------------------------------------------------------------------------------
| Other Path Groups Table
| -----------------------
------------------------------------------------------------------------------------------------

Path Group         From Clock         To Clock               WNS(ns)      TNS(ns)  TNS Failing Endpoints  TNS Total Endpoints      WHS(ns)      THS(ns)  THS Failing Endpoints  THS Total Endpoints  
----------         ----------         --------               -------      -------  ---------------------  -------------------      -------      -------  ---------------------  -------------------  
**async_default**  CLK_ADC            CLK_ADC                  1.536        0.000                      0                  189        0.229        0.000                      0                  189  


------------------------------------------------------------------------------------------------
| Timing Details
| --------------
------------------------------------------------------------------------------------------------


---------------------------------------------------------------------------------------------------
From Clock:  CLK_ADC
  To Clock:  CLK_ADC

Setup :            0  Failing Endpoints,  Worst Slack        0.041ns,  Total Violation        0.000ns
Hold  :            0  Failing Endpoints,  Worst Slack        0.038ns,  Total Violation        0.000ns
PW    :            0  Failing Endpoints,  Worst Slack        1.300ns,  Total Violation        0.000ns
---------------------------------------------------------------------------------------------------


Max Delay Paths
--------------------------------------------------------------------------------------
Slack (MET) :             0.041ns  (required time - arrival time)
  Source:                 u_CORE/u_MULTIMODE_PATH/u_RECORDER/active_valid_r_reg/C
                            (rising edge-triggered cell FDRE clocked by CLK_ADC  {rise@0.000ns fall@2.000ns period=4.000ns})
  Destination:            u_CORE/u_MULTIMODE_PATH/u_GATED_READER/active_thresh_r_reg[13]/CE
                            (rising edge-triggered cell FDRE clocked by CLK_ADC  {rise@0.000ns fall@2.000ns period=4.000ns})
  Path Group:             CLK_ADC
  Path Type:              Setup (Max at Slow Process Corner)
  Requirement:            4.000ns  (CLK_ADC rise@4.000ns - CLK_ADC rise@0.000ns)
  Data Path Delay:        3.854ns  (logic 1.560ns (40.475%)  route 2.294ns (59.525%))
  Logic Levels:           13  (CARRY8=1 LUT1=1 LUT2=1 LUT3=2 LUT4=1 LUT5=2 LUT6=5)
  Clock Path Skew:        -0.009ns (DCD - SCD + CPR)
    Destination Clock Delay (DCD):    0.020ns = ( 4.020 - 4.000 ) 
    Source Clock Delay      (SCD):    0.029ns
    Clock Pessimism Removal (CPR):    0.000ns
  Clock Uncertainty:      0.035ns  ((TSJ^2 + TIJ^2)^1/2 + DJ) / 2 + PE
    Total System Jitter     (TSJ):    0.071ns
    Total Input Jitter      (TIJ):    0.000ns
    Discrete Jitter          (DJ):    0.000ns
    Phase Error              (PE):    0.000ns

    Location             Delay type                Incr(ns)  Path(ns)    Netlist Resource(s)
  -------------------------------------------------------------------    -------------------
                         (clock CLK_ADC rise edge)    0.000     0.000 r  
                                                      0.000     0.000 r  CLK_ADC (IN)
                         net (fo=3175, unset)         0.029     0.029    u_CORE/u_MULTIMODE_PATH/u_RECORDER/CLK
    SLICE_X47Y110        FDRE                                         r  u_CORE/u_MULTIMODE_PATH/u_RECORDER/active_valid_r_reg/C
  -------------------------------------------------------------------    -------------------
    SLICE_X47Y110        FDRE (Prop_HFF_SLICEL_C_Q)
                                                      0.079     0.108 f  u_CORE/u_MULTIMODE_PATH/u_RECORDER/active_valid_r_reg/Q
                         net (fo=62, routed)          0.137     0.245    u_CORE/u_MULTIMODE_PATH/u_RECORDER/CHECK_VALID
    SLICE_X47Y110        LUT2 (Prop_F6LUT_SLICEL_I0_O)
                                                      0.123     0.368 f  u_CORE/u_MULTIMODE_PATH/u_RECORDER/CHECK_START_OFFSET[2]_INST_0/O
                         net (fo=1, routed)           0.183     0.551    u_CORE/u_MULTIMODE_PATH/u_RING_ARBITER/EVENT_CHECK_OFFSET[2]
    SLICE_X48Y112        LUT3 (Prop_E5LUT_SLICEL_I0_O)
                                                      0.114     0.665 f  u_CORE/u_MULTIMODE_PATH/u_RING_ARBITER/SHARED_CHECK_OFFSET[2]_INST_0/O
                         net (fo=2, routed)           0.209     0.874    u_CORE/u_MULTIMODE_PATH/u_RING/CHECK_START_OFFSET[2]
    SLICE_X49Y112        LUT1 (Prop_B6LUT_SLICEM_I0_O)
                                                      0.052     0.926 r  u_CORE/u_MULTIMODE_PATH/u_RING/tag_mem_reg_r2_0_63_0_6_i_6/O
                         net (fo=1, routed)           0.016     0.942    u_CORE/u_MULTIMODE_PATH/u_RING/tag_mem_reg_r2_0_63_0_6_i_6_n_3
    SLICE_X49Y112        CARRY8 (Prop_CARRY8_SLICEM_S[1]_O[5])
                                                      0.237     1.179 r  u_CORE/u_MULTIMODE_PATH/u_RING/tag_mem_reg_r2_0_63_0_6_i_2/O[5]
                         net (fo=39, routed)          0.339     1.518    u_CORE/u_MULTIMODE_PATH/u_RING/id[0]
    SLICE_X52Y112        LUT6 (Prop_G6LUT_SLICEM_I2_O)
                                                      0.090     1.608 r  u_CORE/u_MULTIMODE_PATH/u_RING/CHECK_PRESENT_INST_0_i_47/O
                         net (fo=1, routed)           0.160     1.768    u_CORE/u_MULTIMODE_PATH/u_RING/CHECK_PRESENT_INST_0_i_47_n_3
    SLICE_X52Y111        LUT6 (Prop_E6LUT_SLICEM_I0_O)
                                                      0.148     1.916 r  u_CORE/u_MULTIMODE_PATH/u_RING/CHECK_PRESENT_INST_0_i_18/O
                         net (fo=1, routed)           0.275     2.191    u_CORE/u_MULTIMODE_PATH/u_RING/CHECK_PRESENT_INST_0_i_18_n_3
    SLICE_X46Y111        LUT6 (Prop_H6LUT_SLICEL_I0_O)
                                                      0.099     2.290 f  u_CORE/u_MULTIMODE_PATH/u_RING/CHECK_PRESENT_INST_0_i_5/O
                         net (fo=3, routed)           0.165     2.455    u_CORE/u_MULTIMODE_PATH/u_RING/CHECK_PRESENT_INST_0_i_5_n_3
    SLICE_X45Y111        LUT5 (Prop_C6LUT_SLICEL_I4_O)
                                                      0.050     2.505 r  u_CORE/u_MULTIMODE_PATH/u_RING/CHECK_PRESENT_INST_0/O
                         net (fo=2, routed)           0.105     2.610    u_CORE/u_MULTIMODE_PATH/u_RING_ARBITER/SHARED_CHECK_PRESENT
    SLICE_X45Y113        LUT3 (Prop_F6LUT_SLICEL_I2_O)
                                                      0.123     2.733 r  u_CORE/u_MULTIMODE_PATH/u_RING_ARBITER/GATED_CHECK_PRESENT_INST_0/O
                         net (fo=2, routed)           0.106     2.839    u_CORE/u_MULTIMODE_PATH/u_GATED_READER/CHECK_PRESENT
    SLICE_X45Y115        LUT6 (Prop_D6LUT_SLICEL_I1_O)
                                                      0.122     2.961 r  u_CORE/u_MULTIMODE_PATH/u_GATED_READER/RING_REQUEST_INST_0/O
                         net (fo=2, routed)           0.052     3.013    u_CORE/u_MULTIMODE_PATH/u_RING_ARBITER/GATED_REQUEST
    SLICE_X45Y115        LUT4 (Prop_B6LUT_SLICEL_I1_O)
                                                      0.124     3.137 r  u_CORE/u_MULTIMODE_PATH/u_RING_ARBITER/GATED_GRANT_INST_0/O
                         net (fo=1, routed)           0.132     3.269    u_CORE/u_MULTIMODE_PATH/u_GATED_READER/RING_GRANT
    SLICE_X45Y115        LUT6 (Prop_C6LUT_SLICEL_I0_O)
                                                      0.050     3.319 r  u_CORE/u_MULTIMODE_PATH/u_GATED_READER/rb_rd_en_r_i_2/O
                         net (fo=4, routed)           0.064     3.383    u_CORE/u_MULTIMODE_PATH/u_GATED_READER/rb_rd_en_r_i_2_n_3
    SLICE_X45Y115        LUT5 (Prop_G6LUT_SLICEL_I4_O)
                                                      0.149     3.532 r  u_CORE/u_MULTIMODE_PATH/u_GATED_READER/active_work_r[start_address][chunk_id][15]_i_1/O
                         net (fo=81, routed)          0.351     3.883    u_CORE/u_MULTIMODE_PATH/u_GATED_READER/active_work_r[start_address][chunk_id]
    SLICE_X45Y119        FDRE                                         r  u_CORE/u_MULTIMODE_PATH/u_GATED_READER/active_thresh_r_reg[13]/CE
  -------------------------------------------------------------------    -------------------

                         (clock CLK_ADC rise edge)    4.000     4.000 r  
                                                      0.000     4.000 r  CLK_ADC (IN)
                         net (fo=3175, unset)         0.020     4.020    u_CORE/u_MULTIMODE_PATH/u_GATED_READER/CLK
    SLICE_X45Y119        FDRE                                         r  u_CORE/u_MULTIMODE_PATH/u_GATED_READER/active_thresh_r_reg[13]/C
                         clock pessimism              0.000     4.020    
                         clock uncertainty           -0.035     3.985    
    SLICE_X45Y119        FDRE (Setup_EFF2_SLICEL_C_CE)
                                                     -0.060     3.925    u_CORE/u_MULTIMODE_PATH/u_GATED_READER/active_thresh_r_reg[13]
  -------------------------------------------------------------------
                         required time                          3.925    
                         arrival time                          -3.883    
  -------------------------------------------------------------------
                         slack                                  0.041    





Min Delay Paths
--------------------------------------------------------------------------------------
Slack (MET) :             0.038ns  (arrival time - required time)
  Source:                 u_CORE/u_MULTIMODE_PATH/u_HILO/rate_count_r_reg[2]/C
                            (rising edge-triggered cell FDRE clocked by CLK_ADC  {rise@0.000ns fall@2.000ns period=4.000ns})
  Destination:            u_CORE/u_MULTIMODE_PATH/u_HILO/rate_count_r_reg[1]/D
                            (rising edge-triggered cell FDRE clocked by CLK_ADC  {rise@0.000ns fall@2.000ns period=4.000ns})
  Path Group:             CLK_ADC
  Path Type:              Hold (Min at Fast Process Corner)
  Requirement:            0.000ns  (CLK_ADC rise@0.000ns - CLK_ADC rise@0.000ns)
  Data Path Delay:        0.090ns  (logic 0.059ns (65.488%)  route 0.031ns (34.512%))
  Logic Levels:           1  (LUT5=1)
  Clock Path Skew:        0.005ns (DCD - SCD - CPR)
    Destination Clock Delay (DCD):    0.018ns
    Source Clock Delay      (SCD):    0.013ns
    Clock Pessimism Removal (CPR):    -0.000ns

    Location             Delay type                Incr(ns)  Path(ns)    Netlist Resource(s)
  -------------------------------------------------------------------    -------------------
                         (clock CLK_ADC rise edge)    0.000     0.000 r  
                                                      0.000     0.000 r  CLK_ADC (IN)
                         net (fo=3175, unset)         0.013     0.013    u_CORE/u_MULTIMODE_PATH/u_HILO/CLK
    SLICE_X36Y117        FDRE                                         r  u_CORE/u_MULTIMODE_PATH/u_HILO/rate_count_r_reg[2]/C
  -------------------------------------------------------------------    -------------------
    SLICE_X36Y117        FDRE (Prop_GFF_SLICEL_C_Q)
                                                      0.039     0.052 r  u_CORE/u_MULTIMODE_PATH/u_HILO/rate_count_r_reg[2]/Q
                         net (fo=7, routed)           0.025     0.077    u_CORE/u_MULTIMODE_PATH/u_HILO/rate_count_r_reg[2]
    SLICE_X36Y117        LUT5 (Prop_D5LUT_SLICEL_I4_O)
                                                      0.020     0.097 r  u_CORE/u_MULTIMODE_PATH/u_HILO/rate_count_r[1]_i_1/O
                         net (fo=1, routed)           0.006     0.103    u_CORE/u_MULTIMODE_PATH/u_HILO/count_v[1]
    SLICE_X36Y117        FDRE                                         r  u_CORE/u_MULTIMODE_PATH/u_HILO/rate_count_r_reg[1]/D
  -------------------------------------------------------------------    -------------------

                         (clock CLK_ADC rise edge)    0.000     0.000 r  
                                                      0.000     0.000 r  CLK_ADC (IN)
                         net (fo=3175, unset)         0.018     0.018    u_CORE/u_MULTIMODE_PATH/u_HILO/CLK
    SLICE_X36Y117        FDRE                                         r  u_CORE/u_MULTIMODE_PATH/u_HILO/rate_count_r_reg[1]/C
                         clock pessimism              0.000     0.018    
    SLICE_X36Y117        FDRE (Hold_DFF2_SLICEL_C_D)
                                                      0.047     0.065    u_CORE/u_MULTIMODE_PATH/u_HILO/rate_count_r_reg[1]
  -------------------------------------------------------------------
                         required time                         -0.065    
                         arrival time                           0.103    
  -------------------------------------------------------------------
                         slack                                  0.038    





Pulse Width Checks
--------------------------------------------------------------------------------------
Clock Name:         CLK_ADC
Waveform(ns):       { 0.000 2.000 }
Period(ns):         4.000
Sources:            { CLK_ADC }

Check Type        Corner  Lib Pin      Reference Pin  Required(ns)  Actual(ns)  Slack(ns)  Location       Pin
Min Period        n/a     URAM288/CLK  n/a            2.000         4.000       2.000      URAM288_X0Y32  u_CORE/u_MULTIMODE_PATH/u_RING/batch_mem_reg_uram_0/CLK
Low Pulse Width   Slow    URAM288/CLK  n/a            0.700         2.000       1.300      URAM288_X0Y32  u_CORE/u_MULTIMODE_PATH/u_RING/batch_mem_reg_uram_0/CLK
High Pulse Width  Slow    URAM288/CLK  n/a            0.700         2.000       1.300      URAM288_X0Y32  u_CORE/u_MULTIMODE_PATH/u_RING/batch_mem_reg_uram_0/CLK



---------------------------------------------------------------------------------------------------
From Clock:  CLK_CNN
  To Clock:  CLK_CNN

Setup :            0  Failing Endpoints,  Worst Slack        0.191ns,  Total Violation        0.000ns
Hold  :            0  Failing Endpoints,  Worst Slack        0.032ns,  Total Violation        0.000ns
PW    :            0  Failing Endpoints,  Worst Slack        1.958ns,  Total Violation        0.000ns
---------------------------------------------------------------------------------------------------


Max Delay Paths
--------------------------------------------------------------------------------------
Slack (MET) :             0.191ns  (required time - arrival time)
  Source:                 u_CORE/gen_lanes[0].u_LANE/u_WRAPPER/cnn_core_inst/shared_conv_array_array_ap_fixed_48u_config7_4u_ravel_matrix_conv2d_1_2u_U0/icmp_ln1181_reg_24523_pp0_iter5_reg_reg[0]/C
                            (rising edge-triggered cell FDRE clocked by CLK_CNN  {rise@0.000ns fall@2.500ns period=5.000ns})
  Destination:            u_CORE/gen_lanes[0].u_LANE/u_WRAPPER/cnn_core_inst/shared_conv_array_array_ap_fixed_48u_config7_4u_ravel_matrix_conv2d_1_2u_U0/p_ZZN5ravel11shared_convIN4nnet5arrayI8ap_fixedILi10ELi5EL9ap_q_mode0EL9ap_o_mode_202_reg[9]/CE
                            (rising edge-triggered cell FDRE clocked by CLK_CNN  {rise@0.000ns fall@2.500ns period=5.000ns})
  Path Group:             CLK_CNN
  Path Type:              Setup (Max at Slow Process Corner)
  Requirement:            5.000ns  (CLK_CNN rise@5.000ns - CLK_CNN rise@0.000ns)
  Data Path Delay:        4.704ns  (logic 0.437ns (9.290%)  route 4.267ns (90.710%))
  Logic Levels:           4  (BUFGCE=1 LUT2=1 LUT3=1 LUT6=1)
  Clock Path Skew:        -0.009ns (DCD - SCD + CPR)
    Destination Clock Delay (DCD):    0.021ns = ( 5.021 - 5.000 ) 
    Source Clock Delay      (SCD):    0.030ns
    Clock Pessimism Removal (CPR):    0.000ns
  Clock Uncertainty:      0.035ns  ((TSJ^2 + TIJ^2)^1/2 + DJ) / 2 + PE
    Total System Jitter     (TSJ):    0.071ns
    Total Input Jitter      (TIJ):    0.000ns
    Discrete Jitter          (DJ):    0.000ns
    Phase Error              (PE):    0.000ns

    Location             Delay type                Incr(ns)  Path(ns)    Netlist Resource(s)
  -------------------------------------------------------------------    -------------------
                         (clock CLK_CNN rise edge)    0.000     0.000 r  
                                                      0.000     0.000 r  CLK_CNN (IN)
                         net (fo=48772, unset)        0.030     0.030    u_CORE/gen_lanes[0].u_LANE/u_WRAPPER/cnn_core_inst/shared_conv_array_array_ap_fixed_48u_config7_4u_ravel_matrix_conv2d_1_2u_U0/ap_clk
    SLICE_X90Y206        FDRE                                         r  u_CORE/gen_lanes[0].u_LANE/u_WRAPPER/cnn_core_inst/shared_conv_array_array_ap_fixed_48u_config7_4u_ravel_matrix_conv2d_1_2u_U0/icmp_ln1181_reg_24523_pp0_iter5_reg_reg[0]/C
  -------------------------------------------------------------------    -------------------
    SLICE_X90Y206        FDRE (Prop_DFF_SLICEM_C_Q)
                                                      0.078     0.108 f  u_CORE/gen_lanes[0].u_LANE/u_WRAPPER/cnn_core_inst/shared_conv_array_array_ap_fixed_48u_config7_4u_ravel_matrix_conv2d_1_2u_U0/icmp_ln1181_reg_24523_pp0_iter5_reg_reg[0]/Q
                         net (fo=2, routed)           0.509     0.617    u_CORE/gen_lanes[0].u_LANE/u_WRAPPER/cnn_core_inst/shared_conv_array_array_ap_fixed_48u_config7_4u_ravel_matrix_conv2d_1_2u_U0/icmp_ln1181_reg_24523_pp0_iter5_reg
    SLICE_X79Y206        LUT2 (Prop_C6LUT_SLICEM_I0_O)
                                                      0.098     0.715 f  u_CORE/gen_lanes[0].u_LANE/u_WRAPPER/cnn_core_inst/shared_conv_array_array_ap_fixed_48u_config7_4u_ravel_matrix_conv2d_1_2u_U0/ap_ready_INST_0_i_3/O
                         net (fo=1, routed)           0.090     0.805    u_CORE/gen_lanes[0].u_LANE/u_WRAPPER/cnn_core_inst/shared_conv_array_array_ap_fixed_48u_config7_4u_ravel_matrix_conv2d_1_2u_U0/ap_ready_INST_0_i_3_n_3
    SLICE_X79Y206        LUT6 (Prop_G6LUT_SLICEM_I5_O)
                                                      0.090     0.895 r  u_CORE/gen_lanes[0].u_LANE/u_WRAPPER/cnn_core_inst/shared_conv_array_array_ap_fixed_48u_config7_4u_ravel_matrix_conv2d_1_2u_U0/ap_ready_INST_0_i_1/O
                         net (fo=10, routed)          0.062     0.957    u_CORE/gen_lanes[0].u_LANE/u_WRAPPER/cnn_core_inst/shared_conv_array_array_ap_fixed_48u_config7_4u_ravel_matrix_conv2d_1_2u_U0/ap_ready_INST_0_i_1_n_3_bufg_place
    SLICE_X79Y206        LUT3 (Prop_B5LUT_SLICEM_I0_O)
                                                      0.143     1.100 r  u_CORE/gen_lanes[0].u_LANE/u_WRAPPER/cnn_core_inst/shared_conv_array_array_ap_fixed_48u_config7_4u_ravel_matrix_conv2d_1_2u_U0/layer5_out_x4_read_INST_0/O
                         net (fo=10, routed)          1.859     2.959    u_CORE/gen_lanes[0].u_LANE/u_WRAPPER/cnn_core_inst/shared_conv_array_array_ap_fixed_48u_config7_4u_ravel_matrix_conv2d_1_2u_U0/layer5_out_x4_read_bufg_place
    BUFGCE_X0Y72         BUFGCE (Prop_BUFCE_BUFGCE_I_O)
                                                      0.028     2.987 r  u_CORE/gen_lanes[0].u_LANE/u_WRAPPER/cnn_core_inst/shared_conv_array_array_ap_fixed_48u_config7_4u_ravel_matrix_conv2d_1_2u_U0/layer5_out_x4_read_INST_0_bufg_place/O
                         net (fo=2080, routed)        1.747     4.734    u_CORE/gen_lanes[0].u_LANE/u_WRAPPER/cnn_core_inst/shared_conv_array_array_ap_fixed_48u_config7_4u_ravel_matrix_conv2d_1_2u_U0/layer5_out_x4_read
    SLICE_X107Y107       FDRE                                         r  u_CORE/gen_lanes[0].u_LANE/u_WRAPPER/cnn_core_inst/shared_conv_array_array_ap_fixed_48u_config7_4u_ravel_matrix_conv2d_1_2u_U0/p_ZZN5ravel11shared_convIN4nnet5arrayI8ap_fixedILi10ELi5EL9ap_q_mode0EL9ap_o_mode_202_reg[9]/CE
  -------------------------------------------------------------------    -------------------

                         (clock CLK_CNN rise edge)    5.000     5.000 r  
                                                      0.000     5.000 r  CLK_CNN (IN)
                         net (fo=48772, unset)        0.021     5.021    u_CORE/gen_lanes[0].u_LANE/u_WRAPPER/cnn_core_inst/shared_conv_array_array_ap_fixed_48u_config7_4u_ravel_matrix_conv2d_1_2u_U0/ap_clk
    SLICE_X107Y107       FDRE                                         r  u_CORE/gen_lanes[0].u_LANE/u_WRAPPER/cnn_core_inst/shared_conv_array_array_ap_fixed_48u_config7_4u_ravel_matrix_conv2d_1_2u_U0/p_ZZN5ravel11shared_convIN4nnet5arrayI8ap_fixedILi10ELi5EL9ap_q_mode0EL9ap_o_mode_202_reg[9]/C
                         clock pessimism              0.000     5.021    
                         clock uncertainty           -0.035     4.986    
    SLICE_X107Y107       FDRE (Setup_EFF2_SLICEM_C_CE)
                                                     -0.061     4.925    u_CORE/gen_lanes[0].u_LANE/u_WRAPPER/cnn_core_inst/shared_conv_array_array_ap_fixed_48u_config7_4u_ravel_matrix_conv2d_1_2u_U0/p_ZZN5ravel11shared_convIN4nnet5arrayI8ap_fixedILi10ELi5EL9ap_q_mode0EL9ap_o_mode_202_reg[9]
  -------------------------------------------------------------------
                         required time                          4.925    
                         arrival time                          -4.734    
  -------------------------------------------------------------------
                         slack                                  0.191    





Min Delay Paths
--------------------------------------------------------------------------------------
Slack (MET) :             0.032ns  (arrival time - required time)
  Source:                 u_CORE/gen_lanes[0].u_LANE/u_WRAPPER/cnn_core_inst/relu_array_ap_fixed_48u_array_ap_ufixed_17_8_5_3_0_48u_relu_config8_U0/select_ln51_3_reg_4006_reg[0]/C
                            (rising edge-triggered cell FDRE clocked by CLK_CNN  {rise@0.000ns fall@2.500ns period=5.000ns})
  Destination:            u_CORE/gen_lanes[0].u_LANE/u_WRAPPER/cnn_core_inst/layer8_out_U/U_cnn_core_fifo_w816_d4_A_ram/mem_reg_0_3_42_55/RAME_D1/I
                            (rising edge-triggered cell RAMD32 clocked by CLK_CNN  {rise@0.000ns fall@2.500ns period=5.000ns})
  Path Group:             CLK_CNN
  Path Type:              Hold (Min at Fast Process Corner)
  Requirement:            0.000ns  (CLK_CNN rise@0.000ns - CLK_CNN rise@0.000ns)
  Data Path Delay:        0.103ns  (logic 0.039ns (37.864%)  route 0.064ns (62.136%))
  Logic Levels:           0  
  Clock Path Skew:        0.027ns (DCD - SCD - CPR)
    Destination Clock Delay (DCD):    0.039ns
    Source Clock Delay      (SCD):    0.012ns
    Clock Pessimism Removal (CPR):    -0.000ns

    Location             Delay type                Incr(ns)  Path(ns)    Netlist Resource(s)
  -------------------------------------------------------------------    -------------------
                         (clock CLK_CNN rise edge)    0.000     0.000 r  
                                                      0.000     0.000 r  CLK_CNN (IN)
                         net (fo=48772, unset)        0.012     0.012    u_CORE/gen_lanes[0].u_LANE/u_WRAPPER/cnn_core_inst/relu_array_ap_fixed_48u_array_ap_ufixed_17_8_5_3_0_48u_relu_config8_U0/ap_clk
    SLICE_X104Y229       FDRE                                         r  u_CORE/gen_lanes[0].u_LANE/u_WRAPPER/cnn_core_inst/relu_array_ap_fixed_48u_array_ap_ufixed_17_8_5_3_0_48u_relu_config8_U0/select_ln51_3_reg_4006_reg[0]/C
  -------------------------------------------------------------------    -------------------
    SLICE_X104Y229       FDRE (Prop_DFF_SLICEL_C_Q)
                                                      0.039     0.051 r  u_CORE/gen_lanes[0].u_LANE/u_WRAPPER/cnn_core_inst/relu_array_ap_fixed_48u_array_ap_ufixed_17_8_5_3_0_48u_relu_config8_U0/select_ln51_3_reg_4006_reg[0]/Q
                         net (fo=1, routed)           0.064     0.115    u_CORE/gen_lanes[0].u_LANE/u_WRAPPER/cnn_core_inst/layer8_out_U/U_cnn_core_fifo_w816_d4_A_ram/mem_reg_0_3_42_55/DIE1
    SLICE_X103Y229       RAMD32                                       r  u_CORE/gen_lanes[0].u_LANE/u_WRAPPER/cnn_core_inst/layer8_out_U/U_cnn_core_fifo_w816_d4_A_ram/mem_reg_0_3_42_55/RAME_D1/I
  -------------------------------------------------------------------    -------------------

                         (clock CLK_CNN rise edge)    0.000     0.000 r  
                                                      0.000     0.000 r  CLK_CNN (IN)
                         net (fo=48772, unset)        0.039     0.039    u_CORE/gen_lanes[0].u_LANE/u_WRAPPER/cnn_core_inst/layer8_out_U/U_cnn_core_fifo_w816_d4_A_ram/mem_reg_0_3_42_55/WCLK
    SLICE_X103Y229       RAMD32                                       r  u_CORE/gen_lanes[0].u_LANE/u_WRAPPER/cnn_core_inst/layer8_out_U/U_cnn_core_fifo_w816_d4_A_ram/mem_reg_0_3_42_55/RAME_D1/CLK
                         clock pessimism              0.000     0.039    
    SLICE_X103Y229       RAMD32 (Hold_E6LUT_SLICEM_CLK_I)
                                                      0.044     0.083    u_CORE/gen_lanes[0].u_LANE/u_WRAPPER/cnn_core_inst/layer8_out_U/U_cnn_core_fifo_w816_d4_A_ram/mem_reg_0_3_42_55/RAME_D1
  -------------------------------------------------------------------
                         required time                         -0.083    
                         arrival time                           0.115    
  -------------------------------------------------------------------
                         slack                                  0.032    





Pulse Width Checks
--------------------------------------------------------------------------------------
Clock Name:         CLK_CNN
Waveform(ns):       { 0.000 2.500 }
Period(ns):         5.000
Sources:            { CLK_CNN }

Check Type        Corner  Lib Pin             Reference Pin  Required(ns)  Actual(ns)  Slack(ns)  Location      Pin
Min Period        n/a     RAMB36E2/CLKARDCLK  n/a            1.355         5.000       3.645      RAMB36_X5Y26  u_CORE/gen_lanes[0].u_LANE/u_FIFO/gnuram_async_fifo.xpm_fifo_base_inst/gen_sdpram.xpm_memory_base_inst/gen_wr_a.gen_word_narrow.mem_reg_bram_0/CLKARDCLK
Low Pulse Width   Slow    RAMB36E2/CLKARDCLK  n/a            0.542         2.500       1.958      RAMB36_X5Y26  u_CORE/gen_lanes[0].u_LANE/u_FIFO/gnuram_async_fifo.xpm_fifo_base_inst/gen_sdpram.xpm_memory_base_inst/gen_wr_a.gen_word_narrow.mem_reg_bram_0/CLKARDCLK
High Pulse Width  Slow    RAMB36E2/CLKARDCLK  n/a            0.542         2.500       1.958      RAMB36_X5Y26  u_CORE/gen_lanes[0].u_LANE/u_FIFO/gnuram_async_fifo.xpm_fifo_base_inst/gen_sdpram.xpm_memory_base_inst/gen_wr_a.gen_word_narrow.mem_reg_bram_0/CLKARDCLK



---------------------------------------------------------------------------------------------------
Path Group:  **async_default**
From Clock:  CLK_ADC
  To Clock:  CLK_ADC

Setup :            0  Failing Endpoints,  Worst Slack        1.536ns,  Total Violation        0.000ns
Hold  :            0  Failing Endpoints,  Worst Slack        0.229ns,  Total Violation        0.000ns
---------------------------------------------------------------------------------------------------


Max Delay Paths
--------------------------------------------------------------------------------------
Slack (MET) :             1.536ns  (required time - arrival time)
  Source:                 u_CORE/u_MULTIMODE_PATH/u_HILO/pre_trigger_reset_r_reg/C
                            (rising edge-triggered cell FDRE clocked by CLK_ADC  {rise@0.000ns fall@2.000ns period=4.000ns})
  Destination:            u_CORE/u_MULTIMODE_PATH/u_HILO/u_PRE_TRIGGER/chan_gen[1].U_CH/GATE_reg[13]/CLR
                            (recovery check against rising-edge clock CLK_ADC  {rise@0.000ns fall@2.000ns period=4.000ns})
  Path Group:             **async_default**
  Path Type:              Recovery (Max at Slow Process Corner)
  Requirement:            4.000ns  (CLK_ADC rise@4.000ns - CLK_ADC rise@0.000ns)
  Data Path Delay:        2.354ns  (logic 0.076ns (3.229%)  route 2.278ns (96.771%))
  Logic Levels:           0  
  Clock Path Skew:        -0.009ns (DCD - SCD + CPR)
    Destination Clock Delay (DCD):    0.021ns = ( 4.021 - 4.000 ) 
    Source Clock Delay      (SCD):    0.030ns
    Clock Pessimism Removal (CPR):    0.000ns
  Clock Uncertainty:      0.035ns  ((TSJ^2 + TIJ^2)^1/2 + DJ) / 2 + PE
    Total System Jitter     (TSJ):    0.071ns
    Total Input Jitter      (TIJ):    0.000ns
    Discrete Jitter          (DJ):    0.000ns
    Phase Error              (PE):    0.000ns

    Location             Delay type                Incr(ns)  Path(ns)    Netlist Resource(s)
  -------------------------------------------------------------------    -------------------
                         (clock CLK_ADC rise edge)    0.000     0.000 r  
                                                      0.000     0.000 r  CLK_ADC (IN)
                         net (fo=3175, unset)         0.030     0.030    u_CORE/u_MULTIMODE_PATH/u_HILO/CLK
    SLICE_X37Y114        FDRE                                         r  u_CORE/u_MULTIMODE_PATH/u_HILO/pre_trigger_reset_r_reg/C
  -------------------------------------------------------------------    -------------------
    SLICE_X37Y114        FDRE (Prop_EFF_SLICEM_C_Q)
                                                      0.076     0.106 f  u_CORE/u_MULTIMODE_PATH/u_HILO/pre_trigger_reset_r_reg/Q
                         net (fo=190, routed)         2.278     2.384    u_CORE/u_MULTIMODE_PATH/u_HILO/u_PRE_TRIGGER/chan_gen[1].U_CH/RESET
    SLICE_X44Y128        FDCE                                         f  u_CORE/u_MULTIMODE_PATH/u_HILO/u_PRE_TRIGGER/chan_gen[1].U_CH/GATE_reg[13]/CLR
  -------------------------------------------------------------------    -------------------

                         (clock CLK_ADC rise edge)    4.000     4.000 r  
                                                      0.000     4.000 r  CLK_ADC (IN)
                         net (fo=3175, unset)         0.021     4.021    u_CORE/u_MULTIMODE_PATH/u_HILO/u_PRE_TRIGGER/chan_gen[1].U_CH/CLK
    SLICE_X44Y128        FDCE                                         r  u_CORE/u_MULTIMODE_PATH/u_HILO/u_PRE_TRIGGER/chan_gen[1].U_CH/GATE_reg[13]/C
                         clock pessimism              0.000     4.021    
                         clock uncertainty           -0.035     3.986    
    SLICE_X44Y128        FDCE (Recov_HFF_SLICEM_C_CLR)
                                                     -0.066     3.920    u_CORE/u_MULTIMODE_PATH/u_HILO/u_PRE_TRIGGER/chan_gen[1].U_CH/GATE_reg[13]
  -------------------------------------------------------------------
                         required time                          3.920    
                         arrival time                          -2.384    
  -------------------------------------------------------------------
                         slack                                  1.536    





Min Delay Paths
--------------------------------------------------------------------------------------
Slack (MET) :             0.229ns  (arrival time - required time)
  Source:                 u_CORE/u_MULTIMODE_PATH/u_HILO/pre_trigger_reset_r_reg/C
                            (rising edge-triggered cell FDRE clocked by CLK_ADC  {rise@0.000ns fall@2.000ns period=4.000ns})
  Destination:            u_CORE/u_MULTIMODE_PATH/u_HILO/u_PRE_TRIGGER/coinc_d_reg[2][0]/CLR
                            (removal check against rising-edge clock CLK_ADC  {rise@0.000ns fall@2.000ns period=4.000ns})
  Path Group:             **async_default**
  Path Type:              Removal (Min at Fast Process Corner)
  Requirement:            0.000ns  (CLK_ADC rise@0.000ns - CLK_ADC rise@0.000ns)
  Data Path Delay:        0.215ns  (logic 0.038ns (17.661%)  route 0.177ns (82.339%))
  Logic Levels:           0  
  Clock Path Skew:        0.006ns (DCD - SCD - CPR)
    Destination Clock Delay (DCD):    0.019ns
    Source Clock Delay      (SCD):    0.013ns
    Clock Pessimism Removal (CPR):    -0.000ns

    Location             Delay type                Incr(ns)  Path(ns)    Netlist Resource(s)
  -------------------------------------------------------------------    -------------------
                         (clock CLK_ADC rise edge)    0.000     0.000 r  
                                                      0.000     0.000 r  CLK_ADC (IN)
                         net (fo=3175, unset)         0.013     0.013    u_CORE/u_MULTIMODE_PATH/u_HILO/CLK
    SLICE_X37Y114        FDRE                                         r  u_CORE/u_MULTIMODE_PATH/u_HILO/pre_trigger_reset_r_reg/C
  -------------------------------------------------------------------    -------------------
    SLICE_X37Y114        FDRE (Prop_EFF_SLICEM_C_Q)
                                                      0.038     0.051 f  u_CORE/u_MULTIMODE_PATH/u_HILO/pre_trigger_reset_r_reg/Q
                         net (fo=190, routed)         0.177     0.228    u_CORE/u_MULTIMODE_PATH/u_HILO/u_PRE_TRIGGER/RESET
    SLICE_X37Y122        FDCE                                         f  u_CORE/u_MULTIMODE_PATH/u_HILO/u_PRE_TRIGGER/coinc_d_reg[2][0]/CLR
  -------------------------------------------------------------------    -------------------

                         (clock CLK_ADC rise edge)    0.000     0.000 r  
                                                      0.000     0.000 r  CLK_ADC (IN)
                         net (fo=3175, unset)         0.019     0.019    u_CORE/u_MULTIMODE_PATH/u_HILO/u_PRE_TRIGGER/CLK
    SLICE_X37Y122        FDCE                                         r  u_CORE/u_MULTIMODE_PATH/u_HILO/u_PRE_TRIGGER/coinc_d_reg[2][0]/C
                         clock pessimism              0.000     0.019    
    SLICE_X37Y122        FDCE (Remov_CFF_SLICEM_C_CLR)
                                                     -0.020    -0.001    u_CORE/u_MULTIMODE_PATH/u_HILO/u_PRE_TRIGGER/coinc_d_reg[2][0]
  -------------------------------------------------------------------
                         required time                          0.001    
                         arrival time                           0.228    
  -------------------------------------------------------------------
                         slack                                  0.229    





