Vivado Simulator v2023.2
Copyright 1986-2022 Xilinx, Inc. All Rights Reserved.
Copyright 2022-2023 Advanced Micro Devices, Inc. All Rights Reserved.
Running: /tools/Xilinx/Vivado/2023.2/bin/unwrapped/lnx64.o/xelab --incr --debug typical --relax --mt 8 -d TARGET_FPGA= -d TARGET_SYNTHESIS= -d TARGET_VIVADO= -d TARGET_XILINX= -L xil_defaultlib -L fifo_generator_v13_2_9 -L uvm -L unisims_ver -L unimacro_ver -L secureip -L xpm --snapshot tb_AI_TRIGGER_TOP_behav xil_defaultlib.tb_AI_TRIGGER_TOP xil_defaultlib.glbl -log elaborate.log 
Using 8 slave threads.
Starting static elaboration
Pass Through NonSizing Optimizer
WARNING: [VRFC 10-5021] port 'reset' is not connected on this instance [/home/work1/Works/CNN-Core-Generator/hls_streaming/cnn_core_streaming_prj/solution1/impl/verilog/cnn_core_fifo_w252_d4_S.v:49]
WARNING: [VRFC 10-5021] port 'reset' is not connected on this instance [/home/work1/Works/CNN-Core-Generator/hls_streaming/cnn_core_streaming_prj/solution1/impl/verilog/cnn_core_fifo_w448_d4_S.v:49]
WARNING: [VRFC 10-5021] port 'reset' is not connected on this instance [/home/work1/Works/CNN-Core-Generator/hls_streaming/cnn_core_streaming_prj/solution1/impl/verilog/cnn_core_start_for_relu_array_ap_fixed_28u_array_ap_fixed_16_6_5_3_0_28u_relu_config4_U0.v:46]
WARNING: [VRFC 10-5021] port 'reset' is not connected on this instance [/home/work1/Works/CNN-Core-Generator/hls_streaming/cnn_core_streaming_prj/solution1/impl/verilog/cnn_core_start_for_maxpool2d_wide_nonoverlap_cl_array_array_ap_fixed_28u_config5_U0.v:46]
WARNING: [VRFC 10-5021] port 'reset' is not connected on this instance [/home/work1/Works/CNN-Core-Generator/hls_streaming/cnn_core_streaming_prj/solution1/impl/verilog/cnn_core_start_for_dense_wide_stream_array_array_ap_fixed_9_5_5_3_0_1u_config7_U0.v:46]
Completed static elaboration
Starting simulation data flow analysis
Completed simulation data flow analysis
Time Resolution for simulation is 1ps
Compiling package std.standard
Compiling package std.textio
Compiling package ieee.std_logic_1164
Compiling package ieee.numeric_std
Compiling package xil_defaultlib.ai_trigger_pkg
Compiling module fifo_generator_v13_2_9.fifo_generator_v13_2_9_sync_stag...
Compiling module fifo_generator_v13_2_9.fifo_generator_v13_2_9_sync_stag...
Compiling module fifo_generator_v13_2_9.fifo_generator_v13_2_9_bhv_ver_a...
Compiling module fifo_generator_v13_2_9.fifo_generator_v13_2_9_bhv_ver_p...
Compiling module fifo_generator_v13_2_9.fifo_generator_v13_2_9_CONV_VER(...
Compiling module fifo_generator_v13_2_9.fifo_generator_vlog_beh(C_DATA_C...
Compiling module xil_defaultlib.fifo_async_1024_to_64
Compiling module xil_defaultlib.cnn_core_mul_12s_5ns_15_1_1(NUM_...
Compiling module xil_defaultlib.cnn_core_sparsemux_11_3_12_1_1(d...
Compiling module xil_defaultlib.cnn_core_flow_control_loop_pipe
Compiling module xil_defaultlib.cnn_core_regslice_both(DataWidth...
Compiling module xil_defaultlib.cnn_core_first_conv_4lane_tempor...
Compiling module xil_defaultlib.cnn_core_relu_array_ap_fixed_28u...
Compiling module xil_defaultlib.cnn_core_maxpool2d_wide_nonoverl...
Compiling module xil_defaultlib.cnn_core_sparsemux_2353_11_6_1_1...
Compiling module xil_defaultlib.cnn_core_sparsemux_2353_11_6_1_1...
Compiling module xil_defaultlib.cnn_core_sparsemux_2353_11_6_1_1...
Compiling module xil_defaultlib.cnn_core_sparsemux_2353_11_6_1_1...
Compiling module xil_defaultlib.cnn_core_sparsemux_2353_11_6_1_1...
Compiling module xil_defaultlib.cnn_core_sparsemux_2353_11_6_1_1...
Compiling module xil_defaultlib.cnn_core_sparsemux_2353_11_6_1_1...
Compiling module xil_defaultlib.cnn_core_sparsemux_9_2_16_1_1(di...
Compiling module xil_defaultlib.cnn_core_mul_16s_6s_20_1_1(NUM_S...
Compiling module xil_defaultlib.cnn_core_flow_control_loop_pipe_...
Compiling module xil_defaultlib.cnn_core_dense_wide_stream_array...
Compiling module xil_defaultlib.cnn_core_regslice_both(DataWidth...
Compiling module xil_defaultlib.cnn_core_dense_wide_stream_array...
Compiling module xil_defaultlib.cnn_core_fifo_w252_d4_S_ShiftReg
Compiling module xil_defaultlib.cnn_core_fifo_w252_d4_S
Compiling module xil_defaultlib.cnn_core_fifo_w448_d4_S_ShiftReg
Compiling module xil_defaultlib.cnn_core_fifo_w448_d4_S
Compiling module xil_defaultlib.cnn_core_start_for_relu_array_ap...
Compiling module xil_defaultlib.cnn_core_start_for_relu_array_ap...
Compiling module xil_defaultlib.cnn_core_start_for_maxpool2d_wid...
Compiling module xil_defaultlib.cnn_core_start_for_maxpool2d_wid...
Compiling module xil_defaultlib.cnn_core_start_for_dense_wide_st...
Compiling module xil_defaultlib.cnn_core_start_for_dense_wide_st...
Compiling module xil_defaultlib.cnn_core
Compiling module xil_defaultlib.WRAPPER_TOP(INPUT_WIDTH=64,OUTPU...
Compiling architecture rtl of entity xil_defaultlib.CNN_CORE_LANE [cnn_core_lane_default]
Compiling architecture rtl of entity xil_defaultlib.CNN_CORE_LANE [\CNN_CORE_LANE(lane_id=1)\]
Compiling architecture rtl of entity xil_defaultlib.CNN_CORE_LANE [\CNN_CORE_LANE(lane_id=2)\]
Compiling architecture rtl of entity xil_defaultlib.CNN_CORE_LANE [\CNN_CORE_LANE(lane_id=3)\]
Compiling architecture rtl of entity xil_defaultlib.CNN_CORE_LANE [\CNN_CORE_LANE(lane_id=4)\]
Compiling architecture rtl of entity xil_defaultlib.CNN_CORE_LANE [\CNN_CORE_LANE(lane_id=5)\]
Compiling architecture rtl of entity xil_defaultlib.CNN_CORE_LANE [\CNN_CORE_LANE(lane_id=6)\]
Compiling architecture rtl of entity xil_defaultlib.ADC_CHUNK_DISTRIBUTOR [adc_chunk_distributor_default]
Compiling architecture structural of entity xil_defaultlib.AI_TRIGGER_TOP [ai_trigger_top_default]
Compiling architecture rtl of entity xil_defaultlib.AI_TRIGGER_TOP_TB_WRAP [ai_trigger_top_tb_wrap_default]
Compiling module xil_defaultlib.tb_AI_TRIGGER_TOP
Compiling module xil_defaultlib.glbl
Built simulation snapshot tb_AI_TRIGGER_TOP_behav
